I/PackageManager(  593): Running dexopt on: /data/app/com.pushapp-2/base.apk pkg=com.pushapp isa=arm vmSafeMode=false
I/dex2oat (23804): /system/bin/dex2oat --zip-fd=6 --zip-location=/data/app/com.pushapp-2/base.apk --oat-fd=7 --oat-location=/data/dalvik-cache/arm/data@app@com.pushapp-2@base.apk@classes.dex --instruction-set=arm --instruction-set-features=div --runtime-arg -Xms64m --runtime-arg -Xmx512m --swap-fd=8
I/dex2oat (23804): Decided to run without swap.
E/libprocessgroup(  593): failed to kill 1 processes for processgroup 23212
W/ActivityManager(  593): Force removing ActivityRecord{d474639 u0 com.pushapp/.MainActivity t51}: app died, no saved state
W/ActivityManager(  593): Spurious death for ProcessRecord{142e914e 23212:com.pushapp/u0a138}, curProc for 23212: null
W/InputMethodManagerService(  593): Got RemoteException sending setActive(false) notification to pid 23212 uid 10138
I/Keyboard.Facilitator(  905): onFinishInput()
W/OpenGLRenderer( 1077): Incorrectly called buildLayer on View: ShortcutAndWidgetContainer, destroying layer...
W/OpenGLRenderer( 1077): Incorrectly called buildLayer on View: ShortcutAndWidgetContainer, destroying layer...
I/dex2oat (23804): dex2oat took 981.964ms (threads: 4) arena alloc=90KB java alloc=1240KB native alloc=3MB free=4MB
W/PackageManager(  593): Code path for pkg : com.pushapp changing from /data/app/com.pushapp-1 to /data/app/com.pushapp-2
I/ActivityManager(  593): Force stopping com.pushapp appid=10138 user=-1: update pkg
W/PackageManager(  593): Resource path for pkg : com.pushapp changing from /data/app/com.pushapp-1 to /data/app/com.pushapp-2
I/ActivityManager(  593): Force stopping com.pushapp appid=10138 user=0: pkg removed
I/art     (  753): Explicit concurrent mark sweep GC freed 1845(71KB) AllocSpace objects, 0(0B) LOS objects, 40% free, 14MB/24MB, paused 1.495ms total 36.071ms
I/art     (17714): Explicit concurrent mark sweep GC freed 382(15KB) AllocSpace objects, 0(0B) LOS objects, 24% free, 9MB/12MB, paused 366us total 67.901ms
I/art     ( 3517): Explicit concurrent mark sweep GC freed 61(2640B) AllocSpace objects, 1(36KB) LOS objects, 24% free, 7MB/9MB, paused 305us total 65.216ms
I/ActivityManager(  593): Killing 22412:com.google.android.apps.docs/u0a17 (adj 15): empty #17
I/art     (  593): Explicit concurrent mark sweep GC freed 32688(2MB) AllocSpace objects, 12(184KB) LOS objects, 33% free, 19MB/28MB, paused 1.983ms total 96.221ms
D/JobSchedulerService(  593): Receieved: android.intent.action.PACKAGE_REMOVED
D/BackupManagerService(  593): Received broadcast Intent { act=android.intent.action.PACKAGE_REMOVED dat=package:com.pushapp flg=0x4000010 (has extras) }
I/InputReader(  593): Reconfiguring input devices.  changes=0x00000010
I/InputReader(  593): Reconfiguring input devices.  changes=0x00000010
I/InputReader(  593): Reconfiguring input devices.  changes=0x00000010
W/Settings(  593): Setting install_non_market_apps has moved from android.provider.Settings.Global to android.provider.Settings.Secure, returning read-only value.
I/ActivityManager(  593): Start proc 23825:com.android.keychain/1000 for broadcast com.android.keychain/.KeyChainBroadcastReceiver
I/art     (  593): Explicit concurrent mark sweep GC freed 6051(309KB) AllocSpace objects, 0(0B) LOS objects, 33% free, 19MB/28MB, paused 1.892ms total 122.558ms
W/ContextImpl(23825): Calling a method in the system process without a qualified user: android.app.ContextImpl.startService:1692 android.content.ContextWrapper.startService:516 android.content.ContextWrapper.startService:516 com.android.keychain.KeyChainBroadcastReceiver.onReceive:12 android.app.ActivityThread.handleReceiver:2609 
E/NetworkScheduler.SchedulerReceiver(  988): Invalid parameter app
E/NetworkScheduler.SchedulerReceiver(  988): Invalid package name : Perhaps you didn't include a PendingIntent in the extras?
I/art     (23766): System.exit called, status: 0
I/AndroidRuntime(23766): VM exiting with result code 0.
D/ChimeraRcvrProxy( 1366): Creating receiver proxy ComponentInfo{com.google.android.gms/com.google.android.gms.games.chimera.GamesSystemBroadcastReceiverProxy}
D/ChimeraRcvrProxy( 1366): Proxying container receiver ComponentInfo{com.google.android.gms/com.google.android.gms.games.chimera.GamesSystemBroadcastReceiverProxy} to Chimera receiver impl com.google.android.gms.games.receiver.PlaySystemBroadcastReceiver
D/ChimeraCfgMgr( 1366): Loading module com.google.android.gms.games from APK com.google.android.play.games
D/ChimeraModuleLdr( 1366): Module APK com.google.android.play.games already loaded
D/PackageBroadcastService( 1366): Received broadcast action=android.intent.action.PACKAGE_REMOVED and uri=com.pushapp
D/BackupManagerService(  593): Received broadcast Intent { act=android.intent.action.PACKAGE_ADDED dat=package:com.pushapp flg=0x4000010 (has extras) }
W/BackupManagerService(  593): Removing schedule queue dupe of com.pushapp
I/ConfigService(  988): onCreate
I/ConfigService(  988): onBind for Intent { act=com.google.android.gms.config.UPDATE pkg=com.google.android.gms } action com.google.android.gms.config.UPDATE
I/ConfigService(  988): onBind returning update interface
I/ConfigFetchService( 1366): onStartCommand Intent { act=android.intent.action.PACKAGE_REMOVED dat=package:com.pushapp cmp=com.google.android.gms/.config.ConfigFetchService (has extras) }
I/ConfigService(  988): onBind for Intent { act=com.google.android.gms.config.START pkg=com.google.android.gms } action com.google.android.gms.config.START
I/ConfigService(  988): onBind returning service broker
I/ActivityManager(  593): Start proc 23849:com.google.android.apps.plus/u0a54 for broadcast com.google.android.apps.plus/.service.PackagesMediaMonitor
I/ConfigFetchService( 1366): service connected
I/ActivityManager(  593): Killing 22702:com.google.android.apps.cloudprint/u0a97 (adj 15): empty #17
W/ResourcesManager(23849): Asset path '/system/framework/com.google.android.maps.jar' does not exist or contains no resources.
D/AndroidRuntime(23844): >>>>>> START com.android.internal.os.RuntimeInit uid 2000 <<<<<<
D/AndroidRuntime(23844): CheckJNI is OFF
I/ActivityManager(  593): Start proc 23883:android.process.media/u0a16 for content provider com.android.providers.media/.MediaProvider
I/art     (  202): Explicit concurrent mark sweep GC freed 704(30KB) AllocSpace objects, 0(0B) LOS objects, 39% free, 7MB/11MB, paused 396us total 25.238ms
D/AndroidRuntime(23844): Calling main entry com.android.commands.pm.Pm
I/art     (  202): Explicit concurrent mark sweep GC freed 7(240B) AllocSpace objects, 0(0B) LOS objects, 40% free, 7MB/11MB, paused 366us total 20.050ms
W/ResourcesManager( 1077): Asset path '/system/framework/com.google.android.maps.jar' does not exist or contains no resources.
I/art     (  202): Explicit concurrent mark sweep GC freed 5(160B) AllocSpace objects, 0(0B) LOS objects, 40% free, 7MB/11MB, paused 274us total 13.885ms
I/art     (23844): System.exit called, status: 0
I/AndroidRuntime(23844): VM exiting with result code 0.
E/SQLiteLog(23883): (283) recovered 62 frames from WAL file /data/user/0/com.android.providers.media/databases/external.db-wal
I/ActivityManager(  593): Killing 22734:com.google.android.apps.magazines/u0a40 (adj 15): empty #17
D/AndroidRuntime(23906): >>>>>> START com.android.internal.os.RuntimeInit uid 2000 <<<<<<
D/AndroidRuntime(23906): CheckJNI is OFF
E/libprocessgroup(  593): failed to kill 1 processes for processgroup 22734
D/AndroidRuntime(23911): >>>>>> START com.android.internal.os.RuntimeInit uid 2000 <<<<<<
D/AndroidRuntime(23911): CheckJNI is OFF
I/ActivityManager(  593): Start proc 23925:com.google.android.apps.docs/u0a17 for broadcast com.google.android.apps.docs/.receivers.AppPackageAddRemoveReceiver
D/AndroidRuntime(23906): Calling main entry com.android.commands.am.Am
I/ActivityManager(  593): START u0 {flg=0x10000000 cmp=com.pushapp/.MainActivity} from uid 2000 on display 0
V/WindowManager(  593): addAppToken: AppWindowToken{3add4c21 token=Token{c81fa88 ActivityRecord{3902562b u0 com.pushapp/.MainActivity t52}}} to stack=1 task=52 at 0
V/WindowManager(  593): Adding window Window{3d9002d2 u0 Starting com.pushapp} at 3 of 8 (after Window{c263dc5 u0 com.android.launcher/com.android.launcher2.Launcher})
D/AndroidRuntime(23906): Shutting down VM
E/PhotosPlugin(23925): Loading PhotosPlugin
D/AndroidRuntime(23911): Calling main entry com.android.commands.pm.Pm
I/ActivityManager(  593): Start proc 23956:com.pushapp/u0a138 for activity com.pushapp/.MainActivity
I/art     (23956): Late-enabling -Xcheck:jni
I/WebViewFactory(23956): Loading com.google.android.webview version 43.0.2357.121 (code 2357121)
I/LibraryLoader(23956): Time to load native libraries: 2 ms (timestamps 7559-7561)
I/LibraryLoader(23956): Expected native library version number "",actual native library version number ""
V/WebViewChromiumFactoryProvider(23956): Binding Chromium to main looper Looper (main, tid 1) {22a3aac}
I/LibraryLoader(23956): Expected native library version number "",actual native library version number ""
I/chromium(23956): [INFO:library_loader_hooks.cc(112)] Chromium logging enabled: level = 0, default verbosity = 0
I/art     (23911): System.exit called, status: 0
I/AndroidRuntime(23911): VM exiting with result code 0.
I/BrowserStartupController(23956): Initializing chromium process, singleProcess=true
W/art     (23956): Attempt to remove local handle scope entry from IRT, ignoring
E/SysUtils(23956): ApplicationContext is null in ApplicationStatus
I/ActivityManager(  593): Killing 17714:com.google.android.googlequicksearchbox:search/u0a60 (adj 15): empty #17
W/chromium(23956): [WARNING:resource_bundle.cc(286)] locale_file_path.empty()
I/chromium(23956): [INFO:aw_browser_main_parts.cc(63)] Load from apk succesful, fd=33 off=50572 len=3379
I/chromium(23956): [INFO:aw_browser_main_parts.cc(76)] Loading webviewchromium.pak from, fd:34 off:7638120 len:1165478
W/chromium(23956): [WARNING:dns_config_service_posix.cc(292)] Failed to read DnsConfig.
I/Adreno-EGL(23956): <qeglDrvAPI_eglInitialize:379>: QUALCOMM Build: 01/15/15, ab0075f, Id3510ff6dc
W/AudioManagerAndroid(23956): Requires BLUETOOTH permission
W/chromium(23956): [WARNING:data_reduction_proxy_config.cc(318)] SPDY proxy OFF at startup
W/art     (23956): Attempt to remove local handle scope entry from IRT, ignoring
W/AwContents(23956): onDetachedFromWindow called when already detached. Ignoring
D/SystemWebViewEngine(23956): CordovaWebView is running on device made by: asus
W/art     (23956): Attempt to remove local handle scope entry from IRT, ignoring
W/art     (23956): Attempt to remove local handle scope entry from IRT, ignoring
D/OpenGLRenderer(23956): Use EGL_SWAP_BEHAVIOR_PRESERVED: true
D/Atlas   (23956): Validating map...
V/WindowManager(  593): Adding window Window{37b1f9ef u0 com.pushapp/com.pushapp.MainActivity} at 3 of 9 (before Window{3d9002d2 u0 Starting com.pushapp})
I/OpenGLRenderer(23956): Initialized EGL, version 1.4
D/OpenGLRenderer(23956): Enabling debug mode 0
I/Keyboard.Facilitator(  905): onFinishInput()
W/BindingManager(23956): Cannot call determinedVisibility() - never saw a connection for the pid: 23956
I/ActivityManager(  593): Displayed com.pushapp/.MainActivity: +659ms
I/chromium(23956): [INFO:CONSOLE(28)] "The key "target-densitydpi" is not supported.", source: file:///android_asset/www/index.html (28)
I/GAv4    (23925): Google Analytics 7.5.71 is starting up. To enable debug logging on a device run:
I/GAv4    (23925):   adb shell setprop log.tag.GAv4 DEBUG
I/GAv4    (23925):   adb logcat -s GAv4
W/GAv4    (23925): AnalyticsReceiver is not registered or is disabled. Register the receiver for reliable dispatching on non-Google Play devices. See http://goo.gl/8Rd3yj for instructions.
W/GAv4    (23925): CampaignTrackingReceiver is not registered, not exported or is disabled. Installation campaign tracking is not possible. See http://goo.gl/8Rd3yj for instructions.
W/GAv4    (23925): AnalyticsService not registered in the app manifest. Hits might not be delivered reliably. See http://goo.gl/8Rd3yj for instructions.
D/JsMessageQueue(23956): Set native->JS mode to OnlineEventsBridgeMode
I/ActivityManager(  593): Start proc 24027:com.google.android.googlequicksearchbox:search/u0a60 for broadcast com.google.android.googlequicksearchbox/com.google.android.search.core.icingsync.IcingCorporaChangedReceiver
I/ActivityManager(  593): Killing 17747:org.mozilla.firefox/u0a87 (adj 15): empty #17
V/GLSActivity(  988): AuthDelegateWrapperCreated with selected intent: Intent { cmp=com.google.android.gms/.auth.DefaultAuthDelegateService }
I/chromium(23956): [INFO:CONSOLE(23)] "No Content-Security-Policy meta tag found. Please add one when using the cordova-plugin-whitelist plugin.", source: file:///android_asset/www/plugins/cordova-plugin-whitelist/whitelist.js (23)
I/chromium(23956): [INFO:CONSOLE(117)] "Received Event: deviceready", source: file:///android_asset/www/js/index.js (117)
I/chromium(23956): [INFO:CONSOLE(82)] "rtnJSON", source: file:///android_asset/www/js/index.js (82)
I/ActivityManager(  593): Start proc 24047:org.mozilla.firefox/u0a87 for broadcast org.mozilla.firefox/org.mozilla.gecko.webapp.UninstallListener
I/ActivityManager(  593): Killing 22534:com.metago.astro/u0a80 (adj 15): empty #17
F/Adjust  (24047): PRODUCTION: Adjust is running in Production mode. Use this setting only for the build that you want to publish. Set the environment to `sandbox` if you want to test your app!
I/GeckoWebappUninstallListener(24047): Package is being replaced; ignoring removal intent
I/ActivityManager(  593): Killing 23437:si.ijs.opcomm.sensorapp/u0a126 (adj 15): empty #17
E/ActivityThread(24047): Failed to find provider info for com.facebook.katana.provider.AttributionIdProvider
I/ActivityManager(  593): Start proc 24119:com.metago.astro/u0a80 for broadcast com.metago.astro/com.kii.cloud.collector.Receiver
W/ResourceType(24119): ResTable_typeSpec entry count inconsistent: given 1, previously 1238
I/ActivityManager(  593): Start proc 24150:com.google.android.partnersetup/u0a28 for broadcast com.google.android.partnersetup/.RlzPingBroadcastReceiver
I/ActivityManager(  593): Killing 23467:si.ijs.opcomm.sensorappwifi/u0a127 (adj 15): empty #17
D/AndroidRuntime(24134): >>>>>> START com.android.internal.os.RuntimeInit uid 2000 <<<<<<
D/AndroidRuntime(24134): CheckJNI is OFF
D/AndroidRuntime(24142): >>>>>> START com.android.internal.os.RuntimeInit uid 2000 <<<<<<
D/AndroidRuntime(24142): CheckJNI is OFF
D/AndroidRuntime(24134): Calling main entry com.android.commands.pm.Pm
D/TaskPersister(  593): removeObsoleteFile: deleting file=51_task.xml
E/Logger  (24119): sendMessage exception:class java.net.UnknownHostException; Unable to resolve host "api-53dd234b.kii.com": No address associated with hostname
D/AndroidRuntime(24142): Calling main entry com.android.commands.pm.Pm
D/GCM     (  988): GcmService start Intent { act=com.google.android.gms.gcm.PACKAGE_REPLACED cmp=com.google.android.gms/.gcm.GcmService (has extras) } com.google.android.gms.gcm.PACKAGE_REPLACED
D/PackageBroadcastService( 1366): Received broadcast action=android.intent.action.PACKAGE_ADDED and uri=com.pushapp
D/ChimeraRcvrProxy( 1366): Creating receiver proxy ComponentInfo{com.google.android.gms/com.google.android.gms.games.chimera.GamesSystemBroadcastReceiverProxy}
D/ChimeraRcvrProxy( 1366): Proxying container receiver ComponentInfo{com.google.android.gms/com.google.android.gms.games.chimera.GamesSystemBroadcastReceiverProxy} to Chimera receiver impl com.google.android.gms.games.receiver.PlaySystemBroadcastReceiver
D/ChimeraCfgMgr( 1366): Loading module com.google.android.gms.games from APK com.google.android.play.games
D/ChimeraModuleLdr( 1366): Module APK com.google.android.play.games already loaded
W/ActivityThread(24047): ClassLoader.loadClass: The class loader returned by Thread.getContextClassLoader() may fail for processes that host multiple applications. You should explicitly specify a context class loader. For example: Thread.setContextClassLoader(getClass().getClassLoader());
I/ConfigFetchService( 1366): onStartCommand Intent { act=android.intent.action.PACKAGE_ADDED dat=package:com.pushapp cmp=com.google.android.gms/.config.ConfigFetchService (has extras) }
I/ConfigFetchService( 1366): launchTask
D/ChimeraSrvcProxy( 1366): Creating service proxy ComponentInfo{com.google.android.gms/com.google.android.gms.games.chimera.GamesAsyncServiceProxy}
D/ChimeraSrvcProxy( 1366): Proxying container service ComponentInfo{com.google.android.gms/com.google.android.gms.games.chimera.GamesAsyncServiceProxy} to Chimera service impl com.google.android.gms.games.service.PlayGamesAsyncService
D/ChimeraCfgMgr( 1366): Loading module com.google.android.gms.games from APK com.google.android.play.games
D/ChimeraModuleLdr( 1366): Module APK com.google.android.play.games already loaded
I/ConfigFetchService( 1366): service connected
V/ConfigFetchTask( 1366): ConfigFetchTask getDeviceDataVersionInfo(): ABFEt1UCwF8rRx9ZHI0HgIUgf-YTM0D8KF3rs8UWhnoEf4OEmnjSJwHSr9gfunc7OBK-n8qOc2o-i_k1os3ajNilAthXbCxNs8ZNqtrcmSg6Rqe3e-hQjs_69n2ldqtexa7SQL8qjKEWc40J4bd4TUYlrS4IM9OuJEAQpxIJTnVEdxT9jGVf9ygKwoIjM_m9V_wSHQV918SZ
I/PeopleContactsSync( 1366): CP2 sync disabled
I/art     (24134): System.exit called, status: 0
I/AndroidRuntime(24134): VM exiting with result code 0.
I/ActivityManager(  593): Start proc 24210:com.google.android.gms.wearable/u0a23 for service com.google.android.gms/.wearable.service.WearableControlService
I/GoogleURLConnFactory( 1366): Using platform SSLCertificateSocketFactory
D/ConfigFetchService( 1366): ConfigApi connection successful.
I/art     (24142): System.exit called, status: 0
I/AndroidRuntime(24142): VM exiting with result code 0.
W/ConfigFetchTask( 1366): exception on config fetch: java.net.UnknownHostException: Unable to resolve host "android.clients.google.com": No address associated with hostname
I/ConfigFetchService( 1366): fetch service done; releasing wakelock
I/ConfigFetchService( 1366): stopping self
W/ResourcesManager(24210): Asset path '/system/framework/com.android.media.remotedisplay.jar' does not exist or contains no resources.
W/ResourcesManager(24210): Asset path '/system/framework/com.android.location.provider.jar' does not exist or contains no resources.
I/MultiDex(24210): VM with version 2.1.0 has multidex support
I/MultiDex(24210): install
I/MultiDex(24210): VM has multidex support, MultiDex support library is disabled.
I/ProviderInstaller(24210): Insert disabled by gate 'gms:security:enable_conscrypt_in_gms_application'
I/art     (  593): Explicit concurrent mark sweep GC freed 16653(849KB) AllocSpace objects, 1(16KB) LOS objects, 33% free, 19MB/29MB, paused 1.647ms total 80.230ms
E/NetworkScheduler.SchedulerReceiver(  988): Invalid parameter app
E/NetworkScheduler.SchedulerReceiver(  988): Invalid package name : Perhaps you didn't include a PendingIntent in the extras?
D/PackageBroadcastService( 1366): Received broadcast action=android.intent.action.PACKAGE_REPLACED and uri=com.pushapp
I/ActivityManager(  593): Start proc 24242:com.google.android.apps.cloudprint/u0a97 for broadcast com.google.android.apps.cloudprint/.printdialog.receivers.UpgradeBroadcastReceiver
I/PeopleContactsSync( 1366): CP2 sync disabled
I/ActivityManager(  593): Start proc 24263:com.google.android.apps.magazines/u0a40 for broadcast com.google.android.apps.magazines/com.google.apps.dots.android.app.receiver.FirstInstallNotificationReceiver
I/ActivityManager(  593): Killing 23510:com.nordic.android.nrftemp/u0a84 (adj 15): empty #17
I/UpdateIcingCorporaServi(24027): Updating corpora: APPS=com.pushapp, CONTACTS=MAYBE
I/ActivityManager(  593): Killing 23530:com.google.android.talk/u0a32 (adj 15): empty #17
I/UpdateIcingCorporaServi(24027): UpdateCorporaTask done [took 174 ms] updated apps [took 174 ms] 
I/GAv4    (24263): Google Analytics 7.5.71 is starting up. To enable debug logging on a device run:
I/GAv4    (24263):   adb shell setprop log.tag.GAv4 DEBUG
I/GAv4    (24263):   adb logcat -s GAv4
W/GAv4    (24263): AnalyticsReceiver is not registered or is disabled. Register the receiver for reliable dispatching on non-Google Play devices. See http://goo.gl/8Rd3yj for instructions.
W/GAv4    (24263): CampaignTrackingReceiver is not registered, not exported or is disabled. Installation campaign tracking is not possible. See http://goo.gl/8Rd3yj for instructions.
W/GAv4    (24263): AnalyticsService not registered in the app manifest. Hits might not be delivered reliably. See http://goo.gl/8Rd3yj for instructions.
I/WebViewFactory(24263): Loading com.google.android.webview version 43.0.2357.121 (code 2357121)
I/LibraryLoader(24263): Time to load native libraries: 2 ms (timestamps 658-660)
I/LibraryLoader(24263): Expected native library version number "",actual native library version number ""
V/WebViewChromiumFactoryProvider(24263): Binding Chromium to main looper Looper (main, tid 1) {27981b7d}
I/LibraryLoader(24263): Expected native library version number "",actual native library version number ""
I/chromium(24263): [INFO:library_loader_hooks.cc(112)] Chromium logging enabled: level = 0, default verbosity = 0
I/BrowserStartupController(24263): Initializing chromium process, singleProcess=true
W/art     (24263): Attempt to remove local handle scope entry from IRT, ignoring
E/SysUtils(24263): ApplicationContext is null in ApplicationStatus
W/chromium(24263): [WARNING:dns_config_service_posix.cc(292)] Failed to read DnsConfig.
W/chromium(24263): [WARNING:resource_bundle.cc(286)] locale_file_path.empty()
I/chromium(24263): [INFO:aw_browser_main_parts.cc(63)] Load from apk succesful, fd=37 off=50572 len=3379
I/chromium(24263): [INFO:aw_browser_main_parts.cc(76)] Loading webviewchromium.pak from, fd:38 off:7638120 len:1165478
I/Adreno-EGL(24263): <qeglDrvAPI_eglInitialize:379>: QUALCOMM Build: 01/15/15, ab0075f, Id3510ff6dc
W/AudioManagerAndroid(24263): Requires BLUETOOTH permission
I/NSApplication(24263): Starting up...
I/FxAccounts(24047): firefox :: FxAccountUpgradeReceiver :: Upgrade broadcast received.
I/FxAccounts(24047): firefox :: FxAccountUpgradeReceiver :: Trying to unpickle any pickled Firefox Account.
I/FxAccounts(24047): firefox :: UpgradeReceiver :: No Sync Accounts found; not upgrading anything.
I/ActivityManager(  593): Killing 23554:com.google.android.apps.gcs/u0a19 (adj 15): empty #17
I/FxAccounts(24047): firefox :: FxAccountUpgradeReceiver :: Trying to advance 0 existing Firefox Accounts from the Doghouse to Separated (if necessary).
D/GCM     (  988): GcmService start Intent { act=com.google.android.gms.INITIALIZE flg=0x10 pkg=com.google.android.gms cmp=com.google.android.gms/.gcm.GcmService } com.google.android.gms.INITIALIZE
D/AuthorizationBluetoothService(  988): Received GmsCore event: Intent { act=com.google.android.gms.INITIALIZE flg=0x10 pkg=com.google.android.gms cmp=com.google.android.gms/.auth.be.proximity.authorization.bt.AuthorizationBluetoothService$AutoStarter }.
V/GmsCoreStatsServiceLauncher( 1366): Received broadcast intent Intent { act=com.google.android.gms.INITIALIZE flg=0x10 pkg=com.google.android.gms cmp=com.google.android.gms/.common.stats.GmsCoreStatsServiceLauncher }
D/WearableService(24210): callingUid 10023, callindPid: 24210
D/LocationInitializer( 1366): Restart initialization of location
E/MDM     ( 1441): [164] b.run: Couldn't connect to Google API client: ConnectionResult{statusCode=API_UNAVAILABLE, resolution=null}
I/Icing   ( 1366): Indexing 7DE8C7D524824FFD64945907494ED0443F395E7A from com.google.android.googlequicksearchbox
I/Icing   ( 1366): Indexing done 7DE8C7D524824FFD64945907494ED0443F395E7A
I/ConfigService(  988): onDestroy
I/ActivityManager(  593): Killing 23721:com.google.android.googlequicksearchbox/u0a60 (adj 15): empty #17
I/chromium(23956): [INFO:CONSOLE(25)] "No Content-Security-Policy meta tag found. Please add one when using the cordova-plugin-whitelist plugin.", source: file:///android_asset/www/plugins/cordova-plugin-whitelist/whitelist.js (25)
D/Finsky  (17435): [1135] AppStatesReplicator.handleContentSyncResponse: Completed 0 account content syncs with 0 successful.
D/Finsky  (17435): [1] 5.onFinished: Installation state replication succeeded.
E/        (  187): invalid crash request of size 4 (from pid=23629 uid=0)
W/qcom_sensors_hal(  593): hal_sensor1_data_cb: SENSOR1_MSG_TYPE_BROKEN_PIPE
E/Diag_Lib(24359):  Diag_LSM_Init: Failed to open handle to diag driver, error = 2
E/Sensors (24359): sns_fsa_la.c(386):fsa: fflush failed, 9
E/Sensors (24359): sns_fsa_la.c(386):fsa: fflush failed, 9
W/Sensors (24359): sns_smr_la.c(446):smr_la: smr_apps_la_thread_main is starting, fd=11, sns_smr.en_rx_msg_ptr=b70129d0
W/Sensors (24359): sns_sam_app.c(6827):sns_sam_reg_algo: Registering algo service 16, err 0
E/Sensors (24359): sns_debug_main.c(565):Debug Config File missing in EFS!
I/chromium(23956): [INFO:CONSOLE(25)] "No Content-Security-Policy meta tag found. Please add one when using the cordova-plugin-whitelist plugin.", source: file:///android_asset/www/plugins/cordova-plugin-whitelist/whitelist.js (25)
W/ProcessCpuTracker(  593): Skipping unknown process pid 24369
I/chromium(23956): [INFO:CONSOLE(25)] "No Content-Security-Policy meta tag found. Please add one when using the cordova-plugin-whitelist plugin.", source: file:///android_asset/www/plugins/cordova-plugin-whitelist/whitelist.js (25)
I/ActivityManager(  593): Start proc 24379:com.google.android.apps.gcs/u0a19 for service com.google.android.apps.gcs/com.google.android.flib.nova.experiment.ExperimentUpdateService
V/GoogleAuthProtoRequest(24379): [1545] a.<init>: mAccountName set to: sensorlab.mobile@gmail.com
I/GLSUser (  988): [GLSUser] getTokenFromCache: [account: <ELLIDED:-11767>, callingPkg: com.google.android.apps.gcs, service: oauth2:https://www.googleapis.com/auth/nova]
I/Auth.Core(  988): [TokenCache] Missing snowballing token: no granted scopes set.
I/GLSUser (  988): [GLSUser] getTokenFromGoogle [account: <ELLIDED:-11767>, callingPkg: com.google.android.apps.gcs, service: oauth2:https://www.googleapis.com/auth/nova
I/GLSUser (  988): [GLSUser] IOException in getAuthtoken(<ELLIDED:-11767>, oauth2:https://www.googleapis.com/auth/nova) -> exception: Unable to resolve host "android.clients.google.com": No address associated with hostname)
I/GLSUser (  988): [GLSUser] getAuthtoken(<ELLIDED:-11767>, oauth2:https://www.googleapis.com/auth/nova) -> status: NETWORK_ERROR)
I/GLSUser (  988): [GLSUser] Extracting token using key: Auth
W/GLSActivity(  988): gms.StatusHelper Status from wire: NetworkError status: NETWORK_ERROR
W/ExperimentUpdateService(24379): [1545] ExperimentUpdateService.a: Error executing an experiment update request.  Rescheduling.
W/ExperimentUpdateService(24379): [1545] ExperimentUpdateService.a: java.util.concurrent.ExecutionException: com.a.a.a: NetworkError
W/ExperimentUpdateService(24379): java.util.concurrent.ExecutionException: com.a.a.a: NetworkError
W/ExperimentUpdateService(24379): 	at com.a.a.a.k.a(SourceFile:117)
W/ExperimentUpdateService(24379): 	at com.a.a.a.k.get(SourceFile:97)
W/ExperimentUpdateService(24379): 	at com.google.android.flib.nova.experiment.ExperimentUpdateService.a(SourceFile:64)
W/ExperimentUpdateService(24379): 	at com.google.android.gms.gcm.c.run(Unknown Source)
W/ExperimentUpdateService(24379): Caused by: com.a.a.a: NetworkError
W/ExperimentUpdateService(24379): 	at com.google.android.flib.a.a.a(SourceFile:170)
W/ExperimentUpdateService(24379): 	at com.a.a.a.g.a(SourceFile:79)
W/ExperimentUpdateService(24379): 	at com.a.a.a.a.a(SourceFile:93)
W/ExperimentUpdateService(24379): 	at com.a.a.k.run(SourceFile:110)
W/ExperimentUpdateService(24379): Caused by: java.io.IOException: NetworkError
W/ExperimentUpdateService(24379): 	at com.google.android.gms.auth.e.a(Unknown Source)
W/ExperimentUpdateService(24379): 	at com.google.android.gms.auth.e.a(Unknown Source)
W/ExperimentUpdateService(24379): 	at com.google.android.flib.a.a.a(SourceFile:162)
W/ExperimentUpdateService(24379): 	... 3 more
I/ActivityManager(  593): Killing 23784:com.android.defcontainer/u0a14 (adj 15): empty #17
I/chromium(23956): [INFO:CONSOLE(25)] "No Content-Security-Policy meta tag found. Please add one when using the cordova-plugin-whitelist plugin.", source: file:///android_asset/www/plugins/cordova-plugin-whitelist/whitelist.js (25)
I/chromium(23956): [INFO:CONSOLE(25)] "No Content-Security-Policy meta tag found. Please add one when using the cordova-plugin-whitelist plugin.", source: file:///android_asset/www/plugins/cordova-plugin-whitelist/whitelist.js (25)
I/Keyboard.Facilitator.LanguageModelFlusher(  905): run()
I/Keyboard.Facilitator(  905): flushDynamicLanguageModels()
I/ConfigService(  988): onCreate
I/ConfigService(  988): onBind for Intent { act=com.google.android.gms.config.START pkg=com.google.android.gms } action com.google.android.gms.config.START
I/ConfigService(  988): onBind returning service broker
I/chromium(23956): [INFO:CONSOLE(25)] "No Content-Security-Policy meta tag found. Please add one when using the cordova-plugin-whitelist plugin.", source: file:///android_asset/www/plugins/cordova-plugin-whitelist/whitelist.js (25)
I/ConfigService(  988): onDestroy
I/chromium(23956): [INFO:CONSOLE(25)] "No Content-Security-Policy meta tag found. Please add one when using the cordova-plugin-whitelist plugin.", source: file:///android_asset/www/plugins/cordova-plugin-whitelist/whitelist.js (25)
I/chromium(23956): [INFO:CONSOLE(25)] "No Content-Security-Policy meta tag found. Please add one when using the cordova-plugin-whitelist plugin.", source: file:///android_asset/www/plugins/cordova-plugin-whitelist/whitelist.js (25)
I/chromium(23956): [INFO:CONSOLE(25)] "No Content-Security-Policy meta tag found. Please add one when using the cordova-plugin-whitelist plugin.", source: file:///android_asset/www/plugins/cordova-plugin-whitelist/whitelist.js (25)
V/GoogleAuthProtoRequest(24379): [1546] a.<init>: mAccountName set to: sensorlab.mobile@gmail.com
I/GLSUser (  988): [GLSUser] getTokenFromCache: [account: <ELLIDED:-11767>, callingPkg: com.google.android.apps.gcs, service: oauth2:https://www.googleapis.com/auth/nova]
I/Auth.Core(  988): [TokenCache] Missing snowballing token: no granted scopes set.
I/GLSUser (  988): [GLSUser] getTokenFromGoogle [account: <ELLIDED:-11767>, callingPkg: com.google.android.apps.gcs, service: oauth2:https://www.googleapis.com/auth/nova
I/GLSUser (  988): [GLSUser] IOException in getAuthtoken(<ELLIDED:-11767>, oauth2:https://www.googleapis.com/auth/nova) -> exception: Unable to resolve host "android.clients.google.com": No address associated with hostname)
I/GLSUser (  988): [GLSUser] getAuthtoken(<ELLIDED:-11767>, oauth2:https://www.googleapis.com/auth/nova) -> status: NETWORK_ERROR)
I/GLSUser (  988): [GLSUser] Extracting token using key: Auth
W/GLSActivity(  988): gms.StatusHelper Status from wire: NetworkError status: NETWORK_ERROR
W/ExperimentUpdateService(24379): [1546] ExperimentUpdateService.a: Error executing an experiment update request.  Rescheduling.
W/ExperimentUpdateService(24379): [1546] ExperimentUpdateService.a: java.util.concurrent.ExecutionException: com.a.a.a: NetworkError
W/ExperimentUpdateService(24379): java.util.concurrent.ExecutionException: com.a.a.a: NetworkError
W/ExperimentUpdateService(24379): 	at com.a.a.a.k.a(SourceFile:117)
W/ExperimentUpdateService(24379): 	at com.a.a.a.k.get(SourceFile:97)
W/ExperimentUpdateService(24379): 	at com.google.android.flib.nova.experiment.ExperimentUpdateService.a(SourceFile:64)
W/ExperimentUpdateService(24379): 	at com.google.android.gms.gcm.c.run(Unknown Source)
W/ExperimentUpdateService(24379): Caused by: com.a.a.a: NetworkError
W/ExperimentUpdateService(24379): 	at com.google.android.flib.a.a.a(SourceFile:170)
W/ExperimentUpdateService(24379): 	at com.a.a.a.g.a(SourceFile:79)
W/ExperimentUpdateService(24379): 	at com.a.a.a.a.a(SourceFile:93)
W/ExperimentUpdateService(24379): 	at com.a.a.k.run(SourceFile:110)
W/ExperimentUpdateService(24379): Caused by: java.io.IOException: NetworkError
W/ExperimentUpdateService(24379): 	at com.google.android.gms.auth.e.a(Unknown Source)
W/ExperimentUpdateService(24379): 	at com.google.android.gms.auth.e.a(Unknown Source)
W/ExperimentUpdateService(24379): 	at com.google.android.flib.a.a.a(SourceFile:162)
W/ExperimentUpdateService(24379): 	... 3 more
I/chromium(23956): [INFO:CONSOLE(25)] "No Content-Security-Policy meta tag found. Please add one when using the cordova-plugin-whitelist plugin.", source: file:///android_asset/www/plugins/cordova-plugin-whitelist/whitelist.js (25)
D/AndroidRuntime(24522): >>>>>> START com.android.internal.os.RuntimeInit uid 2000 <<<<<<
D/AndroidRuntime(24522): CheckJNI is OFF
D/AndroidRuntime(24522): Calling main entry com.android.commands.pm.Pm
I/ActivityManager(  593): Start proc 24540:com.android.defcontainer/u0a14 for service com.android.defcontainer/.DefaultContainerService
I/art     (  202): Explicit concurrent mark sweep GC freed 706(30KB) AllocSpace objects, 0(0B) LOS objects, 40% free, 7MB/11MB, paused 427us total 21.911ms
I/art     (  202): Explicit concurrent mark sweep GC freed 8(256B) AllocSpace objects, 0(0B) LOS objects, 40% free, 7MB/11MB, paused 274us total 16.052ms
I/art     (  202): Explicit concurrent mark sweep GC freed 5(160B) AllocSpace objects, 0(0B) LOS objects, 40% free, 7MB/11MB, paused 244us total 14.556ms
D/Finsky  (17435): [1] PackageVerificationReceiver.checkPrerequisites: Skipping verification because network inactive
D/DefContainer(24540): Copying /data/local/tmp/1438175482434 to base.apk
D/Finsky  (17435): [1] PackageVerificationReceiver.checkPrerequisites: Skipping verification because network inactive
W/PackageManager(  593): Invalid verification token 18 received
D/PackageManager(  593): Renaming /data/app/vmdl1366650865.tmp to /data/app/com.pushapp-1
I/ActivityManager(  593): Force stopping com.pushapp appid=10138 user=-1: uninstall pkg
I/ActivityManager(  593): Killing 23956:com.pushapp/u0a138 (adj 0): stop com.pushapp
I/WindowState(  593): WIN DEATH: Window{37b1f9ef u0 com.pushapp/com.pushapp.MainActivity}
I/PackageManager(  593): Package com.pushapp codePath changed from /data/app/com.pushapp-2 to /data/app/com.pushapp-1; Retaining data and using new
I/PackageManager(  593): Running dexopt on: /data/app/com.pushapp-1/base.apk pkg=com.pushapp isa=arm vmSafeMode=false
I/dex2oat (24558): /system/bin/dex2oat --zip-fd=6 --zip-location=/data/app/com.pushapp-1/base.apk --oat-fd=7 --oat-location=/data/dalvik-cache/arm/data@app@com.pushapp-1@base.apk@classes.dex --instruction-set=arm --instruction-set-features=div --runtime-arg -Xms64m --runtime-arg -Xmx512m --swap-fd=8
E/libprocessgroup(  593): failed to kill 1 processes for processgroup 23956
W/ActivityManager(  593): Force removing ActivityRecord{3902562b u0 com.pushapp/.MainActivity t52}: app died, no saved state
W/ActivityManager(  593): Spurious death for ProcessRecord{10b66fb2 23956:com.pushapp/u0a138}, curProc for 23956: null
I/dex2oat (24558): Decided to run without swap.
W/InputMethodManagerService(  593): Got RemoteException sending setActive(false) notification to pid 23956 uid 10138
I/Keyboard.Facilitator(  905): onFinishInput()
W/OpenGLRenderer( 1077): Incorrectly called buildLayer on View: ShortcutAndWidgetContainer, destroying layer...
W/OpenGLRenderer( 1077): Incorrectly called buildLayer on View: ShortcutAndWidgetContainer, destroying layer...
I/dex2oat (24558): dex2oat took 1.073s (threads: 4) arena alloc=89KB java alloc=1239KB native alloc=3MB free=4MB
W/PackageManager(  593): Code path for pkg : com.pushapp changing from /data/app/com.pushapp-2 to /data/app/com.pushapp-1
I/ActivityManager(  593): Force stopping com.pushapp appid=10138 user=-1: update pkg
W/PackageManager(  593): Resource path for pkg : com.pushapp changing from /data/app/com.pushapp-2 to /data/app/com.pushapp-1
I/ActivityManager(  593): Force stopping com.pushapp appid=10138 user=0: pkg removed
I/InputReader(  593): Reconfiguring input devices.  changes=0x00000010
I/InputReader(  593): Reconfiguring input devices.  changes=0x00000010
I/InputReader(  593): Reconfiguring input devices.  changes=0x00000010
I/ActivityManager(  593): Killing 23825:com.android.keychain/1000 (adj 15): empty #17
I/art     (  753): Explicit concurrent mark sweep GC freed 1590(62KB) AllocSpace objects, 0(0B) LOS objects, 39% free, 14MB/24MB, paused 6.896ms total 91.278ms
I/art     ( 3517): Explicit concurrent mark sweep GC freed 61(2640B) AllocSpace objects, 1(36KB) LOS objects, 24% free, 7MB/9MB, paused 305us total 94.238ms
I/art     (24027): Explicit concurrent mark sweep GC freed 667(38KB) AllocSpace objects, 0(0B) LOS objects, 25% free, 9MB/12MB, paused 427us total 118.347ms
I/art     (  593): Explicit concurrent mark sweep GC freed 43073(2MB) AllocSpace objects, 12(184KB) LOS objects, 33% free, 19MB/29MB, paused 3.051ms total 125.213ms
D/JobSchedulerService(  593): Receieved: android.intent.action.PACKAGE_REMOVED
D/BackupManagerService(  593): Received broadcast Intent { act=android.intent.action.PACKAGE_REMOVED dat=package:com.pushapp flg=0x4000010 (has extras) }
W/Settings(  593): Setting install_non_market_apps has moved from android.provider.Settings.Global to android.provider.Settings.Secure, returning read-only value.
I/ActivityManager(  593): Start proc 24589:com.android.keychain/1000 for broadcast com.android.keychain/.KeyChainBroadcastReceiver
D/BackupManagerService(  593): Received broadcast Intent { act=android.intent.action.PACKAGE_ADDED dat=package:com.pushapp flg=0x4000010 (has extras) }
W/BackupManagerService(  593): Removing schedule queue dupe of com.pushapp
W/ContextImpl(24589): Calling a method in the system process without a qualified user: android.app.ContextImpl.startService:1692 android.content.ContextWrapper.startService:516 android.content.ContextWrapper.startService:516 com.android.keychain.KeyChainBroadcastReceiver.onReceive:12 android.app.ActivityThread.handleReceiver:2609 
E/NetworkScheduler.SchedulerReceiver(  988): Invalid parameter app
E/NetworkScheduler.SchedulerReceiver(  988): Invalid package name : Perhaps you didn't include a PendingIntent in the extras?
D/PackageBroadcastService( 1366): Received broadcast action=android.intent.action.PACKAGE_REMOVED and uri=com.pushapp
D/ChimeraRcvrProxy( 1366): Creating receiver proxy ComponentInfo{com.google.android.gms/com.google.android.gms.games.chimera.GamesSystemBroadcastReceiverProxy}
D/ChimeraRcvrProxy( 1366): Proxying container receiver ComponentInfo{com.google.android.gms/com.google.android.gms.games.chimera.GamesSystemBroadcastReceiverProxy} to Chimera receiver impl com.google.android.gms.games.receiver.PlaySystemBroadcastReceiver
D/ChimeraCfgMgr( 1366): Loading module com.google.android.gms.games from APK com.google.android.play.games
D/ChimeraModuleLdr( 1366): Module APK com.google.android.play.games already loaded
I/ConfigService(  988): onCreate
I/ConfigService(  988): onBind for Intent { act=com.google.android.gms.config.UPDATE pkg=com.google.android.gms } action com.google.android.gms.config.UPDATE
I/ConfigFetchService( 1366): onStartCommand Intent { act=android.intent.action.PACKAGE_REMOVED dat=package:com.pushapp cmp=com.google.android.gms/.config.ConfigFetchService (has extras) }
I/art     (  593): Explicit concurrent mark sweep GC freed 9262(486KB) AllocSpace objects, 0(0B) LOS objects, 33% free, 19MB/29MB, paused 2.563ms total 132.202ms
I/ConfigService(  988): onBind returning update interface
I/ConfigService(  988): onBind for Intent { act=com.google.android.gms.config.START pkg=com.google.android.gms } action com.google.android.gms.config.START
I/ConfigService(  988): onBind returning service broker
W/ResourcesManager( 1077): Asset path '/system/framework/com.google.android.maps.jar' does not exist or contains no resources.
I/art     (24522): System.exit called, status: 0
I/AndroidRuntime(24522): VM exiting with result code 0.
I/GeckoWebappUninstallListener(24047): Package is being replaced; ignoring removal intent
D/GCM     (  988): GcmService start Intent { act=com.google.android.gms.gcm.PACKAGE_REPLACED cmp=com.google.android.gms/.gcm.GcmService (has extras) } com.google.android.gms.gcm.PACKAGE_REPLACED
D/ChimeraRcvrProxy( 1366): Creating receiver proxy ComponentInfo{com.google.android.gms/com.google.android.gms.games.chimera.GamesSystemBroadcastReceiverProxy}
D/PackageBroadcastService( 1366): Received broadcast action=android.intent.action.PACKAGE_ADDED and uri=com.pushapp
D/ChimeraRcvrProxy( 1366): Proxying container receiver ComponentInfo{com.google.android.gms/com.google.android.gms.games.chimera.GamesSystemBroadcastReceiverProxy} to Chimera receiver impl com.google.android.gms.games.receiver.PlaySystemBroadcastReceiver
D/ChimeraCfgMgr( 1366): Loading module com.google.android.gms.games from APK com.google.android.play.games
D/ChimeraModuleLdr( 1366): Module APK com.google.android.play.games already loaded
I/ConfigFetchService( 1366): onStartCommand Intent { act=android.intent.action.PACKAGE_ADDED dat=package:com.pushapp cmp=com.google.android.gms/.config.ConfigFetchService (has extras) }
I/ConfigFetchService( 1366): launchTask
D/ChimeraSrvcProxy( 1366): Creating service proxy ComponentInfo{com.google.android.gms/com.google.android.gms.games.chimera.GamesAsyncServiceProxy}
D/ChimeraSrvcProxy( 1366): Proxying container service ComponentInfo{com.google.android.gms/com.google.android.gms.games.chimera.GamesAsyncServiceProxy} to Chimera service impl com.google.android.gms.games.service.PlayGamesAsyncService
D/ChimeraCfgMgr( 1366): Loading module com.google.android.gms.games from APK com.google.android.play.games
D/ChimeraModuleLdr( 1366): Module APK com.google.android.play.games already loaded
I/ConfigFetchService( 1366): service connected
I/PeopleContactsSync( 1366): CP2 sync disabled
V/ConfigFetchTask( 1366): ConfigFetchTask getDeviceDataVersionInfo(): ABFEt1UCwF8rRx9ZHI0HgIUgf-YTM0D8KF3rs8UWhnoEf4OEmnjSJwHSr9gfunc7OBK-n8qOc2o-i_k1os3ajNilAthXbCxNs8ZNqtrcmSg6Rqe3e-hQjs_69n2ldqtexa7SQL8qjKEWc40J4bd4TUYlrS4IM9OuJEAQpxIJTnVEdxT9jGVf9ygKwoIjM_m9V_wSHQV918SZ
I/GoogleURLConnFactory( 1366): Using platform SSLCertificateSocketFactory
D/ConfigFetchService( 1366): ConfigApi connection successful.
W/ConfigFetchTask( 1366): exception on config fetch: java.net.UnknownHostException: Unable to resolve host "android.clients.google.com": No address associated with hostname
I/ConfigFetchService( 1366): fetch service done; releasing wakelock
I/ConfigFetchService( 1366): stopping self
I/UpdateIcingCorporaServi(24027): Updating corpora: APPS=com.pushapp, CONTACTS=MAYBE
E/NetworkScheduler.SchedulerReceiver(  988): Invalid parameter app
E/NetworkScheduler.SchedulerReceiver(  988): Invalid package name : Perhaps you didn't include a PendingIntent in the extras?
D/PackageBroadcastService( 1366): Received broadcast action=android.intent.action.PACKAGE_REPLACED and uri=com.pushapp
I/FxAccounts(24047): firefox :: FxAccountUpgradeReceiver :: Upgrade broadcast received.
I/PeopleContactsSync( 1366): CP2 sync disabled
I/FxAccounts(24047): firefox :: UpgradeReceiver :: No Sync Accounts found; not upgrading anything.
I/FxAccounts(24047): firefox :: FxAccountUpgradeReceiver :: Trying to unpickle any pickled Firefox Account.
I/FxAccounts(24047): firefox :: FxAccountUpgradeReceiver :: Trying to advance 0 existing Firefox Accounts from the Doghouse to Separated (if necessary).
I/UpdateIcingCorporaServi(24027): UpdateCorporaTask done [took 84 ms] updated apps [took 84 ms] 
D/AndroidRuntime(24613): >>>>>> START com.android.internal.os.RuntimeInit uid 2000 <<<<<<
D/AndroidRuntime(24613): CheckJNI is OFF
D/AndroidRuntime(24613): Calling main entry com.android.commands.pm.Pm
I/art     (24613): System.exit called, status: 0
I/AndroidRuntime(24613): VM exiting with result code 0.
D/AndroidRuntime(24656): >>>>>> START com.android.internal.os.RuntimeInit uid 2000 <<<<<<
D/AndroidRuntime(24656): CheckJNI is OFF
D/AndroidRuntime(24658): >>>>>> START com.android.internal.os.RuntimeInit uid 2000 <<<<<<
D/AndroidRuntime(24658): CheckJNI is OFF
D/AndroidRuntime(24656): Calling main entry com.android.commands.am.Am
I/ActivityManager(  593): START u0 {flg=0x10000000 cmp=com.pushapp/.MainActivity} from uid 2000 on display 0
V/WindowManager(  593): addAppToken: AppWindowToken{1948b439 token=Token{2ec81400 ActivityRecord{fc38a83 u0 com.pushapp/.MainActivity t53}}} to stack=1 task=53 at 0
V/WindowManager(  593): Adding window Window{3186908a u0 Starting com.pushapp} at 3 of 8 (after Window{c263dc5 u0 com.android.launcher/com.android.launcher2.Launcher})
D/AndroidRuntime(24656): Shutting down VM
I/ActivityManager(  593): Start proc 24682:com.pushapp/u0a138 for activity com.pushapp/.MainActivity
I/art     (24682): Late-enabling -Xcheck:jni
D/AndroidRuntime(24658): Calling main entry com.android.commands.pm.Pm
I/WebViewFactory(24682): Loading com.google.android.webview version 43.0.2357.121 (code 2357121)
I/LibraryLoader(24682): Time to load native libraries: 2 ms (timestamps 3368-3370)
I/LibraryLoader(24682): Expected native library version number "",actual native library version number ""
V/WebViewChromiumFactoryProvider(24682): Binding Chromium to main looper Looper (main, tid 1) {22a3aac}
I/LibraryLoader(24682)