I/si.ijs.opcomm.sensorapp.utils.data.FetchDataUtil(15484): 	at android.app.ActivityThread$H.handleMessage(ActivityThread.java:1364)
I/si.ijs.opcomm.sensorapp.utils.data.FetchDataUtil(15484): 	at android.os.Handler.dispatchMessage(Handler.java:102)
I/si.ijs.opcomm.sensorapp.utils.data.FetchDataUtil(15484): 	at android.os.Looper.loop(Looper.java:135)
I/si.ijs.opcomm.sensorapp.utils.data.FetchDataUtil(15484): 	at android.app.ActivityThread.main(ActivityThread.java:5254)
I/si.ijs.opcomm.sensorapp.utils.data.FetchDataUtil(15484): 	at java.lang.reflect.Method.invoke(Native Method)
I/si.ijs.opcomm.sensorapp.utils.data.FetchDataUtil(15484): 	at java.lang.reflect.Method.invoke(Method.java:372)
I/si.ijs.opcomm.sensorapp.utils.data.FetchDataUtil(15484): 	at com.android.internal.os.ZygoteInit$MethodAndArgsCaller.run(ZygoteInit.java:903)
I/si.ijs.opcomm.sensorapp.utils.data.FetchDataUtil(15484): 	at com.android.internal.os.ZygoteInit.main(ZygoteInit.java:698)
D/ServerDispatchService(15484): Starting dispatch service...
I/ServerDispatchService(15484): onStartCommand
I/ServerDispatchService(15484): Dispatching data to server!
W/ServerDispatchService(15484): Cannot dispatch -> Conn type selected to any but no connection available
D/ServerDispatchService(15484): Releasing wakelock...
D/ServerDispatchService(15484): Stopping dispatch service...
I/ActivityManager(  593): Killing 13931:si.ijs.opcomm.sensorappwifi/u0a127 (adj 15): empty #17
I/ActivityManager(  593): Start proc 15506:si.ijs.opcomm.sensorappwifi/u0a127 for service si.ijs.opcomm.sensorappwifi/.service.dispatch.ServerDispatchService
I/art     (15506): Late-enabling -Xcheck:jni
D/ServerDispatchService(15506): Starting dispatch service...
I/ServerDispatchService(15506): onStartCommand
I/ServerDispatchService(15506): Dispatching data to server!
W/ServerDispatchService(15506): Cannot dispatch -> Conn type selected to any but no connection available
D/ServerDispatchService(15506): Releasing wakelock...
D/ServerDispatchService(15506): Stopping dispatch service...
I/ActivityManager(  593): Killing 14368:com.google.android.talk/u0a32 (adj 15): empty #17
E/        (  187): invalid crash request of size 4 (from pid=15425 uid=0)
E/Diag_Lib(15601):  Diag_LSM_Init: Failed to open handle to diag driver, error = 2
E/Sensors (15601): sns_fsa_la.c(386):fsa: fflush failed, 9
E/Sensors (15601): sns_fsa_la.c(386):fsa: fflush failed, 9
W/Sensors (15601): sns_smr_la.c(446):smr_la: smr_apps_la_thread_main is starting, fd=11, sns_smr.en_rx_msg_ptr=b6fd69d0
W/Sensors (15601): sns_sam_app.c(6827):sns_sam_reg_algo: Registering algo service 16, err 0
E/Sensors (15601): sns_debug_main.c(565):Debug Config File missing in EFS!
E/        (  187): invalid crash request of size 4 (from pid=15601 uid=0)
E/Diag_Lib(15734):  Diag_LSM_Init: Failed to open handle to diag driver, error = 2
E/Sensors (15734): sns_fsa_la.c(386):fsa: fflush failed, 9
E/Sensors (15734): sns_fsa_la.c(386):fsa: fflush failed, 9
W/Sensors (15734): sns_smr_la.c(446):smr_la: smr_apps_la_thread_main is starting, fd=11, sns_smr.en_rx_msg_ptr=b6f969d0
W/Sensors (15734): sns_sam_app.c(6827):sns_sam_reg_algo: Registering algo service 16, err 0
E/Sensors (15734): sns_debug_main.c(565):Debug Config File missing in EFS!
E/        (  187): invalid crash request of size 4 (from pid=15734 uid=0)
E/Diag_Lib(15857):  Diag_LSM_Init: Failed to open handle to diag driver, error = 2
E/Sensors (15857): sns_fsa_la.c(386):fsa: fflush failed, 9
E/Sensors (15857): sns_fsa_la.c(386):fsa: fflush failed, 9
W/Sensors (15857): sns_smr_la.c(446):smr_la: smr_apps_la_thread_main is starting, fd=11, sns_smr.en_rx_msg_ptr=b6fad9d0
W/Sensors (15857): sns_sam_app.c(6827):sns_sam_reg_algo: Registering algo service 16, err 0
E/Sensors (15857): sns_debug_main.c(565):Debug Config File missing in EFS!
D/ServerDispatchService(15484): Starting dispatch service...
I/ServerDispatchService(15484): onStartCommand
I/ServerDispatchService(15484): Dispatching data to server!
W/ServerDispatchService(15484): Cannot dispatch -> Conn type selected to any but no connection available
D/ServerDispatchService(15484): Releasing wakelock...
D/ServerDispatchService(15484): Stopping dispatch service...
D/ServerDispatchService(15506): Starting dispatch service...
I/ServerDispatchService(15506): onStartCommand
I/ServerDispatchService(15506): Dispatching data to server!
W/ServerDispatchService(15506): Cannot dispatch -> Conn type selected to any but no connection available
D/ServerDispatchService(15506): Releasing wakelock...
D/ServerDispatchService(15506): Stopping dispatch service...
E/        (  187): invalid crash request of size 4 (from pid=15857 uid=0)
E/Diag_Lib(15988):  Diag_LSM_Init: Failed to open handle to diag driver, error = 2
E/Sensors (15988): sns_fsa_la.c(386):fsa: fflush failed, 9
E/Sensors (15988): sns_fsa_la.c(386):fsa: fflush failed, 9
W/Sensors (15988): sns_smr_la.c(446):smr_la: smr_apps_la_thread_main is starting, fd=11, sns_smr.en_rx_msg_ptr=b6fcf9d0
W/Sensors (15988): sns_sam_app.c(6827):sns_sam_reg_algo: Registering algo service 16, err 0
E/Sensors (15988): sns_debug_main.c(565):Debug Config File missing in EFS!
I/ActivityManager(  593): Start proc 16074:com.google.android.apps.plus/u0a54 for service com.google.android.apps.plus/com.google.android.apps.moviemaker.service.PluggedInAnalyzerService
V/GoogleAuthProtoRequest(14036): [1046] a.<init>: mAccountName set to: sensorlab.mobile@gmail.com
I/art     (  202): Explicit concurrent mark sweep GC freed 709(30KB) AllocSpace objects, 0(0B) LOS objects, 40% free, 7MB/11MB, paused 274us total 39.520ms
I/art     (  202): Explicit concurrent mark sweep GC freed 5(160B) AllocSpace objects, 0(0B) LOS objects, 40% free, 7MB/11MB, paused 274us total 12.939ms
W/ResourcesManager(16074): Asset path '/system/framework/com.google.android.maps.jar' does not exist or contains no resources.
I/art     (  202): Explicit concurrent mark sweep GC freed 5(160B) AllocSpace objects, 0(0B) LOS objects, 40% free, 7MB/11MB, paused 274us total 13.092ms
I/GLSUser (  988): [GLSUser] getTokenFromCache: [account: <ELLIDED:-11767>, callingPkg: com.google.android.apps.gcs, service: oauth2:https://www.googleapis.com/auth/nova]
I/Auth.Core(  988): [TokenCache] Missing snowballing token: no granted scopes set.
I/GLSUser (  988): [GLSUser] getTokenFromGoogle [account: <ELLIDED:-11767>, callingPkg: com.google.android.apps.gcs, service: oauth2:https://www.googleapis.com/auth/nova
I/GLSUser (  988): [GLSUser] IOException in getAuthtoken(<ELLIDED:-11767>, oauth2:https://www.googleapis.com/auth/nova) -> exception: Unable to resolve host "android.clients.google.com": No address associated with hostname)
I/GLSUser (  988): [GLSUser] getAuthtoken(<ELLIDED:-11767>, oauth2:https://www.googleapis.com/auth/nova) -> status: NETWORK_ERROR)
I/GLSUser (  988): [GLSUser] Extracting token using key: Auth
W/GLSActivity(  988): gms.StatusHelper Status from wire: NetworkError status: NETWORK_ERROR
W/ExperimentUpdateService(14036): [1046] ExperimentUpdateService.a: Error executing an experiment update request.  Rescheduling.
W/ExperimentUpdateService(14036): [1046] ExperimentUpdateService.a: java.util.concurrent.ExecutionException: com.a.a.a: NetworkError
W/ExperimentUpdateService(14036): java.util.concurrent.ExecutionException: com.a.a.a: NetworkError
W/ExperimentUpdateService(14036): 	at com.a.a.a.k.a(SourceFile:117)
W/ExperimentUpdateService(14036): 	at com.a.a.a.k.get(SourceFile:97)
W/ExperimentUpdateService(14036): 	at com.google.android.flib.nova.experiment.ExperimentUpdateService.a(SourceFile:64)
W/ExperimentUpdateService(14036): 	at com.google.android.gms.gcm.c.run(Unknown Source)
W/ExperimentUpdateService(14036): Caused by: com.a.a.a: NetworkError
W/ExperimentUpdateService(14036): 	at com.google.android.flib.a.a.a(SourceFile:170)
W/ExperimentUpdateService(14036): 	at com.a.a.a.g.a(SourceFile:79)
W/ExperimentUpdateService(14036): 	at com.a.a.a.a.a(SourceFile:93)
W/ExperimentUpdateService(14036): 	at com.a.a.k.run(SourceFile:110)
W/ExperimentUpdateService(14036): Caused by: java.io.IOException: NetworkError
W/ExperimentUpdateService(14036): 	at com.google.android.gms.auth.e.a(Unknown Source)
W/ExperimentUpdateService(14036): 	at com.google.android.gms.auth.e.a(Unknown Source)
W/ExperimentUpdateService(14036): 	at com.google.android.flib.a.a.a(SourceFile:162)
W/ExperimentUpdateService(14036): 	... 3 more
I/ActivityManager(  593): Start proc 16112:android.process.acore/u0a0 for content provider com.android.providers.contacts/.ContactsProvider2
I/Adreno-EGL(16074): <qeglDrvAPI_eglInitialize:379>: QUALCOMM Build: 01/15/15, ab0075f, Id3510ff6dc
I/ActivityManager(  593): Killing 9905:org.mozilla.firefox/u0a87 (adj 15): empty #17
I/ContactLocale(16112): AddressBook Labels [en-US]: [, A, B, C, D, E, F, G, H, I, J, K, L, M, N, O, P, Q, R, S, T, U, V, W, X, Y, Z, , , , , , , , , , , , , , , , , , , , , , , , , , , , , , , , , , , , , , , , , , , , , , , , , , , , , , , , , , , , , , , , , , , , , , , , , , , , , , , , , , , , , , , , , , , , , , , , , , , , , , , , , , , , , , , , , , , , , , , , , , , , , , , , , , , , , , , , , , , , , , , , , , , , , , , , , , , , , , , , , , , , , , , , , , , , , , , , , , , , , , , , , , , , #, ]
I/ActivityManager(  593): Killing 14994:com.google.android.apps.photos/u0a115 (adj 15): empty #17
I/GAV2    (16074): Thread[GAThread,5,main]: No campaign data found.
E/        (  187): invalid crash request of size 4 (from pid=15988 uid=0)
E/Diag_Lib(16184):  Diag_LSM_Init: Failed to open handle to diag driver, error = 2
E/Sensors (16184): sns_fsa_la.c(386):fsa: fflush failed, 9
E/Sensors (16184): sns_fsa_la.c(386):fsa: fflush failed, 9
W/Sensors (16184): sns_smr_la.c(446):smr_la: smr_apps_la_thread_main is starting, fd=11, sns_smr.en_rx_msg_ptr=b6f9f9d0
W/Sensors (16184): sns_sam_app.c(6827):sns_sam_reg_algo: Registering algo service 16, err 0
E/Sensors (16184): sns_debug_main.c(565):Debug Config File missing in EFS!
D/ServerDispatchService(15484): Starting dispatch service...
I/ServerDispatchService(15484): onStartCommand
I/ServerDispatchService(15484): Dispatching data to server!
W/ServerDispatchService(15484): Cannot dispatch -> Conn type selected to any but no connection available
D/ServerDispatchService(15484): Releasing wakelock...
D/ServerDispatchService(15484): Stopping dispatch service...
D/ServerDispatchService(15506): Starting dispatch service...
I/ServerDispatchService(15506): onStartCommand
I/ServerDispatchService(15506): Dispatching data to server!
W/ServerDispatchService(15506): Cannot dispatch -> Conn type selected to any but no connection available
D/ServerDispatchService(15506): Releasing wakelock...
D/ServerDispatchService(15506): Stopping dispatch service...
E/        (  187): invalid crash request of size 4 (from pid=16184 uid=0)
E/Diag_Lib(16319):  Diag_LSM_Init: Failed to open handle to diag driver, error = 2
E/Sensors (16319): sns_fsa_la.c(386):fsa: fflush failed, 9
E/Sensors (16319): sns_fsa_la.c(386):fsa: fflush failed, 9
W/Sensors (16319): sns_smr_la.c(446):smr_la: smr_apps_la_thread_main is starting, fd=11, sns_smr.en_rx_msg_ptr=b700d9d0
W/Sensors (16319): sns_sam_app.c(6827):sns_sam_reg_algo: Registering algo service 16, err 0
E/Sensors (16319): sns_debug_main.c(565):Debug Config File missing in EFS!
E/        (  187): invalid crash request of size 4 (from pid=16319 uid=0)
E/Diag_Lib(16440):  Diag_LSM_Init: Failed to open handle to diag driver, error = 2
E/Sensors (16440): sns_fsa_la.c(386):fsa: fflush failed, 9
E/Sensors (16440): sns_fsa_la.c(386):fsa: fflush failed, 9
W/Sensors (16440): sns_smr_la.c(446):smr_la: smr_apps_la_thread_main is starting, fd=11, sns_smr.en_rx_msg_ptr=b6fbc9d0
W/Sensors (16440): sns_sam_app.c(6827):sns_sam_reg_algo: Registering algo service 16, err 0
E/Sensors (16440): sns_debug_main.c(565):Debug Config File missing in EFS!
E/        (  187): invalid crash request of size 4 (from pid=16440 uid=0)
E/Diag_Lib(16561):  Diag_LSM_Init: Failed to open handle to diag driver, error = 2
E/Sensors (16561): sns_fsa_la.c(386):fsa: fflush failed, 9
E/Sensors (16561): sns_fsa_la.c(386):fsa: fflush failed, 9
W/Sensors (16561): sns_smr_la.c(446):smr_la: smr_apps_la_thread_main is starting, fd=11, sns_smr.en_rx_msg_ptr=b6fee9d0
W/Sensors (16561): sns_sam_app.c(6827):sns_sam_reg_algo: Registering algo service 16, err 0
E/Sensors (16561): sns_debug_main.c(565):Debug Config File missing in EFS!
D/ServerDispatchService(15484): Starting dispatch service...
I/ServerDispatchService(15484): onStartCommand
I/ServerDispatchService(15484): Dispatching data to server!
W/ServerDispatchService(15484): Cannot dispatch -> Conn type selected to any but no connection available
D/ServerDispatchService(15484): Releasing wakelock...
D/ServerDispatchService(15484): Stopping dispatch service...
D/ServerDispatchService(15506): Starting dispatch service...
I/ServerDispatchService(15506): onStartCommand
I/ServerDispatchService(15506): Dispatching data to server!
W/ServerDispatchService(15506): Cannot dispatch -> Conn type selected to any but no connection available
D/ServerDispatchService(15506): Releasing wakelock...
D/ServerDispatchService(15506): Stopping dispatch service...
E/        (  187): invalid crash request of size 4 (from pid=16561 uid=0)
E/Diag_Lib(16684):  Diag_LSM_Init: Failed to open handle to diag driver, error = 2
E/Sensors (16684): sns_fsa_la.c(386):fsa: fflush failed, 9
E/Sensors (16684): sns_fsa_la.c(386):fsa: fflush failed, 9
W/Sensors (16684): sns_smr_la.c(446):smr_la: smr_apps_la_thread_main is starting, fd=11, sns_smr.en_rx_msg_ptr=b70009d0
W/Sensors (16684): sns_sam_app.c(6827):sns_sam_reg_algo: Registering algo service 16, err 0
E/Sensors (16684): sns_debug_main.c(565):Debug Config File missing in EFS!
E/        (  187): invalid crash request of size 4 (from pid=16684 uid=0)
E/Diag_Lib(16804):  Diag_LSM_Init: Failed to open handle to diag driver, error = 2
E/Sensors (16804): sns_fsa_la.c(386):fsa: fflush failed, 9
E/Sensors (16804): sns_fsa_la.c(386):fsa: fflush failed, 9
W/Sensors (16804): sns_smr_la.c(446):smr_la: smr_apps_la_thread_main is starting, fd=11, sns_smr.en_rx_msg_ptr=b6fbd9d0
W/Sensors (16804): sns_sam_app.c(6827):sns_sam_reg_algo: Registering algo service 16, err 0
E/Sensors (16804): sns_debug_main.c(565):Debug Config File missing in EFS!
E/        (  187): invalid crash request of size 4 (from pid=16804 uid=0)
E/Diag_Lib(16925):  Diag_LSM_Init: Failed to open handle to diag driver, error = 2
E/Sensors (16925): sns_fsa_la.c(386):fsa: fflush failed, 9
E/Sensors (16925): sns_fsa_la.c(386):fsa: fflush failed, 9
W/Sensors (16925): sns_smr_la.c(446):smr_la: smr_apps_la_thread_main is starting, fd=11, sns_smr.en_rx_msg_ptr=b6f9d9d0
W/Sensors (16925): sns_sam_app.c(6827):sns_sam_reg_algo: Registering algo service 16, err 0
E/Sensors (16925): sns_debug_main.c(565):Debug Config File missing in EFS!
D/ServerDispatchService(15484): Starting dispatch service...
I/ServerDispatchService(15484): onStartCommand
I/ServerDispatchService(15484): Dispatching data to server!
W/ServerDispatchService(15484): Cannot dispatch -> Conn type selected to any but no connection available
D/ServerDispatchService(15484): Releasing wakelock...
D/ServerDispatchService(15484): Stopping dispatch service...
D/ServerDispatchService(15506): Starting dispatch service...
I/ServerDispatchService(15506): onStartCommand
I/ServerDispatchService(15506): Dispatching data to server!
W/ServerDispatchService(15506): Cannot dispatch -> Conn type selected to any but no connection available
D/ServerDispatchService(15506): Releasing wakelock...
D/ServerDispatchService(15506): Stopping dispatch service...
E/        (  187): invalid crash request of size 4 (from pid=16925 uid=0)
E/Diag_Lib(17055):  Diag_LSM_Init: Failed to open handle to diag driver, error = 2
E/Sensors (17055): sns_fsa_la.c(386):fsa: fflush failed, 9
E/Sensors (17055): sns_fsa_la.c(386):fsa: fflush failed, 9
W/Sensors (17055): sns_smr_la.c(446):smr_la: smr_apps_la_thread_main is starting, fd=11, sns_smr.en_rx_msg_ptr=b6fe79d0
W/Sensors (17055): sns_sam_app.c(6827):sns_sam_reg_algo: Registering algo service 16, err 0
E/Sensors (17055): sns_debug_main.c(565):Debug Config File missing in EFS!
E/        (  187): invalid crash request of size 4 (from pid=17055 uid=0)
E/Diag_Lib(17175):  Diag_LSM_Init: Failed to open handle to diag driver, error = 2
E/Sensors (17175): sns_fsa_la.c(386):fsa: fflush failed, 9
E/Sensors (17175): sns_fsa_la.c(386):fsa: fflush failed, 9
W/Sensors (17175): sns_smr_la.c(446):smr_la: smr_apps_la_thread_main is starting, fd=11, sns_smr.en_rx_msg_ptr=b6f1b9d0
W/Sensors (17175): sns_sam_app.c(6827):sns_sam_reg_algo: Registering algo service 16, err 0
E/Sensors (17175): sns_debug_main.c(565):Debug Config File missing in EFS!
D/ServerDispatchService(15484): Starting dispatch service...
I/ServerDispatchService(15484): onStartCommand
I/ServerDispatchService(15484): Dispatching data to server!
W/ServerDispatchService(15484): Cannot dispatch -> Conn type selected to any but no connection available
I/ProcessStatsService(  593): Prepared write state in 5ms
D/ServerDispatchService(15484): Releasing wakelock...
D/ServerDispatchService(15484): Stopping dispatch service...
D/ServerDispatchService(15506): Starting dispatch service...
I/ServerDispatchService(15506): onStartCommand
I/ServerDispatchService(15506): Dispatching data to server!
W/ServerDispatchService(15506): Cannot dispatch -> Conn type selected to any but no connection available
D/ServerDispatchService(15506): Releasing wakelock...
D/ServerDispatchService(15506): Stopping dispatch service...
E/        (  187): invalid crash request of size 4 (from pid=17175 uid=0)
E/Diag_Lib(17307):  Diag_LSM_Init: Failed to open handle to diag driver, error = 2
E/Sensors (17307): sns_fsa_la.c(386):fsa: fflush failed, 9
E/Sensors (17307): sns_fsa_la.c(386):fsa: fflush failed, 9
W/Sensors (17307): sns_smr_la.c(446):smr_la: smr_apps_la_thread_main is starting, fd=11, sns_smr.en_rx_msg_ptr=b6fa79d0
W/Sensors (17307): sns_sam_app.c(6827):sns_sam_reg_algo: Registering algo service 16, err 0
E/Sensors (17307): sns_debug_main.c(565):Debug Config File missing in EFS!
I/PowerManagerService(  593): Waking up from sleep (uid 1000)...
V/KeyguardServiceDelegate(  593): onScreenTurnedOn(showListener = com.android.internal.policy.impl.PhoneWindowManager$2@db2185f)
I/DisplayPowerController(  593): Blocking screen on until initial contents have been drawn.
D/SurfaceFlinger(  184): Set power mode=2, type=0 flinger=0xb6482000
I/DisplayManagerService(  593): Display device changed: DisplayDeviceInfo{"Built-in Screen": uniqueId="local:0", 1200 x 1920, 60.0 fps, supportedRefreshRates [60.0], density 320, 320.842 x 322.966 dpi, appVsyncOff 0, presDeadline 17666667, touch INTERNAL, rotation 0, type BUILT_IN, state ON, FLAG_DEFAULT_DISPLAY, FLAG_ROTATES_WITH_CONTENT, FLAG_SECURE, FLAG_SUPPORTS_PROTECTED_BUFFERS}
V/ActivityManager(  593): Display changed displayId=0
E/ANDR-PERF-LOCK(  200): Failed to reset optimization for resource: 4 level: 0
E/WifiStateMachine(  593): cancelDelayedScan -> 7
D/audio_hw_primary(  190): adev_set_parameters: enter: screen_state=on
D/SurfaceControl(  593): Excessive delay in setPowerMode(): 243ms
V/KeyguardServiceDelegate(  593): **** SHOWN CALLED ****
I/DisplayPowerController(  593): Unblocked screen on after 255 ms
D/BrcmNfcJni( 1021): RoutingManager::nfaEeCallback: NFA_EE_SET_TECH_CFG_EVT; status=0x0
D/BrcmNfcJni( 1021): RoutingManager::nfaEeCallback: NFA_EE_SET_PROTO_CFG_EVT; status=0x0
D/BrcmNfcJni( 1021): RoutingManager::commitRouting
D/BrcmNfcJni( 1021): RoutingManager::nfaEeCallback: NFA_EE_UPDATED_EVT
I/art     (  593): Explicit concurrent mark sweep GC freed 28239(1523KB) AllocSpace objects, 8(281KB) LOS objects, 33% free, 19MB/28MB, paused 2.136ms total 105.010ms
D/WifiService(  593): acquireWifiLockLocked: WifiLock{NlpWifiLock type=2 binder=android.os.BinderProxy@280db588}
V/GoogleAuthProtoRequest(14036): [1047] a.<init>: mAccountName set to: sensorlab.mobile@gmail.com
I/GLSUser (  988): [GLSUser] getTokenFromCache: [account: <ELLIDED:-11767>, callingPkg: com.google.android.apps.gcs, service: oauth2:https://www.googleapis.com/auth/nova]
I/Auth.Core(  988): [TokenCache] Missing snowballing token: no granted scopes set.
I/GLSUser (  988): [GLSUser] getTokenFromGoogle [account: <ELLIDED:-11767>, callingPkg: com.google.android.apps.gcs, service: oauth2:https://www.googleapis.com/auth/nova
I/GLSUser (  988): [GLSUser] IOException in getAuthtoken(<ELLIDED:-11767>, oauth2:https://www.googleapis.com/auth/nova) -> exception: Unable to resolve host "android.clients.google.com": No address associated with hostname)
I/GLSUser (  988): [GLSUser] getAuthtoken(<ELLIDED:-11767>, oauth2:https://www.googleapis.com/auth/nova) -> status: NETWORK_ERROR)
I/GLSUser (  988): [GLSUser] Extracting token using key: Auth
W/GLSActivity(  988): gms.StatusHelper Status from wire: NetworkError status: NETWORK_ERROR
W/ExperimentUpdateService(14036): [1047] ExperimentUpdateService.a: Error executing an experiment update request.  Rescheduling.
W/ExperimentUpdateService(14036): [1047] ExperimentUpdateService.a: java.util.concurrent.ExecutionException: com.a.a.a: NetworkError
W/ExperimentUpdateService(14036): java.util.concurrent.ExecutionException: com.a.a.a: NetworkError
W/ExperimentUpdateService(14036): 	at com.a.a.a.k.a(SourceFile:117)
W/ExperimentUpdateService(14036): 	at com.a.a.a.k.get(SourceFile:97)
W/ExperimentUpdateService(14036): 	at com.google.android.flib.nova.experiment.ExperimentUpdateService.a(SourceFile:64)
W/ExperimentUpdateService(14036): 	at com.google.android.gms.gcm.c.run(Unknown Source)
W/ExperimentUpdateService(14036): Caused by: com.a.a.a: NetworkError
W/ExperimentUpdateService(14036): 	at com.google.android.flib.a.a.a(SourceFile:170)
W/ExperimentUpdateService(14036): 	at com.a.a.a.g.a(SourceFile:79)
W/ExperimentUpdateService(14036): 	at com.a.a.a.a.a(SourceFile:93)
W/ExperimentUpdateService(14036): 	at com.a.a.k.run(SourceFile:110)
W/ExperimentUpdateService(14036): Caused by: java.io.IOException: NetworkError
W/ExperimentUpdateService(14036): 	at com.google.android.gms.auth.e.a(Unknown Source)
W/ExperimentUpdateService(14036): 	at com.google.android.gms.auth.e.a(Unknown Source)
W/ExperimentUpdateService(14036): 	at com.google.android.flib.a.a.a(SourceFile:162)
W/ExperimentUpdateService(14036): 	... 3 more
D/WifiService(  593): releaseWifiLockLocked: WifiLock{NlpWifiLock type=2 binder=android.os.BinderProxy@280db588}
W/WindowManager(  593): performLayoutAndPlaceSurfacesLocked called while in layout. Callers=com.android.server.wm.WindowManagerService.performLayoutAndPlaceSurfacesLocked:8731 com.android.server.wm.WindowManagerService.reevaluateStatusBarVisibility:10825 com.android.internal.policy.impl.PhoneWindowManager.clearClearableFlagsLw:6139 
D/PhoneStatusBar(  753): disable: < expand ICONS alerts SYSTEM_INFO back HOME RECENT clock SEARCH >
D/PhoneStatusBar(  753): disable: < expand icons* alerts system_info* back HOME RECENT clock SEARCH >
D/audio_hw_primary(  190): select_devices: out_snd_device(2: speaker) in_snd_device(0: none)
D/ACDB-LOADER(  190): ACDB -> send_afe_cal
D/audio_hw_primary(  190): enable_snd_device: snd_device(2: speaker)
D/BluetoothAdapter(  753): 974211675: getState() :  mService = null. Returning STATE_OFF
D/BluetoothAdapter(  753): 974211675: getState() :  mService = null. Returning STATE_OFF
D/audio_hw_primary(  190): enable_audio_route: apply and update mixer path: low-latency-playback
V/UserPresentBroadcastReceiver( 1441): Received Intent { act=android.intent.action.USER_PRESENT flg=0x24000010 cmp=com.google.android.gms/.auth.trustagent.UserPresentBroadcastReceiver }.
D/PhoneStatusBar(  753): disable: < expand icons alerts system_info back home* recent* clock search* >
W/InputMethodManagerService(  593): Window already focused, ignoring focus gain of: com.android.internal.view.IInputMethodClient$Stub$Proxy@3e5c5d2a attribute=android.view.inputmethod.EditorInfo@2a32a71b, token = android.os.BinderProxy@2b9edc3c
I/Keyboard.Facilitator(  905): onFinishInput()
E/BrcmNfcJni( 1021): nfaConnectionCallback: unknown event ????
D/BrcmNfcJni( 1021): RoutingManager::nfaEeCallback: NFA_EE_SET_TECH_CFG_EVT; status=0x0
D/BrcmNfcJni( 1021): RoutingManager::nfaEeCallback: NFA_EE_SET_PROTO_CFG_EVT; status=0x0
D/BrcmNfcJni( 1021): RoutingManager::commitRouting
D/BrcmNfcJni( 1021): RoutingManager::nfaEeCallback: NFA_EE_UPDATED_EVT
D/audio_hw_primary(  190): disable_audio_route: reset and update mixer path: low-latency-playback
D/audio_hw_primary(  190): disable_snd_device: snd_device(2: speaker)
D/AndroidRuntime(17398): >>>>>> START com.android.internal.os.RuntimeInit uid 2000 <<<<<<
D/AndroidRuntime(17398): CheckJNI is OFF
D/AndroidRuntime(17398): Calling main entry com.android.commands.pm.Pm
I/ActivityManager(  593): Start proc 17417:com.android.defcontainer/u0a14 for service com.android.defcontainer/.DefaultContainerService
I/ActivityManager(  593): Start proc 17435:com.android.vending/u0a52 for broadcast com.android.vending/com.google.android.vending.verifier.PackageVerificationReceiver
D/Finsky  (17435): [1] FinskyApp.onCreate: Initializing network with DFE https://android.clients.google.com/fdfe/
D/Finsky  (17435): [1] DailyHygiene.goMakeHygieneIfDirty: Dirty, need more hygiene.
I/ActivityManager(  593): Start proc 17471:com.google.android.gms:car/u0a23 for service com.google.android.gms/.car.CarService
W/Settings(17435): Setting download_manager_max_bytes_over_mobile has moved from android.provider.Settings.Secure to android.provider.Settings.Global.
W/Settings(17435): Setting download_manager_recommended_max_bytes_over_mobile has moved from android.provider.Settings.Secure to android.provider.Settings.Global.
W/ResourcesManager(17471): Asset path '/system/framework/com.android.media.remotedisplay.jar' does not exist or contains no resources.
W/ResourcesManager(17471): Asset path '/system/framework/com.android.location.provider.jar' does not exist or contains no resources.
D/Finsky  (17435): [1] PackageVerificationReceiver.checkPrerequisites: Skipping verification because network inactive
I/ActivityManager(  593): Killing 15038:com.google.android.gm.exchange/u0a116 (adj 15): empty #17
D/DefContainer(17417): Copying /data/local/tmp/1438173199879 to base.apk
I/MultiDex(17471): VM with version 2.1.0 has multidex support
I/MultiDex(17471): install
I/MultiDex(17471): VM has multidex support, MultiDex support library is disabled.
D/Finsky  (17435): [1] 2.run: Loaded library for account: [6HPnk9nP2_rVD-hmECHpZKdjvLE]
D/Finsky  (17435): [1] 2.run: Finished loading 1 libraries.
D/Finsky  (17435): [1] PackageVerificationReceiver.checkPrerequisites: Skipping verification because network inactive
I/ProviderInstaller(17471): Insert disabled by gate 'gms:security:enable_conscrypt_in_gms_application'
D/GCM     (  988): GcmService start Intent { act=com.google.android.gms.INITIALIZE flg=0x10 pkg=com.google.android.gms cmp=com.google.android.gms/.gcm.GcmService } com.google.android.gms.INITIALIZE
D/Finsky  (17435): [1] GmsCoreHelper.cleanupNlp: result=false type=4
D/AuthorizationBluetoothService(  988): Received GmsCore event: Intent { act=com.google.android.gms.INITIALIZE flg=0x10 pkg=com.google.android.gms cmp=com.google.android.gms/.auth.be.proximity.authorization.bt.AuthorizationBluetoothService$AutoStarter }.
V/GmsCoreStatsServiceLauncher( 1366): Received broadcast intent Intent { act=com.google.android.gms.INITIALIZE flg=0x10 pkg=com.google.android.gms cmp=com.google.android.gms/.common.stats.GmsCoreStatsServiceLauncher }
D/Finsky  (17435): [1] RestoreTracker.stopServiceIfDone: Restore complete with 0 success and 0 failed.
D/PackageManager(  593): Renaming /data/app/vmdl612701674.tmp to /data/app/com.pushapp-2
I/ActivityManager(  593): Start proc 17505:com.google.android.gms.wearable/u0a23 for service com.google.android.gms/.wearable.service.WearableService
I/PackageManager(  593): Package com.pushapp codePath changed from /data/app/com.pushapp-1 to /data/app/com.pushapp-2; Retaining data and using new
I/ActivityManager(  593): Force stopping com.pushapp appid=10138 user=-1: uninstall pkg
I/PackageManager(  593): Running dexopt on: /data/app/com.pushapp-2/base.apk pkg=com.pushapp isa=arm vmSafeMode=false
D/LocationInitializer( 1366): Restart initialization of location
W/ResourcesManager(17505): Asset path '/system/framework/com.android.media.remotedisplay.jar' does not exist or contains no resources.
W/ResourcesManager(17505): Asset path '/system/framework/com.android.location.provider.jar' does not exist or contains no resources.
I/dex2oat (17523): /system/bin/dex2oat --zip-fd=6 --zip-location=/data/app/com.pushapp-2/base.apk --oat-fd=7 --oat-location=/data/dalvik-cache/arm/data@app@com.pushapp-2@base.apk@classes.dex --instruction-set=arm --instruction-set-features=div --runtime-arg -Xms64m --runtime-arg -Xmx512m --swap-fd=8
I/MultiDex(17505): VM with version 2.1.0 has multidex support
I/MultiDex(17505): install
I/MultiDex(17505): VM has multidex support, MultiDex support library is disabled.
I/ProviderInstaller(17505): Insert disabled by gate 'gms:security:enable_conscrypt_in_gms_application'
D/WearableService(17505): callingUid 10023, callindPid: 17505
E/MDM     ( 1441): [164] b.run: Couldn't connect to Google API client: ConnectionResult{statusCode=API_UNAVAILABLE, resolution=null}
I/dex2oat (17523): Decided to run without swap.
D/GCM     (  988): GcmService start Intent { act=com.google.android.gms.INITIALIZE flg=0x10 pkg=com.google.android.gms cmp=com.google.android.gms/.gcm.GcmService } com.google.android.gms.INITIALIZE
D/AuthorizationBluetoothService(  988): Received GmsCore event: Intent { act=com.google.android.gms.INITIALIZE flg=0x10 pkg=com.google.android.gms cmp=com.google.android.gms/.auth.be.proximity.authorization.bt.AuthorizationBluetoothService$AutoStarter }.
V/GmsCoreStatsServiceLauncher( 1366): Received broadcast intent Intent { act=com.google.android.gms.INITIALIZE flg=0x10 pkg=com.google.android.gms cmp=com.google.android.gms/.common.stats.GmsCoreStatsServiceLauncher }
V/Finsky  (17435): [1] GearheadStateMonitor.onReady: sIsProjecting:false
E/MDM     ( 1441): [146] b.run: Couldn't connect to Google API client: ConnectionResult{statusCode=API_UNAVAILABLE, resolution=null}
D/LocationInitializer( 1366): Restart initialization of location
D/Finsky  (17435): [1] DailyHygiene.onStartCommand: Beginning daily hygiene
V/GLSActivity(  988): AuthDelegateWrapperCreated with selected intent: Intent { cmp=com.google.android.gms/.auth.DefaultAuthDelegateService }
I/GLSUser (  988): [GLSUser] getTokenFromCache: [account: <ELLIDED:-11767>, callingPkg: com.android.vending, service: androidmarket]
V/GLSActivity(  988): AuthDelegateWrapperCreated with selected intent: Intent { cmp=com.google.android.gms/.auth.DefaultAuthDelegateService }
I/GLSUser (  988): [GLSUser] getTokenFromCache: [account: <ELLIDED:-11767>, callingPkg: com.android.vending, service: androidmarket]
W/Finsky  (17435): [1] LibraryUpdateListener.onErrorResponse: Library replication failed: com.android.volley.NoConnectionError: java.net.UnknownHostException: Unable to resolve host "android.clients.google.com": No address associated with hostname
V/GLSActivity(  988): AuthDelegateWrapperCreated with selected intent: Intent { cmp=com.google.android.gms/.auth.DefaultAuthDelegateService }
I/GLSUser (  988): [GLSUser] getTokenFromCache: [account: <ELLIDED:-11767>, callingPkg: com.android.vending, service: androidmarket]
W/Finsky  (17435): [1] 2.onErrorResponse: Update check failed: com.android.volley.NoConnectionError: java.net.UnknownHostException: Unable to resolve host "android.clients.google.com": No address associated with hostname
I/dex2oat (17523): dex2oat took 929.931ms (threads: 4) arena alloc=90KB java alloc=1245KB native alloc=3MB free=4MB
D/Finsky  (17435): [1] DailyHygiene.logDeviceFeaturesAndContinue: Logging device features
W/PackageManager(  593): Code path for pkg : com.pushapp changing from /data/app/com.pushapp-1 to /data/app/com.pushapp-2
W/PackageManager(  593): Resource path for pkg : com.pushapp changing from /data/app/com.pushapp-1 to /data/app/com.pushapp-2
I/ActivityManager(  593): Force stopping com.pushapp appid=10138 user=-1: update pkg
D/Finsky  (17435): [1] DailyHygiene.flushEventLogsAndContinue: Flushing event logs for [6HPnk9nP2_rVD-hmECHpZKdjvLE]
W/PackageManager(  593): Invalid verification token 11 received
I/ActivityManager(  593): Force stopping com.pushapp appid=10138 user=0: pkg removed
D/Finsky  (17435): [1] DailyHygiene.reschedule: Scheduling new run in 873 minutes (failures=5)
I/InputReader(  593): Reconfiguring input devices.  changes=0x00000010
I/art     (  753): Explicit concurrent mark sweep GC freed 23447(909KB) AllocSpace objects, 1(2025KB) LOS objects, 40% free, 15MB/25MB, paused 1.373ms total 47.760ms
I/art     ( 3517): Explicit concurrent mark sweep GC freed 68(2960B) AllocSpace objects, 1(36KB) LOS objects, 24% free, 7MB/9MB, paused 274us total 70.343ms
I/InputReader(  593): Reconfiguring input devices.  changes=0x00000010
I/art     (  593): Explicit concurrent mark sweep GC freed 47179(3MB) AllocSpace objects, 13(200KB) LOS objects, 33% free, 19MB/28MB, paused 2.777ms total 116.760ms
D/JobSchedulerService(  593): Receieved: android.intent.action.PACKAGE_REMOVED
D/BackupManagerService(  593): Received broadcast Intent { act=android.intent.action.PACKAGE_REMOVED dat=package:com.pushapp flg=0x4000010 (has extras) }
I/ActivityManager(  593): Start proc 17552:com.android.musicfx/u0a45 for broadcast com.android.musicfx/.Compatibility$Receiver
I/ActivityManager(  593): Killing 15012:com.google.android.gm/u0a22 (adj 15): empty #17
D/DeviceConnectionService( 1441): client connected with version: 7571000
D/BackupManagerService(  593): Received broadcast Intent { act=android.intent.action.PACKAGE_ADDED dat=package:com.pushapp flg=0x4000010 (has extras) }
I/InputReader(  593): Reconfiguring input devices.  changes=0x00000010
W/BackupManagerService(  593): Removing schedule queue dupe of com.pushapp
W/Settings(  593): Setting install_non_market_apps has moved from android.provider.Settings.Global to android.provider.Settings.Secure, returning read-only value.
I/ActivityManager(  593): Start proc 17573:com.android.keychain/1000 for broadcast com.android.keychain/.KeyChainBroadcastReceiver
I/ActivityManager(  593): Killing 15093:com.google.android.marvin.talkback/u0a69 (adj 15): empty #17
I/art     (  593): Explicit concurrent mark sweep GC freed 9794(475KB) AllocSpace objects, 0(0B) LOS objects, 33% free, 19MB/29MB, paused 1.831ms total 82.489ms
I/art     (17398): System.exit called, status: 0
I/AndroidRuntime(17398): VM exiting with result code 0.
W/ContextImpl(17573): Calling a method in the system process without a qualified user: android.app.ContextImpl.startService:1692 android.content.ContextWrapper.startService:516 android.content.ContextWrapper.startService:516 com.android.keychain.KeyChainBroadcastReceiver.onReceive:12 android.app.ActivityThread.handleReceiver:2609 
E/NetworkScheduler.SchedulerReceiver(  988): Invalid parameter app
E/NetworkScheduler.SchedulerReceiver(  988): Invalid package name : Perhaps you didn't include a PendingIntent in the extras?
D/ChimeraRcvrProxy( 1366): Creating receiver proxy ComponentInfo{com.google.android.gms/com.google.android.gms.games.chimera.GamesSystemBroadcastReceiverProxy}
D/ChimeraRcvrProxy( 1366): Proxying container receiver ComponentInfo{com.google.android.gms/com.google.android.gms.games.chimera.GamesSystemBroadcastReceiverProxy} to Chimera receiver impl com.google.android.gms.games.receiver.PlaySystemBroadcastReceiver
D/ChimeraCfgMgr( 1366): Loading module com.google.android.gms.games from APK com.google.android.play.games
D/ChimeraModuleLdr( 1366): Module APK com.google.android.play.games already loaded
D/PackageBroadcastService( 1366): Received broadcast action=android.intent.action.PACKAGE_REMOVED and uri=com.pushapp
W/ResourcesManager( 1077): Asset path '/system/framework/com.google.android.maps.jar' does not exist or contains no resources.
I/ConfigService(  988): onCreate
I/ConfigService(  988): onBind for Intent { act=com.google.android.gms.config.UPDATE pkg=com.google.android.gms } action com.google.android.gms.config.UPDATE
I/ConfigFetchService( 1366): onStartCommand Intent { act=android.intent.action.PACKAGE_REMOVED dat=package:com.pushapp cmp=com.google.android.gms/.config.ConfigFetchService (has extras) }
I/ConfigService(  988): onBind returning update interface
I/ConfigService(  988): onBind for Intent { act=com.google.android.gms.config.START pkg=com.google.android.gms } action com.google.android.gms.config.START
I/ConfigService(  988): onBind returning service broker
I/ActivityManager(  593): Start proc 17599:com.google.android.apps.docs/u0a17 for broadcast com.google.android.apps.docs/.receivers.AppPackageAddRemoveReceiver
D/AndroidRuntime(17591): >>>>>> START com.android.internal.os.RuntimeInit uid 2000 <<<<<<
D/AndroidRuntime(17591): CheckJNI is OFF
I/ActivityManager(  593): Killing 15133:com.android.providers.calendar/u0a8 (adj 15): empty #17
E/PhotosPlugin(17599): Loading PhotosPlugin
D/AndroidRuntime(17591): Calling main entry com.android.commands.pm.Pm
I/art     (17591): System.exit called, status: 0
I/AndroidRuntime(17591): VM exiting with result code 0.
D/AndroidRuntime(17636): >>>>>> START com.android.internal.os.RuntimeInit uid 2000 <<<<<<
D/AndroidRuntime(17638): >>>>>> START com.android.internal.os.RuntimeInit uid 2000 <<<<<<
D/AndroidRuntime(17636): CheckJNI is OFF
D/AndroidRuntime(17638): CheckJNI is OFF
D/AndroidRuntime(17638): Calling main entry com.android.commands.pm.Pm
D/AndroidRuntime(17636): Calling main entry com.android.commands.am.Am
I/ActivityManager(  593): START u0 {flg=0x10000000 cmp=com.pushapp/.MainActivity} from uid 2000 on display 0
V/WindowManager(  593): addAppToken: AppWindowToken{cf1c386 token=Token{262bcc61 ActivityRecord{207553c8 u0 com.pushapp/.MainActivity t46}}} to stack=1 task=46 at 0
D/AndroidRuntime(17636): Shutting down VM
V/WindowManager(  593): Adding window Window{1b89dde3 u0 Starting com.pushapp} at 3 of 8 (after Window{c263dc5 u0 com.android.launcher/com.android.launcher2.Launcher})
I/ActivityManager(  593): Start proc 17674:com.pushapp/u0a138 for activity com.pushapp/.MainActivity
I/art     (17674): Late-enabling -Xcheck:jni
I/GAv4    (17599): Google Analytics 7.5.71 is starting up. To enable debug logging on a device run:
I/GAv4    (17599):   adb shell setprop log.tag.GAv4 DEBUG
I/GAv4    (17599):   adb logcat -s GAv4
W/GAv4    (17599): AnalyticsReceiver is not registered or is disabled. Register the receiver for reliable dispatching on non-Google Play devices. See http://goo.gl/8Rd3yj for instructions.
W/GAv4    (17599): CampaignTrackingReceiver is not registered, not exported or is disabled. Installation campaign tracking is not possible. See http://goo.gl/8Rd3yj for instructions.
I/WebViewFactory(17674): Loading com.google.android.webview version 43.0.2357.121 (code 2357121)
I/art     (17638): System.exit called, status: 0
I/AndroidRuntime(17638): VM exiting with result code 0.
I/LibraryLoader(17674): Time to load native libraries: 1 ms (timestamps 869-870)
I/LibraryLoader(17674): Expected native library version number "",actual native library version number ""
W/GAv4    (17599): AnalyticsService not registered in the app manifest. Hits might not be delivered reliably. See http://goo.gl/8Rd3yj for instructions.
V/WebViewChromiumFactoryProvider(17674): Binding Chromium to main looper Looper (main, tid 1) {22a3aac}
I/LibraryLoader(17674): Expected native library version number "",actual native library version number ""
I/chromium(17674): [INFO:library_loader_hooks.cc(112)] Chromium logging enabled: level = 0, default verbosity = 0
I/BrowserStartupController(17674): Initializing chromium process, singleProcess=true
W/art     (17674): Attempt to remove local handle scope entry from IRT, ignoring
E/SysUtils(17674): ApplicationContext is null in ApplicationStatus
W/chromium(17674): [WARNING:dns_config_service_posix.cc(292)] Failed to read DnsConfig.
W/chromium(17674): [WARNING:resource_bundle.cc(286)] locale_file_path.empty()
I/chromium(17674): [INFO:aw_browser_main_parts.cc(63)] Load from apk succesful, fd=33 off=50572 len=3379
I/chromium(17674): [INFO:aw_browser_main_parts.cc(76)] Loading webviewchromium.pak from, fd:34 off:7638120 len:1165478
I/Adreno-EGL(17674): <qeglDrvAPI_eglInitialize:379>: QUALCOMM Build: 01/15/15, ab0075f, Id3510ff6dc
I/ActivityManager(  593): Start proc 17714:com.google.android.googlequicksearchbox:search/u0a60 for broadcast com.google.android.googlequicksearchbox/com.google.android.search.core.icingsync.IcingCorporaChangedReceiver
I/ActivityManager(  593): Killing 15175:com.android.sharedstoragebackup/u0a56 (adj 15): empty #17
W/AudioManagerAndroid(17674): Requires BLUETOOTH permission
V/GLSActivity(  988): AuthDelegateWrapperCreated with selected intent: Intent { cmp=com.google.android.gms/.auth.DefaultAuthDelegateService }
W/chromium(17674): [WARNING:data_reduction_proxy_config.cc(318)] SPDY proxy OFF at startup
W/art     (17674): Attempt to remove local handle scope entry from IRT, ignoring
W/AwContents(17674): onDetachedFromWindow called when already detached. Ignoring
D/SystemWebViewEngine(17674): CordovaWebView is running on device made by: asus
I/ActivityManager(  593): Start proc 17747:org.mozilla.firefox/u0a87 for broadcast org.mozilla.firefox/org.mozilla.gecko.webapp.UninstallListener
I/ActivityManager(  593): Killing 15192:com.google.android.googlequicksearchbox/u0a60 (adj 15): empty #17
I/art     (  202): Explicit concurrent mark sweep GC freed 709(30KB) AllocSpace objects, 0(0B) LOS objects, 40% free, 7MB/11MB, paused 396us total 21.575ms
I/art     (  202): Explicit concurrent mark sweep GC freed 5(160B) AllocSpace objects, 0(0B) LOS objects, 40% free, 7MB/11MB, paused 366us total 16.448ms
I/art     (  202): Explicit concurrent mark sweep GC freed 5(160B) AllocSpace objects, 0(0B) LOS objects, 40% free, 7MB/11MB, paused 244us total 14.892ms
W/art     (17674): Attempt to remove local handle scope entry from IRT, ignoring
W/art     (17674): Attempt to remove local handle scope entry from IRT, ignoring
D/OpenGLRenderer(17674): Use EGL_SWAP_BEHAVIOR_PRESERVED: true
D/Atlas   (17674): Validating map...
V/WindowManager(  593): Adding window Window{70c7227 u0 com.pushapp/com.pushapp.MainActivity} at 3 of 9 (before Window{1b89dde3 u0 Starting com.pushapp})
I/OpenGLRenderer(17674): Initialized EGL, version 1.4
D/OpenGLRenderer(17674): Enabling debug mode 0
F/Adjust  (17747): PRODUCTION: Adjust is running in Production mode. Use this setting only for the build that you want to publish. Set the environment to `sandbox` if you want to test your app!
I/GeckoWebappUninstallListener(17747): Package is being replaced; ignoring removal intent
I/ActivityManager(  593): Killing 15113:com.google.android.calendar/u0a7 (adj 15): empty #17
I/Keyboard.Facilitator(  905): onFinishInput()
W/BindingManager(17674): Cannot call determinedVisibility() - never saw a connection for the pid: 17674
I/chromium(17674): [INFO:CONSOLE(28)] "The key "target-densitydpi" is not supported.", source: file:///android_asset/www/index.html (28)
E/ActivityThread(17747): Failed to find provider info for com.facebook.katana.provider.AttributionIdProvider
I/ActivityManager(  593): Displayed com.pushapp/.MainActivity: +910ms
I/ActivityManager(  593): Start proc 17780:com.google.android.partnersetup/u0a28 for broadcast com.google.android.partnersetup/.RlzPingBroadcastReceiver
D/JsMessageQueue(17674): Set native->JS mode to OnlineEventsBridgeMode
W/ActivityThread(17747): ClassLoader.loadClass: The class loader returned by Thread.getContextClassLoader() may fail for processes that host multiple applications. You should explicitly specify a context class loader. For example: Thread.setContextClassLoader(getClass().getClassLoader());
D/GCM     (  988): GcmService start Intent { act=com.google.android.gms.gcm.PACKAGE_REPLACED cmp=com.google.android.gms/.gcm.GcmService (has extras) } com.google.android.gms.gcm.PACKAGE_REPLACED
D/PackageBroadcastService( 1366): Received broadcast action=android.intent.action.PACKAGE_ADDED and uri=com.pushapp
D/ChimeraRcvrProxy( 1366): Creating receiver proxy ComponentInfo{com.google.android.gms/com.google.android.gms.games.chimera.GamesSystemBroadcastReceiverProxy}
D/ChimeraRcvrProxy( 1366): Proxying container receiver ComponentInfo{com.google.android.gms/com.google.android.gms.games.chimera.GamesSystemBroadcastReceiverProxy} to Chimera receiver impl com.google.android.gms.games.receiver.PlaySystemBroadcastReceiver
D/ChimeraCfgMgr( 1366): Loading module com.google.android.gms.games from APK com.google.android.play.games
D/ChimeraModuleLdr( 1366): Module APK com.google.android.play.games already loaded
I/ConfigFetchService( 1366): onStartCommand Intent { act=android.intent.action.PACKAGE_ADDED dat=package:com.pushapp cmp=com.google.android.gms/.config.ConfigFetchService (has extras) }
I/ConfigFetchService( 1366): launchTask
D/ChimeraSrvcProxy( 1366): Creating service proxy ComponentInfo{com.google.android.gms/com.google.android.gms.games.chimera.GamesAsyncServiceProxy}
D/ChimeraSrvcProxy( 1366): Proxying container service ComponentInfo{com.google.android.gms/com.google.android.gms.games.chimera.GamesAsyncServiceProxy} to Chimera service impl com.google.android.gms.games.service.PlayGamesAsyncService
D/ChimeraCfgMgr( 1366): Loading module com.google.android.gms.games from APK com.google.android.play.games
D/ChimeraModuleLdr( 1366): Module APK com.google.android.play.games already loaded
I/ConfigFetchService( 1366): service connected
I/PeopleContactsSync( 1366): CP2 sync disabled
I/art     (  988): Explicit concurrent mark sweep GC freed 25514(1367KB) AllocSpace objects, 0(0B) LOS objects, 40% free, 10MB/17MB, paused 1.556ms total 35.003ms
D/ConfigFetchService( 1366): ConfigApi connection successful.
E/NetworkScheduler.SchedulerReceiver(  988): Invalid parameter app
E/NetworkScheduler.SchedulerReceiver(  988): Invalid package name : Perhaps you didn't include a PendingIntent in the extras?
D/PackageBroadcastService( 1366): Received broadcast action=android.intent.action.PACKAGE_REPLACED and uri=com.pushapp
I/ActivityManager(  593): Start proc 17819:com.google.android.apps.cloudprint/u0a97 for broadcast com.google.android.apps.cloudprint/.printdialog.receivers.UpgradeBroadcastReceiver
I/chromium(17674): [INFO:CONSOLE(23)] "No Content-Security-Policy meta tag found. Please add one when using the cordova-plugin-whitelist plugin.", source: file:///android_asset/www/plugins/cordova-plugin-whitelist/whitelist.js (23)
I/PeopleContactsSync( 1366): CP2 sync disabled
I/chromium(17674): [INFO:CONSOLE(117)] "Received Event: deviceready", source: file:///android_asset/www/js/index.js (117)
E/PluginManager(17674): Uncaught exception from plugin
E/PluginManager(17674): java.lang.NullPointerException: Attempt to invoke virtual method 'java.util.List android.hardware.SensorManager.getSensorList(int)' on a null object reference
E/PluginManager(17674): 	at com.example.plugin.Hello.poolAllSensors(Hello.java:35)
E/PluginManager(17674): 	at com.example.plugin.Hello.execute(Hello.java:24)
E/PluginManager(17674): 	at org.apache.cordova.CordovaPlugin.execute(CordovaPlugin.java:95)
E/PluginManager(17674): 	at org.apache.cordova.PluginManager.exec(PluginManager.java:130)
E/PluginManager(17674): 	at org.apache.cordova.CordovaBridge.jsExec(CordovaBridge.java:59)
E/PluginManager(17674): 	at org.apache.cordova.engine.SystemExposedJsApi.exec(SystemExposedJsApi.java:41)
E/PluginManager(17674): 	at org.chromium.base.SystemMessageHandler.nativeDoRunLoopOnce(Native Method)
E/PluginManager(17674): 	at org.chromium.base.SystemMessageHandler.handleMessage(SystemMessageHandler.java:53)
E/PluginManager(17674): 	at android.os.Handler.dispatchMessage(Handler.java:102)
E/PluginManager(17674): 	at android.os.Looper.loop(Looper.java:135)
E/PluginManager(17674): 	at android.os.HandlerThread.run(HandlerThread.java:61)
V/WindowManager(  593): not Base app: Adding window Window{30e8782a u0 com.pushapp/com.pushapp.MainActivity} at 4 of 9
I/ActivityManager(  593): Start proc 17841:com.google.android.apps.magazines/u0a40 for broadcast com.google.android.apps.magazines/com.google.apps.dots.android.app.receiver.FirstInstallNotificationReceiver
I/ActivityManager(  593): Killing 15484:si.ijs.opcomm.sensorapp/u0a126 (adj 15): empty #17
I/UpdateIcingCorporaServi(17714): Updating corpora: APPS=com.pushapp, CONTACTS=MAYBE
I/GAv4    (17841): Google Analytics 7.5.71 is starting up. To enable debug logging on a device run:
I/GAv4    (17841):   adb shell setprop log.tag.GAv4 DEBUG
I/GAv4    (17841):   adb logcat -s GAv4
W/GAv4    (17841): AnalyticsReceiver is not registered or is disabled. Register the receiver for reliable dispatching on non-Google Play devices. See http://goo.gl/8Rd3yj for instructions.
W/GAv4    (17841): CampaignTrackingReceiver is not registered, not exported or is disabled. Installation campaign tracking is not possible. See http://goo.gl/8Rd3yj for instructions.
W/GAv4    (17841): AnalyticsService not registered in the app manifest. Hits might not be delivered reliably. See http://goo.gl/8Rd3yj for instructions.
