W/Sensors ( 5020): sns_smr_la.c(446):smr_la: smr_apps_la_thread_main is starting, fd=11, sns_smr.en_rx_msg_ptr=b6f729d0
W/Sensors ( 5020): sns_sam_app.c(6827):sns_sam_reg_algo: Registering algo service 16, err 0
E/Sensors ( 5020): sns_debug_main.c(565):Debug Config File missing in EFS!
I/chromium( 3841): [INFO:CONSOLE(25)] "No Content-Security-Policy meta tag found. Please add one when using the cordova-plugin-whitelist plugin.", source: file:///android_asset/www/plugins/cordova-plugin-whitelist/whitelist.js (25)
I/chromium( 3841): [INFO:CONSOLE(25)] "No Content-Security-Policy meta tag found. Please add one when using the cordova-plugin-whitelist plugin.", source: file:///android_asset/www/plugins/cordova-plugin-whitelist/whitelist.js (25)
I/PowerManagerService(  602): Going to sleep due to power button (uid 1000)...
I/PowerManagerService(  602): Sleeping (uid 1000)...
I/Adreno-EGL(  602): <qeglDrvAPI_eglInitialize:379>: QUALCOMM Build: 01/15/15, ab0075f, Id3510ff6dc
D/audio_hw_primary(  192): adev_set_parameters: enter: screen_state=on
E/WifiStateMachine(  602): cancelDelayedScan -> 3
D/PermissionCache(  186): checking android.permission.READ_FRAME_BUFFER for uid=1000 => granted (183 us)
I/art     (  602): Explicit concurrent mark sweep GC freed 24474(1318KB) AllocSpace objects, 0(0B) LOS objects, 33% free, 19MB/28MB, paused 1.739ms total 179.107ms
D/PhoneStatusBar(  746): disable: < expand ICONS* alerts SYSTEM_INFO* back home recent clock search >
D/BluetoothAdapter(  746): 222409780: getState() :  mService = null. Returning STATE_OFF
D/BluetoothAdapter(  746): 222409780: getState() :  mService = null. Returning STATE_OFF
D/WifiService(  602): acquireWifiLockLocked: WifiLock{NlpWifiLock type=2 binder=android.os.BinderProxy@2eaf65b1}
D/BluetoothAdapter(  746): 222409780: getState() :  mService = null. Returning STATE_OFF
D/BluetoothAdapter(  746): 222409780: getState() :  mService = null. Returning STATE_OFF
D/BrcmNfcJni(  977): RoutingManager::nfaEeCallback: NFA_EE_SET_TECH_CFG_EVT; status=0x0
D/BrcmNfcJni(  977): RoutingManager::nfaEeCallback: NFA_EE_SET_PROTO_CFG_EVT; status=0x0
D/BrcmNfcJni(  977): RoutingManager::commitRouting
D/BrcmNfcJni(  977): RoutingManager::nfaEeCallback: NFA_EE_UPDATED_EVT
D/audio_hw_primary(  192): select_devices: out_snd_device(2: speaker) in_snd_device(0: none)
D/ACDB-LOADER(  192): ACDB -> send_afe_cal
D/audio_hw_primary(  192): enable_snd_device: snd_device(2: speaker)
D/audio_hw_primary(  192): enable_audio_route: apply and update mixer path: low-latency-playback
D/PhoneStatusBar(  746): disable: < expand ICONS alerts SYSTEM_INFO back HOME* RECENT* clock SEARCH* >
E/WifiStateMachine(  602): cancelDelayedScan -> 4
D/audio_hw_primary(  192): adev_set_parameters: enter: screen_state=off
W/qcom_sensors_hal(  602): hal_acquire_resources, no active sensors!
D/SurfaceFlinger(  186): Set power mode=0, type=0 flinger=0xb6082000
I/DisplayManagerService(  602): Display device changed: DisplayDeviceInfo{"Built-in Screen": uniqueId="local:0", 1200 x 1920, 60.0 fps, supportedRefreshRates [60.0], density 320, 320.842 x 322.966 dpi, appVsyncOff 0, presDeadline 17666667, touch INTERNAL, rotation 0, type BUILT_IN, state OFF, FLAG_DEFAULT_DISPLAY, FLAG_ROTATES_WITH_CONTENT, FLAG_SECURE, FLAG_SUPPORTS_PROTECTED_BUFFERS}
V/ActivityManager(  602): Display changed displayId=0
E/WifiConfigStore(  602):  rewrite network history for "E6_WiFi1"WPA_PSK
E/WifiConfigStore(  602):  rewrite network history for "guest"WPA_PSK
D/WifiService(  602): releaseWifiLockLocked: WifiLock{NlpWifiLock type=2 binder=android.os.BinderProxy@2eaf65b1}
D/SurfaceControl(  602): Excessive delay in setPowerMode(): 292ms
E/ANDR-PERF-LOCK(  202): Failed to apply optimization for resource: 4 level: 0
D/audio_hw_primary(  192): disable_audio_route: reset and update mixer path: low-latency-playback
D/audio_hw_primary(  192): disable_snd_device: snd_device(2: speaker)
I/chromium( 3841): [INFO:CONSOLE(25)] "No Content-Security-Policy meta tag found. Please add one when using the cordova-plugin-whitelist plugin.", source: file:///android_asset/www/plugins/cordova-plugin-whitelist/whitelist.js (25)
I/chromium( 3841): [INFO:CONSOLE(25)] "No Content-Security-Policy meta tag found. Please add one when using the cordova-plugin-whitelist plugin.", source: file:///android_asset/www/plugins/cordova-plugin-whitelist/whitelist.js (25)
I/chromium( 3841): [INFO:CONSOLE(25)] "No Content-Security-Policy meta tag found. Please add one when using the cordova-plugin-whitelist plugin.", source: file:///android_asset/www/plugins/cordova-plugin-whitelist/whitelist.js (25)
I/chromium( 3841): [INFO:CONSOLE(25)] "No Content-Security-Policy meta tag found. Please add one when using the cordova-plugin-whitelist plugin.", source: file:///android_asset/www/plugins/cordova-plugin-whitelist/whitelist.js (25)
I/chromium( 3841): [INFO:CONSOLE(25)] "No Content-Security-Policy meta tag found. Please add one when using the cordova-plugin-whitelist plugin.", source: file:///android_asset/www/plugins/cordova-plugin-whitelist/whitelist.js (25)
I/chromium( 3841): [INFO:CONSOLE(25)] "No Content-Security-Policy meta tag found. Please add one when using the cordova-plugin-whitelist plugin.", source: file:///android_asset/www/plugins/cordova-plugin-whitelist/whitelist.js (25)
I/chromium( 3841): [INFO:CONSOLE(25)] "No Content-Security-Policy meta tag found. Please add one when using the cordova-plugin-whitelist plugin.", source: file:///android_asset/www/plugins/cordova-plugin-whitelist/whitelist.js (25)
I/chromium( 3841): [INFO:CONSOLE(25)] "No Content-Security-Policy meta tag found. Please add one when using the cordova-plugin-whitelist plugin.", source: file:///android_asset/www/plugins/cordova-plugin-whitelist/whitelist.js (25)
I/chromium( 3841): [INFO:CONSOLE(25)] "No Content-Security-Policy meta tag found. Please add one when using the cordova-plugin-whitelist plugin.", source: file:///android_asset/www/plugins/cordova-plugin-whitelist/whitelist.js (25)
E/        (  189): invalid crash request of size 4 (from pid=5020 uid=0)
E/Diag_Lib( 5188):  Diag_LSM_Init: Failed to open handle to diag driver, error = 2
E/Sensors ( 5188): sns_fsa_la.c(386):fsa: fflush failed, 9
E/Sensors ( 5188): sns_fsa_la.c(386):fsa: fflush failed, 9
W/Sensors ( 5188): sns_smr_la.c(446):smr_la: smr_apps_la_thread_main is starting, fd=11, sns_smr.en_rx_msg_ptr=b6f5b9d0
W/Sensors ( 5188): sns_sam_app.c(6827):sns_sam_reg_algo: Registering algo service 16, err 0
E/Sensors ( 5188): sns_debug_main.c(565):Debug Config File missing in EFS!
I/chromium( 3841): [INFO:CONSOLE(25)] "No Content-Security-Policy meta tag found. Please add one when using the cordova-plugin-whitelist plugin.", source: file:///android_asset/www/plugins/cordova-plugin-whitelist/whitelist.js (25)
I/chromium( 3841): [INFO:CONSOLE(25)] "No Content-Security-Policy meta tag found. Please add one when using the cordova-plugin-whitelist plugin.", source: file:///android_asset/www/plugins/cordova-plugin-whitelist/whitelist.js (25)
I/chromium( 3841): [INFO:CONSOLE(25)] "No Content-Security-Policy meta tag found. Please add one when using the cordova-plugin-whitelist plugin.", source: file:///android_asset/www/plugins/cordova-plugin-whitelist/whitelist.js (25)
I/chromium( 3841): [INFO:CONSOLE(25)] "No Content-Security-Policy meta tag found. Please add one when using the cordova-plugin-whitelist plugin.", source: file:///android_asset/www/plugins/cordova-plugin-whitelist/whitelist.js (25)
I/chromium( 3841): [INFO:CONSOLE(25)] "No Content-Security-Policy meta tag found. Please add one when using the cordova-plugin-whitelist plugin.", source: file:///android_asset/www/plugins/cordova-plugin-whitelist/whitelist.js (25)
I/chromium( 3841): [INFO:CONSOLE(25)] "No Content-Security-Policy meta tag found. Please add one when using the cordova-plugin-whitelist plugin.", source: file:///android_asset/www/plugins/cordova-plugin-whitelist/whitelist.js (25)
I/chromium( 3841): [INFO:CONSOLE(25)] "No Content-Security-Policy meta tag found. Please add one when using the cordova-plugin-whitelist plugin.", source: file:///android_asset/www/plugins/cordova-plugin-whitelist/whitelist.js (25)
I/chromium( 3841): [INFO:CONSOLE(25)] "No Content-Security-Policy meta tag found. Please add one when using the cordova-plugin-whitelist plugin.", source: file:///android_asset/www/plugins/cordova-plugin-whitelist/whitelist.js (25)
I/chromium( 3841): [INFO:CONSOLE(25)] "No Content-Security-Policy meta tag found. Please add one when using the cordova-plugin-whitelist plugin.", source: file:///android_asset/www/plugins/cordova-plugin-whitelist/whitelist.js (25)
V/GoogleAuthProtoRequest( 4176): [450] a.<init>: mAccountName set to: sensorlab.mobile@gmail.com
I/GLSUser ( 1088): [GLSUser] getTokenFromCache: [account: <ELLIDED:-11767>, callingPkg: com.google.android.apps.gcs, service: oauth2:https://www.googleapis.com/auth/nova]
I/Auth.Core( 1088): [TokenCache] Missing snowballing token: no granted scopes set.
I/GLSUser ( 1088): [GLSUser] getTokenFromGoogle [account: <ELLIDED:-11767>, callingPkg: com.google.android.apps.gcs, service: oauth2:https://www.googleapis.com/auth/nova
I/GLSUser ( 1088): [GLSUser] IOException in getAuthtoken(<ELLIDED:-11767>, oauth2:https://www.googleapis.com/auth/nova) -> exception: Unable to resolve host "android.clients.google.com": No address associated with hostname)
I/GLSUser ( 1088): [GLSUser] getAuthtoken(<ELLIDED:-11767>, oauth2:https://www.googleapis.com/auth/nova) -> status: NETWORK_ERROR)
I/GLSUser ( 1088): [GLSUser] Extracting token using key: Auth
W/GLSActivity( 1088): gms.StatusHelper Status from wire: NetworkError status: NETWORK_ERROR
W/ExperimentUpdateService( 4176): [450] ExperimentUpdateService.a: Error executing an experiment update request.  Rescheduling.
W/ExperimentUpdateService( 4176): [450] ExperimentUpdateService.a: java.util.concurrent.ExecutionException: com.a.a.a: NetworkError
W/ExperimentUpdateService( 4176): java.util.concurrent.ExecutionException: com.a.a.a: NetworkError
W/ExperimentUpdateService( 4176): 	at com.a.a.a.k.a(SourceFile:117)
W/ExperimentUpdateService( 4176): 	at com.a.a.a.k.get(SourceFile:97)
W/ExperimentUpdateService( 4176): 	at com.google.android.flib.nova.experiment.ExperimentUpdateService.a(SourceFile:64)
W/ExperimentUpdateService( 4176): 	at com.google.android.gms.gcm.c.run(Unknown Source)
W/ExperimentUpdateService( 4176): Caused by: com.a.a.a: NetworkError
W/ExperimentUpdateService( 4176): 	at com.google.android.flib.a.a.a(SourceFile:170)
W/ExperimentUpdateService( 4176): 	at com.a.a.a.g.a(SourceFile:79)
W/ExperimentUpdateService( 4176): 	at com.a.a.a.a.a(SourceFile:93)
W/ExperimentUpdateService( 4176): 	at com.a.a.k.run(SourceFile:110)
W/ExperimentUpdateService( 4176): Caused by: java.io.IOException: NetworkError
W/ExperimentUpdateService( 4176): 	at com.google.android.gms.auth.e.a(Unknown Source)
W/ExperimentUpdateService( 4176): 	at com.google.android.gms.auth.e.a(Unknown Source)
W/ExperimentUpdateService( 4176): 	at com.google.android.flib.a.a.a(SourceFile:162)
W/ExperimentUpdateService( 4176): 	... 3 more
D/ServerDispatchService( 4769): Starting dispatch service...
I/ServerDispatchService( 4769): onStartCommand
I/ServerDispatchService( 4769): Dispatching data to server!
W/ServerDispatchService( 4769): Cannot dispatch -> Conn type selected to any but no connection available
D/ServerDispatchService( 4769): Releasing wakelock...
D/ServerDispatchService( 4769): Stopping dispatch service...
D/ServerDispatchService( 4795): Starting dispatch service...
I/ServerDispatchService( 4795): onStartCommand
I/ServerDispatchService( 4795): Dispatching data to server!
W/ServerDispatchService( 4795): Cannot dispatch -> Conn type selected to any but no connection available
D/ServerDispatchService( 4795): Releasing wakelock...
D/ServerDispatchService( 4795): Stopping dispatch service...
I/chromium( 3841): [INFO:CONSOLE(25)] "No Content-Security-Policy meta tag found. Please add one when using the cordova-plugin-whitelist plugin.", source: file:///android_asset/www/plugins/cordova-plugin-whitelist/whitelist.js (25)
I/chromium( 3841): [INFO:CONSOLE(25)] "No Content-Security-Policy meta tag found. Please add one when using the cordova-plugin-whitelist plugin.", source: file:///android_asset/www/plugins/cordova-plugin-whitelist/whitelist.js (25)
E/        (  189): invalid crash request of size 4 (from pid=5188 uid=0)
E/Diag_Lib( 5331):  Diag_LSM_Init: Failed to open handle to diag driver, error = 2
E/Sensors ( 5331): sns_fsa_la.c(386):fsa: fflush failed, 9
E/Sensors ( 5331): sns_fsa_la.c(386):fsa: fflush failed, 9
W/Sensors ( 5331): sns_smr_la.c(446):smr_la: smr_apps_la_thread_main is starting, fd=11, sns_smr.en_rx_msg_ptr=b6f1e9d0
W/Sensors ( 5331): sns_sam_app.c(6827):sns_sam_reg_algo: Registering algo service 16, err 0
E/Sensors ( 5331): sns_debug_main.c(565):Debug Config File missing in EFS!
V/GLSActivity( 1088): AuthDelegateWrapperCreated with selected intent: Intent { cmp=com.google.android.gms/.auth.DefaultAuthDelegateService }
I/GLSUser ( 1088): [GLSUser] getTokenFromCache: [account: <ELLIDED:-11767>, callingPkg: com.android.vending, service: androidmarket]
W/System  ( 3457): Ignoring header User-Agent because its value was null.
I/chromium( 3841): [INFO:CONSOLE(25)] "No Content-Security-Policy meta tag found. Please add one when using the cordova-plugin-whitelist plugin.", source: file:///android_asset/www/plugins/cordova-plugin-whitelist/whitelist.js (25)
I/chromium( 3841): [INFO:CONSOLE(25)] "No Content-Security-Policy meta tag found. Please add one when using the cordova-plugin-whitelist plugin.", source: file:///android_asset/www/plugins/cordova-plugin-whitelist/whitelist.js (25)
I/chromium( 3841): [INFO:CONSOLE(25)] "No Content-Security-Policy meta tag found. Please add one when using the cordova-plugin-whitelist plugin.", source: file:///android_asset/www/plugins/cordova-plugin-whitelist/whitelist.js (25)
I/chromium( 3841): [INFO:CONSOLE(25)] "No Content-Security-Policy meta tag found. Please add one when using the cordova-plugin-whitelist plugin.", source: file:///android_asset/www/plugins/cordova-plugin-whitelist/whitelist.js (25)
I/chromium( 3841): [INFO:CONSOLE(25)] "No Content-Security-Policy meta tag found. Please add one when using the cordova-plugin-whitelist plugin.", source: file:///android_asset/www/plugins/cordova-plugin-whitelist/whitelist.js (25)
I/chromium( 3841): [INFO:CONSOLE(25)] "No Content-Security-Policy meta tag found. Please add one when using the cordova-plugin-whitelist plugin.", source: file:///android_asset/www/plugins/cordova-plugin-whitelist/whitelist.js (25)
I/chromium( 3841): [INFO:CONSOLE(25)] "No Content-Security-Policy meta tag found. Please add one when using the cordova-plugin-whitelist plugin.", source: file:///android_asset/www/plugins/cordova-plugin-whitelist/whitelist.js (25)
I/chromium( 3841): [INFO:CONSOLE(25)] "No Content-Security-Policy meta tag found. Please add one when using the cordova-plugin-whitelist plugin.", source: file:///android_asset/www/plugins/cordova-plugin-whitelist/whitelist.js (25)
I/chromium( 3841): [INFO:CONSOLE(25)] "No Content-Security-Policy meta tag found. Please add one when using the cordova-plugin-whitelist plugin.", source: file:///android_asset/www/plugins/cordova-plugin-whitelist/whitelist.js (25)
I/chromium( 3841): [INFO:CONSOLE(25)] "No Content-Security-Policy meta tag found. Please add one when using the cordova-plugin-whitelist plugin.", source: file:///android_asset/www/plugins/cordova-plugin-whitelist/whitelist.js (25)
I/chromium( 3841): [INFO:CONSOLE(25)] "No Content-Security-Policy meta tag found. Please add one when using the cordova-plugin-whitelist plugin.", source: file:///android_asset/www/plugins/cordova-plugin-whitelist/whitelist.js (25)
E/        (  189): invalid crash request of size 4 (from pid=5331 uid=0)
E/Diag_Lib( 5455):  Diag_LSM_Init: Failed to open handle to diag driver, error = 2
E/Sensors ( 5455): sns_fsa_la.c(386):fsa: fflush failed, 9
E/Sensors ( 5455): sns_fsa_la.c(386):fsa: fflush failed, 9
W/Sensors ( 5455): sns_smr_la.c(446):smr_la: smr_apps_la_thread_main is starting, fd=11, sns_smr.en_rx_msg_ptr=b6fd99d0
W/Sensors ( 5455): sns_sam_app.c(6827):sns_sam_reg_algo: Registering algo service 16, err 0
E/Sensors ( 5455): sns_debug_main.c(565):Debug Config File missing in EFS!
I/chromium( 3841): [INFO:CONSOLE(25)] "No Content-Security-Policy meta tag found. Please add one when using the cordova-plugin-whitelist plugin.", source: file:///android_asset/www/plugins/cordova-plugin-whitelist/whitelist.js (25)
I/chromium( 3841): [INFO:CONSOLE(25)] "No Content-Security-Policy meta tag found. Please add one when using the cordova-plugin-whitelist plugin.", source: file:///android_asset/www/plugins/cordova-plugin-whitelist/whitelist.js (25)
I/chromium( 3841): [INFO:CONSOLE(25)] "No Content-Security-Policy meta tag found. Please add one when using the cordova-plugin-whitelist plugin.", source: file:///android_asset/www/plugins/cordova-plugin-whitelist/whitelist.js (25)
D/WifiService(  602): acquireWifiLockLocked: WifiLock{NlpWifiLock type=2 binder=android.os.BinderProxy@2eaf65b1}
I/ActivityManager(  602): Start proc 5507:android.process.media/u0a16 for content provider com.android.providers.media/.MediaProvider
D/WifiService(  602): releaseWifiLockLocked: WifiLock{NlpWifiLock type=2 binder=android.os.BinderProxy@2eaf65b1}
E/SQLiteLog( 5507): (283) recovered 65 frames from WAL file /data/user/0/com.android.providers.media/databases/external.db-wal
I/ActivityManager(  602): Killing 3799:com.google.android.apps.docs/u0a17 (adj 15): empty #17
W/ProcessCpuTracker(  602): Skipping unknown process pid 5538
I/chromium( 3841): [INFO:CONSOLE(25)] "No Content-Security-Policy meta tag found. Please add one when using the cordova-plugin-whitelist plugin.", source: file:///android_asset/www/plugins/cordova-plugin-whitelist/whitelist.js (25)
I/chromium( 3841): [INFO:CONSOLE(25)] "No Content-Security-Policy meta tag found. Please add one when using the cordova-plugin-whitelist plugin.", source: file:///android_asset/www/plugins/cordova-plugin-whitelist/whitelist.js (25)
I/chromium( 3841): [INFO:CONSOLE(25)] "No Content-Security-Policy meta tag found. Please add one when using the cordova-plugin-whitelist plugin.", source: file:///android_asset/www/plugins/cordova-plugin-whitelist/whitelist.js (25)
I/chromium( 3841): [INFO:CONSOLE(25)] "No Content-Security-Policy meta tag found. Please add one when using the cordova-plugin-whitelist plugin.", source: file:///android_asset/www/plugins/cordova-plugin-whitelist/whitelist.js (25)
I/chromium( 3841): [INFO:CONSOLE(25)] "No Content-Security-Policy meta tag found. Please add one when using the cordova-plugin-whitelist plugin.", source: file:///android_asset/www/plugins/cordova-plugin-whitelist/whitelist.js (25)
I/chromium( 3841): [INFO:CONSOLE(25)] "No Content-Security-Policy meta tag found. Please add one when using the cordova-plugin-whitelist plugin.", source: file:///android_asset/www/plugins/cordova-plugin-whitelist/whitelist.js (25)
I/chromium( 3841): [INFO:CONSOLE(25)] "No Content-Security-Policy meta tag found. Please add one when using the cordova-plugin-whitelist plugin.", source: file:///android_asset/www/plugins/cordova-plugin-whitelist/whitelist.js (25)
I/chromium( 3841): [INFO:CONSOLE(25)] "No Content-Security-Policy meta tag found. Please add one when using the cordova-plugin-whitelist plugin.", source: file:///android_asset/www/plugins/cordova-plugin-whitelist/whitelist.js (25)
I/chromium( 3841): [INFO:CONSOLE(25)] "No Content-Security-Policy meta tag found. Please add one when using the cordova-plugin-whitelist plugin.", source: file:///android_asset/www/plugins/cordova-plugin-whitelist/whitelist.js (25)
E/        (  189): invalid crash request of size 4 (from pid=5455 uid=0)
E/Diag_Lib( 5631):  Diag_LSM_Init: Failed to open handle to diag driver, error = 2
E/Sensors ( 5631): sns_fsa_la.c(386):fsa: fflush failed, 9
E/Sensors ( 5631): sns_fsa_la.c(386):fsa: fflush failed, 9
W/Sensors ( 5631): sns_smr_la.c(446):smr_la: smr_apps_la_thread_main is starting, fd=11, sns_smr.en_rx_msg_ptr=b6ff99d0
W/Sensors ( 5631): sns_sam_app.c(6827):sns_sam_reg_algo: Registering algo service 16, err 0
E/Sensors ( 5631): sns_debug_main.c(565):Debug Config File missing in EFS!
I/chromium( 3841): [INFO:CONSOLE(25)] "No Content-Security-Policy meta tag found. Please add one when using the cordova-plugin-whitelist plugin.", source: file:///android_asset/www/plugins/cordova-plugin-whitelist/whitelist.js (25)
I/chromium( 3841): [INFO:CONSOLE(25)] "No Content-Security-Policy meta tag found. Please add one when using the cordova-plugin-whitelist plugin.", source: file:///android_asset/www/plugins/cordova-plugin-whitelist/whitelist.js (25)
I/chromium( 3841): [INFO:CONSOLE(25)] "No Content-Security-Policy meta tag found. Please add one when using the cordova-plugin-whitelist plugin.", source: file:///android_asset/www/plugins/cordova-plugin-whitelist/whitelist.js (25)
I/chromium( 3841): [INFO:CONSOLE(25)] "No Content-Security-Policy meta tag found. Please add one when using the cordova-plugin-whitelist plugin.", source: file:///android_asset/www/plugins/cordova-plugin-whitelist/whitelist.js (25)
I/chromium( 3841): [INFO:CONSOLE(25)] "No Content-Security-Policy meta tag found. Please add one when using the cordova-plugin-whitelist plugin.", source: file:///android_asset/www/plugins/cordova-plugin-whitelist/whitelist.js (25)
D/ServerDispatchService( 4769): Starting dispatch service...
I/ServerDispatchService( 4769): onStartCommand
I/ServerDispatchService( 4769): Dispatching data to server!
W/ServerDispatchService( 4769): Cannot dispatch -> Conn type selected to any but no connection available
D/ServerDispatchService( 4769): Releasing wakelock...
D/ServerDispatchService( 4769): Stopping dispatch service...
D/ServerDispatchService( 4795): Starting dispatch service...
I/ServerDispatchService( 4795): onStartCommand
I/ServerDispatchService( 4795): Dispatching data to server!
W/ServerDispatchService( 4795): Cannot dispatch -> Conn type selected to any but no connection available
D/ServerDispatchService( 4795): Releasing wakelock...
D/ServerDispatchService( 4795): Stopping dispatch service...
I/chromium( 3841): [INFO:CONSOLE(25)] "No Content-Security-Policy meta tag found. Please add one when using the cordova-plugin-whitelist plugin.", source: file:///android_asset/www/plugins/cordova-plugin-whitelist/whitelist.js (25)
I/chromium( 3841): [INFO:CONSOLE(25)] "No Content-Security-Policy meta tag found. Please add one when using the cordova-plugin-whitelist plugin.", source: file:///android_asset/www/plugins/cordova-plugin-whitelist/whitelist.js (25)
V/GLSActivity( 1088): AuthDelegateWrapperCreated with selected intent: Intent { cmp=com.google.android.gms/.auth.DefaultAuthDelegateService }
I/chromium( 3841): [INFO:CONSOLE(25)] "No Content-Security-Policy meta tag found. Please add one when using the cordova-plugin-whitelist plugin.", source: file:///android_asset/www/plugins/cordova-plugin-whitelist/whitelist.js (25)
I/GLSUser ( 1088): [GLSUser] getTokenFromCache: [account: <ELLIDED:-11767>, callingPkg: com.android.vending, service: androidmarket]
W/System  ( 3457): Ignoring header User-Agent because its value was null.
I/chromium( 3841): [INFO:CONSOLE(25)] "No Content-Security-Policy meta tag found. Please add one when using the cordova-plugin-whitelist plugin.", source: file:///android_asset/www/plugins/cordova-plugin-whitelist/whitelist.js (25)
I/chromium( 3841): [INFO:CONSOLE(25)] "No Content-Security-Policy meta tag found. Please add one when using the cordova-plugin-whitelist plugin.", source: file:///android_asset/www/plugins/cordova-plugin-whitelist/whitelist.js (25)
I/chromium( 3841): [INFO:CONSOLE(25)] "No Content-Security-Policy meta tag found. Please add one when using the cordova-plugin-whitelist plugin.", source: file:///android_asset/www/plugins/cordova-plugin-whitelist/whitelist.js (25)
E/        (  189): invalid crash request of size 4 (from pid=5631 uid=0)
E/Diag_Lib( 5763):  Diag_LSM_Init: Failed to open handle to diag driver, error = 2
E/Sensors ( 5763): sns_fsa_la.c(386):fsa: fflush failed, 9
E/Sensors ( 5763): sns_fsa_la.c(386):fsa: fflush failed, 9
W/Sensors ( 5763): sns_smr_la.c(446):smr_la: smr_apps_la_thread_main is starting, fd=11, sns_smr.en_rx_msg_ptr=b6f9c9d0
W/Sensors ( 5763): sns_sam_app.c(6827):sns_sam_reg_algo: Registering algo service 16, err 0
E/Sensors ( 5763): sns_debug_main.c(565):Debug Config File missing in EFS!
I/chromium( 3841): [INFO:CONSOLE(25)] "No Content-Security-Policy meta tag found. Please add one when using the cordova-plugin-whitelist plugin.", source: file:///android_asset/www/plugins/cordova-plugin-whitelist/whitelist.js (25)
I/chromium( 3841): [INFO:CONSOLE(25)] "No Content-Security-Policy meta tag found. Please add one when using the cordova-plugin-whitelist plugin.", source: file:///android_asset/www/plugins/cordova-plugin-whitelist/whitelist.js (25)
I/chromium( 3841): [INFO:CONSOLE(25)] "No Content-Security-Policy meta tag found. Please add one when using the cordova-plugin-whitelist plugin.", source: file:///android_asset/www/plugins/cordova-plugin-whitelist/whitelist.js (25)
I/chromium( 3841): [INFO:CONSOLE(25)] "No Content-Security-Policy meta tag found. Please add one when using the cordova-plugin-whitelist plugin.", source: file:///android_asset/www/plugins/cordova-plugin-whitelist/whitelist.js (25)
I/chromium( 3841): [INFO:CONSOLE(25)] "No Content-Security-Policy meta tag found. Please add one when using the cordova-plugin-whitelist plugin.", source: file:///android_asset/www/plugins/cordova-plugin-whitelist/whitelist.js (25)
I/chromium( 3841): [INFO:CONSOLE(25)] "No Content-Security-Policy meta tag found. Please add one when using the cordova-plugin-whitelist plugin.", source: file:///android_asset/www/plugins/cordova-plugin-whitelist/whitelist.js (25)
I/chromium( 3841): [INFO:CONSOLE(25)] "No Content-Security-Policy meta tag found. Please add one when using the cordova-plugin-whitelist plugin.", source: file:///android_asset/www/plugins/cordova-plugin-whitelist/whitelist.js (25)
I/chromium( 3841): [INFO:CONSOLE(25)] "No Content-Security-Policy meta tag found. Please add one when using the cordova-plugin-whitelist plugin.", source: file:///android_asset/www/plugins/cordova-plugin-whitelist/whitelist.js (25)
I/chromium( 3841): [INFO:CONSOLE(25)] "No Content-Security-Policy meta tag found. Please add one when using the cordova-plugin-whitelist plugin.", source: file:///android_asset/www/plugins/cordova-plugin-whitelist/whitelist.js (25)
I/chromium( 3841): [INFO:CONSOLE(25)] "No Content-Security-Policy meta tag found. Please add one when using the cordova-plugin-whitelist plugin.", source: file:///android_asset/www/plugins/cordova-plugin-whitelist/whitelist.js (25)
I/chromium( 3841): [INFO:CONSOLE(25)] "No Content-Security-Policy meta tag found. Please add one when using the cordova-plugin-whitelist plugin.", source: file:///android_asset/www/plugins/cordova-plugin-whitelist/whitelist.js (25)
E/        (  189): invalid crash request of size 4 (from pid=5763 uid=0)
E/Diag_Lib( 5907):  Diag_LSM_Init: Failed to open handle to diag driver, error = 2
E/Sensors ( 5907): sns_fsa_la.c(386):fsa: fflush failed, 9
E/Sensors ( 5907): sns_fsa_la.c(386):fsa: fflush failed, 9
W/Sensors ( 5907): sns_smr_la.c(446):smr_la: smr_apps_la_thread_main is starting, fd=11, sns_smr.en_rx_msg_ptr=b6f299d0
W/Sensors ( 5907): sns_sam_app.c(6827):sns_sam_reg_algo: Registering algo service 16, err 0
E/Sensors ( 5907): sns_debug_main.c(565):Debug Config File missing in EFS!
I/chromium( 3841): [INFO:CONSOLE(25)] "No Content-Security-Policy meta tag found. Please add one when using the cordova-plugin-whitelist plugin.", source: file:///android_asset/www/plugins/cordova-plugin-whitelist/whitelist.js (25)
V/GoogleAuthProtoRequest( 4176): [451] a.<init>: mAccountName set to: sensorlab.mobile@gmail.com
I/GLSUser ( 1088): [GLSUser] getTokenFromCache: [account: <ELLIDED:-11767>, callingPkg: com.google.android.apps.gcs, service: oauth2:https://www.googleapis.com/auth/nova]
I/Auth.Core( 1088): [TokenCache] Missing snowballing token: no granted scopes set.
I/GLSUser ( 1088): [GLSUser] getTokenFromGoogle [account: <ELLIDED:-11767>, callingPkg: com.google.android.apps.gcs, service: oauth2:https://www.googleapis.com/auth/nova
I/GLSUser ( 1088): [GLSUser] IOException in getAuthtoken(<ELLIDED:-11767>, oauth2:https://www.googleapis.com/auth/nova) -> exception: Unable to resolve host "android.clients.google.com": No address associated with hostname)
I/GLSUser ( 1088): [GLSUser] getAuthtoken(<ELLIDED:-11767>, oauth2:https://www.googleapis.com/auth/nova) -> status: NETWORK_ERROR)
I/GLSUser ( 1088): [GLSUser] Extracting token using key: Auth
W/GLSActivity( 1088): gms.StatusHelper Status from wire: NetworkError status: NETWORK_ERROR
W/ExperimentUpdateService( 4176): [451] ExperimentUpdateService.a: Error executing an experiment update request.  Rescheduling.
W/ExperimentUpdateService( 4176): [451] ExperimentUpdateService.a: java.util.concurrent.ExecutionException: com.a.a.a: NetworkError
W/ExperimentUpdateService( 4176): java.util.concurrent.ExecutionException: com.a.a.a: NetworkError
W/ExperimentUpdateService( 4176): 	at com.a.a.a.k.a(SourceFile:117)
W/ExperimentUpdateService( 4176): 	at com.a.a.a.k.get(SourceFile:97)
W/ExperimentUpdateService( 4176): 	at com.google.android.flib.nova.experiment.ExperimentUpdateService.a(SourceFile:64)
W/ExperimentUpdateService( 4176): 	at com.google.android.gms.gcm.c.run(Unknown Source)
W/ExperimentUpdateService( 4176): Caused by: com.a.a.a: NetworkError
W/ExperimentUpdateService( 4176): 	at com.google.android.flib.a.a.a(SourceFile:170)
W/ExperimentUpdateService( 4176): 	at com.a.a.a.g.a(SourceFile:79)
W/ExperimentUpdateService( 4176): 	at com.a.a.a.a.a(SourceFile:93)
W/ExperimentUpdateService( 4176): 	at com.a.a.k.run(SourceFile:110)
W/ExperimentUpdateService( 4176): Caused by: java.io.IOException: NetworkError
W/ExperimentUpdateService( 4176): 	at com.google.android.gms.auth.e.a(Unknown Source)
W/ExperimentUpdateService( 4176): 	at com.google.android.gms.auth.e.a(Unknown Source)
W/ExperimentUpdateService( 4176): 	at com.google.android.flib.a.a.a(SourceFile:162)
W/ExperimentUpdateService( 4176): 	... 3 more
I/chromium( 3841): [INFO:CONSOLE(25)] "No Content-Security-Policy meta tag found. Please add one when using the cordova-plugin-whitelist plugin.", source: file:///android_asset/www/plugins/cordova-plugin-whitelist/whitelist.js (25)
I/chromium( 3841): [INFO:CONSOLE(25)] "No Content-Security-Policy meta tag found. Please add one when using the cordova-plugin-whitelist plugin.", source: file:///android_asset/www/plugins/cordova-plugin-whitelist/whitelist.js (25)
I/chromium( 3841): [INFO:CONSOLE(25)] "No Content-Security-Policy meta tag found. Please add one when using the cordova-plugin-whitelist plugin.", source: file:///android_asset/www/plugins/cordova-plugin-whitelist/whitelist.js (25)
I/chromium( 3841): [INFO:CONSOLE(25)] "No Content-Security-Policy meta tag found. Please add one when using the cordova-plugin-whitelist plugin.", source: file:///android_asset/www/plugins/cordova-plugin-whitelist/whitelist.js (25)
I/chromium( 3841): [INFO:CONSOLE(25)] "No Content-Security-Policy meta tag found. Please add one when using the cordova-plugin-whitelist plugin.", source: file:///android_asset/www/plugins/cordova-plugin-whitelist/whitelist.js (25)
I/chromium( 3841): [INFO:CONSOLE(25)] "No Content-Security-Policy meta tag found. Please add one when using the cordova-plugin-whitelist plugin.", source: file:///android_asset/www/plugins/cordova-plugin-whitelist/whitelist.js (25)
I/chromium( 3841): [INFO:CONSOLE(25)] "No Content-Security-Policy meta tag found. Please add one when using the cordova-plugin-whitelist plugin.", source: file:///android_asset/www/plugins/cordova-plugin-whitelist/whitelist.js (25)
I/chromium( 3841): [INFO:CONSOLE(25)] "No Content-Security-Policy meta tag found. Please add one when using the cordova-plugin-whitelist plugin.", source: file:///android_asset/www/plugins/cordova-plugin-whitelist/whitelist.js (25)
I/chromium( 3841): [INFO:CONSOLE(25)] "No Content-Security-Policy meta tag found. Please add one when using the cordova-plugin-whitelist plugin.", source: file:///android_asset/www/plugins/cordova-plugin-whitelist/whitelist.js (25)
I/chromium( 3841): [INFO:CONSOLE(25)] "No Content-Security-Policy meta tag found. Please add one when using the cordova-plugin-whitelist plugin.", source: file:///android_asset/www/plugins/cordova-plugin-whitelist/whitelist.js (25)
I/UsageStatsService(  602): User[0] Flushing usage stats to disk
E/        (  189): invalid crash request of size 4 (from pid=5907 uid=0)
E/Diag_Lib( 6047):  Diag_LSM_Init: Failed to open handle to diag driver, error = 2
E/Sensors ( 6047): sns_fsa_la.c(386):fsa: fflush failed, 9
E/Sensors ( 6047): sns_fsa_la.c(386):fsa: fflush failed, 9
W/Sensors ( 6047): sns_smr_la.c(446):smr_la: smr_apps_la_thread_main is starting, fd=11, sns_smr.en_rx_msg_ptr=b6f8a9d0
W/Sensors ( 6047): sns_sam_app.c(6827):sns_sam_reg_algo: Registering algo service 16, err 0
E/Sensors ( 6047): sns_debug_main.c(565):Debug Config File missing in EFS!
I/chromium( 3841): [INFO:CONSOLE(25)] "No Content-Security-Policy meta tag found. Please add one when using the cordova-plugin-whitelist plugin.", source: file:///android_asset/www/plugins/cordova-plugin-whitelist/whitelist.js (25)
I/chromium( 3841): [INFO:CONSOLE(25)] "No Content-Security-Policy meta tag found. Please add one when using the cordova-plugin-whitelist plugin.", source: file:///android_asset/www/plugins/cordova-plugin-whitelist/whitelist.js (25)
D/ServerDispatchService( 4769): Starting dispatch service...
I/ServerDispatchService( 4769): onStartCommand
I/ServerDispatchService( 4769): Dispatching data to server!
W/ServerDispatchService( 4769): Cannot dispatch -> Conn type selected to any but no connection available
D/ServerDispatchService( 4769): Releasing wakelock...
D/ServerDispatchService( 4769): Stopping dispatch service...
D/ServerDispatchService( 4795): Starting dispatch service...
I/ServerDispatchService( 4795): onStartCommand
I/ServerDispatchService( 4795): Dispatching data to server!
W/ServerDispatchService( 4795): Cannot dispatch -> Conn type selected to any but no connection available
D/ServerDispatchService( 4795): Releasing wakelock...
D/ServerDispatchService( 4795): Stopping dispatch service...
I/chromium( 3841): [INFO:CONSOLE(25)] "No Content-Security-Policy meta tag found. Please add one when using the cordova-plugin-whitelist plugin.", source: file:///android_asset/www/plugins/cordova-plugin-whitelist/whitelist.js (25)
I/chromium( 3841): [INFO:CONSOLE(25)] "No Content-Security-Policy meta tag found. Please add one when using the cordova-plugin-whitelist plugin.", source: file:///android_asset/www/plugins/cordova-plugin-whitelist/whitelist.js (25)
I/chromium( 3841): [INFO:CONSOLE(25)] "No Content-Security-Policy meta tag found. Please add one when using the cordova-plugin-whitelist plugin.", source: file:///android_asset/www/plugins/cordova-plugin-whitelist/whitelist.js (25)
V/GLSActivity( 1088): AuthDelegateWrapperCreated with selected intent: Intent { cmp=com.google.android.gms/.auth.DefaultAuthDelegateService }
I/GLSUser ( 1088): [GLSUser] getTokenFromCache: [account: <ELLIDED:-11767>, callingPkg: com.android.vending, service: androidmarket]
W/System  ( 3457): Ignoring header User-Agent because its value was null.
I/chromium( 3841): [INFO:CONSOLE(25)] "No Content-Security-Policy meta tag found. Please add one when using the cordova-plugin-whitelist plugin.", source: file:///android_asset/www/plugins/cordova-plugin-whitelist/whitelist.js (25)
I/chromium( 3841): [INFO:CONSOLE(25)] "No Content-Security-Policy meta tag found. Please add one when using the cordova-plugin-whitelist plugin.", source: file:///android_asset/www/plugins/cordova-plugin-whitelist/whitelist.js (25)
I/chromium( 3841): [INFO:CONSOLE(25)] "No Content-Security-Policy meta tag found. Please add one when using the cordova-plugin-whitelist plugin.", source: file:///android_asset/www/plugins/cordova-plugin-whitelist/whitelist.js (25)
I/chromium( 3841): [INFO:CONSOLE(25)] "No Content-Security-Policy meta tag found. Please add one when using the cordova-plugin-whitelist plugin.", source: file:///android_asset/www/plugins/cordova-plugin-whitelist/whitelist.js (25)
I/chromium( 3841): [INFO:CONSOLE(25)] "No Content-Security-Policy meta tag found. Please add one when using the cordova-plugin-whitelist plugin.", source: file:///android_asset/www/plugins/cordova-plugin-whitelist/whitelist.js (25)
I/chromium( 3841): [INFO:CONSOLE(25)] "No Content-Security-Policy meta tag found. Please add one when using the cordova-plugin-whitelist plugin.", source: file:///android_asset/www/plugins/cordova-plugin-whitelist/whitelist.js (25)
E/        (  189): invalid crash request of size 4 (from pid=6047 uid=0)
E/Diag_Lib( 6187):  Diag_LSM_Init: Failed to open handle to diag driver, error = 2
E/Sensors ( 6187): sns_fsa_la.c(386):fsa: fflush failed, 9
E/Sensors ( 6187): sns_fsa_la.c(386):fsa: fflush failed, 9
W/Sensors ( 6187): sns_smr_la.c(446):smr_la: smr_apps_la_thread_main is starting, fd=11, sns_smr.en_rx_msg_ptr=b6fe99d0
W/Sensors ( 6187): sns_sam_app.c(6827):sns_sam_reg_algo: Registering algo service 16, err 0
E/Sensors ( 6187): sns_debug_main.c(565):Debug Config File missing in EFS!
I/chromium( 3841): [INFO:CONSOLE(25)] "No Content-Security-Policy meta tag found. Please add one when using the cordova-plugin-whitelist plugin.", source: file:///android_asset/www/plugins/cordova-plugin-whitelist/whitelist.js (25)
I/chromium( 3841): [INFO:CONSOLE(25)] "No Content-Security-Policy meta tag found. Please add one when using the cordova-plugin-whitelist plugin.", source: file:///android_asset/www/plugins/cordova-plugin-whitelist/whitelist.js (25)
I/chromium( 3841): [INFO:CONSOLE(25)] "No Content-Security-Policy meta tag found. Please add one when using the cordova-plugin-whitelist plugin.", source: file:///android_asset/www/plugins/cordova-plugin-whitelist/whitelist.js (25)
I/chromium( 3841): [INFO:CONSOLE(25)] "No Content-Security-Policy meta tag found. Please add one when using the cordova-plugin-whitelist plugin.", source: file:///android_asset/www/plugins/cordova-plugin-whitelist/whitelist.js (25)
I/chromium( 3841): [INFO:CONSOLE(25)] "No Content-Security-Policy meta tag found. Please add one when using the cordova-plugin-whitelist plugin.", source: file:///android_asset/www/plugins/cordova-plugin-whitelist/whitelist.js (25)
I/chromium( 3841): [INFO:CONSOLE(25)] "No Content-Security-Policy meta tag found. Please add one when using the cordova-plugin-whitelist plugin.", source: file:///android_asset/www/plugins/cordova-plugin-whitelist/whitelist.js (25)
I/chromium( 3841): [INFO:CONSOLE(25)] "No Content-Security-Policy meta tag found. Please add one when using the cordova-plugin-whitelist plugin.", source: file:///android_asset/www/plugins/cordova-plugin-whitelist/whitelist.js (25)
I/chromium( 3841): [INFO:CONSOLE(25)] "No Content-Security-Policy meta tag found. Please add one when using the cordova-plugin-whitelist plugin.", source: file:///android_asset/www/plugins/cordova-plugin-whitelist/whitelist.js (25)
I/chromium( 3841): [INFO:CONSOLE(25)] "No Content-Security-Policy meta tag found. Please add one when using the cordova-plugin-whitelist plugin.", source: file:///android_asset/www/plugins/cordova-plugin-whitelist/whitelist.js (25)
I/chromium( 3841): [INFO:CONSOLE(25)] "No Content-Security-Policy meta tag found. Please add one when using the cordova-plugin-whitelist plugin.", source: file:///android_asset/www/plugins/cordova-plugin-whitelist/whitelist.js (25)
I/chromium( 3841): [INFO:CONSOLE(25)] "No Content-Security-Policy meta tag found. Please add one when using the cordova-plugin-whitelist plugin.", source: file:///android_asset/www/plugins/cordova-plugin-whitelist/whitelist.js (25)
E/        (  189): invalid crash request of size 4 (from pid=6187 uid=0)
E/Diag_Lib( 6312):  Diag_LSM_Init: Failed to open handle to diag driver, error = 2
E/Sensors ( 6312): sns_fsa_la.c(386):fsa: fflush failed, 9
E/Sensors ( 6312): sns_fsa_la.c(386):fsa: fflush failed, 9
W/Sensors ( 6312): sns_smr_la.c(446):smr_la: smr_apps_la_thread_main is starting, fd=11, sns_smr.en_rx_msg_ptr=b6f839d0
W/Sensors ( 6312): sns_sam_app.c(6827):sns_sam_reg_algo: Registering algo service 16, err 0
E/Sensors ( 6312): sns_debug_main.c(565):Debug Config File missing in EFS!
I/chromium( 3841): [INFO:CONSOLE(25)] "No Content-Security-Policy meta tag found. Please add one when using the cordova-plugin-whitelist plugin.", source: file:///android_asset/www/plugins/cordova-plugin-whitelist/whitelist.js (25)
I/chromium( 3841): [INFO:CONSOLE(25)] "No Content-Security-Policy meta tag found. Please add one when using the cordova-plugin-whitelist plugin.", source: file:///android_asset/www/plugins/cordova-plugin-whitelist/whitelist.js (25)
I/chromium( 3841): [INFO:CONSOLE(25)] "No Content-Security-Policy meta tag found. Please add one when using the cordova-plugin-whitelist plugin.", source: file:///android_asset/www/plugins/cordova-plugin-whitelist/whitelist.js (25)
I/chromium( 3841): [INFO:CONSOLE(25)] "No Content-Security-Policy meta tag found. Please add one when using the cordova-plugin-whitelist plugin.", source: file:///android_asset/www/plugins/cordova-plugin-whitelist/whitelist.js (25)
I/chromium( 3841): [INFO:CONSOLE(25)] "No Content-Security-Policy meta tag found. Please add one when using the cordova-plugin-whitelist plugin.", source: file:///android_asset/www/plugins/cordova-plugin-whitelist/whitelist.js (25)
I/chromium( 3841): [INFO:CONSOLE(25)] "No Content-Security-Policy meta tag found. Please add one when using the cordova-plugin-whitelist plugin.", source: file:///android_asset/www/plugins/cordova-plugin-whitelist/whitelist.js (25)
I/chromium( 3841): [INFO:CONSOLE(25)] "No Content-Security-Policy meta tag found. Please add one when using the cordova-plugin-whitelist plugin.", source: file:///android_asset/www/plugins/cordova-plugin-whitelist/whitelist.js (25)
I/chromium( 3841): [INFO:CONSOLE(25)] "No Content-Security-Policy meta tag found. Please add one when using the cordova-plugin-whitelist plugin.", source: file:///android_asset/www/plugins/cordova-plugin-whitelist/whitelist.js (25)
I/chromium( 3841): [INFO:CONSOLE(25)] "No Content-Security-Policy meta tag found. Please add one when using the cordova-plugin-whitelist plugin.", source: file:///android_asset/www/plugins/cordova-plugin-whitelist/whitelist.js (25)
I/chromium( 3841): [INFO:CONSOLE(25)] "No Content-Security-Policy meta tag found. Please add one when using the cordova-plugin-whitelist plugin.", source: file:///android_asset/www/plugins/cordova-plugin-whitelist/whitelist.js (25)
D/ServerDispatchService( 4769): Starting dispatch service...
I/ServerDispatchService( 4769): onStartCommand
I/ServerDispatchService( 4769): Dispatching data to server!
W/ServerDispatchService( 4769): Cannot dispatch -> Conn type selected to any but no connection available
D/ServerDispatchService( 4769): Releasing wakelock...
D/ServerDispatchService( 4769): Stopping dispatch service...
D/ServerDispatchService( 4795): Starting dispatch service...
I/ServerDispatchService( 4795): onStartCommand
I/ServerDispatchService( 4795): Dispatching data to server!
W/ServerDispatchService( 4795): Cannot dispatch -> Conn type selected to any but no connection available
D/ServerDispatchService( 4795): Releasing wakelock...
D/ServerDispatchService( 4795): Stopping dispatch service...
I/chromium( 3841): [INFO:CONSOLE(25)] "No Content-Security-Policy meta tag found. Please add one when using the cordova-plugin-whitelist plugin.", source: file:///android_asset/www/plugins/cordova-plugin-whitelist/whitelist.js (25)
E/        (  189): invalid crash request of size 4 (from pid=6312 uid=0)
E/Diag_Lib( 6436):  Diag_LSM_Init: Failed to open handle to diag driver, error = 2
E/Sensors ( 6436): sns_fsa_la.c(386):fsa: fflush failed, 9
E/Sensors ( 6436): sns_fsa_la.c(386):fsa: fflush failed, 9
W/Sensors ( 6436): sns_smr_la.c(446):smr_la: smr_apps_la_thread_main is starting, fd=11, sns_smr.en_rx_msg_ptr=b6fe79d0
W/Sensors ( 6436): sns_sam_app.c(6827):sns_sam_reg_algo: Registering algo service 16, err 0
E/Sensors ( 6436): sns_debug_main.c(565):Debug Config File missing in EFS!
I/chromium( 3841): [INFO:CONSOLE(25)] "No Content-Security-Policy meta tag found. Please add one when using the cordova-plugin-whitelist plugin.", source: file:///android_asset/www/plugins/cordova-plugin-whitelist/whitelist.js (25)
I/chromium( 3841): [INFO:CONSOLE(25)] "No Content-Security-Policy meta tag found. Please add one when using the cordova-plugin-whitelist plugin.", source: file:///android_asset/www/plugins/cordova-plugin-whitelist/whitelist.js (25)
V/GLSActivity( 1088): AuthDelegateWrapperCreated with selected intent: Intent { cmp=com.google.android.gms/.auth.DefaultAuthDelegateService }
I/GLSUser ( 1088): [GLSUser] getTokenFromCache: [account: <ELLIDED:-11767>, callingPkg: com.android.vending, service: androidmarket]
W/System  ( 3457): Ignoring header User-Agent because its value was null.
I/chromium( 3841): [INFO:CONSOLE(25)] "No Content-Security-Policy meta tag found. Please add one when using the cordova-plugin-whitelist plugin.", source: file:///android_asset/www/plugins/cordova-plugin-whitelist/whitelist.js (25)
I/chromium( 3841): [INFO:CONSOLE(25)] "No Content-Security-Policy meta tag found. Please add one when using the cordova-plugin-whitelist plugin.", source: file:///android_asset/www/plugins/cordova-plugin-whitelist/whitelist.js (25)
I/chromium( 3841): [INFO:CONSOLE(25)] "No Content-Security-Policy meta tag found. Please add one when using the cordova-plugin-whitelist plugin.", source: file:///android_asset/www/plugins/cordova-plugin-whitelist/whitelist.js (25)
I/chromium( 3841): [INFO:CONSOLE(25)] "No Content-Security-Policy meta tag found. Please add one when using the cordova-plugin-whitelist plugin.", source: file:///android_asset/www/plugins/cordova-plugin-whitelist/whitelist.js (25)
I/chromium( 3841): [INFO:CONSOLE(25)] "No Content-Security-Policy meta tag found. Please add one when using the cordova-plugin-whitelist plugin.", source: file:///android_asset/www/plugins/cordova-plugin-whitelist/whitelist.js (25)
I/chromium( 3841): [INFO:CONSOLE(25)] "No Content-Security-Policy meta tag found. Please add one when using the cordova-plugin-whitelist plugin.", source: file:///android_asset/www/plugins/cordova-plugin-whitelist/whitelist.js (25)
I/chromium( 3841): [INFO:CONSOLE(25)] "No Content-Security-Policy meta tag found. Please add one when using the cordova-plugin-whitelist plugin.", source: file:///android_asset/www/plugins/cordova-plugin-whitelist/whitelist.js (25)
I/chromium( 3841): [INFO:CONSOLE(25)] "No Content-Security-Policy meta tag found. Please add one when using the cordova-plugin-whitelist plugin.", source: file:///android_asset/www/plugins/cordova-plugin-whitelist/whitelist.js (25)
I/chromium( 3841): [INFO:CONSOLE(25)] "No Content-Security-Policy meta tag found. Please add one when using the cordova-plugin-whitelist plugin.", source: file:///android_asset/www/plugins/cordova-plugin-whitelist/whitelist.js (25)
E/        (  189): invalid crash request of size 4 (from pid=6436 uid=0)
E/Diag_Lib( 6563):  Diag_LSM_Init: Failed to open handle to diag driver, error = 2
E/Sensors ( 6563): sns_fsa_la.c(386):fsa: fflush failed, 9
E/Sensors ( 6563): sns_fsa_la.c(386):fsa: fflush failed, 9
W/Sensors ( 6563): sns_smr_la.c(446):smr_la: smr_apps_la_thread_main is starting, fd=11, sns_smr.en_rx_msg_ptr=b6fb49d0
W/Sensors ( 6563): sns_sam_app.c(6827):sns_sam_reg_algo: Registering algo service 16, err 0
E/Sensors ( 6563): sns_debug_main.c(565):Debug Config File missing in EFS!
I/chromium( 3841): [INFO:CONSOLE(25)] "No Content-Security-Policy meta tag found. Please add one when using the cordova-plugin-whitelist plugin.", source: file:///android_asset/www/plugins/cordova-plugin-whitelist/whitelist.js (25)
I/chromium( 3841): [INFO:CONSOLE(25)] "No Content-Security-Policy meta tag found. Please add one when using the cordova-plugin-whitelist plugin.", source: file:///android_asset/www/plugins/cordova-plugin-whitelist/whitelist.js (25)
I/chromium( 3841): [INFO:CONSOLE(25)] "No Content-Security-Policy meta tag found. Please add one when using the cordova-plugin-whitelist plugin.", source: file:///android_asset/www/plugins/cordova-plugin-whitelist/whitelist.js (25)
I/chromium( 3841): [INFO:CONSOLE(25)] "No Content-Security-Policy meta tag found. Please add one when using the cordova-plugin-whitelist plugin.", source: file:///android_asset/www/plugins/cordova-plugin-whitelist/whitelist.js (25)
I/chromium( 3841): [INFO:CONSOLE(25)] "No Content-Security-Policy meta tag found. Please add one when using the cordova-plugin-whitelist plugin.", source: file:///android_asset/www/plugins/cordova-plugin-whitelist/whitelist.js (25)
I/chromium( 3841): [INFO:CONSOLE(25)] "No Content-Security-Policy meta tag found. Please add one when using the cordova-plugin-whitelist plugin.", source: file:///android_asset/www/plugins/cordova-plugin-whitelist/whitelist.js (25)
