--------- beginning of system
I/Vold    (    0): Vold 2.1 (the revenge) firing up
I/InstallerConnection(  593): disconnecting...
I/SystemServer(  593): Entered the Android system server!
I/SystemServiceManager(  593): Starting com.android.server.pm.Installer
I/Installer(  593): Waiting for installd to be ready.
I/InstallerConnection(  593): connecting...
I/SystemServiceManager(  593): Starting com.android.server.am.ActivityManagerService$Lifecycle
I/ActivityManager(  593): Memory class: 192
I/IntentFirewall(  593): Read new rules (A:0 B:0 S:0)
D/AppOps  (  593): AppOpsService published
I/SystemServiceManager(  593): Starting com.android.server.power.PowerManagerService
I/SystemServiceManager(  593): Starting com.android.server.display.DisplayManagerService
I/SystemServiceManager(  593): Starting phase 100
I/DisplayManagerService(  593): Display device added: DisplayDeviceInfo{"Built-in Screen": uniqueId="local:0", 1200 x 1920, 60.0 fps, supportedRefreshRates [60.0], density 320, 320.842 x 322.966 dpi, appVsyncOff 0, presDeadline 17666667, touch INTERNAL, rotation 0, type BUILT_IN, state UNKNOWN, FLAG_DEFAULT_DISPLAY, FLAG_ROTATES_WITH_CONTENT, FLAG_SECURE, FLAG_SUPPORTS_PROTECTED_BUFFERS}
I/SystemServer(  593): Package Manager
D/SELinuxMMAC(  593): Using policy file /system/etc/security/mac_permissions.xml
W/PackageManager(  593): Failed to parse /system/framework/arm: Missing base APK in /system/framework/arm
W/PackageManager(  593): Failed to parse /system/framework/webview: Missing base APK in /system/framework/webview
W/PackageParser(  593): No actions in intent filter at /system/priv-app/GoogleContacts/GoogleContacts.apk Binary XML file line #363
I/PackageManager(  593): Package com.android.vending at /system/priv-app/Phonesky ignored: updated version 80371000 better than this 80321300
W/PackageManager(  593): Failed to parse /system/priv-app/Phonesky: null
I/PackageManager(  593): Package com.google.android.gms at /system/priv-app/PrebuiltGmsCore ignored: updated version 7574436 better than this 6774436
W/PackageManager(  593): Failed to parse /system/priv-app/PrebuiltGmsCore: null
W/PackageParser(  593): No actions in intent filter at /system/priv-app/SetupWizard/SetupWizard.apk Binary XML file line #170
W/PackageParser(  593): No actions in intent filter at /system/priv-app/SetupWizard/SetupWizard.apk Binary XML file line #362
W/PackageParser(  593): Unknown element under <intent-filter>: android at /system/priv-app/Telecom/Telecom.apk Binary XML file line #232
I/PackageManager(  593): Package com.google.android.googlequicksearchbox at /system/priv-app/Velvet ignored: updated version 300413946 better than this 300401290
W/PackageManager(  593): Failed to parse /system/priv-app/Velvet: null
W/PackageManager(  593): Failed to parse /system/priv-app/talkback: No packages found in split
I/PackageManager(  593): Package com.google.android.talk at /system/priv-app/Hangouts ignored: updated version 22401374 better than this 22228342
W/PackageManager(  593): Failed to parse /system/priv-app/Hangouts: null
W/PackageParser(  593): No actions in intent filter at /system/app/Bluetooth/Bluetooth.apk Binary XML file line #209
I/PackageManager(  593): Package com.google.android.calendar at /system/app/CalendarGooglePrebuilt ignored: updated version 2015071671 better than this 2014120441
W/PackageManager(  593): Failed to parse /system/app/CalendarGooglePrebuilt: null
I/PackageManager(  593): Package com.android.chrome at /system/app/Chrome ignored: updated version 2357093 better than this 2214089
W/PackageManager(  593): Failed to parse /system/app/Chrome: null
I/PackageManager(  593): Package com.google.android.apps.cloudprint at /system/app/CloudPrint2 ignored: updated version 98 better than this 92
W/PackageManager(  593): Failed to parse /system/app/CloudPrint2: null
I/PackageManager(  593): Package com.google.android.deskclock at /system/app/DeskClockGoogle ignored: updated version 40202000 better than this 303
W/PackageManager(  593): Failed to parse /system/app/DeskClockGoogle: null
I/PackageManager(  593): Package com.google.android.apps.docs at /system/app/Drive ignored: updated version 52333134 better than this 44951034
W/PackageManager(  593): Failed to parse /system/app/Drive: null
I/PackageManager(  593): Package com.google.android.apps.docs.editors.docs at /system/app/EditorsDocs ignored: updated version 52721234 better than this 50320834
W/PackageManager(  593): Failed to parse /system/app/EditorsDocs: null
I/PackageManager(  593): Package com.google.android.apps.docs.editors.sheets at /system/app/EditorsSheetsStub ignored: updated version 52721334 better than this 1
W/PackageManager(  593): Failed to parse /system/app/EditorsSheetsStub: null
I/PackageManager(  593): Package com.google.android.apps.docs.editors.slides at /system/app/EditorsSlidesStub ignored: updated version 52721534 better than this 1
W/PackageManager(  593): Failed to parse /system/app/EditorsSlidesStub: null
I/PackageManager(  593): Package com.google.android.GoogleCamera at /system/app/GoogleCamera ignored: updated version 25052130 better than this 24018130
W/PackageManager(  593): Failed to parse /system/app/GoogleCamera: null
W/PackageParser(  593): Unknown element under <manifest>: supports-gl-texture at /system/app/GoogleEarth/GoogleEarth.apk Binary XML file line #25
I/PackageManager(  593): Package com.google.earth at /system/app/GoogleEarth ignored: updated version 151260703 better than this 143022003
W/PackageManager(  593): Failed to parse /system/app/GoogleEarth: null
I/PackageManager(  593): Package com.google.android.tts at /system/app/GoogleTTS ignored: updated version 210305063 better than this 210303120
W/PackageManager(  593): Failed to parse /system/app/GoogleTTS: null
W/PackageManager(  593): Failed to parse /system/app/Hangouts: Missing base APK in /system/app/Hangouts
I/PackageManager(  593): Package com.google.android.inputmethod.latin at /system/app/LatinImeGoogle ignored: updated version 22123 better than this 21003
W/PackageManager(  593): Failed to parse /system/app/LatinImeGoogle: null
I/PackageManager(  593): Package com.google.android.apps.maps at /system/app/Maps ignored: updated version 912008123 better than this 903008023
W/PackageManager(  593): Failed to parse /system/app/Maps: null
I/PackageManager(  593): Package com.google.android.music at /system/app/Music2 ignored: updated version 1950 better than this 1809
W/PackageManager(  593): Failed to parse /system/app/Music2: null
W/PackageParser(  593): Problem in package /system/app/Newsstand/Newsstand.apk:
W/PackageParser(  593): Unknown element under <activity>: category at /system/app/Newsstand/Newsstand.apk Binary XML file line #74
W/PackageParser(  593): Problem in package /system/app/Newsstand/Newsstand.apk:
W/PackageParser(  593): Unknown element under <activity>: category at /system/app/Newsstand/Newsstand.apk Binary XML file line #75
I/PackageManager(  593): Package com.google.android.apps.magazines at /system/app/Newsstand ignored: updated version 2015061020 better than this 2014102707
W/PackageManager(  593): Failed to parse /system/app/Newsstand: null
W/PackageParser(  593): Unknown element under <activity-alias>: category at /system/app/Photos/Photos.apk Binary XML file line #84
I/PackageManager(  593): Package com.google.android.apps.photos at /system/app/Photos ignored: updated version 52531 better than this 3
W/PackageManager(  593): Failed to parse /system/app/Photos: null
I/PackageManager(  593): Package com.google.android.play.games at /system/app/PlayGames ignored: updated version 31110036 better than this 22090000
W/PackageManager(  593): Failed to parse /system/app/PlayGames: null
I/PackageManager(  593): Package com.google.android.apps.plus at /system/app/PlusOne ignored: updated version 414101324 better than this 413630570
W/PackageManager(  593): Failed to parse /system/app/PlusOne: null
I/PackageManager(  593): Package com.google.android.marvin.talkback at /system/app/talkback ignored: updated version 40200008 better than this 40100004
W/PackageManager(  593): Failed to parse /system/app/talkback: null
I/PackageManager(  593): Package com.google.android.gm at /system/app/PrebuiltGmail ignored: updated version 54000876 better than this 5020000
W/PackageManager(  593): Failed to parse /system/app/PrebuiltGmail: null
I/PackageManager(  593): Package com.google.android.keep at /system/app/PrebuiltKeep ignored: updated version 3129400 better than this 3003
W/PackageManager(  593): Failed to parse /system/app/PrebuiltKeep: null
I/PackageManager(  593): Package com.google.android.videos at /system/app/Videos ignored: updated version 38081 better than this 36160
W/PackageManager(  593): Failed to parse /system/app/Videos: null
I/PackageManager(  593): Package com.google.android.webview at /system/app/WebViewGoogle ignored: updated version 2357121 better than this 324901
W/PackageManager(  593): Failed to parse /system/app/WebViewGoogle: null
I/PackageManager(  593): Package com.google.android.youtube at /system/app/YouTube ignored: updated version 102859133 better than this 100305110
W/PackageManager(  593): Failed to parse /system/app/YouTube: null
W/PackageManager(  593): Package com.mxtech.videoplayer.ad desires unavailable shared library com.sec.android.app.multiwindow; ignoring!
W/PackageManager(  593): Package com.google.android.gms desires unavailable shared library com.google.android.ble; ignoring!
W/PackageManager(  593): Permission no.nordicsemi.android.LOG from package no.nordicsemi.android.log ignored: original from no.nordicsemi.android.mcp
W/PackageParser(  593): Unknown element under <manifest>: supports-gl-texture at /data/app/com.google.earth-1/base.apk Binary XML file line #25
W/PackageManager(  593): Package com.flyersoft.moonreader desires unavailable shared library com.sec.android.app.multiwindow; ignoring!
W/PackageManager(  593): Package com.metago.astro desires unavailable shared library proguard.annotations; ignoring!
W/PackageManager(  593): Package com.metago.astro desires unavailable shared library com.sec.android.app.multiwindow; ignoring!
W/PackageParser(  593): Problem in package /data/app/com.google.android.apps.photos-1/base.apk:
W/PackageParser(  593): Unknown element under <activity>: category at /data/app/com.google.android.apps.photos-1/base.apk Binary XML file line #796
W/PackageParser(  593): Unknown element under <manifest>: meta-data at /data/app/jp.sblo.pandora.jota.plus-2/base.apk Binary XML file line #15
W/PackageManager(  593): Package jp.sblo.pandora.jota.plus desires unavailable shared library com.sec.android.app.multiwindow; ignoring!
W/PackageManager(  593): Package com.google.android.GoogleCamera desires unavailable shared library com.google.android.gestureservice; ignoring!
W/PackageManager(  593): Package com.google.android.GoogleCamera desires unavailable shared library com.google.android.camera2; ignoring!
W/PackageManager(  593): Package jp.sblo.pandora.jota.plus desires unavailable shared library com.sec.android.app.multiwindow; ignoring!
W/PackageManager(  593): Package com.flyersoft.moonreader desires unavailable shared library com.sec.android.app.multiwindow; ignoring!
W/PackageManager(  593): Package com.mxtech.videoplayer.ad desires unavailable shared library com.sec.android.app.multiwindow; ignoring!
W/PackageManager(  593): Package com.google.android.gms desires unavailable shared library com.google.android.ble; ignoring!
W/PackageManager(  593): Package com.metago.astro desires unavailable shared library proguard.annotations; ignoring!
W/PackageManager(  593): Package com.metago.astro desires unavailable shared library com.sec.android.app.multiwindow; ignoring!
W/PackageManager(  593): Package com.google.android.GoogleCamera desires unavailable shared library com.google.android.gestureservice; ignoring!
W/PackageManager(  593): Package com.google.android.GoogleCamera desires unavailable shared library com.google.android.camera2; ignoring!
I/PackageManager(  593): Adjusting ABI for : com.google.android.syncadapters.contacts to armeabi-v7a
I/PackageManager(  593): Adjusting ABI for : com.google.android.gsf to armeabi-v7a
I/PackageManager(  593): Adjusting ABI for : com.google.android.backuptransport to armeabi-v7a
I/PackageManager(  593): Adjusting ABI for : com.google.android.gsf.login to armeabi-v7a
I/PackageManager(  593): Adjusting ABI for : com.android.location.fused to armeabi-v7a
I/PackageManager(  593): Adjusting ABI for : com.android.server.telecom to armeabi-v7a
I/PackageManager(  593): Adjusting ABI for : com.android.keychain to armeabi-v7a
I/PackageManager(  593): Adjusting ABI for : com.android.settings to armeabi-v7a
I/PackageManager(  593): Adjusting ABI for : com.android.inputdevices to armeabi-v7a
I/PackageManager(  593): Adjusting ABI for : com.android.providers.settings to armeabi-v7a
I/PackageManager(  593): Time to scan packages: 18.166 seconds
W/PackageManager(  593): Not granting permission android.permission.MANAGE_DOCUMENTS to package com.google.android.youtube (protectionLevel=2 flags=0x583ec5)
W/PackageManager(  593): Unknown permission com.google.android.voicesearch.SHORTCUTS_ACCESS in package com.google.android.googlequicksearchbox
W/PackageManager(  593): Unknown permission com.google.android.voicesearch.ACCESS_SETTINGS in package com.google.android.googlequicksearchbox
W/PackageManager(  593): Unknown permission com.android.browser.permission.PRELOAD in package com.google.android.googlequicksearchbox
W/PackageManager(  593): Unknown permission com.google.android.apps.googlevoice.permission.AUTO_SEND in package com.google.android.googlequicksearchbox
W/PackageManager(  593): Unknown permission com.android.chrome.PRERENDER_URL in package com.google.android.googlequicksearchbox
W/PackageManager(  593): Unknown permission com.google.android.launcher.permission.CONTENT_REDIRECT in package com.google.android.googlequicksearchbox
W/PackageManager(  593): Unknown permission android.permission.WRITE_SYNC_STATS in package com.google.android.apps.docs.editors.docs
W/PackageManager(  593): Not granting permission com.google.android.gm.permission.READ_GMAIL to package com.google.android.apps.docs.editors.docs (protectionLevel=2 flags=0x183ec5)
W/PackageManager(  593): Not granting permission com.google.android.googleapps.permission.GOOGLE_AUTH.ALL_SERVICES to package com.google.android.apps.docs.editors.docs (protectionLevel=2 flags=0x183ec5)
W/PackageManager(  593): Not granting permission android.permission.READ_LOGS to package si.ijs.opcomm.sensorappwifi (protectionLevel=50 flags=0x8be46)
W/PackageManager(  593): Not granting permission si.ijs.opcomm.sensorapp.permission.C2D_MESSAGE to package si.ijs.opcomm.sensorappwifi (protectionLevel=2 flags=0x8be46)
W/PackageManager(  593): Not granting permission android.permission.WRITE_SECURE_SETTINGS to package com.google.android.apps.enterprise.dmagent (protectionLevel=50 flags=0x83e05)
W/PackageManager(  593): Not granting permission android.permission.CONNECTIVITY_INTERNAL to package com.google.android.apps.enterprise.dmagent (protectionLevel=18 flags=0x83e05)
W/PackageManager(  593): Not granting permission android.permission.MANAGE_USB to package com.google.android.apps.enterprise.dmagent (protectionLevel=18 flags=0x83e05)
W/PackageManager(  593): Not granting permission android.permission.CHANGE_COMPONENT_ENABLED_STATE to package com.google.android.apps.enterprise.dmagent (protectionLevel=18 flags=0x83e05)
W/PackageManager(  593): Not granting permission android.permission.MANAGE_CA_CERTIFICATES to package com.google.android.apps.enterprise.dmagent (protectionLevel=18 flags=0x83e05)
W/PackageManager(  593): Not granting permission android.permission.MANAGE_USERS to package com.google.android.apps.enterprise.dmagent (protectionLevel=18 flags=0x83e05)
W/PackageManager(  593): Unknown permission android.permission.WRITE_SYNC_STATS in package com.google.android.apps.docs.editors.sheets
W/PackageManager(  593): Not granting permission com.google.android.gm.permission.READ_GMAIL to package com.google.android.apps.docs.editors.sheets (protectionLevel=2 flags=0x183ec5)
W/PackageManager(  593): Not granting permission com.google.android.googleapps.permission.GOOGLE_AUTH.ALL_SERVICES to package com.google.android.apps.docs.editors.sheets (protectionLevel=2 flags=0x183ec5)
W/PackageManager(  593): Unknown permission android.permission.WRITE_SYNC_STATS in package com.google.android.apps.docs.editors.slides
W/PackageManager(  593): Not granting permission com.google.android.gm.permission.READ_GMAIL to package com.google.android.apps.docs.editors.slides (protectionLevel=2 flags=0x583ec5)
W/PackageManager(  593): Not granting permission com.google.android.googleapps.permission.GOOGLE_AUTH.ALL_SERVICES to package com.google.android.apps.docs.editors.slides (protectionLevel=2 flags=0x583ec5)
W/PackageManager(  593): Unknown permission android.permission.READ_INTERNAL_STORAGE in package tunein.player
W/PackageManager(  593): Unknown permission android.permission.WRITE_INTERNAL_STORAGE in package tunein.player
W/PackageManager(  593): Not granting permission android.permission.SEND_DOWNLOAD_COMPLETED_INTENTS to package com.android.vending (protectionLevel=2 flags=0x400abec5)
W/PackageManager(  593): Unknown permission android.permission.SEND_SMS_NO_CONFIRMATION in package com.android.vending
W/PackageManager(  593): Unknown permission android.permission.GET_PACKAGE_IMPORTANCE in package com.android.vending
W/PackageManager(  593): Unknown permission android.permission.NFC_UNLOCK in package com.android.nfc
W/PackageManager(  593): Unknown permission android.permission.READ_OWNER_DATA in package com.pnn.obdcardoctor
W/PackageManager(  593): Unknown permission android.permission.WRITE_OWNER_DATA in package com.pnn.obdcardoctor
W/PackageManager(  593): Not granting permission android.permission.DEVICE_POWER to package com.google.android.deskclock (protectionLevel=2 flags=0x48bec5)
W/PackageManager(  593): Unknown permission android.permission.READ_OWNER_DATA in package com.google.android.setupwizard
W/PackageManager(  593): Unknown permission android.permission.WRITE_OWNER_DATA in package com.google.android.setupwizard
W/PackageManager(  593): Unknown permission android.permission.ACCESS_COARSE_UPDATES in package com.ijs.signalSensingDevice
W/PackageManager(  593): Unknown permission android.permission.PHONE_STATE in package com.ijs.signalSensingDevice
W/PackageManager(  593): Unknown permission android.permission.WRITE_SYNC_STATS in package com.google.android.apps.docs
W/PackageManager(  593): Unknown permission com.google.android.gms.permission.CONTACTS_SYNC_DELEGATION in package com.google.android.syncadapters.contacts
W/PackageManager(  593): Unknown permission com.chrome.permission.DEVICE_EXTRAS in package com.android.chrome
W/PackageManager(  593): Unknown permission com.sec.enterprise.knox.MDM_CONTENT_PROVIDER in package com.android.chrome
W/PackageManager(  593): Unknown permission com.google.android.wearable.READ_SETTINGS in package com.google.android.gms
W/PackageManager(  593): Not granting permission android.permission.MANAGE_DOCUMENTS to package com.google.android.gms (protectionLevel=2 flags=0xc0483ec5)
W/PackageManager(  593): Not granting permission android.permission.REGISTER_CALL_PROVIDER to package com.google.android.gms (protectionLevel=18 flags=0xc0483ec5)
W/PackageManager(  593): Not granting permission com.android.launcher.permission.WRITE_SETTINGS to package com.metago.astro (protectionLevel=18 flags=0x18be44)
W/PackageManager(  593): Not granting permission android.permission.CONTROL_KEYGUARD to package com.google.android.gsf.login (protectionLevel=2 flags=0x4048be45)
W/PackageManager(  593): Unknown permission com.android.vending.billing.IBillingAccountService.BIND2 in package com.google.android.gsf.login
W/PackageManager(  593): Not granting permission android.permission.MOUNT_UNMOUNT_FILESYSTEMS to package com.adsk.sketchbookhdexpress (protectionLevel=18 flags=0x18ac44)
W/PackageManager(  593): Not granting permission android.permission.READ_LOGS to package si.ijs.opcomm.sensorapp (protectionLevel=50 flags=0x8be46)
W/PackageManager(  593): Unknown permission com.android.smspush.WAPPUSH_MANAGER_BIND in package com.android.phone
W/PackageManager(  593): Unknown permission com.android.gallery3d.permission.GALLERY_PROVIDER in package com.android.bluetooth
W/PackageManager(  593): Unknown permission android.permission.MMS_SEND_OUTBOX_MSG in package com.android.bluetooth
W/PackageManager(  593): Not granting permission android.permission.BIND_WALLPAPER to package com.google.android.GoogleCamera (protectionLevel=18 flags=0x583cc5)
I/SystemServer(  593): User Service
I/SystemServiceManager(  593): Starting com.android.server.lights.LightsService
I/SystemServiceManager(  593): Starting com.android.server.BatteryService
I/SystemServiceManager(  593): Starting com.android.server.usage.UsageStatsService
I/SystemServiceManager(  593): Starting com.android.server.webkit.WebViewUpdateService
I/SystemServer(  593): Reading configuration...
I/SystemServer(  593): Scheduling Policy
I/SystemServiceManager(  593): Starting com.android.server.telecom.TelecomLoaderService
I/SystemServer(  593): Telephony Registry
I/SystemServer(  593): Entropy Mixer
I/EntropyMixer(  593): Added HW RNG output to entropy pool
I/EntropyMixer(  593): Writing entropy...
I/SystemServer(  593): Account Manager
I/SystemServer(  593): Content Manager
I/SystemServer(  593): System Content Providers
I/SystemServer(  593): Vibrator Service
I/SystemServer(  593): Consumer IR Service
I/SystemServiceManager(  593): Starting com.android.server.AlarmManagerService
I/SystemServer(  593): Init Watchdog
I/SystemServer(  593): Input Manager
I/InputManager(  593): Initializing input manager, mUseDevInputEventForAudioJack=false
I/SystemServer(  593): Window Manager
I/WindowManager(  593): No existing display settings /data/system/display_settings.xml; starting empty
I/InputManager(  593): Starting input manager
I/SystemServer(  593): Bluetooth Manager Service
I/SystemServer(  593): Input Method Service
W/InputMethodManagerService(  593): Couldn't create dir.: /data/system/inputmethod
I/SystemServer(  593): Accessibility Manager
I/ActivityManager(  593): Config changes=1df8 {1.0 ?mcc?mnc en_US ?layoutDir sw600dp w600dp h960dp 320dpi lrg port ?uimode ?night -touch -keyb/v/h -nav/h s.2}
I/ActivityManager(  593): Config changes=408 {1.0 ?mcc?mnc en_US ?layoutDir sw600dp w600dp h887dp 320dpi lrg port ?uimode ?night finger -keyb/v/h -nav/h s.3}
I/SystemServer(  593): Mount Service
D/MountService(  593): got storage path: null description: Internal storage primary: false removable: false emulated: true mtpReserve: 100 allowMassStorage: false maxFileSize: 0
D/MountService(  593): addVolumeLocked() StorageVolume:
D/MountService(  593):     mStorageId=65537 mPath=/storage/emulated/0 mDescriptionId=17040805 
D/MountService(  593):     mPrimary=true mRemovable=false mEmulated=true mMtpReserveSpace=100 
D/MountService(  593):     mAllowMassStorage=false mMaxFileSize=0 mOwner=UserHandle{0} mUuid=null 
D/MountService(  593):     mUserLabel=null mState=null 
I/SystemServer(  593): LockSettingsService
I/SystemServiceManager(  593): Starting com.android.server.devicepolicy.DevicePolicyManagerService$Lifecycle
W/PackageManager(  593): Not granting permission android.permission.MANAGE_DOCUMENTS to package com.google.android.youtube (protectionLevel=2 flags=0x583ec5)
W/PackageManager(  593): Unknown permission com.google.android.voicesearch.SHORTCUTS_ACCESS in package com.google.android.googlequicksearchbox
W/PackageManager(  593): Unknown permission com.google.android.voicesearch.ACCESS_SETTINGS in package com.google.android.googlequicksearchbox
W/PackageManager(  593): Unknown permission com.android.browser.permission.PRELOAD in package com.google.android.googlequicksearchbox
W/PackageManager(  593): Unknown permission com.google.android.apps.googlevoice.permission.AUTO_SEND in package com.google.android.googlequicksearchbox
W/PackageManager(  593): Unknown permission com.android.chrome.PRERENDER_URL in package com.google.android.googlequicksearchbox
W/PackageManager(  593): Unknown permission com.google.android.launcher.permission.CONTENT_REDIRECT in package com.google.android.googlequicksearchbox
W/PackageManager(  593): Unknown permission android.permission.WRITE_SYNC_STATS in package com.google.android.apps.docs.editors.docs
W/PackageManager(  593): Not granting permission com.google.android.gm.permission.READ_GMAIL to package com.google.android.apps.docs.editors.docs (protectionLevel=2 flags=0x183ec5)
W/PackageManager(  593): Not granting permission com.google.android.googleapps.permission.GOOGLE_AUTH.ALL_SERVICES to package com.google.android.apps.docs.editors.docs (protectionLevel=2 flags=0x183ec5)
W/PackageManager(  593): Not granting permission android.permission.READ_LOGS to package si.ijs.opcomm.sensorappwifi (protectionLevel=50 flags=0x8be46)
W/PackageManager(  593): Not granting permission si.ijs.opcomm.sensorapp.permission.C2D_MESSAGE to package si.ijs.opcomm.sensorappwifi (protectionLevel=2 flags=0x8be46)
W/PackageManager(  593): Not granting permission android.permission.WRITE_SECURE_SETTINGS to package com.google.android.apps.enterprise.dmagent (protectionLevel=50 flags=0x83e05)
W/PackageManager(  593): Not granting permission android.permission.CONNECTIVITY_INTERNAL to package com.google.android.apps.enterprise.dmagent (protectionLevel=18 flags=0x83e05)
W/PackageManager(  593): Not granting permission android.permission.MANAGE_USB to package com.google.android.apps.enterprise.dmagent (protectionLevel=18 flags=0x83e05)
W/PackageManager(  593): Not granting permission android.permission.CHANGE_COMPONENT_ENABLED_STATE to package com.google.android.apps.enterprise.dmagent (protectionLevel=18 flags=0x83e05)
W/PackageManager(  593): Not granting permission android.permission.MANAGE_CA_CERTIFICATES to package com.google.android.apps.enterprise.dmagent (protectionLevel=18 flags=0x83e05)
W/PackageManager(  593): Not granting permission android.permission.MANAGE_USERS to package com.google.android.apps.enterprise.dmagent (protectionLevel=18 flags=0x83e05)
W/PackageManager(  593): Unknown permission android.permission.WRITE_SYNC_STATS in package com.google.android.apps.docs.editors.sheets
W/PackageManager(  593): Not granting permission com.google.android.gm.permission.READ_GMAIL to package com.google.android.apps.docs.editors.sheets (protectionLevel=2 flags=0x183ec5)
W/PackageManager(  593): Not granting permission com.google.android.googleapps.permission.GOOGLE_AUTH.ALL_SERVICES to package com.google.android.apps.docs.editors.sheets (protectionLevel=2 flags=0x183ec5)
W/PackageManager(  593): Unknown permission android.permission.WRITE_SYNC_STATS in package com.google.android.apps.docs.editors.slides
W/PackageManager(  593): Not granting permission com.google.android.gm.permission.READ_GMAIL to package com.google.android.apps.docs.editors.slides (protectionLevel=2 flags=0x583ec5)
W/PackageManager(  593): Not granting permission com.google.android.googleapps.permission.GOOGLE_AUTH.ALL_SERVICES to package com.google.android.apps.docs.editors.slides (protectionLevel=2 flags=0x583ec5)
W/PackageManager(  593): Unknown permission android.permission.READ_INTERNAL_STORAGE in package tunein.player
W/PackageManager(  593): Unknown permission android.permission.WRITE_INTERNAL_STORAGE in package tunein.player
W/PackageManager(  593): Not granting permission android.permission.SEND_DOWNLOAD_COMPLETED_INTENTS to package com.android.vending (protectionLevel=2 flags=0x400abec5)
W/PackageManager(  593): Unknown permission android.permission.SEND_SMS_NO_CONFIRMATION in package com.android.vending
W/PackageManager(  593): Unknown permission android.permission.GET_PACKAGE_IMPORTANCE in package com.android.vending
W/PackageManager(  593): Unknown permission android.permission.NFC_UNLOCK in package com.android.nfc
W/PackageManager(  593): Unknown permission android.permission.READ_OWNER_DATA in package com.pnn.obdcardoctor
W/PackageManager(  593): Unknown permission android.permission.WRITE_OWNER_DATA in package com.pnn.obdcardoctor
W/PackageManager(  593): Not granting permission android.permission.DEVICE_POWER to package com.google.android.deskclock (protectionLevel=2 flags=0x48bec5)
W/PackageManager(  593): Unknown permission android.permission.READ_OWNER_DATA in package com.google.android.setupwizard
W/PackageManager(  593): Unknown permission android.permission.WRITE_OWNER_DATA in package com.google.android.setupwizard
W/PackageManager(  593): Unknown permission android.permission.ACCESS_COARSE_UPDATES in package com.ijs.signalSensingDevice
W/PackageManager(  593): Unknown permission android.permission.PHONE_STATE in package com.ijs.signalSensingDevice
W/PackageManager(  593): Unknown permission android.permission.WRITE_SYNC_STATS in package com.google.android.apps.docs
W/PackageManager(  593): Unknown permission com.google.android.gms.permission.CONTACTS_SYNC_DELEGATION in package com.google.android.syncadapters.contacts
W/PackageManager(  593): Unknown permission com.chrome.permission.DEVICE_EXTRAS in package com.android.chrome
W/PackageManager(  593): Unknown permission com.sec.enterprise.knox.MDM_CONTENT_PROVIDER in package com.android.chrome
W/PackageManager(  593): Unknown permission com.google.android.wearable.READ_SETTINGS in package com.google.android.gms
W/PackageManager(  593): Not granting permission android.permission.MANAGE_DOCUMENTS to package com.google.android.gms (protectionLevel=2 flags=0xc0483ec5)
W/PackageManager(  593): Not granting permission android.permission.REGISTER_CALL_PROVIDER to package com.google.android.gms (protectionLevel=18 flags=0xc0483ec5)
W/PackageManager(  593): Not granting permission com.android.launcher.permission.WRITE_SETTINGS to package com.metago.astro (protectionLevel=18 flags=0x18be44)
W/PackageManager(  593): Not granting permission android.permission.CONTROL_KEYGUARD to package com.google.android.gsf.login (protectionLevel=2 flags=0x4048be45)
W/PackageManager(  593): Unknown permission com.android.vending.billing.IBillingAccountService.BIND2 in package com.google.android.gsf.login
W/PackageManager(  593): Not granting permission android.permission.MOUNT_UNMOUNT_FILESYSTEMS to package com.adsk.sketchbookhdexpress (protectionLevel=18 flags=0x18ac44)
W/PackageManager(  593): Not granting permission android.permission.READ_LOGS to package si.ijs.opcomm.sensorapp (protectionLevel=50 flags=0x8be46)
W/PackageManager(  593): Unknown permission com.android.smspush.WAPPUSH_MANAGER_BIND in package com.android.phone
W/PackageManager(  593): Unknown permission com.android.gallery3d.permission.GALLERY_PROVIDER in package com.android.bluetooth
W/PackageManager(  593): Unknown permission android.permission.MMS_SEND_OUTBOX_MSG in package com.android.bluetooth
W/PackageManager(  593): Not granting permission android.permission.BIND_WALLPAPER to package com.google.android.GoogleCamera (protectionLevel=18 flags=0x583cc5)
I/UsageStatsService(  593): User[0] Rollover scheduled @ 2015-07-29 02:00:00(1438128000000)
I/UsageStatsService(  593): User[0] Rolling over usage stats
I/UsageStatsService(  593): User[0] Rollover scheduled @ 2015-07-30 02:00:00(1438214400000)
I/UsageStatsService(  593): User[0] Rolling over usage stats complete. Took 11 milliseconds
I/SystemServer(  593): Status Bar
I/SystemServer(  593): Clipboard Service
I/SystemServer(  593): NetworkManagement Service
I/SystemServer(  593): Text Service Manager Service
I/SystemServer(  593): Network Score Service
I/SystemServer(  593): NetworkStats Service
I/SystemServer(  593): NetworkPolicy Service
I/SystemServiceManager(  593): Starting com.android.server.wifi.p2p.WifiP2pService
I/SystemServiceManager(  593): Starting com.android.server.wifi.WifiService
I/SystemServiceManager(  593): Starting com.android.server.wifi.WifiScanningService
I/SystemServiceManager(  593): Starting com.android.server.wifi.RttService
I/SystemServiceManager(  593): Starting com.android.server.ethernet.EthernetService
I/SystemServer(  593): Connectivity Service
D/ConnectivityService(  593): ConnectivityService starting up
D/ConnectivityService(  593): wifiOnly=false
E/ConnectivityService(  593): Ignoring protectedNetwork 14
E/ConnectivityService(  593): Ignoring protectedNetwork 15
I/SystemServer(  593): Network Service Discovery Service
D/NsdService(  593): Network service discovery enabled true
I/SystemServer(  593): UpdateLock Service
I/SystemServiceManager(  593): Starting com.android.server.notification.NotificationManagerService
I/SystemServiceManager(  593): Starting com.android.server.storage.DeviceStorageMonitorService
I/SystemServer(  593): Location Manager
I/SystemServer(  593): Country Detector
I/SystemServer(  593): Search Service
I/SystemServer(  593): DropBox Service
I/SystemServer(  593): Wallpaper Service
I/SystemServer(  593): Audio Service
I/SystemServiceManager(  593): Starting com.android.server.DockObserver
W/DockObserver(  593): This kernel does not have dock station support
I/SystemServer(  593): Wired Accessory Manager
I/SystemServiceManager(  593): Starting com.android.server.usb.UsbService$Lifecycle
I/SystemServer(  593): Serial Service
I/SystemServiceManager(  593): Starting com.android.server.twilight.TwilightService
I/SystemServiceManager(  593): Starting com.android.server.UiModeManagerService
I/SystemServiceManager(  593): Starting com.android.server.job.JobSchedulerService
I/SystemServiceManager(  593): Starting com.android.server.backup.BackupManagerService$Lifecycle
I/SystemServiceManager(  593): Starting com.android.server.appwidget.AppWidgetService
I/SystemServiceManager(  593): Starting com.android.server.voiceinteraction.VoiceInteractionManagerService
W/SoundTriggerHelper(  593): listModules status=0, # of modules=0
I/SystemServer(  593): DiskStats Service
I/SystemServer(  593): SamplingProfiler Service
I/SystemServer(  593): NetworkTimeUpdateService
I/SystemServer(  593): CommonTimeManagementService
I/SystemServer(  593): CertBlacklister
I/SystemServiceManager(  593): Starting com.android.server.dreams.DreamManagerService
I/SystemServer(  593): Assets Atlas Service
I/SystemServiceManager(  593): Starting com.android.server.print.PrintManagerService
I/SystemServiceManager(  593): Starting com.android.server.restrictions.RestrictionsManagerService
I/SystemServiceManager(  593): Starting com.android.server.media.MediaSessionService
I/SystemServer(  593): Media Router Service
I/SystemServiceManager(  593): Starting com.android.server.trust.TrustManagerService
I/SystemServiceManager(  593): Starting com.android.server.fingerprint.FingerprintService
I/SystemServer(  593): BackgroundDexOptService
I/SystemServiceManager(  593): Starting com.android.server.pm.LauncherAppsService
I/SystemServiceManager(  593): Starting com.android.server.media.projection.MediaProjectionManagerService
I/SystemServiceManager(  593): Starting com.android.server.MmsServiceBroker
E/LockSettingsStorage(  593): Cannot read file java.io.FileNotFoundException: /data/system/password.key: open failed: ENOENT (No such file or directory)
E/LockSettingsStorage(  593): Cannot read file java.io.FileNotFoundException: /data/system/gesture.key: open failed: ENOENT (No such file or directory)
I/SystemServiceManager(  593): Starting phase 480
I/SystemServiceManager(  593): Starting phase 500
I/WifiService(  593): WifiService starting up with Wi-Fi disabled
D/WifiService(  593): New client listening to asynchronous messages
D/WifiScanningService(  593): New client, channel: null messenger: null
D/ConnectivityService(  593): Got NetworkFactory Messenger for Ethernet
I/ActivityManager(  593): Config changes=200 {1.0 ?mcc?mnc en_US ?layoutDir sw600dp w600dp h887dp 320dpi lrg port finger -keyb/v/h -nav/h s.4}
D/BackupManagerService(  593): Now staging backup of com.google.android.googlequicksearchbox
D/BackupManagerService(  593): Now staging backup of com.android.vending
D/BackupManagerService(  593): Now staging backup of com.google.android.marvin.talkback
D/BackupManagerService(  593): Now staging backup of android
D/BackupManagerService(  593): Now staging backup of com.android.nfc
D/BackupManagerService(  593): Now staging backup of com.google.android.gm
D/BackupManagerService(  593): Now staging backup of com.android.providers.settings
D/BackupManagerService(  593): Now staging backup of com.android.sharedstoragebackup
D/BackupManagerService(  593): Now staging backup of com.google.android.calendar
D/BackupManagerService(  593): Now staging backup of com.google.android.talk
D/BackupManagerService(  593): Now staging backup of com.android.providers.userdictionary
D/BackupManagerService(  593): Now staging backup of com.google.android.inputmethod.latin
V/BackupManagerService(  593): Starting with transport com.google.android.gms/.backup.BackupTransportService
V/BackupManagerService(  593): Found transports: 2
I/BackupManagerService(  593): Binding to transport host ComponentInfo{android/com.android.internal.backup.LocalTransportService}
I/BackupManagerService(  593): Binding to transport host ComponentInfo{com.google.android.gms/com.google.android.gms.backup.BackupTransportService}
I/BackupManagerService(  593): Found stale backup journal, scheduling
I/DisplayManagerService(  593): Display device changed: DisplayDeviceInfo{"Built-in Screen": uniqueId="local:0", 1200 x 1920, 60.0 fps, supportedRefreshRates [60.0], density 320, 320.842 x 322.966 dpi, appVsyncOff 0, presDeadline 17666667, touch INTERNAL, rotation 0, type BUILT_IN, state ON, FLAG_DEFAULT_DISPLAY, FLAG_ROTATES_WITH_CONTENT, FLAG_SECURE, FLAG_SUPPORTS_PROTECTED_BUFFERS}
I/AppOps  (  593): Pruning old package media/1013: new uid=-1
I/ActivityManager(  593): System now ready
I/SystemServer(  593): Making services ready
I/SystemServiceManager(  593): Starting phase 550
I/SystemServer(  593): WebViewFactory preparation
I/ActivityManager(  593): Start proc 712:android.process.media/u0a16 for broadcast com.android.providers.media/.MtpReceiver
I/ActivityManager(  593): Start proc 729:WebViewLoader-armeabi-v7a/1037 [android.webkit.WebViewFactory$RelroFileCreator] for 
I/ActivityManager(  593): Start proc 753:com.android.systemui/u0a94 for service com.android.systemui/.SystemUIService
W/MountService(  593): Duplicate state transition (mounted -> mounted) for /storage/emulated/0
D/NetworkManagementService(  593): enabling bandwidth control
V/FingerprintService(  593): startListening(android.service.fingerprint.IFingerprintServiceReceiver$Stub$Proxy@12d48c87)
W/ResourcesManager(  593): Asset path '/system/framework/com.google.android.maps.jar' does not exist or contains no resources.
W/ResourcesManager(  593): Asset path '/system/framework/com.google.android.media.effects.jar' does not exist or contains no resources.
I/ActivityManager(  593): Start proc 848:com.android.settings/1000 for broadcast com.android.settings/.widget.SettingsAppWidgetProvider
I/SystemServiceManager(  593): Starting phase 600
I/BackupManagerService(  593): Backup enabled => true
I/ActivityManager(  593): Start proc 884:com.google.android.googlequicksearchbox:interactor/u0a60 for service com.google.android.googlequicksearchbox/com.google.android.voiceinteraction.GsaVoiceInteractionService
E/InputMethodManagerService(  593): Ignoring setImeWindowStatus due to an invalid token. uid:1000 token:null
I/ActivityManager(  593): Start proc 905:com.google.android.inputmethod.latin/u0a36 for service com.google.android.inputmethod.latin/com.android.inputmethod.latin.LatinIME
V/InputMethodManagerService(  593): Adding window token: android.os.Binder@105bf3ef
I/ActivityManager(  593): Start proc 926:com.google.android.apps.gcs/u0a19 for broadcast com.google.android.apps.gcs/.receiver.WifiStateChangedReceiver
I/ActivityManager(  593): Start proc 988:com.google.process.gapps/u0a23 for content provider com.google.android.gsf/.gservices.GservicesProvider
I/StatusBarManagerService(  593): registerStatusBar bar=com.android.internal.statusbar.IStatusBar$Stub$Proxy@237066d8
E/LocationManagerService(  593): Hardware Activity-Recognition not supported.
I/MmsServiceBroker(  593): Delay connecting to MmsService until an API is called
I/ActivityManager(  593): Start proc 1021:com.android.nfc/1027 for added application com.android.nfc
I/ActivityManager(  593): Start proc 1039:com.nuance.xt9.input/u0a65 for added application com.nuance.xt9.input
I/ActivityManager(  593): Start proc 1056:com.android.phone/1001 for added application com.android.phone
I/ActivityManager(  593): START u0 {act=android.intent.action.MAIN cat=[android.intent.category.HOME] flg=0x10000000 cmp=com.android.launcher/com.android.launcher2.Launcher} from uid 0 on display 0
V/WindowManager(  593): addAppToken: AppWindowToken{211d81e5 token=Token{27d61cdc ActivityRecord{236afd4f u0 com.android.launcher/com.android.launcher2.Launcher t33}}} to stack=0 task=33 at 0
I/ActivityManager(  593): Start proc 1077:com.android.launcher/u0a37 for activity com.android.launcher/com.android.launcher2.Launcher
V/ActivityManager(  593): Display changed displayId=0
I/ActivityManager(  593): Start proc 1108:com.android.printspooler/u0a102 for service com.android.printspooler/.model.PrintSpoolerService
V/ActivityManager(  593): Display changed displayId=0
V/ActivityManager(  593): Display changed displayId=0
I/Telecom (  593): TelecomGlobals: TelecomGlobals initializing
I/ActivityManager(  593): Start proc 1129:android.process.acore/u0a0 for content provider com.android.providers.contacts/.CallLogProvider
I/Telecom (  593): TelecomGlobals: CallsManager initialized
W/ContextImpl(  593): Calling a method in the system process without a qualified user: android.app.ContextImpl.startService:1692 android.content.ContextWrapper.startService:516 com.android.server.telecom.BluetoothPhoneService.start:440 com.android.server.telecom.TelecomGlobals.initialize:93 com.android.server.telecom.TelecomService.onCreate:164 
V/WiredAccessoryManager(  593): init()
I/ActivityManager(  593): Start proc 1168:com.google.android.googlequicksearchbox:search/u0a60 for service com.google.android.googlequicksearchbox/com.google.android.hotword.service.HotwordService
V/ActivityManager(  593): Display changed displayId=0
V/BackupManagerService(  593): Connected to transport ComponentInfo{android/com.android.internal.backup.LocalTransportService}
V/BackupManagerService(  593): Registering transport android/com.android.internal.backup.LocalTransportService::android/com.android.internal.backup.LocalTransport = android.app.backup.BackupTransport$TransportImpl@3f267565
I/ActivityManager(  593): Start proc 1205:com.google.android.keep/u0a34 for broadcast com.google.android.keep/.notification.AlertReceiver
D/WifiService(  593): New client listening to asynchronous messages
D/ConnectivityService(  593): listenForNetwork for NetworkRequest [ id=2, legacyType=-1, [] ]
W/ResourcesManager(  988): Asset path '/system/framework/com.android.media.remotedisplay.jar' does not exist or contains no resources.
W/ResourcesManager(  988): Asset path '/system/framework/com.android.location.provider.jar' does not exist or contains no resources.
I/ActivityManager(  593): Start proc 1241:com.google.android.partnersetup/u0a28 for content provider com.google.android.partnersetup/.RlzAppProvider
W/ResourcesManager( 1077): Asset path '/system/framework/com.google.android.maps.jar' does not exist or contains no resources.
W/ResourcesManager( 1077): Asset path '/system/framework/com.google.android.media.effects.jar' does not exist or contains no resources.
W/KeyphraseEnrollmentInfo(  884): Enrollment application doesn't support keyphrases
E/ConnectivityService(  593): Failed to find Messenger in unregisterNetworkFactory
D/ConnectivityService(  593): Got NetworkFactory Messenger for Telephony
W/ResourcesManager( 1056): Asset path '/system/framework/com.google.android.media.effects.jar' does not exist or contains no resources.
V/WindowManager(  593): Based on layer: Adding window Window{c263dc5 u0 com.android.launcher/com.android.launcher2.Launcher} at 0 of 1
I/ActivityManager(  593): Start proc 1299:tunein.player/u0a72 for broadcast tunein.player/tunein.library.common.NetworkChangeReceiver
D/WifiService(  593): New client listening to asynchronous messages
W/ResourcesManager( 1077): Asset path '/system/framework/com.google.android.maps.jar' does not exist or contains no resources.
I/ActivityManager(  593): Start proc 1366:com.google.android.gms/u0a23 for service com.google.android.gms/.reminders.service.RemindersService
W/ResourcesManager( 1366): Asset path '/system/framework/com.android.media.remotedisplay.jar' does not exist or contains no resources.
W/ResourcesManager( 1366): Asset path '/system/framework/com.android.location.provider.jar' does not exist or contains no resources.
W/KeyguardServiceDelegate(  593): onScreenTurnedOn(): no keyguard service!
D/ConnectivityService(  593): Got NetworkFactory Messenger for WIFI
D/ConnectivityService(  593): Got NetworkFactory Messenger for WIFI_UT
I/ActivityManager(  593): Start proc 1441:com.google.android.gms.persistent/u0a23 for broadcast com.google.android.gms/com.google.android.location.internal.NlpNetworkProviderSettingsUpdateReceiver
W/ResourcesManager( 1441): Asset path '/system/framework/com.android.media.remotedisplay.jar' does not exist or contains no resources.
W/ResourcesManager( 1441): Asset path '/system/framework/com.android.location.provider.jar' does not exist or contains no resources.
D/WifiService(  593): New client listening to asynchronous messages
V/BackupManagerService(  593): Connected to transport ComponentInfo{com.google.android.gms/com.google.android.gms.backup.BackupTransportService}
V/BackupManagerService(  593): Registering transport com.google.android.gms/.backup.BackupTransportService::com.google.android.gms/.backup.BackupTransportService = com.android.internal.backup.IBackupTransport$Stub$Proxy@1e38dffb
D/WifiService(  593): New client listening to asynchronous messages
W/WindowManager(  593): Keyguard drawn timeout. Setting mKeyguardDrawComplete
I/ActivityManager(  593): Start proc 1508:com.google.android.gms.wearable/u0a23 for service com.google.android.gms/.wearable.service.WearableService
W/ResourcesManager( 1508): Asset path '/system/framework/com.android.media.remotedisplay.jar' does not exist or contains no resources.
W/ResourcesManager( 1508): Asset path '/system/framework/com.android.location.provider.jar' does not exist or contains no resources.
I/ActivityManager(  593): Start proc 1539:com.google.android.apps.maps/u0a42 for broadcast com.google.android.apps.maps/com.google.android.apps.gmm.iamhere.ble.StartBleServiceReceiver
D/WifiService(  593): New client listening to asynchronous messages
D/VoldCmdListener(  183): cryptfs getpw
D/VoldCmdListener(  183): cryptfs clearpw
I/ActivityManager(  593): Start proc 1584:com.android.chrome/u0a10 for broadcast com.android.chrome/org.chromium.chrome.browser.precache.PrecacheServiceLauncher
D/WifiService(  593): acquireWifiLockLocked: WifiLock{NlpWifiLock type=2 binder=android.os.BinderProxy@72e79ff}
I/ActivityManager(  593): Start proc 1609:com.google.android.apps.plus/u0a54 for broadcast com.google.android.apps.plus/com.google.android.libraries.social.autobackup.AutoBackupEnvironment$BatteryReceiver
W/ResourcesManager( 1609): Asset path '/system/framework/com.google.android.maps.jar' does not exist or contains no resources.
D/WifiService(  593): releaseWifiLockLocked: WifiLock{NlpWifiLock type=2 binder=android.os.BinderProxy@72e79ff}
I/ActivityManager(  593): Start proc 1649:com.google.android.apps.photos/u0a115 for broadcast com.google.android.apps.photos/.scheduler.PowerReceiver
W/ProcessCpuTracker(  593): Skipping unknown process pid 1637
W/ProcessCpuTracker(  593): Skipping unknown process pid 1639
W/ProcessCpuTracker(  593): Skipping unknown process pid 1666
I/ActivityManager(  593): Start proc 1670:com.metago.astro/u0a80 for broadcast com.metago.astro/com.kii.cloud.collector.Receiver
D/WifiService(  593): New client listening to asynchronous messages
I/ActivityManager(  593): Start proc 1694:com.google.android.deskclock/u0a15 for broadcast com.google.android.deskclock/com.android.alarmclock.AnalogAppWidgetProvider
I/ActivityManager(  593): Start proc 1726:com.google.android.apps.magazines/u0a40 for broadcast com.google.android.apps.magazines/com.google.apps.dots.android.newsstand.audio.MediaButtonIntentReceiver
I/ActivityManager(  593): Start proc 1785:com.utorrent.client/u0a86 for broadcast com.utorrent.client/com.bittorrent.client.service.PlayerServiceRemoteEventReceiver
I/ActivityManager(  593): Killing 1241:com.google.android.partnersetup/u0a28 (adj 15): empty #17
I/ActivityManager(  593): Start proc 1862:com.google.android.partnersetup/u0a28 for broadcast com.google.android.partnersetup/.PhoneStateReceiver
I/ActivityManager(  593): Killing 1168:com.google.android.googlequicksearchbox:search/u0a60 (adj 15): empty #17
D/WifiService(  593): Client connection lost with reason: 4
I/ActivityManager(  593): Start proc 1902:com.google.android.talk/u0a32 for broadcast com.google.android.talk/com.google.android.apps.hangouts.service.NetworkStateReceiver
D/WifiService(  593): acquireWifiLockLocked: WifiLock{NlpWifiLock type=2 binder=android.os.BinderProxy@cffd168}
