W/Search.LoginHelper( 2586): 	at java.lang.Thread.run(Thread.java:818)
W/Search.LoginHelper( 2586): 	at com.google.android.apps.gsa.shared.util.c.a.l$1.run(GsaThreadFactory.java:99)
I/LibraryLoader( 2586): Time to load native libraries: 2 ms (timestamps 3332-3334)
I/LibraryLoader( 2586): Expected native library version number "",actual native library version number ""
I/GLSUser ( 1088): [GLSUser] getTokenFromCache: [account: <ELLIDED:-11767>, callingPkg: com.google.android.googlequicksearchbox, service: oauth2:https://www.googleapis.com/auth/googlenow]
I/Auth.Core( 1088): [TokenCache] Missing snowballing token: no granted scopes set.
W/art     ( 2586): Attempt to remove local handle scope entry from IRT, ignoring
I/GLSUser ( 1088): [GLSUser] getTokenFromGoogle [account: <ELLIDED:-11767>, callingPkg: com.google.android.googlequicksearchbox, service: oauth2:https://www.googleapis.com/auth/googlenow
F/Adjust  ( 2641): PRODUCTION: Adjust is running in Production mode. Use this setting only for the build that you want to publish. Set the environment to `sandbox` if you want to test your app!
I/GLSUser ( 1088): [GLSUser] IOException in getAuthtoken(<ELLIDED:-11767>, oauth2:https://www.googleapis.com/auth/googlenow) -> exception: Unable to resolve host "android.clients.google.com": No address associated with hostname)
I/GLSUser ( 1088): [GLSUser] getAuthtoken(<ELLIDED:-11767>, oauth2:https://www.googleapis.com/auth/googlenow) -> status: NETWORK_ERROR)
I/GLSUser ( 1088): [GLSUser] Extracting token using key: Auth
W/GLSActivity( 1088): gms.StatusHelper Status from wire: NetworkError status: NETWORK_ERROR
W/Search.LoginHelper( 2586): IO exception for scope: oauth2:https://www.googleapis.com/auth/googlenow
W/Search.LoginHelper( 2586): java.io.IOException: NetworkError
W/Search.LoginHelper( 2586): 	at com.google.android.gms.auth.b.b(Unknown Source)
W/Search.LoginHelper( 2586): 	at com.google.android.gms.auth.b.a(Unknown Source)
W/Search.LoginHelper( 2586): 	at com.google.android.gms.auth.b.c(Unknown Source)
W/Search.LoginHelper( 2586): 	at com.google.android.gms.auth.b.a(Unknown Source)
W/Search.LoginHelper( 2586): 	at com.google.android.gms.auth.b.a(Unknown Source)
W/Search.LoginHelper( 2586): 	at com.google.android.apps.gsa.search.core.d.b.m.a(GoogleAuthAdapterImpl.java:29)
W/Search.LoginHelper( 2586): 	at com.google.android.apps.gsa.search.core.d.b.k.a(FallingBackGoogleAuthAdapter.java:93)
W/Search.LoginHelper( 2586): 	at com.google.android.apps.gsa.search.core.d.b.g.a(CachingGoogleAuthAdapter.java:72)
W/Search.LoginHelper( 2586): 	at com.google.android.apps.gsa.search.core.d.b.n.b(LoginHelper.java:827)
W/Search.LoginHelper( 2586): 	at com.google.android.apps.gsa.search.core.d.b.n$5.Yy(LoginHelper.java:713)
W/Search.LoginHelper( 2586): 	at com.google.android.apps.gsa.search.core.d.b.n$5.call(LoginHelper.java:710)
W/Search.LoginHelper( 2586): 	at java.util.concurrent.FutureTask.run(FutureTask.java:237)
W/Search.LoginHelper( 2586): 	at java.util.concurrent.Executors$RunnableAdapter.call(Executors.java:422)
W/Search.LoginHelper( 2586): 	at java.util.concurrent.FutureTask.run(FutureTask.java:237)
W/Search.LoginHelper( 2586): 	at java.util.concurrent.ThreadPoolExecutor.runWorker(ThreadPoolExecutor.java:1112)
W/Search.LoginHelper( 2586): 	at java.util.concurrent.ThreadPoolExecutor$Worker.run(ThreadPoolExecutor.java:587)
W/Search.LoginHelper( 2586): 	at java.lang.Thread.run(Thread.java:818)
W/Search.LoginHelper( 2586): 	at com.google.android.apps.gsa.shared.util.c.a.l$1.run(GsaThreadFactory.java:99)
D/PassiveStumbler( 2641): Stumbler: received intent external to host app
D/GeckoSharedPrefs( 2641): Current version = 1, prefs version = 1
V/GeckoProfile( 2641): Fetching profile: '', 'null'
D/GeckoProfile( 2641): Found profile dir.
I/ActivityManager(  602): Start proc 2673:com.utorrent.client/u0a86 for broadcast com.utorrent.client/com.bittorrent.client.BTReceiver
E/ActivityThread( 2641): Failed to find provider info for com.facebook.katana.provider.AttributionIdProvider
V/GeckoProfile( 2641): Fetching profile: '', 'null'
I/ActivityManager(  602): Killing 2047:com.google.android.nfcprovision/u0a46 (adj 15): empty #17
I/GLSUser ( 1088): [GLSUser] getTokenFromCache: [account: <ELLIDED:-11767>, callingPkg: com.google.android.googlequicksearchbox, service: oauth2:https://www.googleapis.com/auth/googlenow]
I/Auth.Core( 1088): [TokenCache] Missing snowballing token: no granted scopes set.
I/GLSUser ( 1088): [GLSUser] getTokenFromGoogle [account: <ELLIDED:-11767>, callingPkg: com.google.android.googlequicksearchbox, service: oauth2:https://www.googleapis.com/auth/googlenow
I/GLSUser ( 1088): [GLSUser] IOException in getAuthtoken(<ELLIDED:-11767>, oauth2:https://www.googleapis.com/auth/googlenow) -> exception: Unable to resolve host "android.clients.google.com": No address associated with hostname)
I/GLSUser ( 1088): [GLSUser] getAuthtoken(<ELLIDED:-11767>, oauth2:https://www.googleapis.com/auth/googlenow) -> status: NETWORK_ERROR)
I/GLSUser ( 1088): [GLSUser] Extracting token using key: Auth
W/GLSActivity( 1088): gms.StatusHelper Status from wire: NetworkError status: NETWORK_ERROR
W/Search.LoginHelper( 2586): IO exception for scope: oauth2:https://www.googleapis.com/auth/googlenow
W/Search.LoginHelper( 2586): java.io.IOException: NetworkError
W/Search.LoginHelper( 2586): 	at com.google.android.gms.auth.b.b(Unknown Source)
W/Search.LoginHelper( 2586): 	at com.google.android.gms.auth.b.a(Unknown Source)
W/Search.LoginHelper( 2586): 	at com.google.android.gms.auth.b.c(Unknown Source)
W/Search.LoginHelper( 2586): 	at com.google.android.gms.auth.b.a(Unknown Source)
W/Search.LoginHelper( 2586): 	at com.google.android.gms.auth.b.a(Unknown Source)
W/Search.LoginHelper( 2586): 	at com.google.android.apps.gsa.search.core.d.b.m.a(GoogleAuthAdapterImpl.java:29)
W/Search.LoginHelper( 2586): 	at com.google.android.apps.gsa.search.core.d.b.k.a(FallingBackGoogleAuthAdapter.java:93)
W/Search.LoginHelper( 2586): 	at com.google.android.apps.gsa.search.core.d.b.g.a(CachingGoogleAuthAdapter.java:72)
W/Search.LoginHelper( 2586): 	at com.google.android.apps.gsa.search.core.d.b.n.b(LoginHelper.java:827)
W/Search.LoginHelper( 2586): 	at com.google.android.apps.gsa.search.core.d.b.n$5.Yy(LoginHelper.java:713)
W/Search.LoginHelper( 2586): 	at com.google.android.apps.gsa.search.core.d.b.n$5.call(LoginHelper.java:710)
W/Search.LoginHelper( 2586): 	at java.util.concurrent.FutureTask.run(FutureTask.java:237)
W/Search.LoginHelper( 2586): 	at java.util.concurrent.Executors$RunnableAdapter.call(Executors.java:422)
W/Search.LoginHelper( 2586): 	at java.util.concurrent.FutureTask.run(FutureTask.java:237)
W/Search.LoginHelper( 2586): 	at java.util.concurrent.ThreadPoolExecutor.runWorker(ThreadPoolExecutor.java:1112)
W/Search.LoginHelper( 2586): 	at java.util.concurrent.ThreadPoolExecutor$Worker.run(ThreadPoolExecutor.java:587)
W/Search.LoginHelper( 2586): 	at java.lang.Thread.run(Thread.java:818)
W/Search.LoginHelper( 2586): 	at com.google.android.apps.gsa.shared.util.c.a.l$1.run(GsaThreadFactory.java:99)
I/ActivityManager(  602): Killing 1465:com.android.settings/1000 (adj 15): empty #17
D/WifiService(  602): Client connection lost with reason: 4
I/Fabric  ( 2673): Initializing Crashlytics 2.2.2.37
W/ActivityThread( 2641): ClassLoader.loadClass: The class loader returned by Thread.getContextClassLoader() may fail for processes that host multiple applications. You should explicitly specify a context class loader. For example: Thread.setContextClassLoader(getClass().getClassLoader());
E/Fabric  ( 2673): Failed to retrieve settings from https://settings.crashlytics.com/spi/v2/platforms/android/apps/com.utorrent.client/settings
I/ActivityManager(  602): Start proc 2712:tunein.player/u0a72 for broadcast tunein.player/tunein.partners.livio.LivioBroadcastReceiver
I/ActivityManager(  602): Killing 1598:com.google.android.apps.gcs/u0a19 (adj 15): empty #17
I/art     (  204): Explicit concurrent mark sweep GC freed 709(30KB) AllocSpace objects, 0(0B) LOS objects, 40% free, 7MB/11MB, paused 305us total 18.005ms
I/art     (  204): Explicit concurrent mark sweep GC freed 5(160B) AllocSpace objects, 0(0B) LOS objects, 40% free, 7MB/11MB, paused 274us total 12.817ms
I/art     (  204): Explicit concurrent mark sweep GC freed 5(160B) AllocSpace objects, 0(0B) LOS objects, 40% free, 7MB/11MB, paused 305us total 13.366ms
I/MultiDex( 2712): VM with version 2.1.0 has multidex support
I/MultiDex( 2712): install
I/MultiDex( 2712): VM has multidex support, MultiDex support library is disabled.
I/GAv4    ( 2712): Google Analytics 4.5.0/7327 is starting up. To enable debug logging on a device run:
I/GAv4    ( 2712):   adb shell setprop log.tag.GAv4 DEBUG
I/GAv4    ( 2712):   adb logcat -s GAv4
W/GAv4    ( 2712): AnalyticsReceiver is not registered or is disabled. Register the receiver for reliable dispatching on non-Google Play devices. See http://goo.gl/8Rd3yj for instructions.
W/GAv4    ( 2712): AnalyticsService not registered in the app manifest. Hits might not be delivered reliably. See http://goo.gl/8Rd3yj for instructions.
D/libcrashlytics( 2712): Initializing libcrashlytics version 0.5.0
D/libcrashlytics( 2712): Attempting to load unwinder...
D/libcrashlytics( 2712): Done; using libunwind
D/libcrashlytics( 2712): Attempting to register signal handler...
D/libcrashlytics( 2712): Signal handler registered.
D/libcrashlytics( 2712): Initializing native crash handling successful.
I/Fabric  ( 2712): Initializing Crashlytics 2.2.4.42
I/RT      ( 2712): Launching TuneIn Radio free version
E/art     ( 2712): dlopen("/system/lib/libtunein.oem.so", RTLD_LAZY) failed: dlopen failed: library "/system/lib/libtunein.oem.so" not found
I/RT      ( 2712): Don't keep logs, normal trace mode
I/EntropyMixer(  602): Writing entropy...
D/BluetoothManagerService(  602): Message: 20
D/BluetoothManagerService(  602): Added callback: android.bluetooth.IBluetoothManagerCallback$Stub$Proxy@299cbdb:true
D/BootupReceiver( 2712): BootupReceiver initiated
I/ActivityManager(  602): Start proc 2757:com.ubuntuone.android.files/u0a78 for broadcast com.ubuntuone.android.files/.receiver.SystemReceiver
I/ActivityManager(  602): Killing 2065:com.google.android.configupdater/u0a11 (adj 15): empty #17
I/ValidateNoPeople(  602): skipping global notification
I/art     (  602): Explicit concurrent mark sweep GC freed 11541(553KB) AllocSpace objects, 0(0B) LOS objects, 33% free, 18MB/28MB, paused 1.220ms total 86.029ms
I/UbuntuOneFiles( 2757): UbuntuOneFiles: Starting application
I/UbuntuOneFiles( 2757): SystemReceiver: android.intent.action.BOOT_COMPLETED
W/BroadcastQueue(  602): Permission Denial: receiving Intent { act=android.intent.action.BOOT_COMPLETED flg=0x8000010 (has extras) } to com.metago.astro/com.kii.cloud.collector.Receiver requires android.permission.RECEIVE_BOOT_COMPLETED due to sender null (uid 1000)
I/ActivityManager(  602): Killing 2100:android.process.acore/u0a0 (adj 15): empty #17
E/Fabric  ( 2712): Unknown error while loading Crashlytics settings. Crashes will be cached until settings can be retrieved.
W/Fabric  ( 2712): Received null settings, skipping initialization!
I/ActivityManager(  602): Start proc 2779:com.nordic.android.nrftemp/u0a84 for broadcast com.nordic.android.nrftemp/no.nordicsemi.android.nrftemp.StartPeriodicScanBroadcastReceiver
I/ActivityManager(  602): Start proc 2797:si.ijs.opcomm.sensorapp/u0a126 for broadcast si.ijs.opcomm.sensorapp/.service.dispatch.ServerDispatchAlarmReceiver
I/ActivityManager(  602): Killing 2240:com.google.android.gms:car/u0a23 (adj 15): empty #17
I/art     ( 2797): Late-enabling -Xcheck:jni
W/WindowManager(  602): performLayoutAndPlaceSurfacesLocked called while in layout. Callers=com.android.server.wm.WindowManagerService.performLayoutAndPlaceSurfacesLocked:8731 com.android.server.wm.WindowManagerService.reevaluateStatusBarVisibility:10825 com.android.internal.policy.impl.PhoneWindowManager.clearClearableFlagsLw:6139 
I/si.ijs.opcomm.sensorapp.utils.data.FetchDataUtil( 2797): Error at dispatching
I/si.ijs.opcomm.sensorapp.utils.data.FetchDataUtil( 2797): java.io.EOFException
I/si.ijs.opcomm.sensorapp.utils.data.FetchDataUtil( 2797): 	at libcore.io.Streams.readFully(Streams.java:83)
I/si.ijs.opcomm.sensorapp.utils.data.FetchDataUtil( 2797): 	at java.io.DataInputStream.readShort(DataInputStream.java:152)
I/si.ijs.opcomm.sensorapp.utils.data.FetchDataUtil( 2797): 	at java.io.ObjectInputStream.readStreamHeader(ObjectInputStream.java:2064)
I/si.ijs.opcomm.sensorapp.utils.data.FetchDataUtil( 2797): 	at java.io.ObjectInputStream.<init>(ObjectInputStream.java:371)
I/si.ijs.opcomm.sensorapp.utils.data.FetchDataUtil( 2797): 	at si.ijs.opcomm.sensorapp.utils.data.FetchDataUtil.fetchApToNodeMappingFromFile(FetchDataUtil.java:33)
I/si.ijs.opcomm.sensorapp.utils.data.FetchDataUtil( 2797): 	at si.ijs.opcomm.sensorapp.SensorApplication.refreshApNodeMappings(SensorApplication.java:26)
I/si.ijs.opcomm.sensorapp.utils.data.FetchDataUtil( 2797): 	at si.ijs.opcomm.sensorapp.SensorApplication.onCreate(SensorApplication.java:19)
I/si.ijs.opcomm.sensorapp.utils.data.FetchDataUtil( 2797): 	at android.app.Instrumentation.callApplicationOnCreate(Instrumentation.java:1012)
I/si.ijs.opcomm.sensorapp.utils.data.FetchDataUtil( 2797): 	at android.app.ActivityThread.handleBindApplication(ActivityThread.java:4553)
I/si.ijs.opcomm.sensorapp.utils.data.FetchDataUtil( 2797): 	at android.app.ActivityThread.access$1500(ActivityThread.java:151)
I/si.ijs.opcomm.sensorapp.utils.data.FetchDataUtil( 2797): 	at android.app.ActivityThread$H.handleMessage(ActivityThread.java:1364)
I/si.ijs.opcomm.sensorapp.utils.data.FetchDataUtil( 2797): 	at android.os.Handler.dispatchMessage(Handler.java:102)
I/si.ijs.opcomm.sensorapp.utils.data.FetchDataUtil( 2797): 	at android.os.Looper.loop(Looper.java:135)
I/si.ijs.opcomm.sensorapp.utils.data.FetchDataUtil( 2797): 	at android.app.ActivityThread.main(ActivityThread.java:5254)
I/si.ijs.opcomm.sensorapp.utils.data.FetchDataUtil( 2797): 	at java.lang.reflect.Method.invoke(Native Method)
I/si.ijs.opcomm.sensorapp.utils.data.FetchDataUtil( 2797): 	at java.lang.reflect.Method.invoke(Method.java:372)
I/si.ijs.opcomm.sensorapp.utils.data.FetchDataUtil( 2797): 	at com.android.internal.os.ZygoteInit$MethodAndArgsCaller.run(ZygoteInit.java:903)
I/si.ijs.opcomm.sensorapp.utils.data.FetchDataUtil( 2797): 	at com.android.internal.os.ZygoteInit.main(ZygoteInit.java:698)
D/si.ijs.opcomm.sensorapp.service.dispatch.ServerDispatchAlarmReceiver@316b551a( 2797): Received intent: android.intent.action.BOOT_COMPLETED
I/GAV2    ( 2322): Thread[GAThread,5,main]: No campaign data found.
I/ActivityManager(  602): Start proc 2818:com.gameloft.android.ANMP.GloftRAHM:remote/u0a48 for broadcast com.gameloft.android.ANMP.GloftRAHM/.PushNotification.LocalPushReceiver
I/ActivityManager(  602): Killing 2166:com.android.vending/u0a52 (adj 15): empty #17
I/art     ( 2838): Late-enabling -Xcheck:jni
I/ActivityManager(  602): Start proc 2838:si.ijs.opcomm.sensorappwifi/u0a127 for broadcast si.ijs.opcomm.sensorappwifi/.service.dispatch.ServerDispatchAlarmReceiver
I/ActivityManager(  602): Killing 2278:com.google.android.apps.maps/u0a42 (adj 15): empty #17
D/si.ijs.opcomm.sensorappwifi.service.dispatch.ServerDispatchAlarmReceiver@1dc8b8d4( 2838): Received intent: android.intent.action.BOOT_COMPLETED
I/ActivityManager(  602): Start proc 2861:com.google.android.music:main/u0a44 for broadcast com.google.android.music/.store.MediaStoreImportService$Receiver
I/ActivityManager(  602): Killing 1373:com.google.android.gms.wearable/u0a23 (adj 15): empty #17
I/ActivityManager(  602): Killing 713:android.process.media/u0a16 (adj 15): empty #17
W/WindowManager(  602): performLayoutAndPlaceSurfacesLocked called while in layout. Callers=com.android.server.wm.WindowManagerService.performLayoutAndPlaceSurfacesLocked:8731 com.android.server.wm.WindowManagerService.reevaluateStatusBarVisibility:10825 com.android.internal.policy.impl.PhoneWindowManager.clearClearableFlagsLw:6139 
I/MusicStore( 2861): Database version: 120
D/PhoneStatusBar(  746): disable: < expand ICONS alerts SYSTEM_INFO back HOME RECENT clock SEARCH >
I/ActivityManager(  602): Start proc 2907:android.process.media/u0a16 for content provider com.android.providers.media/.MediaProvider
W/ResourcesManager( 2861): Asset path '/system/framework/com.android.media.remotedisplay.jar' does not exist or contains no resources.
W/ResourcesManager( 2861): Asset path '/system/framework/com.android.location.provider.jar' does not exist or contains no resources.
V/JNIHelp ( 2861): Registering com/google/android/gms/org/conscrypt/NativeCrypto's 227 native methods...
E/SQLiteLog( 2907): (283) recovered 65 frames from WAL file /data/user/0/com.android.providers.media/databases/external.db-wal
I/ProviderInstaller( 2861): Installed default security provider GmsCore_OpenSSL
D/AndroidMusic( 2861): GMSCore installation verified
I/ConfigStore( 2861): Config Database version: 1
I/iu.UploadsManager( 1247): End new media; added: 0, uploading: 0, time: 194 ms
I/ActivityManager(  602): Killing 2322:com.google.android.gm/u0a22 (adj 15): empty #17
I/MediaRouter( 2861): Found default route: MediaRouter.RouteInfo{ uniqueId=android/.support.v7.media.SystemMediaRouteProvider:DEFAULT_ROUTE, name=Tablet, description=null, enabled=true, connecting=false, canDisconnect=false, playbackType=0, playbackStream=3, volumeHandling=1, volume=0, volumeMax=15, presentationDisplayId=-1, extras=null, settingsIntent=null, providerPackageName=android }
I/GHttpClientFactory( 2861): Using our fixed implementation of GMSCore's GoogleHttpClient
I/GoogleURLConnFactory( 2861): Using platform SSLCertificateSocketFactory
I/art     ( 1088): Explicit concurrent mark sweep GC freed 24391(1468KB) AllocSpace objects, 0(0B) LOS objects, 40% free, 10MB/17MB, paused 1.190ms total 34.698ms
I/ActivityManager(  602): Killing 2349:com.google.android.gm.exchange/u0a116 (adj 15): empty #17
D/ServerDispatchService( 2797): Starting dispatch service...
I/ServerDispatchService( 2797): onStartCommand
D/ServerDispatchService( 2838): Starting dispatch service...
I/ServerDispatchService( 2838): onStartCommand
I/ServerDispatchService( 2838): Dispatching data to server!
D/PhoneStatusBar(  746): disable: < expand icons* alerts system_info* back HOME RECENT clock SEARCH >
D/audio_hw_primary(  192): select_devices: out_snd_device(2: speaker) in_snd_device(0: none)
D/ACDB-LOADER(  192): ACDB -> send_afe_cal
D/audio_hw_primary(  192): enable_snd_device: snd_device(2: speaker)
I/ServerDispatchService( 2797): Dispatching data to server!
D/audio_hw_primary(  192): enable_audio_route: apply and update mixer path: low-latency-playback
D/BluetoothAdapter(  746): 222409780: getState() :  mService = null. Returning STATE_OFF
D/BluetoothAdapter(  746): 222409780: getState() :  mService = null. Returning STATE_OFF
I/Choreographer(  746): Skipped 39 frames!  The application may be doing too much work on its main thread.
D/PhoneStatusBar(  746): disable: < expand icons alerts system_info back home* recent* clock search* >
I/Keyboard.Facilitator(  891): onFinishInput()
W/ServerDispatchService( 2838): Cannot dispatch -> Conn type selected to any but no connection available
W/ServerDispatchService( 2797): Cannot dispatch -> Conn type selected to any but no connection available
E/BrcmNfcJni(  977): nfaConnectionCallback: unknown event ????
D/BrcmNfcJni(  977): RoutingManager::nfaEeCallback: NFA_EE_SET_TECH_CFG_EVT; status=0x0
D/BrcmNfcJni(  977): RoutingManager::nfaEeCallback: NFA_EE_SET_PROTO_CFG_EVT; status=0x0
D/BrcmNfcJni(  977): RoutingManager::commitRouting
D/BrcmNfcJni(  977): RoutingManager::nfaEeCallback: NFA_EE_UPDATED_EVT
D/ServerDispatchService( 2797): Releasing wakelock...
D/ServerDispatchService( 2797): Stopping dispatch service...
D/ServerDispatchService( 2838): Releasing wakelock...
D/ServerDispatchService( 2838): Stopping dispatch service...
I/ActivityManager(  602): Start proc 2961:com.google.android.setupwizard/u0a55 for broadcast com.google.android.setupwizard/.util.GservicesChangedReceiver
I/ActivityManager(  602): Killing 2389:com.google.android.youtube/u0a66 (adj 15): empty #17
I/GAV2    ( 2505): Thread[GAThread,5,main]: No campaign data found.
D/GCM     ( 1088): GcmService start Intent { act=com.google.android.checkin.CHECKIN_COMPLETE flg=0x10 cmp=com.google.android.gms/.gcm.GcmService (has extras) } com.google.android.checkin.CHECKIN_COMPLETE
I/SetupWizard.FrpHelper( 2961): FRP status: supported: false, challengeRequired: false
D/ChimeraRcvrProxy( 1247): Creating receiver proxy ComponentInfo{com.google.android.gms/com.google.android.gms.kids.chimera.SystemEventReceiverProxy}
D/ChimeraRcvrProxy( 1247): Proxying container receiver ComponentInfo{com.google.android.gms/com.google.android.gms.kids.chimera.SystemEventReceiverProxy} to Chimera receiver impl com.google.android.gms.kids.account.SystemEventReceiver
D/ChimeraCfgMgr( 1247): Loading module com.google.android.gms.kids from APK com.google.android.gms
D/ChimeraSrvcProxy( 1247): Creating service proxy ComponentInfo{com.google.android.gms/com.google.android.gms.kids.chimera.KidsApiServiceProxy}
D/ChimeraSrvcProxy( 1247): Proxying container service ComponentInfo{com.google.android.gms/com.google.android.gms.kids.chimera.KidsApiServiceProxy} to Chimera service impl com.google.android.gms.kids.common.service.KidsApiService
D/ChimeraCfgMgr( 1247): Loading module com.google.android.gms.kids from APK com.google.android.gms
D/GCM     ( 1088): GcmService start Intent { act=com.google.android.gms.INITIALIZE flg=0x10 pkg=com.google.android.gms cmp=com.google.android.gms/.gcm.GcmService } com.google.android.gms.INITIALIZE
D/AuthorizationBluetoothService( 1088): Received GmsCore event: Intent { act=com.google.android.gms.INITIALIZE flg=0x10 pkg=com.google.android.gms cmp=com.google.android.gms/.auth.be.proximity.authorization.bt.AuthorizationBluetoothService$AutoStarter }.
V/GmsCoreStatsServiceLauncher( 1247): Received broadcast intent Intent { act=com.google.android.gms.INITIALIZE flg=0x10 pkg=com.google.android.gms cmp=com.google.android.gms/.common.stats.GmsCoreStatsServiceLauncher }
I/GLSUser ( 1088): [GLSUser] getTokenFromCache: [account: <ELLIDED:-11767>, callingPkg: com.google.android.gms, service: ac2dm]
V/GLSActivity( 1088): AuthDelegateWrapperCreated with selected intent: Intent { cmp=com.google.android.gms/.auth.DefaultAuthDelegateService }
E/DataBuffer( 2553): Internal data leak within a DataBuffer object detected!  Be sure to explicitly call release() on all DataBuffer extending objects when you are done with them. (com.google.android.gms.reminders.model.RemindersBuffer@251a21a3)
I/ActivityManager(  602): Start proc 2994:com.google.android.gms.wearable/u0a23 for service com.google.android.gms/.wearable.service.WearableService
D/LocationInitializer( 1247): Restart initialization of location
I/ActivityManager(  602): Start proc 3012:com.google.android.gm/u0a22 for broadcast com.google.android.gm/.widget.GmailWidgetProvider
V/GLSActivity( 1088): AuthDelegateWrapperCreated with selected intent: Intent { cmp=com.google.android.gms/.auth.DefaultAuthDelegateService }
W/ResourcesManager( 2994): Asset path '/system/framework/com.android.media.remotedisplay.jar' does not exist or contains no resources.
W/ResourcesManager( 2994): Asset path '/system/framework/com.android.location.provider.jar' does not exist or contains no resources.
I/MultiDex( 2994): VM with version 2.1.0 has multidex support
I/MultiDex( 2994): install
I/MultiDex( 2994): VM has multidex support, MultiDex support library is disabled.
I/ProviderInstaller( 2994): Insert disabled by gate 'gms:security:enable_conscrypt_in_gms_application'
D/WearableService( 2994): callingUid 10023, callindPid: 2994
E/MDM     (  958): [96] b.run: Couldn't connect to Google API client: ConnectionResult{statusCode=API_UNAVAILABLE, resolution=null}
I/Gmail   ( 3012): getAccountsCursor
D/ActivityThread( 3012): Loading provider com.google.android.gmail.provider;com.android.mail.notifier;com.google.android.gm.email.provider;com.google.android.gm.email.notifier: com.android.email.provider.EmailProvider
V/GLSActivity( 1088): AuthDelegateWrapperCreated with selected intent: Intent { cmp=com.google.android.gms/.auth.DefaultAuthDelegateService }
I/art     (  602): Explicit concurrent mark sweep GC freed 10558(470KB) AllocSpace objects, 0(0B) LOS objects, 33% free, 18MB/28MB, paused 1.861ms total 74.920ms
I/ActivityManager(  602): Start proc 3037:com.google.android.gm.exchange/u0a116 for service com.google.android.gm.exchange/com.android.exchange.service.EasService
I/art     (  204): Explicit concurrent mark sweep GC freed 706(30KB) AllocSpace objects, 0(0B) LOS objects, 40% free, 7MB/11MB, paused 305us total 16.235ms
I/art     (  204): Explicit concurrent mark sweep GC freed 5(160B) AllocSpace objects, 0(0B) LOS objects, 40% free, 7MB/11MB, paused 274us total 15.899ms
I/art     (  204): Explicit concurrent mark sweep GC freed 5(160B) AllocSpace objects, 0(0B) LOS objects, 40% free, 7MB/11MB, paused 335us total 19.500ms
W/GAV2    ( 3012): Thread[main,5,main]: Need to call initialize() and be in fallback mode to start dispatch.
W/ActivityManager(  602): Unable to start service Intent { cmp=com.google.android.gm/com.android.email.service.AttachmentService } U=0: not found
I/Exchange( 3037): EasService.onCreate
I/Gmail   ( 3012): getAccountsCursor
I/Exchange( 3037): RestartPingTask
I/Gmail   ( 3012): Observing account changes for notifications
V/GLSActivity( 1088): AuthDelegateWrapperCreated with selected intent: Intent { cmp=com.google.android.gms/.auth.DefaultAuthDelegateService }
E/SQLiteLog( 2527): (284) automatic index on view_events(_id)
V/GLSActivity( 1088): AuthDelegateWrapperCreated with selected intent: Intent { cmp=com.google.android.gms/.auth.DefaultAuthDelegateService }
E/SQLiteLog( 3012): (283) recovered 7 frames from WAL file /data/data/com.google.android.gm/databases/mailstore.sensorlab.mobile@gmail.com.db-wal
I/Exchange( 3037): RestartPingsTask did not start any pings.
I/Exchange( 3037): PSS stopIfIdle
I/Exchange( 3037): PSS has no active accounts; stopping service.
I/Exchange( 3037): onDestroy
I/GeckoHealth( 2641): firefox :: HealthReportBroadcastService :: Registering HealthReportUploadService.
I/ActivityManager(  602): Start proc 3084:com.android.chrome/u0a10 for broadcast com.android.chrome/org.chromium.chrome.browser.precache.PrecacheServiceLauncher
I/GeckoHealth( 2641): firefox :: BackgroundService :: Setting inexact repeating alarm for interval 3600000
I/GeckoHealth( 2641): firefox :: HealthReportBroadcastService :: Registering HealthReportPruneService.
I/GeckoHealth( 2641): firefox :: BackgroundService :: Setting inexact repeating alarm for interval 86400000
I/ActivityManager(  602): Killing 2482:com.google.android.deskclock/u0a15 (adj 15): empty #17
I/Gmail   ( 3012): notifyAccountChanged
I/Gmail   ( 3012): getAccountsCursor
I/Gmail   ( 3012): calculateUnknownSyncRationalesAndPurgeInBackground: queueing
I/Gmail   ( 3012): calculateUnknownSyncRationalesAndPurgeInBackground: queueing
I/Gmail   ( 3012): calculateUnknownSyncRationalesAndPurgeInBackground: running
I/Gmail   ( 3012): calculateUnknownSyncRationalesAndPurgeInBackground: running
V/GLSActivity( 1088): AuthDelegateWrapperCreated with selected intent: Intent { cmp=com.google.android.gms/.auth.DefaultAuthDelegateService }
I/ActivityManager(  602): Killing 1885:com.google.android.talk/u0a32 (adj 15): empty #17
I/ActivityManager(  602): Killing 2553:com.google.android.keep/u0a34 (adj 15): empty #17
D/AndroidRuntime( 3103): >>>>>> START com.android.internal.os.RuntimeInit uid 2000 <<<<<<
D/AndroidRuntime( 3103): CheckJNI is OFF
E/NetworkScheduler.SchedulerReceiver( 1088): Invalid parameter app
E/NetworkScheduler.SchedulerReceiver( 1088): Invalid package name : Perhaps you didn't include a PendingIntent in the extras?
I/iu.Environment( 1247): update battery state; isPlugged? true*
I/iu.SyncManager( 1247): SYNC; picasa accounts
I/GCoreUlr(  958): Starting service, intent=Intent { act=com.google.android.location.reporting.ACTION_UPDATE_WORLD cmp=com.google.android.gms/com.google.android.location.reporting.service.DispatchingService (has extras) }, extras=Bundle[{receiverAction=android.intent.action.ACTION_POWER_CONNECTED}]
I/GCoreUlr(  958): DispatchingService.onCreate()
I/iu.FingerprintManager( 1247): Start processing all media
I/iu.UploadsManager( 1247): num queued entries: 0
D/AndroidRuntime( 3103): Calling main entry com.android.commands.pm.Pm
I/iu.FingerprintManager( 1247): Start processing media store URI: content://media/external/images/media
I/iu.UploadsManager( 1247): num updated entries: 0
I/iu.SyncManager( 1247): NEXT; no task
I/ActivityManager(  602): Start proc 3124:com.google.android.apps.plus/u0a54 for broadcast com.google.android.apps.plus/.service.PhotosAppTransitionMonitor
I/iu.FingerprintManager( 1247): Start processing media store URI: content://media/external/video/media
I/art     ( 3103): System.exit called, status: 0
I/AndroidRuntime( 3103): VM exiting with result code 0.
I/iu.FingerprintManager( 1247): Start processing media store URI: content://media/phoneStorage/images/media
I/iu.FingerprintManager( 1247): Start processing media store URI: content://media/phoneStorage/video/media
I/iu.FingerprintManager( 1247): Finished generating fingerprints; 0.096 seconds
I/iu.FingerprintManager( 1247):   numSeen=18 numGenerated=0 numDeleted=0 numFailed=0
I/Gmail   ( 3012): getAccountsCursor
W/ResourcesManager( 3124): Asset path '/system/framework/com.google.android.maps.jar' does not exist or contains no resources.
V/GLSActivity( 1088): AuthDelegateWrapperCreated with selected intent: Intent { cmp=com.google.android.gms/.auth.DefaultAuthDelegateService }
I/GCoreUlr(  958): WorldUpdater received intent Intent { act=com.google.android.location.reporting.ACTION_UPDATE_WORLD cmp=com.google.android.gms/com.google.android.location.reporting.service.DispatchingService (has extras) } with receiverAction android.intent.action.ACTION_POWER_CONNECTED
I/NotifUtils( 3012): Validating Notification, mapSize: 0 getAttention: true ignoreUnobtrusive: false
I/NotifUtils( 3012): validateNotifications - cancelling -186914075 for -281707250 / -317575340
I/GCoreUlr(  958): WorldUpdater:android.intent.action.ACTION_POWER_CONNECTED: Ensuring that reporting is stopped because of reasons: {account#-10#=[InactiveReason{mVersionCode=0, mIdentifier=6, mName='ReportingNotEnabled'}, InactiveReason{mVersionCode=0, mIdentifier=14, mName='HistoryNotEnabled'}]}
I/GCoreUlr(  958): Unbound from all location providers
I/GCoreUlr(  958): DispatchingService.onDestroy()
I/GCoreUlr(  958): Unbound from all location providers
I/ActivityManager(  602): Start proc 3154:android.process.acore/u0a0 for content provider com.android.providers.contacts/.ContactsProvider2
I/ActivityManager(  602): Killing 1283:com.google.android.partnersetup/u0a28 (adj 15): empty #17
D/AndroidRuntime( 3172): >>>>>> START com.android.internal.os.RuntimeInit uid 2000 <<<<<<
D/AndroidRuntime( 3172): CheckJNI is OFF
I/ContactLocale( 3154): AddressBook Labels [en-US]: [, A, B, C, D, E, F, G, H, I, J, K, L, M, N, O, P, Q, R, S, T, U, V, W, X, Y, Z, , , , , , , , , , , , , , , , , , , , , , , , , , , , , , , , , , , , , , , , , , , , , , , , , , , , , , , , , , , , , , , , , , , , , , , , , , , , , , , , , , , , , , , , , , , , , , , , , , , , , , , , , , , , , , , , , , , , , , , , , , , , , , , , , , , , , , , , , , , , , , , , , , , , , , , , , , , , , , , , , , , , , , , , , , , , , , , , , , , , , , , , , , , , #, ]
I/ActivityManager(  602): Start proc 3210:com.google.android.apps.photos/u0a115 for broadcast com.google.android.apps.photos/.analytics.alive.AliveLogReceiver
D/AndroidRuntime( 3172): Calling main entry com.android.commands.am.Am
I/ActivityManager(  602): Killing 2586:com.google.android.googlequicksearchbox:search/u0a60 (adj 15): empty #17
D/WifiService(  602): Client connection lost with reason: 4
W/ActivityManager(  602): Invalid packageName: com.genuitec.gapdebug.adb.helper/.GapDebugAdbService
D/AndroidRuntime( 3172): Shutting down VM
I/art     (  602): Explicit concurrent mark sweep GC freed 9701(491KB) AllocSpace objects, 1(16KB) LOS objects, 33% free, 18MB/28MB, paused 2.075ms total 120.819ms
I/ActivityManager(  602): Killing 2673:com.utorrent.client/u0a86 (adj 15): empty #17
I/Adreno-EGL( 3124): <qeglDrvAPI_eglInitialize:379>: QUALCOMM Build: 01/15/15, ab0075f, Id3510ff6dc
I/GAv4    ( 3210): Google Analytics 7.5.71 is starting up. To enable debug logging on a device run:
I/GAv4    ( 3210):   adb shell setprop log.tag.GAv4 DEBUG
I/GAv4    ( 3210):   adb logcat -s GAv4
D/AndroidRuntime( 3235): >>>>>> START com.android.internal.os.RuntimeInit uid 2000 <<<<<<
D/AndroidRuntime( 3235): CheckJNI is OFF
W/GAv4    ( 3210): AnalyticsReceiver is not registered or is disabled. Register the receiver for reliable dispatching on non-Google Play devices. See http://goo.gl/8Rd3yj for instructions.
W/GAv4    ( 3210): CampaignTrackingReceiver is not registered, not exported or is disabled. Installation campaign tracking is not possible. See http://goo.gl/8Rd3yj for instructions.
W/GAv4    ( 3210): AnalyticsService not registered in the app manifest. Hits might not be delivered reliably. See http://goo.gl/8Rd3yj for instructions.
I/PowerConnectionBroadcastReceiver(  891): onReceive() : Device plugged in. 
I/StatsUtilsManager(  891): startPeriodStatsRecorder() : Success
I/PeriodicStatsRecorder(  891): shouldRecordStats() = Too Soon
I/ActivityManager(  602): Start proc 3262:com.metago.astro/u0a80 for broadcast com.metago.astro/com.kii.cloud.collector.Receiver
W/ResourceType( 3262): ResTable_typeSpec entry count inconsistent: given 1, previously 1238
D/AndroidRuntime( 3235): Calling main entry com.android.commands.am.Am
I/ActivityManager(  602): Start proc 3281:com.genuitec.gapdebug.adb.helper/u0a103 for service com.genuitec.gapdebug.adb.helper/.GapDebugAdbService
D/AndroidRuntime( 3235): Shutting down VM
I/com.genuitec.gapdebug.gapdebugadbhelper( 3281): onStart: (717051979)717051979 Intent { act=android.intent.action.MAIN cat=[android.intent.category.LAUNCHER] cmp=com.genuitec.gapdebug.adb.helper/.GapDebugAdbService } __ null
I/ActivityManager(  602): Start proc 3304:com.google.android.talk/u0a32 for broadcast com.google.android.talk/com.google.android.apps.hangouts.realtimechat.RealTimeChatService$AlarmReceiver
E/Logger  ( 3262): sendMessage exception:class java.net.UnknownHostException; Unable to resolve host "api-53dd234b.kii.com": No address associated with hostname
D/audio_hw_primary(  192): disable_audio_route: reset and update mixer path: low-latency-playback
D/audio_hw_primary(  192): disable_snd_device: snd_device(2: speaker)
W/ResourcesManager( 3304): Asset path '/system/framework/com.google.android.media.effects.jar' does not exist or contains no resources.
I/MediaStoreImporter( 2861): Update: incremental Added music: 0 Updated music: 0 Deleted music: 0 Created playlists: 0 Updated playlists: 0 Deleted playlists: 0 Inserted playlist items: 0 Deleted playlist items: 0 Removed orphaned playlist items: 0
I/ActivityManager(  602): Killing 2712:tunein.player/u0a72 (adj 15): empty #17
I/Babel   ( 3304): MmsConfig: mnc/mcc: 0/0
I/Babel   ( 3304): MmsConfig.loadMmsSettings
I/Babel   ( 3304): MmsConfig.loadDeviceMmsSettings from API: mUserAgent=, mUaProfUrl=
I/Babel   ( 3304): MmsConfig.loadFromDatabase
W/Settings( 3304): Setting airplane_mode_on has moved from android.provider.Settings.System to android.provider.Settings.Global, returning read-only value.
E/Babel   ( 3304): canonicalizeMccMnc: invalid mccmnc 
I/Babel   ( 3304): MmsConfig.loadFromResources
E/Babel   ( 3304): canonicalizeMccMnc: invalid mccmnc nullnull
I/Babel   ( 3304): MmsConfig.loadMmsSettings: mUserAgent=Hangouts/3.3.94322993, mUaProfUrl=https://ssl.gstatic.com/android/hangouts/hangouts_mms_ua_profile.xml
I/Babel_StickerModule( 3304): App launched.
I/Babel_StickerModule( 3304): Sticker update initiated. last:1438081192277 empty:false
I/Babel   ( 3304): TeleModule.launchCompleted
W/Telecom (  602): TelecomServiceImpl: null is not visible for the calling user
I/Babel   ( 3304): TeleModule.updateConnectionManagerRegistration, registration preference changed from false to false
I/Babel   ( 3304): TeleModule.updateIncomingCallRegistration, preferred account for incoming calls changed from: null to null
W/Telecom (  602): TelecomServiceImpl: null is not visible for the calling user
I/art     (  958): Explicit concurrent mark sweep GC freed 16334(817KB) AllocSpace objects, 4(64KB) LOS objects, 39% free, 11MB/19MB, paused 1.464ms total 52.551ms
V/UserPresentBroadcastReceiver(  958): Received Intent { act=android.intent.action.USER_PRESENT flg=0x24000010 cmp=com.google.android.gms/.auth.trustagent.UserPresentBroadcastReceiver }.
W/VideoCapabilities( 3304): Unsupported mime video/mpeg2
I/VideoCapabilities( 3304): Unsupported profile 4 for video/mp4v-es
I/Babel   ( 3304): Creating RTCS
D/GCM     ( 1088): GcmService start Intent { act=com.google.android.gms.INITIALIZE flg=0x10 pkg=com.google.android.gms cmp=com.google.android.gms/.gcm.GcmService } com.google.android.gms.INITIALIZE
D/AuthorizationBluetoothService( 1088): Received GmsCore event: Intent { act=com.google.android.gms.INITIALIZE flg=0x10 pkg=com.google.android.gms cmp=com.google.android.gms/.auth.be.proximity.authorization.bt.AuthorizationBluetoothService$AutoStarter }.
V/GmsCoreStatsServiceLauncher( 1247): Received broadcast intent Intent { act=com.google.android.gms.INITIALIZE flg=0x10 pkg=com.google.android.gms cmp=com.google.android.gms/.common.stats.GmsCoreStatsServiceLauncher }
E/MDM     (  958): [77] b.run: Couldn't connect to Google API client: ConnectionResult{statusCode=API_UNAVAILABLE, resolution=null}
I/art     ( 1247): Explicit concurrent mark sweep GC freed 23112(2MB) AllocSpace objects, 25(400KB) LOS objects, 40% free, 11MB/18MB, paused 1.525ms total 45.013ms
D/LocationInitializer( 1247): Restart initialization of location
W/art     ( 3304): Suspending all threads took: 27.282ms
W/ResourcesManager( 3304): Asset path '/system/framework/com.android.media.remotedisplay.jar' does not exist or contains no resources.
W/ResourcesManager( 3304): Asset path '/system/framework/com.android.location.provider.jar' does not exist or contains no resources.
V/JNIHelp ( 3304): Registering com/google/android/gms/org/conscrypt/NativeCrypto's 227 native methods...
I/ProviderInstaller( 3304): Installed default security provider GmsCore_OpenSSL
I/Babel   ( 3304): Destroying RTCS
D/AndroidRuntime( 3365): >>>>>> START com.android.internal.os.RuntimeInit uid 2000 <<<<<<
D/AndroidRuntime( 3365): CheckJNI is OFF
E/GmsUtils( 2861): Failed to connect to Google API client: ConnectionResult{statusCode=API_UNAVAILABLE, resolution=null}
E/GmsUtils( 2861): Failed to connect to Google API client: ConnectionResult{statusCode=API_UNAVAILABLE, resolution=null}
I/MusicLeanback( 2861): Conditions not met for autocaching. okToAttempt=false
I/MusicLeanback( 2861): Stop autocaching.
D/AndroidRuntime( 3365): Calling main entry com.android.commands.pm.Pm
I/art     ( 3365): System.exit called, status: 0
I/AndroidRuntime( 3365): VM exiting with result code 0.
I/GAV2    ( 3012): Thread[GAThread,5,main]: No campaign data found.
I/GAV2    ( 3124): Thread[GAThread,5,main]: No campaign data found.
I/ActivityManager(  602): Killing 2757:com.ubuntuone.android.files/u0a78 (adj 15): empty #17
I/ActivityManager(  602): Killing 2779:com.nordic.android.nrftemp/u0a84 (adj 15): empty #17
I/CheckinService( 1247): Done disabling old GoogleServicesFramework version
I/ActivityManager(  602): Waited long enough for: ServiceRecord{2fffa922 u0 com.google.android.calendar/com.android.calendar.alerts.InitAlarmsService}
I/ActivityManager(  602): Killing 2818:com.gameloft.android.ANMP.GloftRAHM:remote/u0a48 (adj 15): empty #17
I/ActivityManager(  602): Start proc 3435:com.google.android.keep/u0a34 for service com.google.android.keep/.service.ReminderLoggingService
I/ActivityManager(  602): Start proc 3457:com.android.vending/u0a52 for service com.android.vending/com.google.android.finsky.services.DailyHygiene
D/GeckoHardwareUtils( 2641): HardwareUtils already inited.
I/art     ( 1088): Explicit concurrent mark sweep GC freed 11985(590KB) AllocSpace objects, 0(0B) LOS objects, 39% free, 10MB/17MB, paused 1.220ms total 34.545ms
D/SnetService( 1247): snet destroyed
D/Finsky  ( 3457): [1] FinskyApp.onCreate: Initializing network with DFE https://android.clients.google.com/fdfe/
D/Finsky  ( 3457): [1] DailyHygiene.goMakeHygieneIfDirty: Dirty, need more hygiene.
I/ActivityManager(  602): Start proc 3515:com.google.android.gms:car/u0a23 for service com.google.android.gms/.car.CarService
W/Settings( 3457): Setting download_manager_max_bytes_over_mobile has moved from android.provider.Settings.Secure to android.provider.Settings.Global.
W/Settings( 3457): Setting download_manager_recommended_max_bytes_over_mobile has moved from android.provider.Settings.Secure to android.provider.Settings.Global.
W/ResourcesManager( 3515): Asset path '/system/framework/com.android.media.remotedisplay.jar' does not exist or contains no resources.
W/ResourcesManager( 3515): Asset path '/system/framework/com.android.location.provider.jar' does not exist or contains no resources.
D/Finsky  ( 3457): [1] DailyHygiene.onStartCommand: Beginning daily hygiene
I/MultiDex( 3515): VM with version 2.1.0 has multidex support
I/MultiDex( 3515): install
I/MultiDex( 3515): VM has multidex support, MultiDex support library is disabled.
D/Finsky  ( 3457): [1] 2.run: Loaded library for account: [6HPnk9nP2_rVD-hmECHpZKdjvLE]
D/Finsky  ( 3457): [1] 2.run: Finished loading 1 libraries.
V/GLSActivity( 1088): AuthDelegateWrapperCreated with selected intent: Intent { cmp=com.google.android.gms/.auth.DefaultAuthDelegateService }
I/ProviderInstaller( 3515): Insert disabled by gate 'gms:security:enable_conscrypt_in_gms_application'
I/ActivityManager(  602): Killing 2797:si.ijs.opcomm.sensorapp/u0a126 (adj 15): empty #17
D/Finsky  ( 3457): [1] GmsCoreHelper.cleanupNlp: result=false type=4
D/GCM     ( 1088): GcmService start Intent { act=com.google.android.gms.INITIALIZE flg=0x10 pkg=com.google.android.gms cmp=com.google.android.gms/.gcm.GcmService } com.google.android.gms.INITIALIZE
D/AuthorizationBluetoothService( 1088): Received GmsCore event: Intent { act=com.google.android.gms.INITIALIZE flg=0x10 pkg=com.google.android.gms cmp=com.google.android.gms/.auth.be.proximity.authorization.bt.AuthorizationBluetoothService$AutoStarter }.
V/GmsCoreStatsServiceLauncher( 1247): Received broadcast intent Intent { act=com.google.android.gms.INITIALIZE flg=0x10 pkg=com.google.android.gms cmp=com.google.android.gms/.common.stats.GmsCoreStatsServiceLauncher }
D/Finsky  ( 3457): [1] RestoreTracker.stopServiceIfDone: Restore complete with 0 success and 0 failed.
I/GLSUser ( 1088): [GLSUser] getTokenFromCache: [account: <ELLIDED:-11767>, callingPkg: com.android.vending, service: androidmarket]
I/art     (  602): Explicit concurrent mark sweep GC freed 11552(537KB) AllocSpace objects, 0(0B) LOS objects, 33% free, 18MB/28MB, paused 1.586ms total 89.569ms
D/LocationInitializer( 1247): Restart initialization of location
D/WearableService( 2994): callingUid 10023, callindPid: 2994
E/MDM     (  958): [80] b.run: Couldn't connect to Google API client: ConnectionResult{statusCode=API_UNAVAILABLE, resolution=null}
V/Finsky  ( 3457): [1] GearheadStateMonitor.onReady: sIsProjecting:false
V/GLSActivity( 1088): AuthDelegateWrapperCreated with selected intent: Intent { cmp=com.google.android.gms/.auth.DefaultAuthDelegateService }
I/GLSUser ( 1088): [GLSUser] getTokenFromCache: [account: <ELLIDED:-11767>, callingPkg: com.android.vending, service: androidmarket]
W/Finsky  ( 3457): [1] LibraryUpdateListener.onErrorResponse: Library replication failed: com.android.volley.NoConnectionError: java.net.UnknownHostException: Unable to resolve host "android.clients.google.com": No address associated with hostname
V/GLSActivity( 1088): AuthDelegateWrapperCreated with selected intent: Intent { cmp=com.google.android.gms/.auth.DefaultAuthDelegateService }
I/GLSUser ( 1088): [GLSUser] getTokenFromCache: [account: <ELLIDED:-11767>, callingPkg: com.android.vending, service: androidmarket]
W/Finsky  ( 3457): [1] 2.onErrorResponse: Update check failed: com.android.volley.NoConnectionError: java.net.UnknownHostException: Unable to resolve host "android.clients.google.com": No address associated with hostname
D/Finsky  ( 3457): [1] DailyHygiene.logDeviceFeaturesAndContinue: Logging device features
D/Finsky  ( 3457): [1] DailyHygiene.flushEventLogsAndContinue: Flushing event logs for [6HPnk9nP2_rVD-hmECHpZKdjvLE]
D/Finsky  ( 3457): [1] DailyHygiene.reschedule: Giving up. (failures=6)
D/Finsky  ( 3457): [1] VerifyInstalledPackagesReceiver.checkPrerequisites: Skipping verification because network inactive
I/ActivityManager(  602): Killing 2838:si.ijs.opcomm.sensorappwifi/u0a127 (adj 15): empty #17
D/DeviceConnectionService(  958): client connected with version: 7571000
I/ActivityManager(  602): Killing 2961:com.google.android.setupwizard/u0a55 (adj 15): empty #17
E/DataBuffer( 3435): Internal data leak within a DataBuffer object detected!  Be sure to explicitly call release() on all DataBuffer extending objects when you are done with them. (com.google.android.gms.reminders.model.RemindersBuffer@2fdaa0f)
I/ActivityManager(  602): Killing 2527:com.android.providers.calendar/u0a8 (adj 15): empty #17
I/ActivityManager(  602): Start proc 3569:com.android.providers.calendar/u0a8 for broadcast com.android.providers.calendar/.CalendarProviderBroadcastReceiver
I/art     (  204): Explicit concurrent mark sweep GC freed 706(30KB) AllocSpace objects, 0(0B) LOS objects, 40% free, 7MB/11MB, paused 274us total 21.179ms
I/art     (  204): Explicit concurrent mark sweep GC freed 5(160B) AllocSpace objects, 0(0B) LOS objects, 40% free, 7MB/11MB, paused 274us total 25.238ms
I/art     (  204): Explicit concurrent mark sweep GC freed 5(160B) AllocSpace objects, 0(0B) LOS objects, 40% free, 7MB/11MB, paused 579us total 23.315ms
W/ResourcesManager( 3569): Asset path '/system/framework/android.test.runner.jar' does not exist or contains no resources.
I/CalendarProvider2( 3569): Created com.android.providers.calendar.CalendarAlarmManager@859a8e6(com.android.providers.calendar.CalendarProvider2@27872e27)
E/SQLiteLog( 3569): (284) automatic index on view_events(_id)
I/CalendarProvider2( 3569): Sending notification intent: Intent { act=android.intent.action.PROVIDER_CHANGED dat=content://com.android.calendar }
W/ContentResolver( 3569): Failed to get type for: content://com.android.calendar (Unknown URL content://com.android.calendar)
I/ActivityManager(  602): Killing 3037:com.google.android.gm.exchange/u0a116 (adj 15): empty #17
D/Finsky  ( 3457): [396] AppStatesReplicator.handleContentSyncResponse: Completed 0 account content syncs with 0 successful.
D/Finsky  ( 3457): [1] 5.onFinished: Installation state replication succeeded.
D/AndroidRuntime( 3646): >>>>>> START com.android.internal.os.RuntimeInit uid 2000 <<<<<<
D/AndroidRuntime( 3646): CheckJNI is OFF
D/AndroidRuntime( 3646): Calling main entry com.android.commands.pm.Pm
I/ActivityManager(  602): Start proc 3660:com.android.defcontainer/u0a14 for service com.android.defcontainer/.DefaultContainerService
D/Finsky  ( 3457): [1] PackageVerificationReceiver.checkPrerequisites: Skipping verification because network inactive
D/DefContainer( 3660): Copying /data/local/tmp/1438249833167 to base.apk
D/Finsky  ( 3457): [1] PackageVerificationReceiver.checkPrerequisites: Skipping verification because network inactive
W/PackageManager(  602): Invalid verification token 0 received
D/PackageManager(  602): Renaming /data/app/vmdl2134607778.tmp to /data/app/com.pushapp-2
I/ActivityManager(  602): Force stopping com.pushapp appid=10138 user=-1: uninstall pkg
I/PackageManager(  602): Package com.pushapp codePath changed from /data/app/com.pushapp-1 to /data/app/com.pushapp-2; Retaining data and using new
I/PackageManager(  602): Running dexopt on: /data/app/com.pushapp-2/base.apk pkg=com.pushapp isa=arm vmSafeMode=false
I/dex2oat ( 3684): /system/bin/dex2oat --zip-fd=6 --zip-location=/data/app/com.pushapp-2/base.apk --oat-fd=7 --oat-location=/data/dalvik-cache/arm/data@app@com.pushapp-2@base.apk@classes.dex --instruction-set=arm --instruction-set-features=div --runtime-arg -Xms64m --runtime-arg -Xmx512m --swap-fd=8
I/dex2oat ( 3684): Decided to run without swap.
I/dex2oat ( 3684): dex2oat took 1.021s (threads: 4) arena alloc=58KB java alloc=1240KB native alloc=3MB free=4MB
W/PackageManager(  602): Code path for pkg : com.pushapp changing from /data/app/com.pushapp-1 to /data/app/com.pushapp-2
I/ActivityManager(  602): Force stopping com.pushapp appid=10138 user=-1: update pkg
W/PackageManager(  602): Resource path for pkg : com.pushapp changing from /data/app/com.pushapp-1 to /data/app/com.pushapp-2
I/ActivityManager(  602): Killing 3084:com.android.chrome/u0a10 (adj 15): empty #17
I/ActivityManager(  602): Force stopping com.pushapp appid=10138 user=0: pkg removed
I/art     ( 1046): Explicit concurrent mark sweep GC freed 10695(514KB) AllocSpace objects, 4(259KB) LOS objects, 40% free, 20MB/34MB, paused 1.892ms total 42.358ms
