W/ResourcesManager( 1885): Asset path '/system/framework/com.google.android.media.effects.jar' does not exist or contains no resources.
W/Telecom (  602): TelecomServiceImpl: null is not visible for the calling user
W/Telecom (  602): TelecomServiceImpl: null is not visible for the calling user
I/SystemServiceManager(  602): Starting phase 1000
I/ActivityManager(  602): Start proc 1925:com.android.keychain/1000 for service com.android.keychain/.KeyChainService
I/BootReceiver(  602): Copying audit failures to DropBox
I/BootReceiver(  602): Checking for fsck errors
I/ActivityManager(  602): Start proc 1950:com.gameloft.android.ANMP.GloftRAHM/u0a48 for broadcast com.gameloft.android.ANMP.GloftRAHM/.BootCompletedReceiver
I/ActivityManager(  602): Start proc 1975:com.android.providers.calendar/u0a8 for broadcast com.android.providers.calendar/.CalendarReceiver
I/ActivityManager(  602): Killing 1499:com.android.chrome/u0a10 (adj 15): empty #17
W/ResourcesManager( 1975): Asset path '/system/framework/android.test.runner.jar' does not exist or contains no resources.
W/ResourcesManager( 1885): Asset path '/system/framework/com.android.media.remotedisplay.jar' does not exist or contains no resources.
W/ResourcesManager( 1885): Asset path '/system/framework/com.android.location.provider.jar' does not exist or contains no resources.
I/ActivityManager(  602): Start proc 1999:com.google.android.onetimeinitializer/u0a27 for broadcast com.google.android.onetimeinitializer/.OneTimeInitializerReceiver
I/ActivityManager(  602): Start proc 2025:com.android.managedprovisioning/u0a106 for broadcast com.android.managedprovisioning/.BootReminder
I/ActivityManager(  602): Start proc 2047:com.google.android.nfcprovision/u0a46 for broadcast com.google.android.nfcprovision/.BootReceiver
I/ActivityManager(  602): Killing 1520:com.google.android.apps.plus/u0a54 (adj 15): empty #17
I/ActivityManager(  602): Start proc 2065:com.google.android.configupdater/u0a11 for broadcast com.google.android.configupdater/.CertPin.CertPinUpdateRequestReceiver
I/ActivityManager(  602): Killing 1113:android.process.acore/u0a0 (adj 15): empty #17
I/ActivityManager(  602): Killing 1554:com.google.android.apps.photos/u0a115 (adj 15): empty #17
I/ActivityManager(  602): Start proc 2100:android.process.acore/u0a0 for content provider com.android.providers.contacts/.ContactsProvider2
I/ActivityManager(  602): Killing 1573:com.metago.astro/u0a80 (adj 15): empty #17
I/ActivityManager(  602): Killing 1071:com.android.printspooler/u0a102 (adj 15): empty #17
--------- beginning of main
W/InstanceID/Rpc( 1247): Found 10023
D/ChimeraRcvrProxy( 1247): Creating receiver proxy ComponentInfo{com.google.android.gms/com.google.android.gms.kids.chimera.SystemEventReceiverProxy}
D/ChimeraRcvrProxy( 1247): Proxying container receiver ComponentInfo{com.google.android.gms/com.google.android.gms.kids.chimera.SystemEventReceiverProxy} to Chimera receiver impl com.google.android.gms.kids.account.SystemEventReceiver
D/ChimeraCfgMgr( 1247): Loading module com.google.android.gms.kids from APK com.google.android.gms
D/GCM     ( 1247): COMPAT: Multi user ser=0 current=0
D/GCM     ( 1088): GcmService start Intent { act=android.intent.action.BOOT_COMPLETED flg=0x8000010 cmp=com.google.android.gms/.gcm.GcmService (has extras) } android.intent.action.BOOT_COMPLETED
I/GCoreUlr( 1247): Starting service, intent=Intent { act=com.google.android.location.reporting.ACTION_UPDATE_WORLD cmp=com.google.android.gms/com.google.android.location.reporting.service.DispatchingService (has extras) }, extras=Bundle[{receiverAction=android.intent.action.BOOT_COMPLETED}]
I/GCoreUlr(  958): DispatchingService.onCreate()
I/CheckinService( 1247): Disabling old GoogleServicesFramework version
D/SystemUpdateService( 1247): onCreate
I/ActivityManager(  602): Start proc 2166:com.android.vending/u0a52 for broadcast com.android.vending/com.google.android.finsky.receivers.BootCompletedReceiver
I/CheckinService( 1247): Checking schedule, now: 1438249783972 next: 1438121439789
I/CheckinService( 1247): active receiver: enabled
D/SystemUpdateService( 1247): onStartCommand: intent: Intent { cmp=com.google.android.gms/.update.SystemUpdateService (has extras) }
I/ConfigService( 1088): onCreate
I/ConfigService( 1088): onBind for Intent { act=com.google.android.gms.config.UPDATE pkg=com.google.android.gms } action com.google.android.gms.config.UPDATE
I/ConfigFetchService( 1247): onStartCommand Intent { cmp=com.google.android.gms/.config.ConfigFetchService (has extras) }
I/ConfigService( 1088): onBind returning update interface
I/ConfigService( 1088): onBind for Intent { act=com.google.android.gms.config.START pkg=com.google.android.gms } action com.google.android.gms.config.START
I/ConfigService( 1088): onBind returning service broker
V/AuthZen ( 1247): Handling intent: android.intent.action.BOOT_COMPLETED
D/AuthZenEventHandler( 1247): Handling event: android.intent.action.BOOT_COMPLETED
I/SystemUpdateService( 1247): cancelUpdate (empty URL)
I/SystemUpdateService( 1247): active receiver: disabled
I/GCoreUlr(  958): WorldUpdater received intent Intent { act=com.google.android.location.reporting.ACTION_UPDATE_WORLD cmp=com.google.android.gms/com.google.android.location.reporting.service.DispatchingService (has extras) } with receiverAction android.intent.action.BOOT_COMPLETED
D/ChimeraSrvcProxy( 1247): Creating service proxy ComponentInfo{com.google.android.gms/com.google.android.gms.kids.chimera.KidsApiServiceProxy}
D/ChimeraSrvcProxy( 1247): Proxying container service ComponentInfo{com.google.android.gms/com.google.android.gms.kids.chimera.KidsApiServiceProxy} to Chimera service impl com.google.android.gms.kids.common.service.KidsApiService
D/ChimeraCfgMgr( 1247): Loading module com.google.android.gms.kids from APK com.google.android.gms
V/GLSActivity( 1088): AuthDelegateWrapperCreated with selected intent: Intent { cmp=com.google.android.gms/.auth.DefaultAuthDelegateService }
D/BluetoothManagerService(  602): Message: 20
D/BluetoothManagerService(  602): Added callback: android.bluetooth.IBluetoothManagerCallback$Stub$Proxy@2470a5d7:true
I/ConfigFetchService( 1247): service connected
W/BaseAppContext( 1247): Using Auth Proxy for data requests.
I/GoogleURLConnFactory( 1247): Using platform SSLCertificateSocketFactory
I/GLSUser ( 1247): [ChannelManager] Attempting to channel bind connection HttpClient.
I/GLSUser ( 1247): [ChannelManager] Checking whether channelId is enabled. isEnabledGmsCore? false, isEnabledSdk? true, isAtLeastKitKat? true
I/Icing   ( 1247): Storage manager: low false usage 2.49MB avail 6.95GB capacity 22.46GB
I/AuthZen ( 1247): Fetching signing key...
W/Icing   ( 1247): Received bad json for section weights override -- ignoring.
W/Icing   ( 1247): Received bad json for corpus scoring config -- ignoring.
W/Icing   ( 1247): Received bad json for corpus context scoring override -- ignoring.
I/GLSUser ( 1088): [GLSUser] getTokenFromCache: [account: <ELLIDED:-11767>, callingPkg: com.google.android.gms, service: ac2dm]
D/Finsky  ( 2166): [1] FinskyApp.onCreate: Initializing network with DFE https://android.clients.google.com/fdfe/
W/art     ( 1247): Suspending all threads took: 70.739ms
I/AuthZen ( 1247): Signing key fetched successfully!
I/art     ( 1247): Explicit concurrent mark sweep GC freed 16018(1293KB) AllocSpace objects, 28(448KB) LOS objects, 40% free, 10MB/18MB, paused 75.439ms total 285.217ms
I/EventLogService( 1247): Aggregate from 1438184871879 (log), 1438184871879 (data)
W/BaseAppContext( 1247): Using Auth Proxy for data requests.
D/ConfigFetchService( 1247): ConfigApi connection successful.
D/SystemUpdateService( 1247): onDestroy
V/GLSActivity( 1088): AuthDelegateWrapperCreated with selected intent: Intent { cmp=com.google.android.gms/.auth.DefaultAuthDelegateService }
V/GLSActivity( 1088): AuthDelegateWrapperCreated with selected intent: Intent { cmp=com.google.android.gms/.auth.DefaultAuthDelegateService }
V/GLSActivity( 1088): AuthDelegateWrapperCreated with selected intent: Intent { cmp=com.google.android.gms/.auth.DefaultAuthDelegateService }
D/a       ( 1247): Opening database auth.proximity.permit_store...
D/AuthZenTransactionCache( 1247): Initialized cache in: /data/data/com.google.android.gms/files
D/AuthZenTransactionCache( 1247): Clearing transaction cache
I/GCoreUlr(  958): WorldUpdater:android.intent.action.BOOT_COMPLETED: Ensuring that reporting is stopped because of reasons: {account#-10#=[InactiveReason{mVersionCode=0, mIdentifier=6, mName='ReportingNotEnabled'}, InactiveReason{mVersionCode=0, mIdentifier=14, mName='HistoryNotEnabled'}]}
I/GCoreUlr(  958): Unbound from all location providers
I/GCoreUlr(  958): DispatchingService.onDestroy()
I/GCoreUlr(  958): Unbound from all location providers
D/Finsky  ( 2166): [1] DailyHygiene.goMakeHygieneIfDirty: Dirty, need more hygiene.
I/ActivityManager(  602): Start proc 2240:com.google.android.gms:car/u0a23 for service com.google.android.gms/.car.CarService
I/Icing   ( 1247): updateResources: need to parse f{com.google.android.gms}
W/Settings( 2166): Setting download_manager_max_bytes_over_mobile has moved from android.provider.Settings.Secure to android.provider.Settings.Global.
W/ResourcesManager( 2240): Asset path '/system/framework/com.android.media.remotedisplay.jar' does not exist or contains no resources.
W/ResourcesManager( 2240): Asset path '/system/framework/com.android.location.provider.jar' does not exist or contains no resources.
W/Settings( 2166): Setting download_manager_recommended_max_bytes_over_mobile has moved from android.provider.Settings.Secure to android.provider.Settings.Global.
I/MultiDex( 2240): VM with version 2.1.0 has multidex support
I/MultiDex( 2240): install
I/MultiDex( 2240): VM has multidex support, MultiDex support library is disabled.
I/ProviderInstaller( 2240): Insert disabled by gate 'gms:security:enable_conscrypt_in_gms_application'
I/art     ( 1088): Explicit concurrent mark sweep GC freed 7098(364KB) AllocSpace objects, 2(32KB) LOS objects, 39% free, 10MB/17MB, paused 1.068ms total 32.867ms
I/GAv4-SVC( 1247): Google Analytics 7.5.74 is starting up.
I/ActivityManager(  602): Killing 1705:com.google.android.deskclock/u0a15 (adj 15): empty #17
D/Volley  ( 2166): [216] DiskBasedCache.clear: Cache cleared.
D/Volley  ( 2166): [223] DiskBasedCache.clear: Cache cleared.
V/Babel   ( 1885): babel boot account: SMS
D/Finsky  ( 2166): [1] 2.run: Loaded library for account: [6HPnk9nP2_rVD-hmECHpZKdjvLE]
D/Finsky  ( 2166): [1] 2.run: Finished loading 1 libraries.
I/Icing   ( 1247): Internal init done: storage state 0
W/Babel   ( 1885): EsDatabaseHelper.getDatabaseHelper() [called on main thread]
W/Babel   ( 1885): java.lang.Exception
W/Babel   ( 1885): 	at com.google.android.apps.hangouts.phone.EsApplication.a(SourceFile:1133)
W/Babel   ( 1885): 	at aes.a(SourceFile:145)
W/Babel   ( 1885): 	at ckh.<init>(SourceFile:103)
W/Babel   ( 1885): 	at ckh.a(SourceFile:67)
W/Babel   ( 1885): 	at com.google.android.apps.hangouts.phone.EsApplication.c(SourceFile:733)
W/Babel   ( 1885): 	at bhn.a(SourceFile:301)
W/Babel   ( 1885): 	at bhn.a(SourceFile:137)
W/Babel   ( 1885): 	at bhn.a(SourceFile:126)
W/Babel   ( 1885): 	at bhn.a(SourceFile:159)
W/Babel   ( 1885): 	at com.google.android.apps.hangouts.service.BootReceiver.onReceive(SourceFile:72)
W/Babel   ( 1885): 	at android.app.ActivityThread.handleReceiver(ActivityThread.java:2609)
W/Babel   ( 1885): 	at android.app.ActivityThread.access$1700(ActivityThread.java:151)
W/Babel   ( 1885): 	at android.app.ActivityThread$H.handleMessage(ActivityThread.java:1380)
W/Babel   ( 1885): 	at android.os.Handler.dispatchMessage(Handler.java:102)
W/Babel   ( 1885): 	at android.os.Looper.loop(Looper.java:135)
W/Babel   ( 1885): 	at android.app.ActivityThread.main(ActivityThread.java:5254)
W/Babel   ( 1885): 	at java.lang.reflect.Method.invoke(Native Method)
W/Babel   ( 1885): 	at java.lang.reflect.Method.invoke(Method.java:372)
W/Babel   ( 1885): 	at com.android.internal.os.ZygoteInit$MethodAndArgsCaller.run(ZygoteInit.java:903)
W/Babel   ( 1885): 	at com.android.internal.os.ZygoteInit.main(ZygoteInit.java:698)
D/Finsky  ( 2166): [1] GmsCoreHelper.cleanupNlp: result=false type=4
I/Icing   ( 1247): Post-init done
V/Babel   ( 1885): babel boot account: sensorlab.mobile@gmail.com
I/ActivityManager(  602): Start proc 2278:com.google.android.apps.maps/u0a42 for broadcast com.google.android.apps.maps/com.google.android.apps.gmm.iamhere.ble.StartBleServiceReceiver
D/Finsky  ( 2166): [1] RestoreTracker.stopServiceIfDone: Restore complete with 0 success and 0 failed.
V/Finsky  ( 2166): [1] GearheadStateMonitor.onReady: sIsProjecting:false
I/art     (  204): Explicit concurrent mark sweep GC freed 709(30KB) AllocSpace objects, 0(0B) LOS objects, 40% free, 7MB/11MB, paused 274us total 15.533ms
E/SQLiteLog( 1885): (284) automatic index on conversation_participants_view(conversation_id)
I/ActivityManager(  602): Killing 1728:com.google.android.apps.magazines/u0a40 (adj 15): empty #17
I/art     (  204): Explicit concurrent mark sweep GC freed 5(160B) AllocSpace objects, 0(0B) LOS objects, 40% free, 7MB/11MB, paused 274us total 13.305ms
I/art     (  204): Explicit concurrent mark sweep GC freed 5(160B) AllocSpace objects, 0(0B) LOS objects, 40% free, 7MB/11MB, paused 274us total 13.427ms
E/libprocessgroup(  602): failed to kill 1 processes for processgroup 1728
E/SQLiteLog( 1885): (284) automatic index on conversation_participants_view(conversation_id)
E/SQLiteLog( 1885): (284) automatic index on conversation_participants_view(conversation_id)
E/SQLiteLog( 1885): (284) automatic index on conversation_participants_view(conversation_id)
I/art     (  602): Explicit concurrent mark sweep GC freed 11326(554KB) AllocSpace objects, 1(16KB) LOS objects, 33% free, 18MB/27MB, paused 1.953ms total 98.480ms
E/SQLiteLog( 1885): (284) automatic index on conversation_participants_view(conversation_id)
D/StrictMode( 2278): StrictMode policy violation; ~duration=138 ms: android.os.StrictMode$StrictModeDiskReadViolation: policy=31 violation=2
D/StrictMode( 2278): 	at android.os.StrictMode$AndroidBlockGuardPolicy.onReadFromDisk(StrictMode.java:1137)
D/StrictMode( 2278): 	at libcore.io.BlockGuardOs.open(BlockGuardOs.java:182)
D/StrictMode( 2278): 	at libcore.io.IoUtils.canOpenReadOnly(IoUtils.java:165)
D/StrictMode( 2278): 	at dalvik.system.DexPathList.findLibrary(DexPathList.java:383)
D/StrictMode( 2278): 	at dalvik.system.BaseDexClassLoader.findLibrary(BaseDexClassLoader.java:77)
D/StrictMode( 2278): 	at java.lang.Runtime.loadLibrary(Runtime.java:360)
D/StrictMode( 2278): 	at java.lang.System.loadLibrary(System.java:988)
D/StrictMode( 2278): 	at com.google.android.apps.gmm.map.util.jni.NativeHelper.initialize(PG:47)
D/StrictMode( 2278): 	at com.google.android.apps.gmm.map.m.e.<clinit>(PG:94)
D/StrictMode( 2278): 	at com.google.android.apps.gmm.base.app.a.a(PG:222)
D/StrictMode( 2278): 	at com.google.android.apps.gmm.base.app.a.a(PG:1243)
D/StrictMode( 2278): 	at com.google.android.apps.gmm.base.app.GoogleMapsApplication.a(PG:196)
D/StrictMode( 2278): 	at com.google.android.apps.gmm.base.app.GoogleMapsApplication.onCreate(PG:164)
D/StrictMode( 2278): 	at android.app.Instrumentation.callApplicationOnCreate(Instrumentation.java:1012)
D/StrictMode( 2278): 	at android.app.ActivityThread.handleBindApplication(ActivityThread.java:4553)
D/StrictMode( 2278): 	at android.app.ActivityThread.access$1500(ActivityThread.java:151)
D/StrictMode( 2278): 	at android.app.ActivityThread$H.handleMessage(ActivityThread.java:1364)
D/StrictMode( 2278): 	at android.os.Handler.dispatchMessage(Handler.java:102)
D/StrictMode( 2278): 	at android.os.Looper.loop(Looper.java:135)
D/StrictMode( 2278): 	at android.app.ActivityThread.main(ActivityThread.java:5254)
D/StrictMode( 2278): 	at java.lang.reflect.Method.invoke(Native Method)
D/StrictMode( 2278): 	at java.lang.reflect.Method.invoke(Method.java:372)
D/StrictMode( 2278): 	at com.android.internal.os.ZygoteInit$MethodAndArgsCaller.run(ZygoteInit.java:903)
D/StrictMode( 2278): 	at com.android.internal.os.ZygoteInit.main(ZygoteInit.java:698)
D/StrictMode( 2278): StrictMode policy violation; ~duration=90 ms: android.os.StrictMode$StrictModeDiskReadViolation: policy=31 violation=2
D/StrictMode( 2278): 	at android.os.StrictMode$AndroidBlockGuardPolicy.onReadFromDisk(StrictMode.java:1137)
D/StrictMode( 2278): 	at libcore.io.BlockGuardOs.access(BlockGuardOs.java:67)
D/StrictMode( 2278): 	at java.io.File.doAccess(File.java:283)
D/StrictMode( 2278): 	at java.io.File.exists(File.java:363)
D/StrictMode( 2278): 	at android.app.ContextImpl.createFilesDirLocked(ContextImpl.java:995)
D/StrictMode( 2278): 	at android.app.ContextImpl.getFilesDir(ContextImpl.java:1018)
D/StrictMode( 2278): 	at android.app.ContextImpl.openFileInput(ContextImpl.java:960)
D/StrictMode( 2278): 	at android.content.ContextWrapper.openFileInput(ContextWrapper.java:176)
D/StrictMode( 2278): 	at com.google.android.apps.gmm.shared.i.h.a(PG:216)
D/StrictMode( 2278): 	at com.google.android.apps.gmm.map.m.q.a(PG:8689)
D/StrictMode( 2278): 	at com.google.android.apps.gmm.shared.f.a.a(PG:48)
D/StrictMode( 2278): 	at com.google.android.apps.gmm.map.m.e.a(PG:1551)
D/StrictMode( 2278): 	at com.google.android.apps.gmm.base.app.a.a(PG:222)
D/StrictMode( 2278): 	at com.google.android.apps.gmm.base.app.a.a(PG:1243)
D/StrictMode( 2278): 	at com.google.android.apps.gmm.base.app.GoogleMapsApplication.a(PG:196)
D/StrictMode( 2278): 	at com.google.android.apps.gmm.base.app.GoogleMapsApplication.onCreate(PG:164)
D/StrictMode( 2278): 	at android.app.Instrumentation.callApplicationOnCreate(Instrumentation.java:1012)
D/StrictMode( 2278): 	at android.app.ActivityThread.handleBindApplication(ActivityThread.java:4553)
D/StrictMode( 2278): 	at android.app.ActivityThread.access$1500(ActivityThread.java:151)
D/StrictMode( 2278): 	at android.app.ActivityThread$H.handleMessage(ActivityThread.java:1364)
D/StrictMode( 2278): 	at android.os.Handler.dispatchMessage(Handler.java:102)
D/StrictMode( 2278): 	at android.os.Looper.loop(Looper.java:135)
D/StrictMode( 2278): 	at android.app.ActivityThread.main(ActivityThread.java:5254)
D/StrictMode( 2278): 	at java.lang.reflect.Method.invoke(Native Method)
D/StrictMode( 2278): 	at java.lang.reflect.Method.invoke(Method.java:372)
D/StrictMode( 2278): 	at com.android.internal.os.ZygoteInit$MethodAndArgsCaller.run(ZygoteInit.java:903)
D/StrictMode( 2278): 	at com.android.internal.os.ZygoteInit.main(ZygoteInit.java:698)
D/StrictMode( 2278): StrictMode policy violation; ~duration=89 ms: android.os.StrictMode$StrictModeDiskReadViolation: policy=31 violation=2
D/StrictMode( 2278): 	at android.os.StrictMode$AndroidBlockGuardPolicy.onReadFromDisk(StrictMode.java:1137)
D/StrictMode( 2278): 	at libcore.io.BlockGuardOs.open(BlockGuardOs.java:182)
D/StrictMode( 2278): 	at libcore.io.IoBridge.open(IoBridge.java:442)
D/StrictMode( 2278): 	at java.io.FileInputStream.<init>(FileInputStream.java:76)
D/StrictMode( 2278): 	at android.app.ContextImpl.openFileInput(ContextImpl.java:961)
D/StrictMode( 2278): 	at android.content.ContextWrapper.openFileInput(ContextWrapper.java:176)
D/StrictMode( 2278): 	at com.google.android.apps.gmm.shared.i.h.a(PG:216)
D/StrictMode( 2278): 	at com.google.android.apps.gmm.map.m.q.a(PG:8689)
D/StrictMode( 2278): 	at com.google.android.apps.gmm.shared.f.a.a(PG:48)
D/StrictMode( 2278): 	at com.google.android.apps.gmm.map.m.e.a(PG:1551)
D/StrictMode( 2278): 	at com.google.android.apps.gmm.base.app.a.a(PG:222)
D/StrictMode( 2278): 	at com.google.android.apps.gmm.base.app.a.a(PG:1243)
D/StrictMode( 2278): 	at com.google.android.apps.gmm.base.app.GoogleMapsApplication.a(PG:196)
D/StrictMode( 2278): 	at com.google.android.apps.gmm.base.app.GoogleMapsApplication.onCreate(PG:164)
D/StrictMode( 2278): 	at android.app.Instrumentation.callApplicationOnCreate(Instrumentation.java:1012)
D/StrictMode( 2278): 	at android.app.ActivityThread.handleBindApplication(ActivityThread.java:4553)
D/StrictMode( 2278): 	at android.app.ActivityThread.access$1500(ActivityThread.java:151)
D/StrictMode( 2278): 	at android.app.ActivityThread$H.handleMessage(ActivityThread.java:1364)
D/StrictMode( 2278): 	at android.os.Handler.dispatchMessage(Handler.java:102)
D/StrictMode( 2278): 	at android.os.Looper.loop(Looper.java:135)
D/StrictMode( 2278): 	at android.app.ActivityThread.main(ActivityThread.java:5254)
D/StrictMode( 2278): 	at java.lang.reflect.Method.invoke(Native Method)
D/StrictMode( 2278): 	at java.lang.reflect.Method.invoke(Method.java:372)
D/StrictMode( 2278): 	at com.android.internal.os.ZygoteInit$MethodAndArgsCaller.run(ZygoteInit.java:903)
D/StrictMode( 2278): 	at com.android.internal.os.ZygoteInit.main(ZygoteInit.java:698)
D/StrictMode( 2278): StrictMode policy violation; ~duration=88 ms: android.os.StrictMode$StrictModeDiskReadViolation: policy=31 violation=2
D/StrictMode( 2278): 	at android.os.StrictMode$AndroidBlockGuardPolicy.onReadFromDisk(StrictMode.java:1137)
D/StrictMode( 2278): 	at libcore.io.BlockGuardOs.fstat(BlockGuardOs.java:132)
D/StrictMode( 2278): 	at libcore.io.IoBridge.open(IoBridge.java:445)
D/StrictMode( 2278): 	at java.io.FileInputStream.<init>(FileInputStream.java:76)
D/StrictMode( 2278): 	at android.app.ContextImpl.openFileInput(ContextImpl.java:961)
D/StrictMode( 2278): 	at android.content.ContextWrapper.openFileInput(ContextWrapper.java:176)
D/StrictMode( 2278): 	at com.google.android.apps.gmm.shared.i.h.a(PG:216)
D/StrictMode( 2278): 	at com.google.android.apps.gmm.map.m.q.a(PG:8689)
D/StrictMode( 2278): 	at com.google.android.apps.gmm.shared.f.a.a(PG:48)
D/StrictMode( 2278): 	at com.google.android.apps.gmm.map.m.e.a(PG:1551)
D/StrictMode( 2278): 	at com.google.android.apps.gmm.base.app.a.a(PG:222)
D/StrictMode( 2278): 	at com.google.android.apps.gmm.base.app.a.a(PG:1243)
D/StrictMode( 2278): 	at com.google.android.apps.gmm.base.app.GoogleMapsApplication.a(PG:196)
D/StrictMode( 2278): 	at com.google.android.apps.gmm.base.app.GoogleMapsApplication.onCreate(PG:164)
D/StrictMode( 2278): 	at android.app.Instrumentation.callApplicationOnCreate(Instrumentation.java:1012)
D/StrictMode( 2278): 	at android.app.ActivityThread.handleBindApplication(ActivityThread.java:4553)
D/StrictMode( 2278): 	at android.app.ActivityThread.access$1500(ActivityThread.java:151)
D/StrictMode( 2278): 	at android.app.ActivityThread$H.handleMessage(ActivityThread.java:1364)
D/StrictMode( 2278): 	at android.os.Handler.dispatchMessage(Handler.java:102)
D/StrictMode( 2278): 	at android.os.Looper.loop(Looper.java:135)
D/StrictMode( 2278): 	at android.app.ActivityThread.main(ActivityThread.java:5254)
D/StrictMode( 2278): 	at java.lang.reflect.Method.invoke(Native Method)
D/StrictMode( 2278): 	at java.lang.reflect.Method.invoke(Method.java:372)
D/StrictMode( 2278): 	at com.android.internal.os.ZygoteInit$MethodAndArgsCaller.run(ZygoteInit.java:903)
D/StrictMode( 2278): 	at com.android.internal.os.ZygoteInit.main(ZygoteInit.java:698)
D/StrictMode( 2278): StrictMode policy violation; ~duration=87 ms: android.os.StrictMode$StrictModeDiskReadViolation: policy=31 violation=2
D/StrictMode( 2278): 	at android.os.StrictMode$AndroidBlockGuardPolicy.onReadFromDisk(StrictMode.java:1137)
D/StrictMode( 2278): 	at libcore.io.BlockGuardOs.read(BlockGuardOs.java:229)
D/StrictMode( 2278): 	at libcore.io.IoBridge.read(IoBridge.java:472)
D/StrictMode( 2278): 	at java.io.FileInputStream.read(FileInputStream.java:177)
D/StrictMode( 2278): 	at java.io.BufferedInputStream.read(BufferedInputStream.java:290)
D/StrictMode( 2278): 	at java.io.DataInputStream.read(DataInputStream.java:63)
D/StrictMode( 2278): 	at com.google.r.k.c(PG:1187)
D/StrictMode( 2278): 	at com.google.r.k.a(PG:2107)
D/StrictMode( 2278): 	at com.google.w.a.a.da.<init>(PG:23)
D/StrictMode( 2278): 	at com.google.w.a.a.da.a(PG:405)
D/StrictMode( 2278): 	at com.google.r.v.a(PG:1149)
D/StrictMode( 2278): 	at com.google.r.y.a(PG:2176)
D/StrictMode( 2278): 	at com.google.r.e.b(PG:170)
D/StrictMode( 2278): 	at com.google.r.e.b(PG:13188)
D/StrictMode( 2278): 	at com.google.android.apps.gmm.shared.i.h.a(PG:217)
D/StrictMode( 2278): 	at com.google.android.apps.gmm.map.m.q.a(PG:8689)
D/StrictMode( 2278): 	at com.google.android.apps.gmm.shared.f.a.a(PG:48)
D/StrictMode( 2278): 	at com.google.android.apps.gmm.map.m.e.a(PG:1551)
D/StrictMode( 2278): 	at com.google.android.apps.gmm.base.app.a.a(PG:222)
D/StrictMode( 2278): 	at com.google.android.apps.gmm.base.app.a.a(PG:1243)
D/StrictMode( 2278): 	at com.google.android.apps.gmm.base.app.GoogleMapsApplication.a(PG:196)
D/StrictMode( 2278): 	at com.google.android.apps.gmm.base.app.GoogleMapsApplication.onCreate(PG:164)
D/StrictMode( 2278): 	at android.app.Instrumentation.callApplicationOnCreate(Instrumentation.java:1012)
D/StrictMode( 2278): 	at android.app.ActivityThread.handleBindApplication(ActivityThread.java:4553)
D/StrictMode( 2278): 	at android.app.ActivityThread.access$1500(ActivityThread.java:151)
D/StrictMode( 2278): 	at android.app.ActivityThread$H.handleMessage(ActivityThread.java:1364)
D/StrictMode( 2278): 	at android.os.Handler.dispatchMessage(Handler.java:102)
D/StrictMode( 2278): 	at android.os.Looper.loop(Looper.java:135)
D/StrictMode( 2278): 	at android.app.ActivityThread.main(ActivityThread.java:5254)
D/StrictMode( 2278): 	at java.lang.reflect.Method.invoke(Native Method)
D/StrictMode( 2278): 	at java.lang.reflect.Method.invoke(Method.java:372)
D/StrictMode( 2278): 	at com.android.internal.os.ZygoteInit$MethodAndArgsCaller.run(ZygoteInit.java:903)
D/StrictMode( 2278): 	at com.android.internal.os.ZygoteInit.main(ZygoteInit.java:698)
D/StrictMode( 2278): StrictMode policy violation; ~duration=85 ms: android.os.StrictMode$StrictModeDiskReadViolation: policy=31 violation=2
D/StrictMode( 2278): 	at android.os.StrictMode$AndroidBlockGuardPolicy.onReadFromDisk(StrictMode.java:1137)
D/StrictMode( 2278): 	at libcore.io.BlockGuardOs.read(BlockGuardOs.java:229)
D/StrictMode( 2278): 	at libcore.io.IoBridge.read(IoBridge.java:472)
D/StrictMode( 2278): 	at java.io.FileInputStream.read(FileInputStream.java:177)
D/StrictMode( 2278): 	at java.io.BufferedInputStream.read(BufferedInputStream.java:290)
D/StrictMode( 2278): 	at java.io.DataInputStream.read(DataInputStream.java:63)
D/StrictMode( 2278): 	at com.google.r.k.c(PG:1187)
D/StrictMode( 2278): 	at com.google.r.k.b(PG:14147)
D/StrictMode( 2278): 	at com.google.r.k.c(PG:583)
D/StrictMode( 2278): 	at com.google.w.a.a.da.<init>(PG:40)
D/StrictMode( 2278): 	at com.google.w.a.a.da.a(PG:405)
D/StrictMode( 2278): 	at com.google.r.v.a(PG:1149)
D/StrictMode( 2278): 	at com.google.r.y.a(PG:2176)
D/StrictMode( 2278): 	at com.google.r.e.b(PG:170)
D/StrictMode( 2278): 	at com.google.r.e.b(PG:13188)
D/StrictMode( 2278): 	at com.google.android.apps.gmm.shared.i.h.a(PG:217)
D/StrictMode( 2278): 	at com.google.android.apps.gmm.map.m.q.a(PG:8689)
D/StrictMode( 2278): 	at com.google.android.apps.gmm.shared.f.a.a(PG:48)
D/StrictMode( 2278): 	at com.google.android.apps.gmm.map.m.e.a(PG:1551)
D/StrictMode( 2278): 	at com.google.android.apps.gmm.base.app.a.a(PG:222)
D/StrictMode( 2278): 	at com.google.android.apps.gmm.base.app.a.a(PG:1243)
D/StrictMode( 2278): 	at com.google.android.apps.gmm.base.app.GoogleMapsApplication.a(PG:196)
D/StrictMode( 2278): 	at com.google.android.apps.gmm.base.app.GoogleMapsApplication.onCreate(PG:164)
D/StrictMode( 2278): 	at android.app.Instrumentation.callApplicationOnCreate(Instrumentation.java:1012)
D/StrictMode( 2278): 	at android.app.ActivityThread.handleBindApplication(ActivityThread.java:4553)
D/StrictMode( 2278): 	at android.app.ActivityThread.access$1500(ActivityThread.java:151)
D/StrictMode( 2278): 	at android.app.ActivityThread$H.handleMessage(ActivityThread.java:1364)
D/StrictMode( 2278): 	at android.os.Handler.dispatchMessage(Handler.java:102)
D/StrictMode( 2278): 	at android.os.Looper.loop(Looper.java:135)
D/StrictMode( 2278): 	at android.app.ActivityThread.main(ActivityThread.java:5254)
D/StrictMode( 2278): 	at java.lang.reflect.Method.invoke(Native Method)
D/StrictMode( 2278): 	at java.lang.reflect.Method.invoke(Method.java:372)
D/StrictMode( 2278): 	at com.android.internal.os.ZygoteInit$MethodAndArgsCaller.run(ZygoteInit.java:903)
D/StrictMode( 2278): 	at com.android.internal.os.ZygoteInit.main(ZygoteInit.java:698)
D/StrictMode( 2278): StrictMode policy violation; ~duration=66 ms: android.os.StrictMode$StrictModeDiskReadViolation: policy=31 violation=2
D/StrictMode( 2278): 	at android.os.StrictMode$AndroidBlockGuardPolicy.onReadFromDisk(StrictMode.java:1137)
D/StrictMode( 2278): 	at libcore.io.BlockGuardOs.access(BlockGuardOs.java:67)
D/StrictMode( 2278): 	at java.io.File.doAccess(File.java:283)
D/StrictMode( 2278): 	at java.io.File.exists(File.java:363)
D/StrictMode( 2278): 	at android.app.ContextImpl.createFilesDirLocked(ContextImpl.java:995)
D/StrictMode( 2278): 	at android.app.ContextImpl.getFilesDir(ContextImpl.java:1018)
D/StrictMode( 2278): 	at android.app.ContextImpl.getFileStreamPath(ContextImpl.java:1126)
D/StrictMode( 2278): 	at android.content.ContextWrapper.getFileStreamPath(ContextWrapper.java:192)
D/StrictMode( 2278): 	at com.google.android.apps.gmm.map.m.q.a(PG:8697)
D/StrictMode( 2278): 	at com.google.android.apps.gmm.shared.f.a.a(PG:48)
D/StrictMode( 2278): 	at com.google.android.apps.gmm.map.m.e.a(PG:1551)
D/StrictMode( 2278): 	at com.google.android.apps.gmm.base.app.a.a(PG:222)
D/StrictMode( 2278): 	at com.google.android.apps.gmm.base.app.a.a(PG:1243)
D/StrictMode( 2278): 	at com.google.android.apps.gmm.base.app.GoogleMapsApplication.a(PG:196)
D/StrictMode( 2278): 	at com.google.android.apps.gmm.base.app.GoogleMapsApplication.onCreate(PG:164)
D/StrictMode( 2278): 	at android.app.Instrumentation.callApplicationOnCreate(Instrumentation.java:1012)
D/StrictMode( 2278): 	at android.app.ActivityThread.handleBindApplication(ActivityThread.java:4553)
D/StrictMode( 2278): 	at android.app.ActivityThread.access$1500(ActivityThread.java:151)
D/StrictMode( 2278): 	at android.app.ActivityThread$H.handleMessage(ActivityThread.java:1364)
D/StrictMode( 2278): 	at android.os.Handler.dispatchMessage(Handler.java:102)
D/StrictMode( 2278): 	at android.os.Looper.loop(Looper.java:135)
D/StrictMode( 2278): 	at android.app.ActivityThread.main(ActivityThread.java:5254)
D/StrictMode( 2278): 	at java.lang.reflect.Method.invoke(Native Method)
D/StrictMode( 2278): 	at java.lang.reflect.Method.invoke(Method.java:372)
D/StrictMode( 2278): 	at com.android.internal.os.ZygoteInit$MethodAndArgsCaller.run(ZygoteInit.java:903)
D/StrictMode( 2278): 	at com.android.internal.os.ZygoteInit.main(ZygoteInit.java:698)
D/StrictMode( 2278): StrictMode policy violation; ~duration=65 ms: android.os.StrictMode$StrictModeDiskReadViolation: policy=31 violation=2
D/StrictMode( 2278): 	at android.os.StrictMode$AndroidBlockGuardPolicy.onReadFromDisk(StrictMode.java:1137)
D/StrictMode( 2278): 	at libcore.io.BlockGuardOs.access(BlockGuardOs.java:67)
D/StrictMode( 2278): 	at java.io.File.doAccess(File.java:283)
D/StrictMode( 2278): 	at java.io.File.exists(File.java:363)
D/StrictMode( 2278): 	at com.google.android.apps.gmm.map.m.q.a(PG:8699)
D/StrictMode( 2278): 	at com.google.android.apps.gmm.shared.f.a.a(PG:48)
D/StrictMode( 2278): 	at com.google.android.apps.gmm.map.m.e.a(PG:1551)
D/StrictMode( 2278): 	at com.google.android.apps.gmm.base.app.a.a(PG:222)
D/StrictMode( 2278): 	at com.google.android.apps.gmm.base.app.a.a(PG:1243)
D/StrictMode( 2278): 	at com.google.android.apps.gmm.base.app.GoogleMapsApplication.a(PG:196)
D/StrictMode( 2278): 	at com.google.android.apps.gmm.base.app.GoogleMapsApplication.onCreate(PG:164)
D/StrictMode( 2278): 	at android.app.Instrumentation.callApplicationOnCreate(Instrumentation.java:1012)
D/StrictMode( 2278): 	at android.app.ActivityThread.handleBindApplication(ActivityThread.java:4553)
D/StrictMode( 2278): 	at android.app.ActivityThread.access$1500(ActivityThread.java:151)
D/StrictMode( 2278): 	at android.app.ActivityThread$H.handleMessage(ActivityThread.java:1364)
D/StrictMode( 2278): 	at android.os.Handler.dispatchMessage(Handler.java:102)
D/StrictMode( 2278): 	at android.os.Looper.loop(Looper.java:135)
D/StrictMode( 2278): 	at android.app.ActivityThread.main(ActivityThread.java:5254)
D/StrictMode( 2278): 	at java.lang.reflect.Method.invoke(Native Method)
D/StrictMode( 2278): 	at java.lang.reflect.Method.invoke(Method.java:372)
D/StrictMode( 2278): 	at com.android.internal.os.ZygoteInit$MethodAndArgsCaller.run(ZygoteInit.java:903)
D/StrictMode( 2278): 	at com.android.internal.os.ZygoteInit.main(ZygoteInit.java:698)
D/StrictMode( 2278): StrictMode policy violation; ~duration=64 ms: android.os.StrictMode$StrictModeDiskReadViolation: policy=31 violation=2
D/StrictMode( 2278): 	at android.os.StrictMode$AndroidBlockGuardPolicy.onReadFromDisk(StrictMode.java:1137)
D/StrictMode( 2278): 	at libcore.io.BlockGuardOs.stat(BlockGuardOs.java:292)
D/StrictMode( 2278): 	at java.io.File.lastModified(File.java:571)
D/StrictMode( 2278): 	at com.google.android.apps.gmm.map.m.q.a(PG:8700)
D/StrictMode( 2278): 	at com.google.android.apps.gmm.shared.f.a.a(PG:48)
D/StrictMode( 2278): 	at com.google.android.apps.gmm.map.m.e.a(PG:1551)
D/StrictMode( 2278): 	at com.google.android.apps.gmm.base.app.a.a(PG:222)
D/StrictMode( 2278): 	at com.google.android.apps.gmm.base.app.a.a(PG:1243)
D/StrictMode( 2278): 	at com.google.android.apps.gmm.base.app.GoogleMapsApplication.a(PG:196)
D/StrictMode( 2278): 	at com.google.android.apps.gmm.base.app.GoogleMapsApplication.onCreate(PG:164)
D/StrictMode( 2278): 	at android.app.Instrumentation.callApplicationOnCreate(Instrumentation.java:1012)
D/StrictMode( 2278): 	at android.app.ActivityThread.handleBindApplication(ActivityThread.java:4553)
D/StrictMode( 2278): 	at android.app.ActivityThread.access$1500(ActivityThread.java:151)
D/StrictMode( 2278): 	at android.app.ActivityThread$H.handleMessage(ActivityThread.java:1364)
D/StrictMode( 2278): 	at android.os.Handler.dispatchMessage(Handler.java:102)
D/StrictMode( 2278): 	at android.os.Looper.loop(Looper.java:135)
D/StrictMode( 2278): 	at android.app.ActivityThread.main(ActivityThread.java:5254)
D/StrictMode( 2278): 	at java.lang.reflect.Method.invoke(Native Method)
D/StrictMode( 2278): 	at java.lang.reflect.Method.invoke(Method.java:372)
D/StrictMode( 2278): 	at com.android.internal.os.ZygoteInit$MethodAndArgsCaller.run(ZygoteInit.java:903)
D/StrictMode( 2278): 	at com.android.internal.os.ZygoteInit.main(ZygoteInit.java:698)
I/ActivityManager(  602): Start proc 2322:com.google.android.gm/u0a22 for broadcast com.google.android.gm/.GoogleMailDeviceStartupReceiver
I/ActivityManager(  602): Killing 1789:com.utorrent.client/u0a86 (adj 15): empty #17
W/com.google.a.a.b.d.a( 2278): Application name is not set. Call Builder#setApplicationName.
I/ActivityManager(  602): Killing 1635:com.google.android.keep/u0a34 (adj 15): empty #17
D/BluetoothManagerService(  602): Message: 20
D/BluetoothManagerService(  602): Added callback: android.bluetooth.IBluetoothManagerCallback$Stub$Proxy@154ddfee:true
I/GLSActivity( 1088): [ab] getting account id
I/GLSUser ( 1088): [t] Fetched account id for sensorlab.mobile@gmail.com : 108091909904502432004
I/GLSActivity( 1088): [ab] getting account id
I/GLSUser ( 1088): [t] Fetched account id for sensorlab.mobile@gmail.com : 108091909904502432004
I/GLSActivity( 1088): [ab] getting account id
I/GLSUser ( 1088): [t] Fetched account id for sensorlab.mobile@gmail.com : 108091909904502432004
I/Gmail   ( 2322): getAccountsCursor
D/ActivityThread( 2322): Loading provider com.google.android.gmail.provider;com.android.mail.notifier;com.google.android.gm.email.provider;com.google.android.gm.email.notifier: com.android.email.provider.EmailProvider
V/GLSActivity( 1088): AuthDelegateWrapperCreated with selected intent: Intent { cmp=com.google.android.gms/.auth.DefaultAuthDelegateService }
I/ActivityManager(  602): Start proc 2349:com.google.android.gm.exchange/u0a116 for service com.google.android.gm.exchange/com.android.exchange.service.EasService
W/ActivityManager(  602): Unable to start service Intent { cmp=com.google.android.gm/com.android.email.service.AttachmentService } U=0: not found
I/Exchange( 2349): EasService.onCreate
I/Gmail   ( 2322): Observing account changes for notifications
W/GAV2    ( 2322): Thread[main,5,main]: Need to call initialize() and be in fallback mode to start dispatch.
I/Exchange( 2349): RestartPingTask
I/Exchange( 2349): RestartPingsTask did not start any pings.
I/Exchange( 2349): PSS stopIfIdle
I/Exchange( 2349): PSS has no active accounts; stopping service.
I/Gmail   ( 2322): getAccountsCursor
V/GLSActivity( 1088): AuthDelegateWrapperCreated with selected intent: Intent { cmp=com.google.android.gms/.auth.DefaultAuthDelegateService }
I/Exchange( 2349): onDestroy
I/ActivityManager(  602): Killing 1664:tunein.player/u0a72 (adj 15): empty #17
V/GLSActivity( 1088): AuthDelegateWrapperCreated with selected intent: Intent { cmp=com.google.android.gms/.auth.DefaultAuthDelegateService }
I/ActivityManager(  602): Start proc 2389:com.google.android.youtube/u0a66 for broadcast com.google.android.youtube/com.google.android.libraries.youtube.upload.service.UploadService$BootReceiver
I/Exchange( 2349): EasService.onCreate
I/Exchange( 2349): RestartPingTask
I/Exchange( 2349): RestartPingsTask did not start any pings.
I/Exchange( 2349): PSS stopIfIdle
I/Exchange( 2349): PSS has no active accounts; stopping service.
I/Exchange( 2349): onDestroy
W/ResourcesManager( 2389): Asset path '/system/framework/com.android.media.remotedisplay.jar' does not exist or contains no resources.
W/ResourcesManager( 2389): Asset path '/system/framework/com.android.location.provider.jar' does not exist or contains no resources.
V/JNIHelp ( 2389): Registering com/google/android/gms/org/conscrypt/NativeCrypto's 227 native methods...
E/SQLiteLog( 2322): (283) recovered 6 frames from WAL file /data/data/com.google.android.gm/databases/mailstore.sensorlab.mobile@gmail.com.db-wal
I/ProviderInstaller( 2389): Installed default security provider GmsCore_OpenSSL
I/Gmail   ( 2322): notifyAccountChanged
I/Gmail   ( 2322): getAccountsCursor
V/GLSActivity( 1088): AuthDelegateWrapperCreated with selected intent: Intent { cmp=com.google.android.gms/.auth.DefaultAuthDelegateService }
I/Gmail   ( 2322): calculateUnknownSyncRationalesAndPurgeInBackground: queueing
I/Gmail   ( 2322): Sending provider changed intent: Intent { act=android.intent.action.PROVIDER_CHANGED dat=content://gmail-ls/unread/^sq_ig_i_personal (has extras) }
I/Gmail   ( 2322): Sending provider changed intent: Intent { act=android.intent.action.PROVIDER_CHANGED dat=content://gmail-ls/unread/^sq_ig_i_promo (has extras) }
I/Gmail   ( 2322): Sending provider changed intent: Intent { act=android.intent.action.PROVIDER_CHANGED dat=content://gmail-ls/unread/^sq_ig_i_social (has extras) }
I/ActivityManager(  602): Killing 1925:com.android.keychain/1000 (adj 15): empty #17
I/Gmail   ( 2322): calculateUnknownSyncRationalesAndPurgeInBackground: queueing
I/Gmail   ( 2322): calculateUnknownSyncRationalesAndPurgeInBackground: running
I/Gmail   ( 2322): calculateUnknownSyncRationalesAndPurgeInBackground: running
I/dex2oat ( 2426): /system/bin/dex2oat --runtime-arg -classpath --runtime-arg  --instruction-set=arm --instruction-set-features=div --runtime-arg -Xrelocate --boot-image=/system/framework/boot.art --dex-file=/data/data/com.google.android.youtube/cache/ads1837605672.jar --oat-fd=21 --oat-location=/data/data/com.google.android.youtube/cache/ads1837605672.dex --runtime-arg -Xms64m --runtime-arg -Xmx512m
I/dex2oat ( 2426): dex2oat took 75.195ms (threads: 4) arena alloc=122KB java alloc=12KB native alloc=1217KB free=6MB
I/Gmail   ( 2322): getAccountsCursor
V/GLSActivity( 1088): AuthDelegateWrapperCreated with selected intent: Intent { cmp=com.google.android.gms/.auth.DefaultAuthDelegateService }
W/System.err( 2389): YouTube MDX: Bogus value in shared preferences for key MdxServerSelection value , returning default value.
W/art     ( 2389): Suspending all threads took: 10.345ms
W/InstanceID/Rpc( 2389): Found 10023
I/ActivityManager(  602): Start proc 2482:com.google.android.deskclock/u0a15 for broadcast com.google.android.deskclock/com.android.deskclock.AlarmInitReceiver
I/ActivityManager(  602): Killing 1950:com.gameloft.android.ANMP.GloftRAHM/u0a48 (adj 15): empty #17
I/GAv4    ( 2482): Google Analytics 4.5.0/7324 is starting up. To enable debug logging on a device run:
I/GAv4    ( 2482):   adb shell setprop log.tag.GAv4 DEBUG
I/GAv4    ( 2482):   adb logcat -s GAv4
W/GAv4    ( 2482): AnalyticsReceiver is not registered or is disabled. Register the receiver for reliable dispatching on non-Google Play devices. See http://goo.gl/8Rd3yj for instructions.
W/GAv4    ( 2482): CampaignTrackingReceiver is not registered, not exported or is disabled. Installation campaign tracking is not possible. See http://goo.gl/8Rd3yj for instructions.
W/GAv4    ( 2482): AnalyticsService not registered in the app manifest. Hits might not be delivered reliably. See http://goo.gl/8Rd3yj for instructions.
I/art     (  602): Explicit concurrent mark sweep GC freed 9783(439KB) AllocSpace objects, 0(0B) LOS objects, 33% free, 18MB/27MB, paused 1.739ms total 86.578ms
I/ActivityManager(  602): Start proc 2505:com.google.android.calendar/u0a7 for broadcast com.google.android.calendar/com.android.calendar.alerts.AlertReceiver
I/ActivityManager(  602): Killing 1975:com.android.providers.calendar/u0a8 (adj 15): empty #17
E/SQLiteLog( 2505): (283) recovered 39 frames from WAL file /data/data/com.google.android.calendar/databases/timelydata.db-wal
I/ActivityManager(  602): Start proc 2527:com.android.providers.calendar/u0a8 for content provider com.android.providers.calendar/.CalendarProvider2
W/ResourcesManager( 2527): Asset path '/system/framework/android.test.runner.jar' does not exist or contains no resources.
I/CalendarProvider2( 2527): Created com.android.providers.calendar.CalendarAlarmManager@859a8e6(com.android.providers.calendar.CalendarProvider2@27872e27)
I/ActivityManager(  602): Start proc 2553:com.google.android.keep/u0a34 for broadcast com.google.android.keep/.notification.AlertReceiver
I/AnalyticsLogBase( 2505): PlayLogger.onLoggerConnected
I/ActivityManager(  602): Start proc 2586:com.google.android.googlequicksearchbox:search/u0a60 for broadcast com.google.android.googlequicksearchbox/com.google.android.search.core.StartUpReceiver
I/ActivityManager(  602): Killing 1999:com.google.android.onetimeinitializer/u0a27 (adj 15): empty #17
D/WifiService(  602): New client listening to asynchronous messages
I/SystemBroadcastReceiver(  891): Boot has been completed
I/SystemBroadcastReceiver(  891): toggleAppIcon() : FLAG_SYSTEM = true
I/ActivityManager(  602): Killing 2025:com.android.managedprovisioning/u0a106 (adj 15): empty #17
I/VelvetNetworkClient( 2586): Network connection not availble
I/SearchServiceFactory( 2586): refreshing internal icing corpora
I/ActivityManager(  602): Start proc 2641:org.mozilla.firefox/u0a87 for broadcast org.mozilla.firefox/org.mozilla.gecko.background.healthreport.HealthReportBroadcastReceiver
I/UpdateIcingCorporaServi( 2586): Updating corpora: APPS=MAYBE, CONTACTS=MAYBE
I/GLSUser ( 1088): [GLSUser] getTokenFromCache: [account: <ELLIDED:-11767>, callingPkg: com.google.android.googlequicksearchbox, service: oauth2:https://www.googleapis.com/auth/googlenow]
I/Auth.Core( 1088): [TokenCache] Missing snowballing token: no granted scopes set.
I/GLSUser ( 1088): [GLSUser] getTokenFromGoogle [account: <ELLIDED:-11767>, callingPkg: com.google.android.googlequicksearchbox, service: oauth2:https://www.googleapis.com/auth/googlenow
I/GLSUser ( 1088): [GLSUser] IOException in getAuthtoken(<ELLIDED:-11767>, oauth2:https://www.googleapis.com/auth/googlenow) -> exception: Unable to resolve host "android.clients.google.com": No address associated with hostname)
I/GLSUser ( 1088): [GLSUser] getAuthtoken(<ELLIDED:-11767>, oauth2:https://www.googleapis.com/auth/googlenow) -> status: NETWORK_ERROR)
I/GLSUser ( 1088): [GLSUser] Extracting token using key: Auth
W/GLSActivity( 1088): gms.StatusHelper Status from wire: NetworkError status: NETWORK_ERROR
W/LocationOracleImpl( 2586): Best location was null
W/Search.LoginHelper( 2586): IO exception for scope: oauth2:https://www.googleapis.com/auth/googlenow
W/Search.LoginHelper( 2586): java.io.IOException: NetworkError
W/Search.LoginHelper( 2586): 	at com.google.android.gms.auth.b.b(Unknown Source)
W/Search.LoginHelper( 2586): 	at com.google.android.gms.auth.b.a(Unknown Source)
W/Search.LoginHelper( 2586): 	at com.google.android.gms.auth.b.c(Unknown Source)
W/Search.LoginHelper( 2586): 	at com.google.android.gms.auth.b.a(Unknown Source)
W/Search.LoginHelper( 2586): 	at com.google.android.gms.auth.b.a(Unknown Source)
W/Search.LoginHelper( 2586): 	at com.google.android.apps.gsa.search.core.d.b.m.a(GoogleAuthAdapterImpl.java:29)
W/Search.LoginHelper( 2586): 	at com.google.android.apps.gsa.search.core.d.b.k.a(FallingBackGoogleAuthAdapter.java:93)
W/Search.LoginHelper( 2586): 	at com.google.android.apps.gsa.search.core.d.b.g.a(CachingGoogleAuthAdapter.java:72)
W/Search.LoginHelper( 2586): 	at com.google.android.apps.gsa.search.core.d.b.n.b(LoginHelper.java:827)
W/Search.LoginHelper( 2586): 	at com.google.android.apps.gsa.search.core.d.b.n$5.Yy(LoginHelper.java:713)
W/Search.LoginHelper( 2586): 	at com.google.android.apps.gsa.search.core.d.b.n$5.call(LoginHelper.java:710)
W/Search.LoginHelper( 2586): 	at java.util.concurrent.FutureTask.run(FutureTask.java:237)
W/Search.LoginHelper( 2586): 	at java.util.concurrent.Executors$RunnableAdapter.call(Executors.java:422)
W/Search.LoginHelper( 2586): 	at java.util.concurrent.FutureTask.run(FutureTask.java:237)
W/Search.LoginHelper( 2586): 	at java.util.concurrent.ThreadPoolExecutor.runWorker(ThreadPoolExecutor.java:1112)
W/Search.LoginHelper( 2586): 	at java.util.concurrent.ThreadPoolExecutor$Worker.run(ThreadPoolExecutor.java:587)
W/Search.LoginHelper( 2586): 	at java.lang.Thread.run(Thread.java:818)
W/Search.LoginHelper( 2586): 	at com.google.android.apps.gsa.shared.util.c.a.l$1.run(GsaThreadFactory.java:99)
I/CalendarProvider2( 2527): Sending notification intent: Intent { act=android.intent.action.PROVIDER_CHANGED dat=content://com.android.calendar }
W/ContentResolver( 2527): Failed to get type for: content://com.android.calendar (Unknown URL content://com.android.calendar)
I/GLSUser ( 1088): [GLSUser] getTokenFromCache: [account: <ELLIDED:-11767>, callingPkg: com.google.android.googlequicksearchbox, service: oauth2:https://www.googleapis.com/auth/googlenow]
I/Auth.Core( 1088): [TokenCache] Missing snowballing token: no granted scopes set.
I/UpdateIcingCorporaServi( 2586): UpdateCorporaTask done [took 202 ms] updated apps [took 202 ms] 
I/GLSUser ( 1088): [GLSUser] getTokenFromGoogle [account: <ELLIDED:-11767>, callingPkg: com.google.android.googlequicksearchbox, service: oauth2:https://www.googleapis.com/auth/googlenow
I/WebViewFactory( 2586): Loading com.google.android.webview version 43.0.2357.121 (code 2357121)
I/GLSUser ( 1088): [GLSUser] IOException in getAuthtoken(<ELLIDED:-11767>, oauth2:https://www.googleapis.com/auth/googlenow) -> exception: Unable to resolve host "android.clients.google.com": No address associated with hostname)
I/GLSUser ( 1088): [GLSUser] getAuthtoken(<ELLIDED:-11767>, oauth2:https://www.googleapis.com/auth/googlenow) -> status: NETWORK_ERROR)
I/GLSUser ( 1088): [GLSUser] Extracting token using key: Auth
W/GLSActivity( 1088): gms.StatusHelper Status from wire: NetworkError status: NETWORK_ERROR
W/Search.LoginHelper( 2586): IO exception for scope: oauth2:https://www.googleapis.com/auth/googlenow
W/Search.LoginHelper( 2586): java.io.IOException: NetworkError
W/Search.LoginHelper( 2586): 	at com.google.android.gms.auth.b.b(Unknown Source)
W/Search.LoginHelper( 2586): 	at com.google.android.gms.auth.b.a(Unknown Source)
W/Search.LoginHelper( 2586): 	at com.google.android.gms.auth.b.c(Unknown Source)
W/Search.LoginHelper( 2586): 	at com.google.android.gms.auth.b.a(Unknown Source)
W/Search.LoginHelper( 2586): 	at com.google.android.gms.auth.b.a(Unknown Source)
W/Search.LoginHelper( 2586): 	at com.google.android.apps.gsa.search.core.d.b.m.a(GoogleAuthAdapterImpl.java:29)
W/Search.LoginHelper( 2586): 	at com.google.android.apps.gsa.search.core.d.b.k.a(FallingBackGoogleAuthAdapter.java:93)
W/Search.LoginHelper( 2586): 	at com.google.android.apps.gsa.search.core.d.b.g.a(CachingGoogleAuthAdapter.java:72)
W/Search.LoginHelper( 2586): 	at com.google.android.apps.gsa.search.core.d.b.n.b(LoginHelper.java:827)
W/Search.LoginHelper( 2586): 	at com.google.android.apps.gsa.search.core.d.b.n$5.Yy(LoginHelper.java:713)
W/Search.LoginHelper( 2586): 	at com.google.android.apps.gsa.search.core.d.b.n$5.call(LoginHelper.java:710)
W/Search.LoginHelper( 2586): 	at java.util.concurrent.FutureTask.run(FutureTask.java:237)
W/Search.LoginHelper( 2586): 	at java.util.concurrent.Executors$RunnableAdapter.call(Executors.java:422)
W/Search.LoginHelper( 2586): 	at java.util.concurrent.FutureTask.run(FutureTask.java:237)
W/Search.LoginHelper( 2586): 	at java.util.concurrent.ThreadPoolExecutor.runWorker(ThreadPoolExecutor.java:1112)
W/Search.LoginHelper( 2586): 	at java.util.concurrent.ThreadPoolExecutor$Worker.run(ThreadPoolExecutor.java:587)
