E/Sensors (19370): sns_fsa_la.c(386):fsa: fflush failed, 9
W/Sensors (19370): sns_smr_la.c(446):smr_la: smr_apps_la_thread_main is starting, fd=11, sns_smr.en_rx_msg_ptr=b6fc39d0
W/Sensors (19370): sns_sam_app.c(6827):sns_sam_reg_algo: Registering algo service 16, err 0
E/Sensors (19370): sns_debug_main.c(565):Debug Config File missing in EFS!
E/        (  187): invalid crash request of size 4 (from pid=19370 uid=0)
W/qcom_sensors_hal(  593): hal_sensor1_data_cb: SENSOR1_MSG_TYPE_BROKEN_PIPE
E/Diag_Lib(19513):  Diag_LSM_Init: Failed to open handle to diag driver, error = 2
E/Sensors (19513): sns_fsa_la.c(386):fsa: fflush failed, 9
E/Sensors (19513): sns_fsa_la.c(386):fsa: fflush failed, 9
W/Sensors (19513): sns_smr_la.c(446):smr_la: smr_apps_la_thread_main is starting, fd=11, sns_smr.en_rx_msg_ptr=b6f2d9d0
W/Sensors (19513): sns_sam_app.c(6827):sns_sam_reg_algo: Registering algo service 16, err 0
E/Sensors (19513): sns_debug_main.c(565):Debug Config File missing in EFS!
D/ServerDispatchService(19213): Starting dispatch service...
I/ServerDispatchService(19213): onStartCommand
I/ServerDispatchService(19213): Dispatching data to server!
W/ServerDispatchService(19213): Cannot dispatch -> Conn type selected to any but no connection available
D/ServerDispatchService(19213): Releasing wakelock...
D/ServerDispatchService(19213): Stopping dispatch service...
D/ServerDispatchService(19237): Starting dispatch service...
I/ServerDispatchService(19237): onStartCommand
I/ServerDispatchService(19237): Dispatching data to server!
W/ServerDispatchService(19237): Cannot dispatch -> Conn type selected to any but no connection available
D/ServerDispatchService(19237): Releasing wakelock...
D/ServerDispatchService(19237): Stopping dispatch service...
E/        (  187): invalid crash request of size 4 (from pid=19513 uid=0)
W/qcom_sensors_hal(  593): hal_sensor1_data_cb: SENSOR1_MSG_TYPE_BROKEN_PIPE
E/Diag_Lib(19639):  Diag_LSM_Init: Failed to open handle to diag driver, error = 2
E/Sensors (19639): sns_fsa_la.c(386):fsa: fflush failed, 9
E/Sensors (19639): sns_fsa_la.c(386):fsa: fflush failed, 9
W/Sensors (19639): sns_smr_la.c(446):smr_la: smr_apps_la_thread_main is starting, fd=11, sns_smr.en_rx_msg_ptr=b6fc19d0
W/Sensors (19639): sns_sam_app.c(6827):sns_sam_reg_algo: Registering algo service 16, err 0
E/Sensors (19639): sns_debug_main.c(565):Debug Config File missing in EFS!
V/GLSActivity(  988): AuthDelegateWrapperCreated with selected intent: Intent { cmp=com.google.android.gms/.auth.DefaultAuthDelegateService }
I/GLSUser (  988): [GLSUser] getTokenFromCache: [account: <ELLIDED:-11767>, callingPkg: com.android.vending, service: androidmarket]
W/System  (17435): Ignoring header User-Agent because its value was null.
D/WifiService(  593): acquireWifiLockLocked: WifiLock{NlpWifiLock type=2 binder=android.os.BinderProxy@1d8d5094}
D/WifiService(  593): releaseWifiLockLocked: WifiLock{NlpWifiLock type=2 binder=android.os.BinderProxy@1d8d5094}
E/        (  187): invalid crash request of size 4 (from pid=19639 uid=0)
W/qcom_sensors_hal(  593): hal_sensor1_data_cb: SENSOR1_MSG_TYPE_BROKEN_PIPE
E/Diag_Lib(19767):  Diag_LSM_Init: Failed to open handle to diag driver, error = 2
E/Sensors (19767): sns_fsa_la.c(386):fsa: fflush failed, 9
E/Sensors (19767): sns_fsa_la.c(386):fsa: fflush failed, 9
W/Sensors (19767): sns_smr_la.c(446):smr_la: smr_apps_la_thread_main is starting, fd=11, sns_smr.en_rx_msg_ptr=b6f199d0
W/Sensors (19767): sns_sam_app.c(6827):sns_sam_reg_algo: Registering algo service 16, err 0
E/Sensors (19767): sns_debug_main.c(565):Debug Config File missing in EFS!
I/ActivityManager(  593): Start proc 19863:com.google.android.talk/u0a32 for broadcast com.google.android.talk/com.google.android.apps.hangouts.service.NetworkStateReceiver
W/ResourcesManager(19863): Asset path '/system/framework/com.google.android.media.effects.jar' does not exist or contains no resources.
I/Babel   (19863): MmsConfig: mnc/mcc: 0/0
I/Babel   (19863): MmsConfig.loadMmsSettings
I/Babel   (19863): MmsConfig.loadDeviceMmsSettings from API: mUserAgent=, mUaProfUrl=
I/Babel   (19863): MmsConfig.loadFromDatabase
W/Settings(19863): Setting airplane_mode_on has moved from android.provider.Settings.System to android.provider.Settings.Global, returning read-only value.
E/Babel   (19863): canonicalizeMccMnc: invalid mccmnc 
I/Babel   (19863): MmsConfig.loadFromResources
E/Babel   (19863): canonicalizeMccMnc: invalid mccmnc nullnull
I/Babel   (19863): MmsConfig.loadMmsSettings: mUserAgent=Hangouts/3.3.94322993, mUaProfUrl=https://ssl.gstatic.com/android/hangouts/hangouts_mms_ua_profile.xml
I/Babel_StickerModule(19863): App launched.
I/Babel_StickerModule(19863): Sticker update initiated. last:1438081192277 empty:false
I/Babel   (19863): TeleModule.launchCompleted
W/Telecom (  593): TelecomServiceImpl: null is not visible for the calling user
I/Babel   (19863): TeleModule.updateConnectionManagerRegistration, registration preference changed from false to false
I/Babel   (19863): TeleModule.updateIncomingCallRegistration, preferred account for incoming calls changed from: null to null
W/Telecom (  593): TelecomServiceImpl: null is not visible for the calling user
W/VideoCapabilities(19863): Unsupported mime video/mpeg2
I/VideoCapabilities(19863): Unsupported profile 4 for video/mp4v-es
I/Babel   (19863): Creating RTCS
W/ResourcesManager(19863): Asset path '/system/framework/com.android.media.remotedisplay.jar' does not exist or contains no resources.
W/ResourcesManager(19863): Asset path '/system/framework/com.android.location.provider.jar' does not exist or contains no resources.
V/JNIHelp (19863): Registering com/google/android/gms/org/conscrypt/NativeCrypto's 227 native methods...
I/ProviderInstaller(19863): Installed default security provider GmsCore_OpenSSL
I/Babel   (19863): Destroying RTCS
I/art     (  593): Explicit concurrent mark sweep GC freed 21620(1031KB) AllocSpace objects, 2(32KB) LOS objects, 33% free, 19MB/29MB, paused 1.892ms total 87.615ms
I/ActivityManager(  593): Killing 18818:com.google.android.partnersetup/u0a28 (adj 15): empty #17
E/        (  187): invalid crash request of size 4 (from pid=19767 uid=0)
W/qcom_sensors_hal(  593): hal_sensor1_data_cb: SENSOR1_MSG_TYPE_BROKEN_PIPE
E/Diag_Lib(19962):  Diag_LSM_Init: Failed to open handle to diag driver, error = 2
E/Sensors (19962): sns_fsa_la.c(386):fsa: fflush failed, 9
E/Sensors (19962): sns_fsa_la.c(386):fsa: fflush failed, 9
W/Sensors (19962): sns_smr_la.c(446):smr_la: smr_apps_la_thread_main is starting, fd=11, sns_smr.en_rx_msg_ptr=b70129d0
W/Sensors (19962): sns_sam_app.c(6827):sns_sam_reg_algo: Registering algo service 16, err 0
E/Sensors (19962): sns_debug_main.c(565):Debug Config File missing in EFS!
D/ServerDispatchService(19213): Starting dispatch service...
I/ServerDispatchService(19213): onStartCommand
I/ServerDispatchService(19213): Dispatching data to server!
W/ServerDispatchService(19213): Cannot dispatch -> Conn type selected to any but no connection available
D/ServerDispatchService(19213): Releasing wakelock...
D/ServerDispatchService(19213): Stopping dispatch service...
D/ServerDispatchService(19237): Starting dispatch service...
I/ServerDispatchService(19237): onStartCommand
I/ServerDispatchService(19237): Dispatching data to server!
W/ServerDispatchService(19237): Cannot dispatch -> Conn type selected to any but no connection available
D/ServerDispatchService(19237): Releasing wakelock...
D/ServerDispatchService(19237): Stopping dispatch service...
I/UsageStatsService(  593): User[0] Flushing usage stats to disk
E/        (  187): invalid crash request of size 4 (from pid=19962 uid=0)
W/qcom_sensors_hal(  593): hal_sensor1_data_cb: SENSOR1_MSG_TYPE_BROKEN_PIPE
E/Diag_Lib(20091):  Diag_LSM_Init: Failed to open handle to diag driver, error = 2
E/Sensors (20091): sns_fsa_la.c(386):fsa: fflush failed, 9
E/Sensors (20091): sns_fsa_la.c(386):fsa: fflush failed, 9
W/Sensors (20091): sns_smr_la.c(446):smr_la: smr_apps_la_thread_main is starting, fd=11, sns_smr.en_rx_msg_ptr=b6fc29d0
W/Sensors (20091): sns_sam_app.c(6827):sns_sam_reg_algo: Registering algo service 16, err 0
E/Sensors (20091): sns_debug_main.c(565):Debug Config File missing in EFS!
V/GLSActivity(  988): AuthDelegateWrapperCreated with selected intent: Intent { cmp=com.google.android.gms/.auth.DefaultAuthDelegateService }
I/GLSUser (  988): [GLSUser] getTokenFromCache: [account: <ELLIDED:-11767>, callingPkg: com.android.vending, service: androidmarket]
W/System  (17435): Ignoring header User-Agent because its value was null.
D/audio_hw_primary(  190): select_devices: out_snd_device(2: speaker) in_snd_device(0: none)
D/ACDB-LOADER(  190): ACDB -> send_afe_cal
D/audio_hw_primary(  190): enable_snd_device: snd_device(2: speaker)
D/audio_hw_primary(  190): enable_audio_route: apply and update mixer path: low-latency-playback
W/ResourceType(  753): No package identifier when getting value for resource number 0x00000000
W/PackageManager(  753): Failure retrieving resources for com.pushapp: Resource ID #0x0
I/ActivityManager(  593): START u0 {act=com.android.systemui.recents.SHOW_RECENTS flg=0x10804000 cmp=com.android.systemui/.recents.RecentsActivity} from uid 10094 on display 0
I/Keyboard.Facilitator(  905): onFinishInput()
W/IInputConnectionWrapper(18921): showStatusIcon on inactive InputConnection
I/ActivityManager(  593): Killing 17505:com.google.android.gms.wearable/u0a23 (adj 15): empty #17
I/ActivityManager(  593): Killing 18921:com.pushapp/u0a138 (adj 9): remove task
I/WindowState(  593): WIN DEATH: Window{19e34415 u0 com.pushapp/com.pushapp.MainActivity}
I/WindowState(  593): WIN DEATH: Window{11ff7146 u0 com.pushapp/com.pushapp.MainActivity}
E/libprocessgroup(  593): failed to kill 1 processes for processgroup 18921
I/ActivityManager(  593): START u0 {act=android.intent.action.MAIN cat=[android.intent.category.HOME] flg=0x10200000 cmp=com.android.launcher/com.android.launcher2.Launcher} from uid 10094 on display 0
I/Keyboard.Facilitator(  905): onFinishInput()
D/TaskPersister(  593): removeObsoleteFile: deleting file=47_task.xml
D/TaskPersister(  593): removeObsoleteFile: deleting file=47_task_thumbnail.png
W/OpenGLRenderer( 1077): Incorrectly called buildLayer on View: ShortcutAndWidgetContainer, destroying layer...
W/OpenGLRenderer( 1077): Incorrectly called buildLayer on View: ShortcutAndWidgetContainer, destroying layer...
D/audio_hw_primary(  190): disable_audio_route: reset and update mixer path: low-latency-playback
D/audio_hw_primary(  190): disable_snd_device: snd_device(2: speaker)
D/AndroidRuntime(20190): >>>>>> START com.android.internal.os.RuntimeInit uid 2000 <<<<<<
D/AndroidRuntime(20190): CheckJNI is OFF
D/AndroidRuntime(20190): Calling main entry com.android.commands.pm.Pm
I/ActivityManager(  593): Start proc 20210:com.android.defcontainer/u0a14 for service com.android.defcontainer/.DefaultContainerService
D/Finsky  (17435): [1] PackageVerificationReceiver.checkPrerequisites: Skipping verification because network inactive
D/DefContainer(20210): Copying /data/local/tmp/1438174421553 to base.apk
D/Finsky  (17435): [1] PackageVerificationReceiver.checkPrerequisites: Skipping verification because network inactive
W/PackageManager(  593): Invalid verification token 13 received
D/PackageManager(  593): Renaming /data/app/vmdl1964785056.tmp to /data/app/com.pushapp-2
I/ActivityManager(  593): Force stopping com.pushapp appid=10138 user=-1: uninstall pkg
I/PackageManager(  593): Package com.pushapp codePath changed from /data/app/com.pushapp-1 to /data/app/com.pushapp-2; Retaining data and using new
I/PackageManager(  593): Running dexopt on: /data/app/com.pushapp-2/base.apk pkg=com.pushapp isa=arm vmSafeMode=false
I/dex2oat (20228): /system/bin/dex2oat --zip-fd=6 --zip-location=/data/app/com.pushapp-2/base.apk --oat-fd=7 --oat-location=/data/dalvik-cache/arm/data@app@com.pushapp-2@base.apk@classes.dex --instruction-set=arm --instruction-set-features=div --runtime-arg -Xms64m --runtime-arg -Xmx512m --swap-fd=8
I/dex2oat (20228): Decided to run without swap.
D/WifiService(  593): acquireWifiLockLocked: WifiLock{NlpWifiLock type=2 binder=android.os.BinderProxy@38dfd6ec}
D/WifiService(  593): releaseWifiLockLocked: WifiLock{NlpWifiLock type=2 binder=android.os.BinderProxy@38dfd6ec}
I/dex2oat (20228): dex2oat took 939.086ms (threads: 4) arena alloc=73KB java alloc=1236KB native alloc=3MB free=4MB
W/PackageManager(  593): Code path for pkg : com.pushapp changing from /data/app/com.pushapp-1 to /data/app/com.pushapp-2
I/ActivityManager(  593): Force stopping com.pushapp appid=10138 user=-1: update pkg
W/PackageManager(  593): Resource path for pkg : com.pushapp changing from /data/app/com.pushapp-1 to /data/app/com.pushapp-2
I/ActivityManager(  593): Force stopping com.pushapp appid=10138 user=0: pkg removed
I/InputReader(  593): Reconfiguring input devices.  changes=0x00000010
I/art     (  753): Explicit concurrent mark sweep GC freed 8482(332KB) AllocSpace objects, 1(2025KB) LOS objects, 39% free, 15MB/25MB, paused 1.739ms total 32.287ms
I/art     ( 3517): Explicit concurrent mark sweep GC freed 75(3KB) AllocSpace objects, 1(36KB) LOS objects, 24% free, 7MB/9MB, paused 396us total 56.274ms
I/InputReader(  593): Reconfiguring input devices.  changes=0x00000010
I/art     (  593): Explicit concurrent mark sweep GC freed 36929(2MB) AllocSpace objects, 16(248KB) LOS objects, 33% free, 21MB/32MB, paused 1.586ms total 88.806ms
D/JobSchedulerService(  593): Receieved: android.intent.action.PACKAGE_REMOVED
D/BackupManagerService(  593): Received broadcast Intent { act=android.intent.action.PACKAGE_REMOVED dat=package:com.pushapp flg=0x4000010 (has extras) }
I/art     (17714): Explicit concurrent mark sweep GC freed 384(15KB) AllocSpace objects, 0(0B) LOS objects, 25% free, 9MB/12MB, paused 366us total 101.043ms
I/ActivityManager(  593): Start proc 20250:com.android.keychain/1000 for broadcast com.android.keychain/.KeyChainBroadcastReceiver
W/Settings(  593): Setting install_non_market_apps has moved from android.provider.Settings.Global to android.provider.Settings.Secure, returning read-only value.
W/ContextImpl(20250): Calling a method in the system process without a qualified user: android.app.ContextImpl.startService:1692 android.content.ContextWrapper.startService:516 android.content.ContextWrapper.startService:516 com.android.keychain.KeyChainBroadcastReceiver.onReceive:12 android.app.ActivityThread.handleReceiver:2609 
I/InputReader(  593): Reconfiguring input devices.  changes=0x00000010
E/NetworkScheduler.SchedulerReceiver(  988): Invalid parameter app
E/NetworkScheduler.SchedulerReceiver(  988): Invalid package name : Perhaps you didn't include a PendingIntent in the extras?
D/PackageBroadcastService( 1366): Received broadcast action=android.intent.action.PACKAGE_REMOVED and uri=com.pushapp
D/ChimeraRcvrProxy( 1366): Creating receiver proxy ComponentInfo{com.google.android.gms/com.google.android.gms.games.chimera.GamesSystemBroadcastReceiverProxy}
D/ChimeraRcvrProxy( 1366): Proxying container receiver ComponentInfo{com.google.android.gms/com.google.android.gms.games.chimera.GamesSystemBroadcastReceiverProxy} to Chimera receiver impl com.google.android.gms.games.receiver.PlaySystemBroadcastReceiver
D/ChimeraCfgMgr( 1366): Loading module com.google.android.gms.games from APK com.google.android.play.games
D/ChimeraModuleLdr( 1366): Module APK com.google.android.play.games already loaded
I/ConfigService(  988): onCreate
I/ConfigService(  988): onBind for Intent { act=com.google.android.gms.config.UPDATE pkg=com.google.android.gms } action com.google.android.gms.config.UPDATE
I/ConfigService(  988): onBind returning update interface
I/ConfigService(  988): onBind for Intent { act=com.google.android.gms.config.START pkg=com.google.android.gms } action com.google.android.gms.config.START
I/ConfigService(  988): onBind returning service broker
I/ConfigFetchService( 1366): onStartCommand Intent { act=android.intent.action.PACKAGE_REMOVED dat=package:com.pushapp cmp=com.google.android.gms/.config.ConfigFetchService (has extras) }
I/GeckoWebappUninstallListener(17747): Package is being replaced; ignoring removal intent
I/ConfigFetchService( 1366): service connected
I/art     (  593): Explicit concurrent mark sweep GC freed 5937(265KB) AllocSpace objects, 2(2MB) LOS objects, 33% free, 19MB/29MB, paused 4.669ms total 109.436ms
I/art     (20190): System.exit called, status: 0
I/AndroidRuntime(20190): VM exiting with result code 0.
I/ActivityManager(  593): Start proc 20275:com.google.android.partnersetup/u0a28 for broadcast com.google.android.partnersetup/.RlzPingBroadcastReceiver
I/ActivityManager(  593): Killing 18862:com.google.android.apps.cloudprint/u0a97 (adj 15): empty #17
D/BackupManagerService(  593): Received broadcast Intent { act=android.intent.action.PACKAGE_ADDED dat=package:com.pushapp flg=0x4000010 (has extras) }
W/BackupManagerService(  593): Removing schedule queue dupe of com.pushapp
D/GCM     (  988): GcmService start Intent { act=com.google.android.gms.gcm.PACKAGE_REPLACED cmp=com.google.android.gms/.gcm.GcmService (has extras) } com.google.android.gms.gcm.PACKAGE_REPLACED
D/ChimeraRcvrProxy( 1366): Creating receiver proxy ComponentInfo{com.google.android.gms/com.google.android.gms.games.chimera.GamesSystemBroadcastReceiverProxy}
D/ChimeraRcvrProxy( 1366): Proxying container receiver ComponentInfo{com.google.android.gms/com.google.android.gms.games.chimera.GamesSystemBroadcastReceiverProxy} to Chimera receiver impl com.google.android.gms.games.receiver.PlaySystemBroadcastReceiver
D/ChimeraCfgMgr( 1366): Loading module com.google.android.gms.games from APK com.google.android.play.games
D/ChimeraModuleLdr( 1366): Module APK com.google.android.play.games already loaded
D/PackageBroadcastService( 1366): Received broadcast action=android.intent.action.PACKAGE_ADDED and uri=com.pushapp
D/ChimeraSrvcProxy( 1366): Creating service proxy ComponentInfo{com.google.android.gms/com.google.android.gms.games.chimera.GamesAsyncServiceProxy}
D/ChimeraSrvcProxy( 1366): Proxying container service ComponentInfo{com.google.android.gms/com.google.android.gms.games.chimera.GamesAsyncServiceProxy} to Chimera service impl com.google.android.gms.games.service.PlayGamesAsyncService
D/ChimeraCfgMgr( 1366): Loading module com.google.android.gms.games from APK com.google.android.play.games
D/ChimeraModuleLdr( 1366): Module APK com.google.android.play.games already loaded
W/ResourcesManager( 1077): Asset path '/system/framework/com.google.android.maps.jar' does not exist or contains no resources.
I/ConfigFetchService( 1366): onStartCommand Intent { act=android.intent.action.PACKAGE_ADDED dat=package:com.pushapp cmp=com.google.android.gms/.config.ConfigFetchService (has extras) }
I/ConfigFetchService( 1366): launchTask
I/ConfigFetchService( 1366): service connected
I/PeopleContactsSync( 1366): CP2 sync disabled
V/ConfigFetchTask( 1366): ConfigFetchTask getDeviceDataVersionInfo(): ABFEt1UCwF8rRx9ZHI0HgIUgf-YTM0D8KF3rs8UWhnoEf4OEmnjSJwHSr9gfunc7OBK-n8qOc2o-i_k1os3ajNilAthXbCxNs8ZNqtrcmSg6Rqe3e-hQjs_69n2ldqtexa7SQL8qjKEWc40J4bd4TUYlrS4IM9OuJEAQpxIJTnVEdxT9jGVf9ygKwoIjM_m9V_wSHQV918SZ
I/ActivityManager(  593): Start proc 20305:com.google.android.gms.wearable/u0a23 for service com.google.android.gms/.wearable.service.WearableControlService
I/GoogleURLConnFactory( 1366): Using platform SSLCertificateSocketFactory
D/ConfigFetchService( 1366): ConfigApi connection successful.
D/AndroidRuntime(20284): >>>>>> START com.android.internal.os.RuntimeInit uid 2000 <<<<<<
W/ConfigFetchTask( 1366): exception on config fetch: java.net.UnknownHostException: Unable to resolve host "android.clients.google.com": No address associated with hostname
D/AndroidRuntime(20284): CheckJNI is OFF
W/ResourcesManager(20305): Asset path '/system/framework/com.android.media.remotedisplay.jar' does not exist or contains no resources.
W/ResourcesManager(20305): Asset path '/system/framework/com.android.location.provider.jar' does not exist or contains no resources.
I/ConfigFetchService( 1366): fetch service done; releasing wakelock
I/ConfigFetchService( 1366): stopping self
I/MultiDex(20305): VM with version 2.1.0 has multidex support
I/MultiDex(20305): install
I/MultiDex(20305): VM has multidex support, MultiDex support library is disabled.
I/UpdateIcingCorporaServi(17714): Updating corpora: APPS=com.pushapp, CONTACTS=MAYBE
I/ProviderInstaller(20305): Insert disabled by gate 'gms:security:enable_conscrypt_in_gms_application'
E/NetworkScheduler.SchedulerReceiver(  988): Invalid parameter app
E/NetworkScheduler.SchedulerReceiver(  988): Invalid package name : Perhaps you didn't include a PendingIntent in the extras?
D/PackageBroadcastService( 1366): Received broadcast action=android.intent.action.PACKAGE_REPLACED and uri=com.pushapp
D/AndroidRuntime(20284): Calling main entry com.android.commands.pm.Pm
I/ActivityManager(  593): Start proc 20343:com.google.android.apps.cloudprint/u0a97 for broadcast com.google.android.apps.cloudprint/.printdialog.receivers.UpgradeBroadcastReceiver
I/PeopleContactsSync( 1366): CP2 sync disabled
I/art     (20284): System.exit called, status: 0
I/AndroidRuntime(20284): VM exiting with result code 0.
I/UpdateIcingCorporaServi(17714): UpdateCorporaTask done [took 121 ms] updated apps [took 121 ms] 
I/ActivityManager(  593): Killing 17841:com.google.android.apps.magazines/u0a40 (adj 15): empty #17
E/libprocessgroup(  593): failed to kill 1 processes for processgroup 17841
I/ActivityManager(  593): Start proc 20370:com.google.android.apps.magazines/u0a40 for broadcast com.google.android.apps.magazines/com.google.apps.dots.android.app.receiver.FirstInstallNotificationReceiver
I/ActivityManager(  593): Killing 19863:com.google.android.talk/u0a32 (adj 15): empty #17
D/AndroidRuntime(20365): >>>>>> START com.android.internal.os.RuntimeInit uid 2000 <<<<<<
D/AndroidRuntime(20365): CheckJNI is OFF
D/AndroidRuntime(20367): >>>>>> START com.android.internal.os.RuntimeInit uid 2000 <<<<<<
D/AndroidRuntime(20367): CheckJNI is OFF
D/AndroidRuntime(20365): Calling main entry com.android.commands.am.Am
I/ActivityManager(  593): START u0 {flg=0x10000000 cmp=com.pushapp/.MainActivity} from uid 2000 on display 0
V/WindowManager(  593): addAppToken: AppWindowToken{3414d379 token=Token{37402840 ActivityRecord{3fa47c3 u0 com.pushapp/.MainActivity t48}}} to stack=1 task=48 at 0
D/AndroidRuntime(20365): Shutting down VM
V/WindowManager(  593): Adding window Window{243402ca u0 Starting com.pushapp} at 3 of 8 (after Window{c263dc5 u0 com.android.launcher/com.android.launcher2.Launcher})
I/art     (20409): Late-enabling -Xcheck:jni
I/ActivityManager(  593): Start proc 20409:com.pushapp/u0a138 for activity com.pushapp/.MainActivity
D/AndroidRuntime(20367): Calling main entry com.android.commands.pm.Pm
I/art     (  202): Explicit concurrent mark sweep GC freed 708(30KB) AllocSpace objects, 0(0B) LOS objects, 39% free, 7MB/11MB, paused 274us total 14.587ms
I/art     (  202): Explicit concurrent mark sweep GC freed 7(240B) AllocSpace objects, 0(0B) LOS objects, 40% free, 7MB/11MB, paused 274us total 13.305ms
I/art     (  202): Explicit concurrent mark sweep GC freed 5(160B) AllocSpace objects, 0(0B) LOS objects, 40% free, 7MB/11MB, paused 305us total 16.937ms
I/GAv4    (20370): Google Analytics 7.5.71 is starting up. To enable debug logging on a device run:
I/GAv4    (20370):   adb shell setprop log.tag.GAv4 DEBUG
I/GAv4    (20370):   adb logcat -s GAv4
W/GAv4    (20370): AnalyticsReceiver is not registered or is disabled. Register the receiver for reliable dispatching on non-Google Play devices. See http://goo.gl/8Rd3yj for instructions.
W/GAv4    (20370): CampaignTrackingReceiver is not registered, not exported or is disabled. Installation campaign tracking is not possible. See http://goo.gl/8Rd3yj for instructions.
W/GAv4    (20370): AnalyticsService not registered in the app manifest. Hits might not be delivered reliably. See http://goo.gl/8Rd3yj for instructions.
I/WebViewFactory(20409): Loading com.google.android.webview version 43.0.2357.121 (code 2357121)
I/LibraryLoader(20409): Time to load native libraries: 2 ms (timestamps 2137-2139)
I/LibraryLoader(20409): Expected native library version number "",actual native library version number ""
I/art     (20367): System.exit called, status: 0
I/AndroidRuntime(20367): VM exiting with result code 0.
V/WebViewChromiumFactoryProvider(20409): Binding Chromium to main looper Looper (main, tid 1) {22a3aac}
I/LibraryLoader(20409): Expected native library version number "",actual native library version number ""
I/chromium(20409): [INFO:library_loader_hooks.cc(112)] Chromium logging enabled: level = 0, default verbosity = 0
I/BrowserStartupController(20409): Initializing chromium process, singleProcess=true
W/art     (20409): Attempt to remove local handle scope entry from IRT, ignoring
E/SysUtils(20409): ApplicationContext is null in ApplicationStatus
W/chromium(20409): [WARNING:dns_config_service_posix.cc(292)] Failed to read DnsConfig.
W/chromium(20409): [WARNING:resource_bundle.cc(286)] locale_file_path.empty()
I/chromium(20409): [INFO:aw_browser_main_parts.cc(63)] Load from apk succesful, fd=33 off=50572 len=3379
I/chromium(20409): [INFO:aw_browser_main_parts.cc(76)] Loading webviewchromium.pak from, fd:34 off:7638120 len:1165478
I/Adreno-EGL(20409): <qeglDrvAPI_eglInitialize:379>: QUALCOMM Build: 01/15/15, ab0075f, Id3510ff6dc
W/AudioManagerAndroid(20409): Requires BLUETOOTH permission
W/chromium(20409): [WARNING:data_reduction_proxy_config.cc(318)] SPDY proxy OFF at startup
I/WebViewFactory(20370): Loading com.google.android.webview version 43.0.2357.121 (code 2357121)
I/LibraryLoader(20370): Time to load native libraries: 1 ms (timestamps 2313-2314)
I/LibraryLoader(20370): Expected native library version number "",actual native library version number ""
W/art     (20409): Attempt to remove local handle scope entry from IRT, ignoring
V/WebViewChromiumFactoryProvider(20370): Binding Chromium to main looper Looper (main, tid 1) {27981b7d}
I/LibraryLoader(20370): Expected native library version number "",actual native library version number ""
I/chromium(20370): [INFO:library_loader_hooks.cc(112)] Chromium logging enabled: level = 0, default verbosity = 0
W/AwContents(20409): onDetachedFromWindow called when already detached. Ignoring
I/BrowserStartupController(20370): Initializing chromium process, singleProcess=true
D/SystemWebViewEngine(20409): CordovaWebView is running on device made by: asus
W/art     (20370): Attempt to remove local handle scope entry from IRT, ignoring
E/SysUtils(20370): ApplicationContext is null in ApplicationStatus
W/art     (20409): Attempt to remove local handle scope entry from IRT, ignoring
W/art     (20409): Attempt to remove local handle scope entry from IRT, ignoring
W/chromium(20370): [WARNING:dns_config_service_posix.cc(292)] Failed to read DnsConfig.
W/chromium(20370): [WARNING:resource_bundle.cc(286)] locale_file_path.empty()
I/chromium(20370): [INFO:aw_browser_main_parts.cc(63)] Load from apk succesful, fd=38 off=50572 len=3379
I/chromium(20370): [INFO:aw_browser_main_parts.cc(76)] Loading webviewchromium.pak from, fd:39 off:7638120 len:1165478
I/Adreno-EGL(20370): <qeglDrvAPI_eglInitialize:379>: QUALCOMM Build: 01/15/15, ab0075f, Id3510ff6dc
D/OpenGLRenderer(20409): Use EGL_SWAP_BEHAVIOR_PRESERVED: true
D/Atlas   (20409): Validating map...
V/WindowManager(  593): Adding window Window{1877face u0 com.pushapp/com.pushapp.MainActivity} at 3 of 9 (before Window{243402ca u0 Starting com.pushapp})
I/OpenGLRenderer(20409): Initialized EGL, version 1.4
D/OpenGLRenderer(20409): Enabling debug mode 0
W/AudioManagerAndroid(20370): Requires BLUETOOTH permission
I/NSApplication(20370): Starting up...
I/FxAccounts(17747): firefox :: FxAccountUpgradeReceiver :: Upgrade broadcast received.
I/FxAccounts(17747): firefox :: FxAccountUpgradeReceiver :: Trying to unpickle any pickled Firefox Account.
I/FxAccounts(17747): firefox :: UpgradeReceiver :: No Sync Accounts found; not upgrading anything.
I/ActivityManager(  593): Killing 19213:si.ijs.opcomm.sensorapp/u0a126 (adj 15): empty #17
I/FxAccounts(17747): firefox :: FxAccountUpgradeReceiver :: Trying to advance 0 existing Firefox Accounts from the Doghouse to Separated (if necessary).
I/Icing   ( 1366): Indexing 7DE8C7D524824FFD64945907494ED0443F395E7A from com.google.android.googlequicksearchbox
I/Keyboard.Facilitator(  905): onFinishInput()
W/BindingManager(20409): Cannot call determinedVisibility() - never saw a connection for the pid: 20409
I/chromium(20409): [INFO:CONSOLE(28)] "The key "target-densitydpi" is not supported.", source: file:///android_asset/www/index.html (28)
I/ActivityManager(  593): Displayed com.pushapp/.MainActivity: +682ms
D/GCM     (  988): GcmService start Intent { act=com.google.android.gms.INITIALIZE flg=0x10 pkg=com.google.android.gms cmp=com.google.android.gms/.gcm.GcmService } com.google.android.gms.INITIALIZE
D/AuthorizationBluetoothService(  988): Received GmsCore event: Intent { act=com.google.android.gms.INITIALIZE flg=0x10 pkg=com.google.android.gms cmp=com.google.android.gms/.auth.be.proximity.authorization.bt.AuthorizationBluetoothService$AutoStarter }.
V/GmsCoreStatsServiceLauncher( 1366): Received broadcast intent Intent { act=com.google.android.gms.INITIALIZE flg=0x10 pkg=com.google.android.gms cmp=com.google.android.gms/.common.stats.GmsCoreStatsServiceLauncher }
D/JsMessageQueue(20409): Set native->JS mode to OnlineEventsBridgeMode
D/WearableService(20305): callingUid 10023, callindPid: 20305
D/LocationInitializer( 1366): Restart initialization of location
E/MDM     ( 1441): [149] b.run: Couldn't connect to Google API client: ConnectionResult{statusCode=API_UNAVAILABLE, resolution=null}
I/Icing   ( 1366): Indexing done 7DE8C7D524824FFD64945907494ED0443F395E7A
I/chromium(20409): [INFO:CONSOLE(23)] "No Content-Security-Policy meta tag found. Please add one when using the cordova-plugin-whitelist plugin.", source: file:///android_asset/www/plugins/cordova-plugin-whitelist/whitelist.js (23)
I/chromium(20409): [INFO:CONSOLE(117)] "Received Event: deviceready", source: file:///android_asset/www/js/index.js (117)
E/PluginManager(20409): Uncaught exception from plugin
E/PluginManager(20409): java.lang.NullPointerException: Attempt to invoke virtual method 'java.util.List android.hardware.SensorManager.getSensorList(int)' on a null object reference
E/PluginManager(20409): 	at com.example.plugin.Hello.poolAllSensors(Hello.java:36)
E/PluginManager(20409): 	at com.example.plugin.Hello.execute(Hello.java:24)
E/PluginManager(20409): 	at org.apache.cordova.CordovaPlugin.execute(CordovaPlugin.java:95)
E/PluginManager(20409): 	at org.apache.cordova.PluginManager.exec(PluginManager.java:130)
E/PluginManager(20409): 	at org.apache.cordova.CordovaBridge.jsExec(CordovaBridge.java:59)
E/PluginManager(20409): 	at org.apache.cordova.engine.SystemExposedJsApi.exec(SystemExposedJsApi.java:41)
E/PluginManager(20409): 	at org.chromium.base.SystemMessageHandler.nativeDoRunLoopOnce(Native Method)
E/PluginManager(20409): 	at org.chromium.base.SystemMessageHandler.handleMessage(SystemMessageHandler.java:53)
E/PluginManager(20409): 	at android.os.Handler.dispatchMessage(Handler.java:102)
E/PluginManager(20409): 	at android.os.Looper.loop(Looper.java:135)
E/PluginManager(20409): 	at android.os.HandlerThread.run(HandlerThread.java:61)
V/WindowManager(  593): not Base app: Adding window Window{2babe30 u0 com.pushapp/com.pushapp.MainActivity} at 4 of 9
D/AndroidRuntime(20578): >>>>>> START com.android.internal.os.RuntimeInit uid 2000 <<<<<<
D/AndroidRuntime(20578): CheckJNI is OFF
D/AndroidRuntime(20580): >>>>>> START com.android.internal.os.RuntimeInit uid 2000 <<<<<<
D/AndroidRuntime(20580): CheckJNI is OFF
D/AndroidRuntime(20578): Calling main entry com.android.commands.pm.Pm
D/AndroidRuntime(20580): Calling main entry com.android.commands.pm.Pm
I/art     (20578): System.exit called, status: 0
I/AndroidRuntime(20578): VM exiting with result code 0.
I/art     (20580): System.exit called, status: 0
I/AndroidRuntime(20580): VM exiting with result code 0.
I/ConfigService(  988): onDestroy
I/ActivityManager(  593): Killing 19237:si.ijs.opcomm.sensorappwifi/u0a127 (adj 15): empty #17
D/Finsky  (17435): [1135] AppStatesReplicator.handleContentSyncResponse: Completed 0 account content syncs with 0 successful.
D/Finsky  (17435): [1] 5.onFinished: Installation state replication succeeded.
I/Keyboard.Facilitator.LanguageModelFlusher(  905): run()
I/Keyboard.Facilitator(  905): flushDynamicLanguageModels()
I/ConfigService(  988): onCreate
I/ConfigService(  988): onBind for Intent { act=com.google.android.gms.config.START pkg=com.google.android.gms } action com.google.android.gms.config.START
I/ConfigService(  988): onBind returning service broker
I/ConfigService(  988): onDestroy
E/        (  187): invalid crash request of size 4 (from pid=20091 uid=0)
W/qcom_sensors_hal(  593): hal_sensor1_data_cb: SENSOR1_MSG_TYPE_BROKEN_PIPE
E/Diag_Lib(20729):  Diag_LSM_Init: Failed to open handle to diag driver, error = 2
E/Sensors (20729): sns_fsa_la.c(386):fsa: fflush failed, 9
E/Sensors (20729): sns_fsa_la.c(386):fsa: fflush failed, 9
W/Sensors (20729): sns_smr_la.c(446):smr_la: smr_apps_la_thread_main is starting, fd=11, sns_smr.en_rx_msg_ptr=b6fcf9d0
W/Sensors (20729): sns_sam_app.c(6827):sns_sam_reg_algo: Registering algo service 16, err 0
E/Sensors (20729): sns_debug_main.c(565):Debug Config File missing in EFS!
E/        (  187): invalid crash request of size 4 (from pid=20729 uid=0)
W/qcom_sensors_hal(  593): hal_sensor1_data_cb: SENSOR1_MSG_TYPE_BROKEN_PIPE
E/Diag_Lib(20856):  Diag_LSM_Init: Failed to open handle to diag driver, error = 2
E/Sensors (20856): sns_fsa_la.c(386):fsa: fflush failed, 9
E/Sensors (20856): sns_fsa_la.c(386):fsa: fflush failed, 9
W/Sensors (20856): sns_smr_la.c(446):smr_la: smr_apps_la_thread_main is starting, fd=11, sns_smr.en_rx_msg_ptr=b70079d0
W/Sensors (20856): sns_sam_app.c(6827):sns_sam_reg_algo: Registering algo service 16, err 0
E/Sensors (20856): sns_debug_main.c(565):Debug Config File missing in EFS!
I/ActivityManager(  593): Start proc 20875:com.google.android.talk/u0a32 for service com.google.android.talk/com.google.android.apps.hangouts.realtimechat.RequestWriter
W/ResourcesManager(20875): Asset path '/system/framework/com.google.android.media.effects.jar' does not exist or contains no resources.
I/Babel   (20875): MmsConfig: mnc/mcc: 0/0
I/Babel   (20875): MmsConfig.loadMmsSettings
I/Babel   (20875): MmsConfig.loadDeviceMmsSettings from API: mUserAgent=, mUaProfUrl=
I/Babel   (20875): MmsConfig.loadFromDatabase
W/Settings(20875): Setting airplane_mode_on has moved from android.provider.Settings.System to android.provider.Settings.Global, returning read-only value.
E/Babel   (20875): canonicalizeMccMnc: invalid mccmnc 
I/Babel   (20875): MmsConfig.loadFromResources
E/Babel   (20875): canonicalizeMccMnc: invalid mccmnc nullnull
I/Babel   (20875): MmsConfig.loadMmsSettings: mUserAgent=Hangouts/3.3.94322993, mUaProfUrl=https://ssl.gstatic.com/android/hangouts/hangouts_mms_ua_profile.xml
I/Babel_StickerModule(20875): App launched.
I/Babel_StickerModule(20875): Sticker update initiated. last:1438081192277 empty:false
I/Babel   (20875): TeleModule.launchCompleted
W/Telecom (  593): TelecomServiceImpl: null is not visible for the calling user
I/Babel   (20875): TeleModule.updateConnectionManagerRegistration, registration preference changed from false to false
I/Babel   (20875): TeleModule.updateIncomingCallRegistration, preferred account for incoming calls changed from: null to null
W/Telecom (  593): TelecomServiceImpl: null is not visible for the calling user
W/ResourcesManager(20875): Asset path '/system/framework/com.android.media.remotedisplay.jar' does not exist or contains no resources.
W/ResourcesManager(20875): Asset path '/system/framework/com.android.location.provider.jar' does not exist or contains no resources.
V/JNIHelp (20875): Registering com/google/android/gms/org/conscrypt/NativeCrypto's 227 native methods...
I/ProviderInstaller(20875): Installed default security provider GmsCore_OpenSSL
I/art     (20875): Note: end time exceeds epoch: 
W/VideoCapabilities(20875): Unsupported mime video/mpeg2
I/VideoCapabilities(20875): Unsupported profile 4 for video/mp4v-es
I/Babel   (20875): Creating RTCS
I/Babel   (20875): Destroying RTCS
I/ActivityManager(  593): Killing 19330:com.nordic.android.nrftemp/u0a84 (adj 15): empty #17
I/ActivityManager(  593): Start proc 20964:si.ijs.opcomm.sensorapp/u0a126 for service si.ijs.opcomm.sensorapp/.service.dispatch.ServerDispatchService
I/art     (20964): Late-enabling -Xcheck:jni
I/si.ijs.opcomm.sensorapp.utils.data.FetchDataUtil(20964): Error at dispatching
I/si.ijs.opcomm.sensorapp.utils.data.FetchDataUtil(20964): java.io.EOFException
I/si.ijs.opcomm.sensorapp.utils.data.FetchDataUtil(20964): 	at libcore.io.Streams.readFully(Streams.java:83)
I/si.ijs.opcomm.sensorapp.utils.data.FetchDataUtil(20964): 	at java.io.DataInputStream.readShort(DataInputStream.java:152)
I/si.ijs.opcomm.sensorapp.utils.data.FetchDataUtil(20964): 	at java.io.ObjectInputStream.readStreamHeader(ObjectInputStream.java:2064)
I/si.ijs.opcomm.sensorapp.utils.data.FetchDataUtil(20964): 	at java.io.ObjectInputStream.<init>(ObjectInputStream.java:371)
I/si.ijs.opcomm.sensorapp.utils.data.FetchDataUtil(20964): 	at si.ijs.opcomm.sensorapp.utils.data.FetchDataUtil.fetchApToNodeMappingFromFile(FetchDataUtil.java:33)
I/si.ijs.opcomm.sensorapp.utils.data.FetchDataUtil(20964): 	at si.ijs.opcomm.sensorapp.SensorApplication.refreshApNodeMappings(SensorApplication.java:26)
I/si.ijs.opcomm.sensorapp.utils.data.FetchDataUtil(20964): 	at si.ijs.opcomm.sensorapp.SensorApplication.onCreate(SensorApplication.java:19)
I/si.ijs.opcomm.sensorapp.utils.data.FetchDataUtil(20964): 	at android.app.Instrumentation.callApplicationOnCreate(Instrumentation.java:1012)
I/si.ijs.opcomm.sensorapp.utils.data.FetchDataUtil(20964): 	at android.app.ActivityThread.handleBindApplication(ActivityThread.java:4553)
I/si.ijs.opcomm.sensorapp.utils.data.FetchDataUtil(20964): 	at android.app.ActivityThread.access$1500(ActivityThread.java:151)
I/si.ijs.opcomm.sensorapp.utils.data.FetchDataUtil(20964): 	at android.app.ActivityThread$H.handleMessage(ActivityThread.java:1364)
I/si.ijs.opcomm.sensorapp.utils.data.FetchDataUtil(20964): 	at android.os.Handler.dispatchMessage(Handler.java:102)
I/si.ijs.opcomm.sensorapp.utils.data.FetchDataUtil(20964): 	at android.os.Looper.loop(Looper.java:135)
I/si.ijs.opcomm.sensorapp.utils.data.FetchDataUtil(20964): 	at android.app.ActivityThread.main(ActivityThread.java:5254)
I/si.ijs.opcomm.sensorapp.utils.data.FetchDataUtil(20964): 	at java.lang.reflect.Method.invoke(Native Method)
I/si.ijs.opcomm.sensorapp.utils.data.FetchDataUtil(20964): 	at java.lang.reflect.Method.invoke(Method.java:372)
I/si.ijs.opcomm.sensorapp.utils.data.FetchDataUtil(20964): 	at com.android.internal.os.ZygoteInit$MethodAndArgsCaller.run(ZygoteInit.java:903)
I/si.ijs.opcomm.sensorapp.utils.data.FetchDataUtil(20964): 	at com.android.internal.os.ZygoteInit.main(ZygoteInit.java:698)
D/ServerDispatchService(20964): Starting dispatch service...
I/ServerDispatchService(20964): onStartCommand
I/ServerDispatchService(20964): Dispatching data to server!
W/ServerDispatchService(20964): Cannot dispatch -> Conn type selected to any but no connection available
D/ServerDispatchService(20964): Releasing wakelock...
D/ServerDispatchService(20964): Stopping dispatch service...
I/ActivityManager(  593): Killing 20210:com.android.defcontainer/u0a14 (adj 15): empty #17
I/ActivityManager(  593): Start proc 20990:si.ijs.opcomm.sensorappwifi/u0a127 for service si.ijs.opcomm.sensorappwifi/.service.dispatch.ServerDispatchService
I/art     (20990): Late-enabling -Xcheck:jni
I/art     (  593): Explicit concurrent mark sweep GC freed 20904(1006KB) AllocSpace objects, 2(32KB) LOS objects, 33% free, 19MB/29MB, paused 2.227ms total 88.073ms
D/ServerDispatchService(20990): Starting dispatch service...
I/ServerDispatchService(20990): onStartCommand
I/ServerDispatchService(20990): Dispatching data to server!
W/ServerDispatchService(20990): Cannot dispatch -> Conn type selected to any but no connection available
D/ServerDispatchService(20990): Releasing wakelock...
D/ServerDispatchService(20990): Stopping dispatch service...
I/ActivityManager(  593): Killing 20250:com.android.keychain/1000 (adj 15): empty #17
W/ProcessCpuTracker(  593): Skipping unknown process pid 21021
V/GLSActivity(  988): AuthDelegateWrapperCreated with selected intent: Intent { cmp=com.google.android.gms/.auth.DefaultAuthDelegateService }
I/GLSUser (  988): [GLSUser] getTokenFromCache: [account: <ELLIDED:-11767>, callingPkg: com.android.vending, service: androidmarket]
W/System  (17435): Ignoring header User-Agent because its value was null.
I/ActivityManager(  593): Start proc 21103:com.nordic.android.nrftemp/u0a84 for broadcast com.nordic.android.nrftemp/no.nordicsemi.android.nrftemp.ScanNowBroadcastReceiver
D/BluetoothManagerService(  593): Message: 20
D/BluetoothManagerService(  593): Added callback: android.bluetooth.IBluetoothManagerCallback$Stub$Proxy@22cb454:true
I/ActivityManager(  593): Killing 20275:com.google.android.partnersetup/u0a28 (adj 15): empty #17
D/WifiService(  593): acquireWifiLockLocked: WifiLock{NlpWifiLock type=2 binder=android.os.BinderProxy@18f28ffd}
D/WifiService(  593): releaseWifiLockLocked: WifiLock{NlpWifiLock type=2 binder=android.os.BinderProxy@18f28ffd}
E/        (  187): invalid crash request of size 4 (from pid=20856 uid=0)
W/qcom_sensors_hal(  593): hal_sensor1_data_cb: SENSOR1_MSG_TYPE_BROKEN_PIPE
E/Diag_Lib(21137):  Diag_LSM_Init: Failed to open handle to diag driver, error = 2
E/Sensors (21137): sns_fsa_la.c(386):fsa: fflush failed, 9
E/Sensors (21137): sns_fsa_la.c(386):fsa: fflush failed, 9
W/Sensors (21137): sns_smr_la.c(446):smr_la: smr_apps_la_thread_main is starting, fd=11, sns_smr.en_rx_msg_ptr=b6f559d0
W/Sensors (21137): sns_sam_app.c(6827):sns_sam_reg_algo: Registering algo service 16, err 0
E/Sensors (21137): sns_debug_main.c(565):Debug Config File missing in EFS!
D/AndroidRuntime(21204): >>>>>> START com.android.internal.os.RuntimeInit uid 2000 <<<<<<
D/AndroidRuntime(21204): CheckJNI is OFF
D/AndroidRuntime(21204): Calling main entry com.android.commands.pm.Pm
I/ActivityManager(  593): Start proc 21224:com.android.defcontainer/u0a14 for service com.android.defcontainer/.DefaultContainerService
D/Finsky  (17435): [1] PackageVerificationReceiver.checkPrerequisites: Skipping verification because network inactive
D/Finsky  (17435): [1] PackageVerificationReceiver.checkPrerequisites: Skipping verification because network inactive
D/DefContainer(21224): Copying /data/local/tmp/1438174772398 to base.apk
W/PackageManager(  593): Invalid verification token 14 received
D/PackageManager(  593): Renaming /data/app/vmdl1557214942.tmp to /data/app/com.pushapp-1
I/ActivityManager(  593): Force stopping com.pushapp appid=10138 user=-1: uninstall pkg
I/ActivityManager(  593): Killing 20409:com.pushapp/u0a138 (adj 0): stop com.pushapp
I/WindowState(  593): WIN DEATH: Window{1877face u0 com.pushapp/com.pushapp.MainActivity}
I/WindowState(  593): WIN DEATH: Window{2babe30 u0 com.pushapp/com.pushapp.MainActivity}
I/PackageManager(  593): Package com.pushapp codePath changed from /data/app/com.pushapp-2 to /data/app/com.pushapp-1; Retaining data and using new
I/PackageManager(  593): Running dexopt on: /data/app/com.pushapp-1/base.apk pkg=com.pushapp isa=arm vmSafeMode=false
I/dex2oat (21242): /system/bin/dex2oat --zip-fd=6 --zip-location=/data/app/com.pushapp-1/base.apk --oat-fd=7 --oat-location=/data/dalvik-cache/arm/data@app@com.pushapp-1@base.apk@classes.dex --instruction-set=arm --instruction-set-features=div --runtime-arg -Xms64m --runtime-arg -Xmx512m --swap-fd=8
I/dex2oat (21242): Decided to run without swap.
E/libprocessgroup(  593): failed to kill 1 processes for processgroup 20409
W/ActivityManager(  593): Force removing ActivityRecord{3fa47c3 u0 com.pushapp/.MainActivity t48}: app died, no saved state
W/ActivityManager(  593): Spurious death for ProcessRecord{3b80a716 20409:com.pushapp/u0a138}, curProc for 20409: null
W/InputMethodManagerService(  593): Got RemoteException sending setActive(false) notification to pid 20409 uid 10138
I/Keyboard.Facilitator(  905): onFinishInput()
W/OpenGLRenderer( 1077): Incorrectly called buildLayer on View: ShortcutAndWidgetContainer, destroying layer...
W/OpenGLRenderer( 1077): Incorrectly called buildLayer on View: ShortcutAndWidgetContainer, destroying layer...
I/dex2oat (21242): dex2oat took 933.776ms (threads: 4) arena alloc=55KB java alloc=1242KB native alloc=3MB free=4MB
W/PackageManager(  593): Code path for pkg : com.pushapp changing from /data/app/com.pushapp-2 to /data/app/com.pushapp-1
I/ActivityManager(  593): Force stopping com.pushapp appid=10138 user=-1: update pkg
W/PackageManager(  593): Resource path for pkg : com.pushapp changing from /data/app/com.pushapp-2 to /data/app/com.pushapp-1
I/ActivityManager(  593): Force stopping com.pushapp appid=10138 user=0: pkg removed
I/art     ( 3517): Explicit concurrent mark sweep GC freed 61(2640B) AllocSpace objects, 1(36KB) LOS objects, 24% free, 7MB/9MB, paused 10.589ms total 40.557ms
I/art     (17714): Explicit concurrent mark sweep GC freed 357(14KB) AllocSpace objects, 0(0B) LOS objects, 24% free, 9MB/12MB, paused 488us total 47.882ms
I/art     (  753): Explicit concurrent mark sweep GC freed 4056(157KB) AllocSpace objects, 1(36KB) LOS objects, 39% free, 15MB/25MB, paused 18.035ms total 47.027ms
I/InputReader(  593): Reconfiguring input devices.  changes=0x00000010
I/ActivityManager(  593): Killing 16074:com.google.android.apps.plus/u0a54 (adj 15): empty #17
I/art     (  593): Explicit concurrent mark sweep GC freed 33916(2MB) AllocSpace objects, 12(184KB) LOS objects, 33% free, 19MB/29MB, paused 1.617ms total 100.616ms
D/JobSchedulerService(  593): Receieved: android.intent.action.PACKAGE_REMOVED
D/BackupManagerService(  593): Received broadcast Intent { act=android.intent.action.PACKAGE_REMOVED dat=package:com.pushapp flg=0x4000010 (has extras) }
I/InputReader(  593): Reconfiguring input devices.  changes=0x00000010
I/InputReader(  593): Reconfiguring input devices.  changes=0x00000010
I/ActivityManager(  593): Start proc 21275:com.android.keychain/1000 for broadcast com.android.keychain/.KeyChainBroadcastReceiver
W/Settings(  593): Setting install_non_market_apps has moved from android.provider.Settings.Global to android.provider.Settings.Secure, returning read-only value.
W/ContextImpl(21275): Calling a method in the system process without a qualified user: android.app.ContextImpl.startService:1692 android.content.ContextWrapper.startService:516 android.content.ContextWrapper.startService:516 com.android.keychain.KeyChainBroadcastReceiver.onReceive:12 android.app.ActivityThread.handleReceiver:2609 
E/NetworkScheduler.SchedulerReceiver(  988): Invalid parameter app
E/NetworkScheduler.SchedulerReceiver(  988): Invalid package name : Perhaps you didn't include a PendingIntent in the extras?
D/ChimeraRcvrProxy( 1366): Creating receiver proxy ComponentInfo{com.google.android.gms/com.google.android.gms.games.chimera.GamesSystemBroadcastReceiverProxy}
D/ChimeraRcvrProxy( 1366): Proxying container receiver ComponentInfo{com.google.android.gms/com.google.android.gms.games.chimera.GamesSystemBroadcastReceiverProxy} to Chimera receiver impl com.google.android.gms.games.receiver.PlaySystemBroadcastReceiver
D/ChimeraCfgMgr( 1366): Loading module com.google.android.gms.games from APK com.google.android.play.games
D/ChimeraModuleLdr( 1366): Module APK com.google.android.play.games already loaded
D/PackageBroadcastService( 1366): Received broadcast action=android.intent.action.PACKAGE_REMOVED and uri=com.pushapp
I/ActivityManager(  593): Start proc 21294:com.google.android.apps.plus/u0a54 for broadcast com.google.android.apps.plus/.service.PackagesMediaMonitor
I/art     (  593): Explicit concurrent mark sweep GC freed 6867(343KB) AllocSpace objects, 0(0B) LOS objects, 33% free, 19MB/29MB, paused 1.892ms total 95.458ms
I/ConfigService(  988): onCreate
I/ConfigService(  988): onBind for Intent { act=com.google.android.gms.config.UPDATE pkg=com.google.android.gms } action com.google.android.gms.config.UPDATE
I/ConfigService(  988): onBind returning update interface
I/ConfigService(  988): onBind for Intent { act=com.google.android.gms.config.START pkg=com.google.android.gms } action com.google.android.gms.config.START
I/ConfigService(  988): onBind returning service broker
I/ConfigFetchService( 1366): onStartCommand Intent { act=android.intent.action.PACKAGE_REMOVED dat=package:com.pushapp cmp=com.google.android.gms/.config.ConfigFetchService (has extras) }
W/ResourcesManager(21294): Asset path '/system/framework/com.google.android.maps.jar' does not exist or contains no resources.
I/art     (21204): System.exit called, status: 0
I/AndroidRuntime(21204): VM exiting with result code 0.
I/ConfigFetchService( 1366): service connected
I/ActivityManager(  593): Killing 17599:com.google.android.apps.docs/u0a17 (adj 15): empty #17
