I/chromium( 3841): [INFO:CONSOLE(25)] "No Content-Security-Policy meta tag found. Please add one when using the cordova-plugin-whitelist plugin.", source: file:///android_asset/www/plugins/cordova-plugin-whitelist/whitelist.js (25)
I/chromium( 3841): [INFO:CONSOLE(25)] "No Content-Security-Policy meta tag found. Please add one when using the cordova-plugin-whitelist plugin.", source: file:///android_asset/www/plugins/cordova-plugin-whitelist/whitelist.js (25)
I/chromium( 3841): [INFO:CONSOLE(25)] "No Content-Security-Policy meta tag found. Please add one when using the cordova-plugin-whitelist plugin.", source: file:///android_asset/www/plugins/cordova-plugin-whitelist/whitelist.js (25)
I/chromium( 3841): [INFO:CONSOLE(25)] "No Content-Security-Policy meta tag found. Please add one when using the cordova-plugin-whitelist plugin.", source: file:///android_asset/www/plugins/cordova-plugin-whitelist/whitelist.js (25)
I/chromium( 3841): [INFO:CONSOLE(25)] "No Content-Security-Policy meta tag found. Please add one when using the cordova-plugin-whitelist plugin.", source: file:///android_asset/www/plugins/cordova-plugin-whitelist/whitelist.js (25)
I/chromium( 3841): [INFO:CONSOLE(25)] "No Content-Security-Policy meta tag found. Please add one when using the cordova-plugin-whitelist plugin.", source: file:///android_asset/www/plugins/cordova-plugin-whitelist/whitelist.js (25)
E/        (  189): invalid crash request of size 4 (from pid=6563 uid=0)
E/Diag_Lib( 6686):  Diag_LSM_Init: Failed to open handle to diag driver, error = 2
E/Sensors ( 6686): sns_fsa_la.c(386):fsa: fflush failed, 9
E/Sensors ( 6686): sns_fsa_la.c(386):fsa: fflush failed, 9
W/Sensors ( 6686): sns_smr_la.c(446):smr_la: smr_apps_la_thread_main is starting, fd=11, sns_smr.en_rx_msg_ptr=b6f789d0
W/Sensors ( 6686): sns_sam_app.c(6827):sns_sam_reg_algo: Registering algo service 16, err 0
E/Sensors ( 6686): sns_debug_main.c(565):Debug Config File missing in EFS!
I/chromium( 3841): [INFO:CONSOLE(25)] "No Content-Security-Policy meta tag found. Please add one when using the cordova-plugin-whitelist plugin.", source: file:///android_asset/www/plugins/cordova-plugin-whitelist/whitelist.js (25)
I/chromium( 3841): [INFO:CONSOLE(25)] "No Content-Security-Policy meta tag found. Please add one when using the cordova-plugin-whitelist plugin.", source: file:///android_asset/www/plugins/cordova-plugin-whitelist/whitelist.js (25)
I/chromium( 3841): [INFO:CONSOLE(25)] "No Content-Security-Policy meta tag found. Please add one when using the cordova-plugin-whitelist plugin.", source: file:///android_asset/www/plugins/cordova-plugin-whitelist/whitelist.js (25)
I/chromium( 3841): [INFO:CONSOLE(25)] "No Content-Security-Policy meta tag found. Please add one when using the cordova-plugin-whitelist plugin.", source: file:///android_asset/www/plugins/cordova-plugin-whitelist/whitelist.js (25)
I/chromium( 3841): [INFO:CONSOLE(25)] "No Content-Security-Policy meta tag found. Please add one when using the cordova-plugin-whitelist plugin.", source: file:///android_asset/www/plugins/cordova-plugin-whitelist/whitelist.js (25)
I/chromium( 3841): [INFO:CONSOLE(25)] "No Content-Security-Policy meta tag found. Please add one when using the cordova-plugin-whitelist plugin.", source: file:///android_asset/www/plugins/cordova-plugin-whitelist/whitelist.js (25)
I/ProcessStatsService(  602): Prepared write state in 38ms
I/ProcessStatsService(  602): Pruning old procstats: /data/system/procstats/state-2015-07-23-15-32-55.bin
D/ServerDispatchService( 4769): Starting dispatch service...
I/ServerDispatchService( 4769): onStartCommand
I/ServerDispatchService( 4769): Dispatching data to server!
W/ServerDispatchService( 4769): Cannot dispatch -> Conn type selected to any but no connection available
D/ServerDispatchService( 4769): Releasing wakelock...
D/ServerDispatchService( 4769): Stopping dispatch service...
D/ServerDispatchService( 4795): Starting dispatch service...
I/ServerDispatchService( 4795): onStartCommand
I/ServerDispatchService( 4795): Dispatching data to server!
W/ServerDispatchService( 4795): Cannot dispatch -> Conn type selected to any but no connection available
D/ServerDispatchService( 4795): Releasing wakelock...
D/ServerDispatchService( 4795): Stopping dispatch service...
I/chromium( 3841): [INFO:CONSOLE(25)] "No Content-Security-Policy meta tag found. Please add one when using the cordova-plugin-whitelist plugin.", source: file:///android_asset/www/plugins/cordova-plugin-whitelist/whitelist.js (25)
I/chromium( 3841): [INFO:CONSOLE(25)] "No Content-Security-Policy meta tag found. Please add one when using the cordova-plugin-whitelist plugin.", source: file:///android_asset/www/plugins/cordova-plugin-whitelist/whitelist.js (25)
I/chromium( 3841): [INFO:CONSOLE(25)] "No Content-Security-Policy meta tag found. Please add one when using the cordova-plugin-whitelist plugin.", source: file:///android_asset/www/plugins/cordova-plugin-whitelist/whitelist.js (25)
V/GLSActivity( 1088): AuthDelegateWrapperCreated with selected intent: Intent { cmp=com.google.android.gms/.auth.DefaultAuthDelegateService }
I/GLSUser ( 1088): [GLSUser] getTokenFromCache: [account: <ELLIDED:-11767>, callingPkg: com.android.vending, service: androidmarket]
W/System  ( 3457): Ignoring header User-Agent because its value was null.
I/chromium( 3841): [INFO:CONSOLE(25)] "No Content-Security-Policy meta tag found. Please add one when using the cordova-plugin-whitelist plugin.", source: file:///android_asset/www/plugins/cordova-plugin-whitelist/whitelist.js (25)
I/chromium( 3841): [INFO:CONSOLE(25)] "No Content-Security-Policy meta tag found. Please add one when using the cordova-plugin-whitelist plugin.", source: file:///android_asset/www/plugins/cordova-plugin-whitelist/whitelist.js (25)
E/        (  189): invalid crash request of size 4 (from pid=6686 uid=0)
E/Diag_Lib( 6817):  Diag_LSM_Init: Failed to open handle to diag driver, error = 2
E/Sensors ( 6817): sns_fsa_la.c(386):fsa: fflush failed, 9
E/Sensors ( 6817): sns_fsa_la.c(386):fsa: fflush failed, 9
W/Sensors ( 6817): sns_smr_la.c(446):smr_la: smr_apps_la_thread_main is starting, fd=11, sns_smr.en_rx_msg_ptr=b6f6d9d0
W/Sensors ( 6817): sns_sam_app.c(6827):sns_sam_reg_algo: Registering algo service 16, err 0
E/Sensors ( 6817): sns_debug_main.c(565):Debug Config File missing in EFS!
I/chromium( 3841): [INFO:CONSOLE(25)] "No Content-Security-Policy meta tag found. Please add one when using the cordova-plugin-whitelist plugin.", source: file:///android_asset/www/plugins/cordova-plugin-whitelist/whitelist.js (25)
I/chromium( 3841): [INFO:CONSOLE(25)] "No Content-Security-Policy meta tag found. Please add one when using the cordova-plugin-whitelist plugin.", source: file:///android_asset/www/plugins/cordova-plugin-whitelist/whitelist.js (25)
I/chromium( 3841): [INFO:CONSOLE(25)] "No Content-Security-Policy meta tag found. Please add one when using the cordova-plugin-whitelist plugin.", source: file:///android_asset/www/plugins/cordova-plugin-whitelist/whitelist.js (25)
I/chromium( 3841): [INFO:CONSOLE(25)] "No Content-Security-Policy meta tag found. Please add one when using the cordova-plugin-whitelist plugin.", source: file:///android_asset/www/plugins/cordova-plugin-whitelist/whitelist.js (25)
I/chromium( 3841): [INFO:CONSOLE(25)] "No Content-Security-Policy meta tag found. Please add one when using the cordova-plugin-whitelist plugin.", source: file:///android_asset/www/plugins/cordova-plugin-whitelist/whitelist.js (25)
I/chromium( 3841): [INFO:CONSOLE(25)] "No Content-Security-Policy meta tag found. Please add one when using the cordova-plugin-whitelist plugin.", source: file:///android_asset/www/plugins/cordova-plugin-whitelist/whitelist.js (25)
I/chromium( 3841): [INFO:CONSOLE(25)] "No Content-Security-Policy meta tag found. Please add one when using the cordova-plugin-whitelist plugin.", source: file:///android_asset/www/plugins/cordova-plugin-whitelist/whitelist.js (25)
I/chromium( 3841): [INFO:CONSOLE(25)] "No Content-Security-Policy meta tag found. Please add one when using the cordova-plugin-whitelist plugin.", source: file:///android_asset/www/plugins/cordova-plugin-whitelist/whitelist.js (25)
I/chromium( 3841): [INFO:CONSOLE(25)] "No Content-Security-Policy meta tag found. Please add one when using the cordova-plugin-whitelist plugin.", source: file:///android_asset/www/plugins/cordova-plugin-whitelist/whitelist.js (25)
I/chromium( 3841): [INFO:CONSOLE(25)] "No Content-Security-Policy meta tag found. Please add one when using the cordova-plugin-whitelist plugin.", source: file:///android_asset/www/plugins/cordova-plugin-whitelist/whitelist.js (25)
I/chromium( 3841): [INFO:CONSOLE(25)] "No Content-Security-Policy meta tag found. Please add one when using the cordova-plugin-whitelist plugin.", source: file:///android_asset/www/plugins/cordova-plugin-whitelist/whitelist.js (25)
E/        (  189): invalid crash request of size 4 (from pid=6817 uid=0)
E/Diag_Lib( 6942):  Diag_LSM_Init: Failed to open handle to diag driver, error = 2
E/Sensors ( 6942): sns_fsa_la.c(386):fsa: fflush failed, 9
E/Sensors ( 6942): sns_fsa_la.c(386):fsa: fflush failed, 9
W/Sensors ( 6942): sns_smr_la.c(446):smr_la: smr_apps_la_thread_main is starting, fd=11, sns_smr.en_rx_msg_ptr=b6f269d0
W/Sensors ( 6942): sns_sam_app.c(6827):sns_sam_reg_algo: Registering algo service 16, err 0
E/Sensors ( 6942): sns_debug_main.c(565):Debug Config File missing in EFS!
I/chromium( 3841): [INFO:CONSOLE(25)] "No Content-Security-Policy meta tag found. Please add one when using the cordova-plugin-whitelist plugin.", source: file:///android_asset/www/plugins/cordova-plugin-whitelist/whitelist.js (25)
I/chromium( 3841): [INFO:CONSOLE(25)] "No Content-Security-Policy meta tag found. Please add one when using the cordova-plugin-whitelist plugin.", source: file:///android_asset/www/plugins/cordova-plugin-whitelist/whitelist.js (25)
I/chromium( 3841): [INFO:CONSOLE(25)] "No Content-Security-Policy meta tag found. Please add one when using the cordova-plugin-whitelist plugin.", source: file:///android_asset/www/plugins/cordova-plugin-whitelist/whitelist.js (25)
I/chromium( 3841): [INFO:CONSOLE(25)] "No Content-Security-Policy meta tag found. Please add one when using the cordova-plugin-whitelist plugin.", source: file:///android_asset/www/plugins/cordova-plugin-whitelist/whitelist.js (25)
I/chromium( 3841): [INFO:CONSOLE(25)] "No Content-Security-Policy meta tag found. Please add one when using the cordova-plugin-whitelist plugin.", source: file:///android_asset/www/plugins/cordova-plugin-whitelist/whitelist.js (25)
I/chromium( 3841): [INFO:CONSOLE(25)] "No Content-Security-Policy meta tag found. Please add one when using the cordova-plugin-whitelist plugin.", source: file:///android_asset/www/plugins/cordova-plugin-whitelist/whitelist.js (25)
I/chromium( 3841): [INFO:CONSOLE(25)] "No Content-Security-Policy meta tag found. Please add one when using the cordova-plugin-whitelist plugin.", source: file:///android_asset/www/plugins/cordova-plugin-whitelist/whitelist.js (25)
I/chromium( 3841): [INFO:CONSOLE(25)] "No Content-Security-Policy meta tag found. Please add one when using the cordova-plugin-whitelist plugin.", source: file:///android_asset/www/plugins/cordova-plugin-whitelist/whitelist.js (25)
I/chromium( 3841): [INFO:CONSOLE(25)] "No Content-Security-Policy meta tag found. Please add one when using the cordova-plugin-whitelist plugin.", source: file:///android_asset/www/plugins/cordova-plugin-whitelist/whitelist.js (25)
I/chromium( 3841): [INFO:CONSOLE(25)] "No Content-Security-Policy meta tag found. Please add one when using the cordova-plugin-whitelist plugin.", source: file:///android_asset/www/plugins/cordova-plugin-whitelist/whitelist.js (25)
I/chromium( 3841): [INFO:CONSOLE(25)] "No Content-Security-Policy meta tag found. Please add one when using the cordova-plugin-whitelist plugin.", source: file:///android_asset/www/plugins/cordova-plugin-whitelist/whitelist.js (25)
E/        (  189): invalid crash request of size 4 (from pid=6942 uid=0)
E/Diag_Lib( 7063):  Diag_LSM_Init: Failed to open handle to diag driver, error = 2
E/Sensors ( 7063): sns_fsa_la.c(386):fsa: fflush failed, 9
E/Sensors ( 7063): sns_fsa_la.c(386):fsa: fflush failed, 9
W/Sensors ( 7063): sns_smr_la.c(446):smr_la: smr_apps_la_thread_main is starting, fd=11, sns_smr.en_rx_msg_ptr=b6f2a9d0
W/Sensors ( 7063): sns_sam_app.c(6827):sns_sam_reg_algo: Registering algo service 16, err 0
E/Sensors ( 7063): sns_debug_main.c(565):Debug Config File missing in EFS!
I/chromium( 3841): [INFO:CONSOLE(25)] "No Content-Security-Policy meta tag found. Please add one when using the cordova-plugin-whitelist plugin.", source: file:///android_asset/www/plugins/cordova-plugin-whitelist/whitelist.js (25)
I/chromium( 3841): [INFO:CONSOLE(25)] "No Content-Security-Policy meta tag found. Please add one when using the cordova-plugin-whitelist plugin.", source: file:///android_asset/www/plugins/cordova-plugin-whitelist/whitelist.js (25)
I/chromium( 3841): [INFO:CONSOLE(25)] "No Content-Security-Policy meta tag found. Please add one when using the cordova-plugin-whitelist plugin.", source: file:///android_asset/www/plugins/cordova-plugin-whitelist/whitelist.js (25)
I/ActivityManager(  602): Killing 2641:org.mozilla.firefox/u0a87 (adj 13): empty for 2042s
I/ActivityManager(  602): Killing 4096:com.google.android.googlequicksearchbox:search/u0a60 (adj 13): empty for 2042s
I/ActivityManager(  602): Killing 4233:com.google.android.apps.magazines/u0a40 (adj 13): empty for 2043s
I/ActivityManager(  602): Killing 4195:com.google.android.apps.cloudprint/u0a97 (adj 13): empty for 2043s
I/ActivityManager(  602): Killing 3712:com.android.musicfx/u0a45 (adj 13): empty for 2043s
I/ActivityManager(  602): Killing 3154:android.process.acore/u0a0 (adj 15): empty for 2043s
D/ServerDispatchService( 4769): Starting dispatch service...
I/ServerDispatchService( 4769): onStartCommand
I/ServerDispatchService( 4769): Dispatching data to server!
D/ServerDispatchService( 4795): Starting dispatch service...
I/ServerDispatchService( 4795): onStartCommand
I/ServerDispatchService( 4795): Dispatching data to server!
W/ServerDispatchService( 4769): Cannot dispatch -> Conn type selected to any but no connection available
W/ServerDispatchService( 4795): Cannot dispatch -> Conn type selected to any but no connection available
D/ServerDispatchService( 4769): Releasing wakelock...
D/ServerDispatchService( 4769): Stopping dispatch service...
D/ServerDispatchService( 4795): Releasing wakelock...
D/ServerDispatchService( 4795): Stopping dispatch service...
I/ActivityManager(  602): Killing 3457:com.android.vending/u0a52 (adj 15): empty for 2029s
I/chromium( 3841): [INFO:CONSOLE(25)] "No Content-Security-Policy meta tag found. Please add one when using the cordova-plugin-whitelist plugin.", source: file:///android_asset/www/plugins/cordova-plugin-whitelist/whitelist.js (25)
I/chromium( 3841): [INFO:CONSOLE(25)] "No Content-Security-Policy meta tag found. Please add one when using the cordova-plugin-whitelist plugin.", source: file:///android_asset/www/plugins/cordova-plugin-whitelist/whitelist.js (25)
I/chromium( 3841): [INFO:CONSOLE(25)] "No Content-Security-Policy meta tag found. Please add one when using the cordova-plugin-whitelist plugin.", source: file:///android_asset/www/plugins/cordova-plugin-whitelist/whitelist.js (25)
I/chromium( 3841): [INFO:CONSOLE(25)] "No Content-Security-Policy meta tag found. Please add one when using the cordova-plugin-whitelist plugin.", source: file:///android_asset/www/plugins/cordova-plugin-whitelist/whitelist.js (25)
I/chromium( 3841): [INFO:CONSOLE(25)] "No Content-Security-Policy meta tag found. Please add one when using the cordova-plugin-whitelist plugin.", source: file:///android_asset/www/plugins/cordova-plugin-whitelist/whitelist.js (25)
I/chromium( 3841): [INFO:CONSOLE(25)] "No Content-Security-Policy meta tag found. Please add one when using the cordova-plugin-whitelist plugin.", source: file:///android_asset/www/plugins/cordova-plugin-whitelist/whitelist.js (25)
I/chromium( 3841): [INFO:CONSOLE(25)] "No Content-Security-Policy meta tag found. Please add one when using the cordova-plugin-whitelist plugin.", source: file:///android_asset/www/plugins/cordova-plugin-whitelist/whitelist.js (25)
I/chromium( 3841): [INFO:CONSOLE(25)] "No Content-Security-Policy meta tag found. Please add one when using the cordova-plugin-whitelist plugin.", source: file:///android_asset/www/plugins/cordova-plugin-whitelist/whitelist.js (25)
E/        (  189): invalid crash request of size 4 (from pid=7063 uid=0)
E/Diag_Lib( 7193):  Diag_LSM_Init: Failed to open handle to diag driver, error = 2
E/Sensors ( 7193): sns_fsa_la.c(386):fsa: fflush failed, 9
E/Sensors ( 7193): sns_fsa_la.c(386):fsa: fflush failed, 9
W/Sensors ( 7193): sns_smr_la.c(446):smr_la: smr_apps_la_thread_main is starting, fd=11, sns_smr.en_rx_msg_ptr=b6fca9d0
W/Sensors ( 7193): sns_sam_app.c(6827):sns_sam_reg_algo: Registering algo service 16, err 0
E/Sensors ( 7193): sns_debug_main.c(565):Debug Config File missing in EFS!
I/chromium( 3841): [INFO:CONSOLE(25)] "No Content-Security-Policy meta tag found. Please add one when using the cordova-plugin-whitelist plugin.", source: file:///android_asset/www/plugins/cordova-plugin-whitelist/whitelist.js (25)
I/chromium( 3841): [INFO:CONSOLE(25)] "No Content-Security-Policy meta tag found. Please add one when using the cordova-plugin-whitelist plugin.", source: file:///android_asset/www/plugins/cordova-plugin-whitelist/whitelist.js (25)
I/chromium( 3841): [INFO:CONSOLE(25)] "No Content-Security-Policy meta tag found. Please add one when using the cordova-plugin-whitelist plugin.", source: file:///android_asset/www/plugins/cordova-plugin-whitelist/whitelist.js (25)
I/chromium( 3841): [INFO:CONSOLE(25)] "No Content-Security-Policy meta tag found. Please add one when using the cordova-plugin-whitelist plugin.", source: file:///android_asset/www/plugins/cordova-plugin-whitelist/whitelist.js (25)
I/ActivityManager(  602): Start proc 7249:com.google.android.apps.photos/u0a115 for broadcast com.google.android.apps.photos/.scheduler.AlarmReceiver
I/EventLogService( 1247): Aggregate from 1438249784623 (log), 1438249784623 (data)
I/art     (  602): Explicit concurrent mark sweep GC freed 37586(1950KB) AllocSpace objects, 11(328KB) LOS objects, 33% free, 21MB/31MB, paused 1.770ms total 87.219ms
I/GLSUser ( 1088): [GLSUser] getTokenFromCache: [account: <ELLIDED:-11767>, callingPkg: com.google.android.gms, service: oauth2: email]
I/Auth.Core( 1088): [TokenCache] Missing snowballing token: no granted scopes set.
I/GLSUser ( 1088): [GLSUser] getTokenFromGoogle [account: <ELLIDED:-11767>, callingPkg: com.google.android.gms, service: oauth2: email
I/GLSUser ( 1088): [GLSUser] IOException in getAuthtoken(<ELLIDED:-11767>, oauth2: email) -> exception: Unable to resolve host "android.clients.google.com": No address associated with hostname)
I/GLSUser ( 1088): [GLSUser] getAuthtoken(<ELLIDED:-11767>, oauth2: email) -> status: NETWORK_ERROR)
I/GLSUser ( 1088): [GLSUser] Extracting token using key: Auth
W/GLSActivity( 1088): gms.StatusHelper Status from wire: NetworkError status: NETWORK_ERROR
V/GoogleAuthProtoRequest( 4176): [452] a.<init>: mAccountName set to: sensorlab.mobile@gmail.com
I/GLSUser ( 1088): [GLSUser] getTokenFromCache: [account: <ELLIDED:-11767>, callingPkg: com.google.android.apps.gcs, service: oauth2:https://www.googleapis.com/auth/nova]
I/Auth.Core( 1088): [TokenCache] Missing snowballing token: no granted scopes set.
I/GLSUser ( 1088): [GLSUser] getTokenFromGoogle [account: <ELLIDED:-11767>, callingPkg: com.google.android.apps.gcs, service: oauth2:https://www.googleapis.com/auth/nova
I/GLSUser ( 1088): [GLSUser] IOException in getAuthtoken(<ELLIDED:-11767>, oauth2:https://www.googleapis.com/auth/nova) -> exception: Unable to resolve host "android.clients.google.com": No address associated with hostname)
I/GLSUser ( 1088): [GLSUser] getAuthtoken(<ELLIDED:-11767>, oauth2:https://www.googleapis.com/auth/nova) -> status: NETWORK_ERROR)
I/GLSUser ( 1088): [GLSUser] Extracting token using key: Auth
W/GLSActivity( 1088): gms.StatusHelper Status from wire: NetworkError status: NETWORK_ERROR
W/ExperimentUpdateService( 4176): [452] ExperimentUpdateService.a: Error executing an experiment update request.  Rescheduling.
W/ExperimentUpdateService( 4176): [452] ExperimentUpdateService.a: java.util.concurrent.ExecutionException: com.a.a.a: NetworkError
W/ExperimentUpdateService( 4176): java.util.concurrent.ExecutionException: com.a.a.a: NetworkError
W/ExperimentUpdateService( 4176): 	at com.a.a.a.k.a(SourceFile:117)
W/ExperimentUpdateService( 4176): 	at com.a.a.a.k.get(SourceFile:97)
W/ExperimentUpdateService( 4176): 	at com.google.android.flib.nova.experiment.ExperimentUpdateService.a(SourceFile:64)
W/ExperimentUpdateService( 4176): 	at com.google.android.gms.gcm.c.run(Unknown Source)
W/ExperimentUpdateService( 4176): Caused by: com.a.a.a: NetworkError
W/ExperimentUpdateService( 4176): 	at com.google.android.flib.a.a.a(SourceFile:170)
W/ExperimentUpdateService( 4176): 	at com.a.a.a.g.a(SourceFile:79)
W/ExperimentUpdateService( 4176): 	at com.a.a.a.a.a(SourceFile:93)
W/ExperimentUpdateService( 4176): 	at com.a.a.k.run(SourceFile:110)
W/ExperimentUpdateService( 4176): Caused by: java.io.IOException: NetworkError
W/ExperimentUpdateService( 4176): 	at com.google.android.gms.auth.e.a(Unknown Source)
W/ExperimentUpdateService( 4176): 	at com.google.android.gms.auth.e.a(Unknown Source)
W/ExperimentUpdateService( 4176): 	at com.google.android.flib.a.a.a(SourceFile:162)
W/ExperimentUpdateService( 4176): 	... 3 more
I/chromium( 3841): [INFO:CONSOLE(25)] "No Content-Security-Policy meta tag found. Please add one when using the cordova-plugin-whitelist plugin.", source: file:///android_asset/www/plugins/cordova-plugin-whitelist/whitelist.js (25)
I/chromium( 3841): [INFO:CONSOLE(25)] "No Content-Security-Policy meta tag found. Please add one when using the cordova-plugin-whitelist plugin.", source: file:///android_asset/www/plugins/cordova-plugin-whitelist/whitelist.js (25)
I/chromium( 3841): [INFO:CONSOLE(25)] "No Content-Security-Policy meta tag found. Please add one when using the cordova-plugin-whitelist plugin.", source: file:///android_asset/www/plugins/cordova-plugin-whitelist/whitelist.js (25)
I/chromium( 3841): [INFO:CONSOLE(25)] "No Content-Security-Policy meta tag found. Please add one when using the cordova-plugin-whitelist plugin.", source: file:///android_asset/www/plugins/cordova-plugin-whitelist/whitelist.js (25)
I/chromium( 3841): [INFO:CONSOLE(25)] "No Content-Security-Policy meta tag found. Please add one when using the cordova-plugin-whitelist plugin.", source: file:///android_asset/www/plugins/cordova-plugin-whitelist/whitelist.js (25)
I/chromium( 3841): [INFO:CONSOLE(25)] "No Content-Security-Policy meta tag found. Please add one when using the cordova-plugin-whitelist plugin.", source: file:///android_asset/www/plugins/cordova-plugin-whitelist/whitelist.js (25)
I/chromium( 3841): [INFO:CONSOLE(25)] "No Content-Security-Policy meta tag found. Please add one when using the cordova-plugin-whitelist plugin.", source: file:///android_asset/www/plugins/cordova-plugin-whitelist/whitelist.js (25)
E/        (  189): invalid crash request of size 4 (from pid=7193 uid=0)
E/Diag_Lib( 7352):  Diag_LSM_Init: Failed to open handle to diag driver, error = 2
E/Sensors ( 7352): sns_fsa_la.c(386):fsa: fflush failed, 9
E/Sensors ( 7352): sns_fsa_la.c(386):fsa: fflush failed, 9
W/Sensors ( 7352): sns_smr_la.c(446):smr_la: smr_apps_la_thread_main is starting, fd=11, sns_smr.en_rx_msg_ptr=b6f7e9d0
W/Sensors ( 7352): sns_sam_app.c(6827):sns_sam_reg_algo: Registering algo service 16, err 0
E/Sensors ( 7352): sns_debug_main.c(565):Debug Config File missing in EFS!
I/chromium( 3841): [INFO:CONSOLE(25)] "No Content-Security-Policy meta tag found. Please add one when using the cordova-plugin-whitelist plugin.", source: file:///android_asset/www/plugins/cordova-plugin-whitelist/whitelist.js (25)
I/chromium( 3841): [INFO:CONSOLE(25)] "No Content-Security-Policy meta tag found. Please add one when using the cordova-plugin-whitelist plugin.", source: file:///android_asset/www/plugins/cordova-plugin-whitelist/whitelist.js (25)
I/chromium( 3841): [INFO:CONSOLE(25)] "No Content-Security-Policy meta tag found. Please add one when using the cordova-plugin-whitelist plugin.", source: file:///android_asset/www/plugins/cordova-plugin-whitelist/whitelist.js (25)
I/chromium( 3841): [INFO:CONSOLE(25)] "No Content-Security-Policy meta tag found. Please add one when using the cordova-plugin-whitelist plugin.", source: file:///android_asset/www/plugins/cordova-plugin-whitelist/whitelist.js (25)
I/chromium( 3841): [INFO:CONSOLE(25)] "No Content-Security-Policy meta tag found. Please add one when using the cordova-plugin-whitelist plugin.", source: file:///android_asset/www/plugins/cordova-plugin-whitelist/whitelist.js (25)
I/chromium( 3841): [INFO:CONSOLE(25)] "No Content-Security-Policy meta tag found. Please add one when using the cordova-plugin-whitelist plugin.", source: file:///android_asset/www/plugins/cordova-plugin-whitelist/whitelist.js (25)
I/chromium( 3841): [INFO:CONSOLE(25)] "No Content-Security-Policy meta tag found. Please add one when using the cordova-plugin-whitelist plugin.", source: file:///android_asset/www/plugins/cordova-plugin-whitelist/whitelist.js (25)
I/chromium( 3841): [INFO:CONSOLE(25)] "No Content-Security-Policy meta tag found. Please add one when using the cordova-plugin-whitelist plugin.", source: file:///android_asset/www/plugins/cordova-plugin-whitelist/whitelist.js (25)
I/chromium( 3841): [INFO:CONSOLE(25)] "No Content-Security-Policy meta tag found. Please add one when using the cordova-plugin-whitelist plugin.", source: file:///android_asset/www/plugins/cordova-plugin-whitelist/whitelist.js (25)
I/chromium( 3841): [INFO:CONSOLE(25)] "No Content-Security-Policy meta tag found. Please add one when using the cordova-plugin-whitelist plugin.", source: file:///android_asset/www/plugins/cordova-plugin-whitelist/whitelist.js (25)
I/chromium( 3841): [INFO:CONSOLE(25)] "No Content-Security-Policy meta tag found. Please add one when using the cordova-plugin-whitelist plugin.", source: file:///android_asset/www/plugins/cordova-plugin-whitelist/whitelist.js (25)
D/ServerDispatchService( 4769): Starting dispatch service...
I/ServerDispatchService( 4769): onStartCommand
I/ServerDispatchService( 4769): Dispatching data to server!
W/ServerDispatchService( 4769): Cannot dispatch -> Conn type selected to any but no connection available
D/ServerDispatchService( 4769): Releasing wakelock...
D/ServerDispatchService( 4769): Stopping dispatch service...
D/ServerDispatchService( 4795): Starting dispatch service...
I/ServerDispatchService( 4795): onStartCommand
I/ServerDispatchService( 4795): Dispatching data to server!
W/ServerDispatchService( 4795): Cannot dispatch -> Conn type selected to any but no connection available
D/ServerDispatchService( 4795): Releasing wakelock...
D/ServerDispatchService( 4795): Stopping dispatch service...
E/        (  189): invalid crash request of size 4 (from pid=7352 uid=0)
E/Diag_Lib( 7483):  Diag_LSM_Init: Failed to open handle to diag driver, error = 2
E/Sensors ( 7483): sns_fsa_la.c(386):fsa: fflush failed, 9
E/Sensors ( 7483): sns_fsa_la.c(386):fsa: fflush failed, 9
W/Sensors ( 7483): sns_smr_la.c(446):smr_la: smr_apps_la_thread_main is starting, fd=11, sns_smr.en_rx_msg_ptr=b6f609d0
W/Sensors ( 7483): sns_sam_app.c(6827):sns_sam_reg_algo: Registering algo service 16, err 0
E/Sensors ( 7483): sns_debug_main.c(565):Debug Config File missing in EFS!
I/chromium( 3841): [INFO:CONSOLE(25)] "No Content-Security-Policy meta tag found. Please add one when using the cordova-plugin-whitelist plugin.", source: file:///android_asset/www/plugins/cordova-plugin-whitelist/whitelist.js (25)
I/chromium( 3841): [INFO:CONSOLE(25)] "No Content-Security-Policy meta tag found. Please add one when using the cordova-plugin-whitelist plugin.", source: file:///android_asset/www/plugins/cordova-plugin-whitelist/whitelist.js (25)
I/chromium( 3841): [INFO:CONSOLE(25)] "No Content-Security-Policy meta tag found. Please add one when using the cordova-plugin-whitelist plugin.", source: file:///android_asset/www/plugins/cordova-plugin-whitelist/whitelist.js (25)
I/chromium( 3841): [INFO:CONSOLE(25)] "No Content-Security-Policy meta tag found. Please add one when using the cordova-plugin-whitelist plugin.", source: file:///android_asset/www/plugins/cordova-plugin-whitelist/whitelist.js (25)
I/chromium( 3841): [INFO:CONSOLE(25)] "No Content-Security-Policy meta tag found. Please add one when using the cordova-plugin-whitelist plugin.", source: file:///android_asset/www/plugins/cordova-plugin-whitelist/whitelist.js (25)
I/chromium( 3841): [INFO:CONSOLE(25)] "No Content-Security-Policy meta tag found. Please add one when using the cordova-plugin-whitelist plugin.", source: file:///android_asset/www/plugins/cordova-plugin-whitelist/whitelist.js (25)
I/chromium( 3841): [INFO:CONSOLE(25)] "No Content-Security-Policy meta tag found. Please add one when using the cordova-plugin-whitelist plugin.", source: file:///android_asset/www/plugins/cordova-plugin-whitelist/whitelist.js (25)
I/chromium( 3841): [INFO:CONSOLE(25)] "No Content-Security-Policy meta tag found. Please add one when using the cordova-plugin-whitelist plugin.", source: file:///android_asset/www/plugins/cordova-plugin-whitelist/whitelist.js (25)
I/chromium( 3841): [INFO:CONSOLE(25)] "No Content-Security-Policy meta tag found. Please add one when using the cordova-plugin-whitelist plugin.", source: file:///android_asset/www/plugins/cordova-plugin-whitelist/whitelist.js (25)
I/chromium( 3841): [INFO:CONSOLE(25)] "No Content-Security-Policy meta tag found. Please add one when using the cordova-plugin-whitelist plugin.", source: file:///android_asset/www/plugins/cordova-plugin-whitelist/whitelist.js (25)
I/chromium( 3841): [INFO:CONSOLE(25)] "No Content-Security-Policy meta tag found. Please add one when using the cordova-plugin-whitelist plugin.", source: file:///android_asset/www/plugins/cordova-plugin-whitelist/whitelist.js (25)
I/chromium( 3841): [INFO:CONSOLE(25)] "No Content-Security-Policy meta tag found. Please add one when using the cordova-plugin-whitelist plugin.", source: file:///android_asset/www/plugins/cordova-plugin-whitelist/whitelist.js (25)
E/        (  189): invalid crash request of size 4 (from pid=7483 uid=0)
E/Diag_Lib( 7602):  Diag_LSM_Init: Failed to open handle to diag driver, error = 2
E/Sensors ( 7602): sns_fsa_la.c(386):fsa: fflush failed, 9
E/Sensors ( 7602): sns_fsa_la.c(386):fsa: fflush failed, 9
W/Sensors ( 7602): sns_smr_la.c(446):smr_la: smr_apps_la_thread_main is starting, fd=11, sns_smr.en_rx_msg_ptr=b6f6c9d0
W/Sensors ( 7602): sns_sam_app.c(6827):sns_sam_reg_algo: Registering algo service 16, err 0
E/Sensors ( 7602): sns_debug_main.c(565):Debug Config File missing in EFS!
I/chromium( 3841): [INFO:CONSOLE(25)] "No Content-Security-Policy meta tag found. Please add one when using the cordova-plugin-whitelist plugin.", source: file:///android_asset/www/plugins/cordova-plugin-whitelist/whitelist.js (25)
I/chromium( 3841): [INFO:CONSOLE(25)] "No Content-Security-Policy meta tag found. Please add one when using the cordova-plugin-whitelist plugin.", source: file:///android_asset/www/plugins/cordova-plugin-whitelist/whitelist.js (25)
I/chromium( 3841): [INFO:CONSOLE(25)] "No Content-Security-Policy meta tag found. Please add one when using the cordova-plugin-whitelist plugin.", source: file:///android_asset/www/plugins/cordova-plugin-whitelist/whitelist.js (25)
I/chromium( 3841): [INFO:CONSOLE(25)] "No Content-Security-Policy meta tag found. Please add one when using the cordova-plugin-whitelist plugin.", source: file:///android_asset/www/plugins/cordova-plugin-whitelist/whitelist.js (25)
I/chromium( 3841): [INFO:CONSOLE(25)] "No Content-Security-Policy meta tag found. Please add one when using the cordova-plugin-whitelist plugin.", source: file:///android_asset/www/plugins/cordova-plugin-whitelist/whitelist.js (25)
I/chromium( 3841): [INFO:CONSOLE(25)] "No Content-Security-Policy meta tag found. Please add one when using the cordova-plugin-whitelist plugin.", source: file:///android_asset/www/plugins/cordova-plugin-whitelist/whitelist.js (25)
I/chromium( 3841): [INFO:CONSOLE(25)] "No Content-Security-Policy meta tag found. Please add one when using the cordova-plugin-whitelist plugin.", source: file:///android_asset/www/plugins/cordova-plugin-whitelist/whitelist.js (25)
I/chromium( 3841): [INFO:CONSOLE(25)] "No Content-Security-Policy meta tag found. Please add one when using the cordova-plugin-whitelist plugin.", source: file:///android_asset/www/plugins/cordova-plugin-whitelist/whitelist.js (25)
I/chromium( 3841): [INFO:CONSOLE(25)] "No Content-Security-Policy meta tag found. Please add one when using the cordova-plugin-whitelist plugin.", source: file:///android_asset/www/plugins/cordova-plugin-whitelist/whitelist.js (25)
I/chromium( 3841): [INFO:CONSOLE(25)] "No Content-Security-Policy meta tag found. Please add one when using the cordova-plugin-whitelist plugin.", source: file:///android_asset/www/plugins/cordova-plugin-whitelist/whitelist.js (25)
I/chromium( 3841): [INFO:CONSOLE(25)] "No Content-Security-Policy meta tag found. Please add one when using the cordova-plugin-whitelist plugin.", source: file:///android_asset/www/plugins/cordova-plugin-whitelist/whitelist.js (25)
E/        (  189): invalid crash request of size 4 (from pid=7602 uid=0)
E/Diag_Lib( 7737):  Diag_LSM_Init: Failed to open handle to diag driver, error = 2
E/Sensors ( 7737): sns_fsa_la.c(386):fsa: fflush failed, 9
E/Sensors ( 7737): sns_fsa_la.c(386):fsa: fflush failed, 9
W/Sensors ( 7737): sns_smr_la.c(446):smr_la: smr_apps_la_thread_main is starting, fd=11, sns_smr.en_rx_msg_ptr=b6f589d0
W/Sensors ( 7737): sns_sam_app.c(6827):sns_sam_reg_algo: Registering algo service 16, err 0
E/Sensors ( 7737): sns_debug_main.c(565):Debug Config File missing in EFS!
I/chromium( 3841): [INFO:CONSOLE(25)] "No Content-Security-Policy meta tag found. Please add one when using the cordova-plugin-whitelist plugin.", source: file:///android_asset/www/plugins/cordova-plugin-whitelist/whitelist.js (25)
I/chromium( 3841): [INFO:CONSOLE(25)] "No Content-Security-Policy meta tag found. Please add one when using the cordova-plugin-whitelist plugin.", source: file:///android_asset/www/plugins/cordova-plugin-whitelist/whitelist.js (25)
I/chromium( 3841): [INFO:CONSOLE(25)] "No Content-Security-Policy meta tag found. Please add one when using the cordova-plugin-whitelist plugin.", source: file:///android_asset/www/plugins/cordova-plugin-whitelist/whitelist.js (25)
I/chromium( 3841): [INFO:CONSOLE(25)] "No Content-Security-Policy meta tag found. Please add one when using the cordova-plugin-whitelist plugin.", source: file:///android_asset/www/plugins/cordova-plugin-whitelist/whitelist.js (25)
I/chromium( 3841): [INFO:CONSOLE(25)] "No Content-Security-Policy meta tag found. Please add one when using the cordova-plugin-whitelist plugin.", source: file:///android_asset/www/plugins/cordova-plugin-whitelist/whitelist.js (25)
I/chromium( 3841): [INFO:CONSOLE(25)] "No Content-Security-Policy meta tag found. Please add one when using the cordova-plugin-whitelist plugin.", source: file:///android_asset/www/plugins/cordova-plugin-whitelist/whitelist.js (25)
I/chromium( 3841): [INFO:CONSOLE(25)] "No Content-Security-Policy meta tag found. Please add one when using the cordova-plugin-whitelist plugin.", source: file:///android_asset/www/plugins/cordova-plugin-whitelist/whitelist.js (25)
I/ActivityManager(  602): Killing 3768:com.google.android.apps.plus/u0a54 (adj 15): empty for 1941s
D/ServerDispatchService( 4769): Starting dispatch service...
I/ServerDispatchService( 4769): onStartCommand
I/ServerDispatchService( 4769): Dispatching data to server!
W/ServerDispatchService( 4769): Cannot dispatch -> Conn type selected to any but no connection available
D/ServerDispatchService( 4769): Releasing wakelock...
D/ServerDispatchService( 4769): Stopping dispatch service...
D/ServerDispatchService( 4795): Starting dispatch service...
I/ServerDispatchService( 4795): onStartCommand
I/ServerDispatchService( 4795): Dispatching data to server!
W/ServerDispatchService( 4795): Cannot dispatch -> Conn type selected to any but no connection available
D/ServerDispatchService( 4795): Releasing wakelock...
D/ServerDispatchService( 4795): Stopping dispatch service...
I/chromium( 3841): [INFO:CONSOLE(25)] "No Content-Security-Policy meta tag found. Please add one when using the cordova-plugin-whitelist plugin.", source: file:///android_asset/www/plugins/cordova-plugin-whitelist/whitelist.js (25)
I/chromium( 3841): [INFO:CONSOLE(25)] "No Content-Security-Policy meta tag found. Please add one when using the cordova-plugin-whitelist plugin.", source: file:///android_asset/www/plugins/cordova-plugin-whitelist/whitelist.js (25)
I/chromium( 3841): [INFO:CONSOLE(25)] "No Content-Security-Policy meta tag found. Please add one when using the cordova-plugin-whitelist plugin.", source: file:///android_asset/www/plugins/cordova-plugin-whitelist/whitelist.js (25)
I/chromium( 3841): [INFO:CONSOLE(25)] "No Content-Security-Policy meta tag found. Please add one when using the cordova-plugin-whitelist plugin.", source: file:///android_asset/www/plugins/cordova-plugin-whitelist/whitelist.js (25)
E/        (  189): invalid crash request of size 4 (from pid=7737 uid=0)
E/Diag_Lib( 7870):  Diag_LSM_Init: Failed to open handle to diag driver, error = 2
E/Sensors ( 7870): sns_fsa_la.c(386):fsa: fflush failed, 9
E/Sensors ( 7870): sns_fsa_la.c(386):fsa: fflush failed, 9
W/Sensors ( 7870): sns_smr_la.c(446):smr_la: smr_apps_la_thread_main is starting, fd=11, sns_smr.en_rx_msg_ptr=b6f209d0
W/Sensors ( 7870): sns_sam_app.c(6827):sns_sam_reg_algo: Registering algo service 16, err 0
E/Sensors ( 7870): sns_debug_main.c(565):Debug Config File missing in EFS!
I/chromium( 3841): [INFO:CONSOLE(25)] "No Content-Security-Policy meta tag found. Please add one when using the cordova-plugin-whitelist plugin.", source: file:///android_asset/www/plugins/cordova-plugin-whitelist/whitelist.js (25)
I/chromium( 3841): [INFO:CONSOLE(25)] "No Content-Security-Policy meta tag found. Please add one when using the cordova-plugin-whitelist plugin.", source: file:///android_asset/www/plugins/cordova-plugin-whitelist/whitelist.js (25)
I/chromium( 3841): [INFO:CONSOLE(25)] "No Content-Security-Policy meta tag found. Please add one when using the cordova-plugin-whitelist plugin.", source: file:///android_asset/www/plugins/cordova-plugin-whitelist/whitelist.js (25)
I/chromium( 3841): [INFO:CONSOLE(25)] "No Content-Security-Policy meta tag found. Please add one when using the cordova-plugin-whitelist plugin.", source: file:///android_asset/www/plugins/cordova-plugin-whitelist/whitelist.js (25)
I/chromium( 3841): [INFO:CONSOLE(25)] "No Content-Security-Policy meta tag found. Please add one when using the cordova-plugin-whitelist plugin.", source: file:///android_asset/www/plugins/cordova-plugin-whitelist/whitelist.js (25)
I/chromium( 3841): [INFO:CONSOLE(25)] "No Content-Security-Policy meta tag found. Please add one when using the cordova-plugin-whitelist plugin.", source: file:///android_asset/www/plugins/cordova-plugin-whitelist/whitelist.js (25)
I/chromium( 3841): [INFO:CONSOLE(25)] "No Content-Security-Policy meta tag found. Please add one when using the cordova-plugin-whitelist plugin.", source: file:///android_asset/www/plugins/cordova-plugin-whitelist/whitelist.js (25)
I/chromium( 3841): [INFO:CONSOLE(25)] "No Content-Security-Policy meta tag found. Please add one when using the cordova-plugin-whitelist plugin.", source: file:///android_asset/www/plugins/cordova-plugin-whitelist/whitelist.js (25)
I/chromium( 3841): [INFO:CONSOLE(25)] "No Content-Security-Policy meta tag found. Please add one when using the cordova-plugin-whitelist plugin.", source: file:///android_asset/www/plugins/cordova-plugin-whitelist/whitelist.js (25)
I/chromium( 3841): [INFO:CONSOLE(25)] "No Content-Security-Policy meta tag found. Please add one when using the cordova-plugin-whitelist plugin.", source: file:///android_asset/www/plugins/cordova-plugin-whitelist/whitelist.js (25)
I/chromium( 3841): [INFO:CONSOLE(25)] "No Content-Security-Policy meta tag found. Please add one when using the cordova-plugin-whitelist plugin.", source: file:///android_asset/www/plugins/cordova-plugin-whitelist/whitelist.js (25)
E/        (  189): invalid crash request of size 4 (from pid=7870 uid=0)
E/Diag_Lib( 7990):  Diag_LSM_Init: Failed to open handle to diag driver, error = 2
E/Sensors ( 7990): sns_fsa_la.c(386):fsa: fflush failed, 9
E/Sensors ( 7990): sns_fsa_la.c(386):fsa: fflush failed, 9
W/Sensors ( 7990): sns_smr_la.c(446):smr_la: smr_apps_la_thread_main is starting, fd=11, sns_smr.en_rx_msg_ptr=b700b9d0
W/Sensors ( 7990): sns_sam_app.c(6827):sns_sam_reg_algo: Registering algo service 16, err 0
E/Sensors ( 7990): sns_debug_main.c(565):Debug Config File missing in EFS!
I/chromium( 3841): [INFO:CONSOLE(25)] "No Content-Security-Policy meta tag found. Please add one when using the cordova-plugin-whitelist plugin.", source: file:///android_asset/www/plugins/cordova-plugin-whitelist/whitelist.js (25)
I/chromium( 3841): [INFO:CONSOLE(25)] "No Content-Security-Policy meta tag found. Please add one when using the cordova-plugin-whitelist plugin.", source: file:///android_asset/www/plugins/cordova-plugin-whitelist/whitelist.js (25)
I/chromium( 3841): [INFO:CONSOLE(25)] "No Content-Security-Policy meta tag found. Please add one when using the cordova-plugin-whitelist plugin.", source: file:///android_asset/www/plugins/cordova-plugin-whitelist/whitelist.js (25)
I/chromium( 3841): [INFO:CONSOLE(25)] "No Content-Security-Policy meta tag found. Please add one when using the cordova-plugin-whitelist plugin.", source: file:///android_asset/www/plugins/cordova-plugin-whitelist/whitelist.js (25)
I/chromium( 3841): [INFO:CONSOLE(25)] "No Content-Security-Policy meta tag found. Please add one when using the cordova-plugin-whitelist plugin.", source: file:///android_asset/www/plugins/cordova-plugin-whitelist/whitelist.js (25)
I/chromium( 3841): [INFO:CONSOLE(25)] "No Content-Security-Policy meta tag found. Please add one when using the cordova-plugin-whitelist plugin.", source: file:///android_asset/www/plugins/cordova-plugin-whitelist/whitelist.js (25)
I/chromium( 3841): [INFO:CONSOLE(25)] "No Content-Security-Policy meta tag found. Please add one when using the cordova-plugin-whitelist plugin.", source: file:///android_asset/www/plugins/cordova-plugin-whitelist/whitelist.js (25)
I/chromium( 3841): [INFO:CONSOLE(25)] "No Content-Security-Policy meta tag found. Please add one when using the cordova-plugin-whitelist plugin.", source: file:///android_asset/www/plugins/cordova-plugin-whitelist/whitelist.js (25)
I/chromium( 3841): [INFO:CONSOLE(25)] "No Content-Security-Policy meta tag found. Please add one when using the cordova-plugin-whitelist plugin.", source: file:///android_asset/www/plugins/cordova-plugin-whitelist/whitelist.js (25)
I/chromium( 3841): [INFO:CONSOLE(25)] "No Content-Security-Policy meta tag found. Please add one when using the cordova-plugin-whitelist plugin.", source: file:///android_asset/www/plugins/cordova-plugin-whitelist/whitelist.js (25)
I/chromium( 3841): [INFO:CONSOLE(25)] "No Content-Security-Policy meta tag found. Please add one when using the cordova-plugin-whitelist plugin.", source: file:///android_asset/www/plugins/cordova-plugin-whitelist/whitelist.js (25)
E/        (  189): invalid crash request of size 4 (from pid=7990 uid=0)
E/Diag_Lib( 8110):  Diag_LSM_Init: Failed to open handle to diag driver, error = 2
E/Sensors ( 8110): sns_fsa_la.c(386):fsa: fflush failed, 9
E/Sensors ( 8110): sns_fsa_la.c(386):fsa: fflush failed, 9
W/Sensors ( 8110): sns_smr_la.c(446):smr_la: smr_apps_la_thread_main is starting, fd=11, sns_smr.en_rx_msg_ptr=b6f8c9d0
W/Sensors ( 8110): sns_sam_app.c(6827):sns_sam_reg_algo: Registering algo service 16, err 0
E/Sensors ( 8110): sns_debug_main.c(565):Debug Config File missing in EFS!
I/chromium( 3841): [INFO:CONSOLE(25)] "No Content-Security-Policy meta tag found. Please add one when using the cordova-plugin-whitelist plugin.", source: file:///android_asset/www/plugins/cordova-plugin-whitelist/whitelist.js (25)
I/chromium( 3841): [INFO:CONSOLE(25)] "No Content-Security-Policy meta tag found. Please add one when using the cordova-plugin-whitelist plugin.", source: file:///android_asset/www/plugins/cordova-plugin-whitelist/whitelist.js (25)
I/chromium( 3841): [INFO:CONSOLE(25)] "No Content-Security-Policy meta tag found. Please add one when using the cordova-plugin-whitelist plugin.", source: file:///android_asset/www/plugins/cordova-plugin-whitelist/whitelist.js (25)
I/chromium( 3841): [INFO:CONSOLE(25)] "No Content-Security-Policy meta tag found. Please add one when using the cordova-plugin-whitelist plugin.", source: file:///android_asset/www/plugins/cordova-plugin-whitelist/whitelist.js (25)
D/ServerDispatchService( 4769): Starting dispatch service...
I/ServerDispatchService( 4769): onStartCommand
I/ServerDispatchService( 4769): Dispatching data to server!
W/ServerDispatchService( 4769): Cannot dispatch -> Conn type selected to any but no connection available
D/ServerDispatchService( 4769): Releasing wakelock...
D/ServerDispatchService( 4769): Stopping dispatch service...
D/ServerDispatchService( 4795): Starting dispatch service...
I/ServerDispatchService( 4795): onStartCommand
I/ServerDispatchService( 4795): Dispatching data to server!
W/ServerDispatchService( 4795): Cannot dispatch -> Conn type selected to any but no connection available
D/ServerDispatchService( 4795): Releasing wakelock...
D/ServerDispatchService( 4795): Stopping dispatch service...
I/chromium( 3841): [INFO:CONSOLE(25)] "No Content-Security-Policy meta tag found. Please add one when using the cordova-plugin-whitelist plugin.", source: file:///android_asset/www/plugins/cordova-plugin-whitelist/whitelist.js (25)
I/chromium( 3841): [INFO:CONSOLE(25)] "No Content-Security-Policy meta tag found. Please add one when using the cordova-plugin-whitelist plugin.", source: file:///android_asset/www/plugins/cordova-plugin-whitelist/whitelist.js (25)
I/chromium( 3841): [INFO:CONSOLE(25)] "No Content-Security-Policy meta tag found. Please add one when using the cordova-plugin-whitelist plugin.", source: file:///android_asset/www/plugins/cordova-plugin-whitelist/whitelist.js (25)
I/chromium( 3841): [INFO:CONSOLE(25)] "No Content-Security-Policy meta tag found. Please add one when using the cordova-plugin-whitelist plugin.", source: file:///android_asset/www/plugins/cordova-plugin-whitelist/whitelist.js (25)
I/chromium( 3841): [INFO:CONSOLE(25)] "No Content-Security-Policy meta tag found. Please add one when using the cordova-plugin-whitelist plugin.", source: file:///android_asset/www/plugins/cordova-plugin-whitelist/whitelist.js (25)
I/chromium( 3841): [INFO:CONSOLE(25)] "No Content-Security-Policy meta tag found. Please add one when using the cordova-plugin-whitelist plugin.", source: file:///android_asset/www/plugins/cordova-plugin-whitelist/whitelist.js (25)
I/chromium( 3841): [INFO:CONSOLE(25)] "No Content-Security-Policy meta tag found. Please add one when using the cordova-plugin-whitelist plugin.", source: file:///android_asset/www/plugins/cordova-plugin-whitelist/whitelist.js (25)
E/        (  189): invalid crash request of size 4 (from pid=8110 uid=0)
E/Diag_Lib( 8241):  Diag_LSM_Init: Failed to open handle to diag driver, error = 2
E/Sensors ( 8241): sns_fsa_la.c(386):fsa: fflush failed, 9
E/Sensors ( 8241): sns_fsa_la.c(386):fsa: fflush failed, 9
W/Sensors ( 8241): sns_smr_la.c(446):smr_la: smr_apps_la_thread_main is starting, fd=11, sns_smr.en_rx_msg_ptr=b6ff89d0
W/Sensors ( 8241): sns_sam_app.c(6827):sns_sam_reg_algo: Registering algo service 16, err 0
E/Sensors ( 8241): sns_debug_main.c(565):Debug Config File missing in EFS!
I/chromium( 3841): [INFO:CONSOLE(25)] "No Content-Security-Policy meta tag found. Please add one when using the cordova-plugin-whitelist plugin.", source: file:///android_asset/www/plugins/cordova-plugin-whitelist/whitelist.js (25)
I/chromium( 3841): [INFO:CONSOLE(25)] "No Content-Security-Policy meta tag found. Please add one when using the cordova-plugin-whitelist plugin.", source: file:///android_asset/www/plugins/cordova-plugin-whitelist/whitelist.js (25)
I/chromium( 3841): [INFO:CONSOLE(25)] "No Content-Security-Policy meta tag found. Please add one when using the cordova-plugin-whitelist plugin.", source: file:///android_asset/www/plugins/cordova-plugin-whitelist/whitelist.js (25)
I/chromium( 3841): [INFO:CONSOLE(25)] "No Content-Security-Policy meta tag found. Please add one when using the cordova-plugin-whitelist plugin.", source: file:///android_asset/www/plugins/cordova-plugin-whitelist/whitelist.js (25)
I/chromium( 3841): [INFO:CONSOLE(25)] "No Content-Security-Policy meta tag found. Please add one when using the cordova-plugin-whitelist plugin.", source: file:///android_asset/www/plugins/cordova-plugin-whitelist/whitelist.js (25)
