I/dalvikvm( 1485): Could not find method com.google.android.finsky.layout.DocImageView.setTransitionName, referenced from method com.google.android.finsky.utils.PlayCardUtils.bindCard
W/dalvikvm( 1485): VFY: unable to resolve virtual method 22356: Lcom/google/android/finsky/layout/DocImageView;.setTransitionName (Ljava/lang/String;)V
D/dalvikvm( 1485): VFY: replacing opcode 0x6e at 0x0101
I/dalvikvm( 1485): Could not find method com.google.android.finsky.layout.DocImageView.setTransitionName, referenced from method com.google.android.finsky.utils.PlayCardUtils.bindCard
W/dalvikvm( 1485): VFY: unable to resolve virtual method 22356: Lcom/google/android/finsky/layout/DocImageView;.setTransitionName (Ljava/lang/String;)V
D/dalvikvm( 1485): VFY: replacing opcode 0x6e at 0x026e
I/dalvikvm( 1485): Could not find method com.google.android.play.layout.PlayCardViewBase.setTransitionGroup, referenced from method com.google.android.finsky.utils.PlayCardUtils.bindCard
W/dalvikvm( 1485): VFY: unable to resolve virtual method 39132: Lcom/google/android/play/layout/PlayCardViewBase;.setTransitionGroup (Z)V
D/dalvikvm( 1485): VFY: replacing opcode 0x6e at 0x0276
D/SqliteDatabaseCpp( 1485): DB info: open db, path = /data/data/com.android.vending/databases , key = lafvYvq, flag = 6, file size = 73728
I/dalvikvm( 1485): Could not find method android.view.View.getTransitionName, referenced from method com.google.android.finsky.navigationmanager.NavigationManager.showPage
W/dalvikvm( 1485): VFY: unable to resolve virtual method 9870: Landroid/view/View;.getTransitionName ()Ljava/lang/String;
D/dalvikvm( 1485): VFY: replacing opcode 0x6e at 0x001a
D/SqliteDatabaseCpp( 1485): DB info: open db, path = /data/data/com.android.vending/databases , key = lkgYlYhhwtYte, flag = 6, file size = 61440
D/SyncContactsCalendar(  939): getContactDisplayName() - Can not find contact display name in RawContacts table !!!
D/SqliteDatabaseCpp( 1485): DB info: path = /data/data/com.android.vending/databases , key = lafvYvq, handle: 0x1571448, type: w, r/w: (0,1), mode: truncate, disk free size: 371 M
I/PackageManager( 1615):  setEnabledSetting(), pkgName=com.android.vending, clsName=com.google.android.finsky.activities.DebugActivity, state=2, flag=1, pid=1485, uid=10110
I/dalvikvm( 1485): Could not find method android.content.res.Configuration.getLayoutDirection, referenced from method com.google.android.play.utils.PlayUtils.useLtr
W/dalvikvm( 1485): VFY: unable to resolve virtual method 580: Landroid/content/res/Configuration;.getLayoutDirection ()I
D/dalvikvm( 1485): VFY: replacing opcode 0x6e at 0x0010
I/dalvikvm( 1485): Could not find method android.content.pm.PackageManager.extendVerificationTimeout, referenced from method com.google.android.vending.verifier.PackageVerificationService.extendTimeout
W/dalvikvm( 1485): VFY: unable to resolve virtual method 533: Landroid/content/pm/PackageManager;.extendVerificationTimeout (IIJ)V
D/dalvikvm( 1485): VFY: replacing opcode 0x6e at 0x0010
D/PackageManager( 1615): Failed to get PackageInfo!, pkg:com.google.android.finsky, flags:64
D/dalvikvm( 1485): GC_CONCURRENT freed 830K, 21% free 3724K/4707K, paused 6ms+2ms
D/SqliteDatabaseCpp( 1485): DB info: path = /data/data/com.android.vending/databases , key = lkgYlYhhwtYte, handle: 0x1574b08, type: w, r/w: (0,1), mode: truncate, disk free size: 371 M
D/SyncContactsCalendar(  939): getContactDisplayName() - Can not find contact display name in RawContacts table !!!
D/SyncContactsCalendar(  939): getContactDisplayName() - Can not find contact display name in RawContacts table !!!
D/SyncContactsCalendar(  939): getContactDisplayName() - Can not find contact display name in RawContacts table !!!
D/dalvikvm( 1615): GC_EXPLICIT freed 725K, 36% free 16145K/25123K, paused 14ms+15ms
D/SyncContactsCalendar(  939): getContactDisplayName() - Can not find contact display name in RawContacts table !!!
D/SyncContactsCalendar(  939): getContactDisplayName() - Can not find contact display name in RawContacts table !!!
D/SyncContactsCalendar(  939): getContactDisplayName() - Can not find contact display name in RawContacts table !!!
I/iu.UploadsManager(31585): End new media; added: 0, uploading: 0, time: 243 ms
D/SyncContactsCalendar(  939): getContactDisplayName() - Can not find contact display name in RawContacts table !!!
D/SqliteDatabaseCpp( 1485): DB info: close db, path = /data/data/com.android.vending/databases , key = lkgYlYhhwtYte, handle = 0x1574b08, type = w, r/w = (0, 0)
D/PackageManager( 1615): Failed to get PackageInfo!, pkg:com.pushapp, flags:64
D/Socket_Alarm( 1485): registerHTCSocketMonitorCallBack
D/Socket_Alarm( 1485): set mSocketMonitor
D/Socket_Alarm( 1485): HTCSocketMonitorImpl::HTCSocketMonitorImpl
D/Finsky  ( 1485): [1] GmsCoreHelper.cleanupNlp: result=false type=4
I/dalvikvm( 1485): Could not find method android.app.admin.DevicePolicyManager.isUninstallBlocked, referenced from method com.google.android.finsky.activities.AppActionAnalyzer.isUninstallBlockedByAdmin
W/dalvikvm( 1485): VFY: unable to resolve virtual method 310: Landroid/app/admin/DevicePolicyManager;.isUninstallBlocked (Landroid/content/ComponentName;Ljava/lang/String;)Z
D/dalvikvm( 1485): VFY: replacing opcode 0x6e at 0x0013
D/GCM     ( 8432): GcmService start Intent { act=com.google.android.gms.gcm.PACKAGE_FULLY_REMOVED cmp=com.google.android.gms/.gcm.GcmService (has extras) } com.google.android.gms.gcm.PACKAGE_FULLY_REMOVED
D/SqliteDatabaseCpp( 1485): DB info: close db, path = /data/data/com.android.vending/databases , key = lafvYvq, handle = 0x1571448, type = w, r/w = (0, 0)
E/NetworkScheduler.SchedulerReceiver( 8432): Invalid parameter app
E/NetworkScheduler.SchedulerReceiver( 8432): Invalid package name : Perhaps you didn't include a PendingIntent in the extras?
D/PackageBroadcastService(31585): Received broadcast action=android.intent.action.PACKAGE_REMOVED and uri=com.pushapp
D/AccountUtils(31585): Clearing selected account for com.pushapp
I/LocationSettingsChecker(31585): Removing dialog suppression flag for package com.pushapp
D/ChimeraRcvrProxy(31585): Creating receiver proxy ComponentInfo{com.google.android.gms/com.google.android.gms.games.chimera.GamesSystemBroadcastReceiverProxy}
D/ChimeraRcvrProxy(31585): Proxying container receiver ComponentInfo{com.google.android.gms/com.google.android.gms.games.chimera.GamesSystemBroadcastReceiverProxy} to Chimera receiver impl com.google.android.gms.games.GamesBroadcastReceiverStub
D/ChimeraCfgMgr(31585): Loading module com.google.android.gms.games from APK com.google.android.gms
D/SqliteDatabaseCpp( 1485): DB info: open db, path = /data/data/com.android.vending/databases , key = lafvYvq, flag = 6, file size = 73728
D/Finsky  ( 1485): [1] 2.run: Loaded library for account: [LMm03D8Cl8E_f-0Ow9cR8LJy7X4]
D/SqliteDatabaseCpp( 1485): DB info: path = /data/data/com.android.vending/databases , key = lafvYvq, handle: 0x1579b30, type: w, r/w: (0,1), mode: truncate, disk free size: 371 M
D/PackageManager( 1615): Failed to get PackageInfo!, pkg:com.pushapp, flags:0
D/PackageManager( 1615): Failed to get PackageInfo!, pkg:com.pushapp, flags:0
D/SqliteDatabaseCpp(31585): DB info: open db, path = /data/data/com.google.android.gms/databases , key = h`ejktqhe, flag = 6, file size = 30720
D/SqliteDatabaseCpp(31585): DB info: open db, path = /data/data/com.google.android.gms/databases , key = metvagw, flag = 6, file size = 5120
D/AndroidRuntime( 1526): 
D/AndroidRuntime( 1526): >>>>>> AndroidRuntime START com.android.internal.os.RuntimeInit <<<<<<
D/AndroidRuntime( 1526): CheckJNI is OFF
D/SqliteDatabaseCpp(31585): DB info: path = /data/data/com.google.android.gms/databases , key = h`ejktqhe, handle: 0x166d388, type: w, r/w: (0,1), mode: truncate, disk free size: 371 M
D/SqliteDatabaseCpp(31585): DB info: path = /data/data/com.google.android.gms/databases , key = metvagw, handle: 0x166ebb8, type: w, r/w: (0,3), mode: truncate, disk free size: 371 M
D/GOOGLEHELP_CompatibleDatabase(31585): Open android.database.sqlite.SQLiteDatabase@4105b048, release reference: 1
D/GOOGLEHELP_CompatibleDatabase(31585): Acquire reference of android.database.sqlite.SQLiteDatabase@4105b048: 2
D/gH_MetricsDatabase(31585): 0 metrics were deleted when clearing package com.pushapp.
D/GOOGLEHELP_CompatibleDatabase(31585): Release reference of android.database.sqlite.SQLiteDatabase@4105b048: 1
D/SqliteDatabaseCpp(31585): DB info: open db, path = /data/data/com.google.android.gms/databases , key = `elh[vewhkjwew, flag = 6, file size = 5120
D/SqliteDatabaseCpp(31585): DB info: path = /data/data/com.google.android.gms/databases , key = `elh[vewhkjwew, handle: 0x1755b78, type: w, r/w: (0,3), mode: truncate, disk free size: 371 M
D/GOOGLEHELP_CompatibleDatabase(31585): Open android.database.sqlite.SQLiteDatabase@40f89c48, release reference: 1
D/GOOGLEHELP_CompatibleDatabase(31585): Acquire reference of android.database.sqlite.SQLiteDatabase@40f89c48: 2
D/GOOGLEHELP_CompatibleDatabase(31585): Release reference of android.database.sqlite.SQLiteDatabase@40f89c48: 1
D/SqliteDatabaseCpp(31585): DB info: open db, path = /data/data/com.google.android.gms/databases , key = Yutk[gkmhlete[wuccewtakjw, flag = 6, file size = 6144
D/SqliteDatabaseCpp(31585): DB info: path = /data/data/com.google.android.gms/databases , key = Yutk[gkmhlete[wuccewtakjw, handle: 0x17417c0, type: w, r/w: (0,3), mode: truncate, disk free size: 371 M
D/GOOGLEHELP_CompatibleDatabase(31585): Open android.database.sqlite.SQLiteDatabase@41094dd8, release reference: 1
D/GOOGLEHELP_CompatibleDatabase(31585): Acquire reference of android.database.sqlite.SQLiteDatabase@41094dd8: 2
D/GOOGLEHELP_CompatibleDatabase(31585): Release reference of android.database.sqlite.SQLiteDatabase@41094dd8: 1
D/SqliteDatabaseCpp(31585): DB info: close db, path = /data/data/com.google.android.gms/databases , key = h`ejktqhe, handle = 0x166d388, type = w, r/w = (0, 0)
I/ActivityManager( 1615): Start proc com.mapswithme.maps.pro for broadcast com.mapswithme.maps.pro/ru.mail.mrgservice.MRGSPackageRemoveReceiver: pid=1536 uid=10179 gids={1015, 3003}
I/ConfigFetchService(31585): onStartCommand Intent { act=android.intent.action.PACKAGE_REMOVED dat=package:com.pushapp cmp=com.google.android.gms/.config.ConfigFetchService (has extras) }
I/ConfigService( 8432): onCreate
I/ConfigService( 8432): onBind for Intent { act=com.google.android.gms.config.UPDATE pkg=com.google.android.gms } action com.google.android.gms.config.UPDATE
D/SqliteDatabaseCpp( 8432): DB info: open db, path = /data/data/com.google.android.gms/databases , key = gkjbac, flag = 6, file size = 347136
I/PeopleContactsSync(31585): CP2 sync disabled
D/SqliteDatabaseCpp( 8432): DB info: path = /data/data/com.google.android.gms/databases , key = gkjbac, handle: 0xff2b80, type: w, r/w: (0,1), mode: truncate, disk free size: 371 M
I/PackageManager( 1615):  setEnabledSetting(), pkgName=com.google.android.gms, clsName=com.google.android.gms.people.pub.PeopleProfileActionGatewayActivity, state=2, flag=1, pid=31585, uid=10018
I/Icing   (31585): doRemovePackageData com.pushapp
I/ConfigService( 8432): onBind returning update interface
I/ConfigService( 8432): onBind for Intent { act=com.google.android.gms.config.START pkg=com.google.android.gms } action com.google.android.gms.config.START
I/ConfigService( 8432): onBind returning service broker
D/dalvikvm( 1536): Trying to load lib /data/data/com.mapswithme.maps.pro/lib/libmapswithme.so 0x40d9fca8
D/dalvikvm( 1536): Added shared lib /data/data/com.mapswithme.maps.pro/lib/libmapswithme.so 0x40d9fca8
D/NVEvent ( 1536): InitNVEvent called
I/MapsWithMe_JNI( 1536): platform/Platform.cpp:87 Initialize()  Flavor name: google
I/MapsWithMe_JNI( 1536): platform/Platform.cpp:88 Initialize()  Build type name: release
I/MapsWithMe_JNI( 1536): platform/Platform.cpp:126 Initialize()  Apk path =  /data/app/com.mapswithme.maps.pro-1.apk
I/MapsWithMe_JNI( 1536): platform/Platform.cpp:127 Initialize()  Writable path =  /mnt/sdcard/MapsWithMe/
I/MapsWithMe_JNI( 1536): platform/Platform.cpp:128 Initialize()  Temporary path =  /mnt/sdcard/Android/data/com.mapswithme.maps.pro/cache/
I/MapsWithMe_JNI( 1536): platform/Platform.cpp:129 Initialize()  Settings path =  /mnt/sdcard/MapsWithMe/
I/MapsWithMe_JNI( 1536): platform/Platform.cpp:130 Initialize()  OBB Google path =  /mnt/sdcard/Android/obb/com.mapswithme.maps.pro/
I/MapsWithMe_JNI( 1536): platform/Platform.cpp:131 Initialize()  OBB Google files =  [2: main.244.com.mapswithme.maps.pro.obb patch.441.com.mapswithme.maps.pro.obb ]
I/Babel_RequestWriter( 1403): error sending REQ[fc:11; creat:1436819825848; type:bmd-1094846768: userphotoalbums
I/Babel_RequestWriter( 1403): ProtoBuf:
I/Babel_RequestWriter( 1403): null
I/Babel_RequestWriter( 1403): Creation stack:
I/Babel_RequestWriter( 1403): java.lang.Throwable
I/Babel_RequestWriter( 1403): 	at bnf.<init>(SourceFile:300)
I/Babel_RequestWriter( 1403): 	at bnv.<init>(SourceFile:443)
I/Babel_RequestWriter( 1403): 	at blz.<init>(SourceFile:50)
I/Babel_RequestWriter( 1403): 	at bmd.<init>(SourceFile:344)
I/Babel_RequestWriter( 1403): 	at bve.a(SourceFile:26)
I/Babel_RequestWriter( 1403): 	at com.google.android.apps.hangouts.realtimechat.RealTimeChatService.a(SourceFile:5091)
I/Babel_RequestWriter( 1403): 	at com.google.android.apps.hangouts.realtimechat.RealTimeChatService.g(SourceFile:4566)
I/Babel_RequestWriter( 1403): 	at com.google.android.apps.hangouts.realtimechat.RealTimeChatService.a(SourceFile:886)
I/Babel_RequestWriter( 1403): 	at com.google.android.apps.hangouts.realtimechat.RealTimeChatService.onHandleIntent(SourceFile:765)
I/Babel_RequestWriter( 1403): 	at android.app.IntentService$ServiceHandler.handleMessage(IntentService.java:65)
I/Babel_RequestWriter( 1403): 	at android.os.Handler.dispatchMessage(Handler.java:99)
I/Babel_RequestWriter( 1403): 	at android.os.Looper.loop(Looper.java:156)
I/Babel_RequestWriter( 1403): 	at android.os.HandlerThread.run(HandlerThread.java:60)
I/Babel_RequestWriter( 1403): 
I/Babel_RequestWriter( 1403): Origin stack:
I/Babel_RequestWriter( 1403): java.lang.Throwable
I/Babel_RequestWriter( 1403): 	at com.google.android.apps.hangouts.realtimechat.RealTimeChatService.e(SourceFile:1156)
I/Babel_RequestWriter( 1403): 	at com.google.android.apps.hangouts.realtimechat.RealTimeChatService.f(SourceFile:3213)
I/Babel_RequestWriter( 1403): 	at com.google.android.apps.hangouts.realtimechat.RealTimeChatService.s(SourceFile:2979)
I/Babel_RequestWriter( 1403): 	at com.google.android.apps.hangouts.stickers.StickersModule.a(SourceFile:110)
I/Babel_RequestWriter( 1403): 	at com.google.android.apps.hangouts.stickers.StickersModule.v_(SourceFile:99)
I/Babel_RequestWriter( 1403): 	at com.google.android.apps.hangouts.phone.EsApplication.onCreate(SourceFile:566)
I/Babel_RequestWriter( 1403): 	at android.app.Instrumentation.callApplicationOnCreate(Instrumentation.java:981)
I/Babel_RequestWriter( 1403): 	at android.app.ActivityThread.handleBindApplication(ActivityThread.java:4494)
I/Babel_RequestWriter( 1403): 	at android.app.ActivityThread.access$1300(ActivityThread.java:139)
I/Babel_RequestWriter( 1403): 	at android.app.ActivityThread$H.handleMessage(ActivityThread.java:1306)
I/Babel_RequestWriter( 1403): 	at android.os.Handler.dispatchMessage(Handler.java:99)
I/Babel_RequestWriter( 1403): 	at android.os.Looper.loop(Looper.java:156)
I/Babel_RequestWriter( 1403): 	at android.app.ActivityThread.main(ActivityThread.java:4977)
I/Babel_RequestWriter( 1403): 	at java.lang.reflect.Method.invokeNative(Native Method)
I/Babel_RequestWriter( 1403): 	at java.lang.reflect.Method.invoke(Method.java:511)
I/Babel_RequestWriter( 1403): 	at com.android.internal.os.ZygoteInit$MethodAndArgsCaller.run(ZygoteInit.java:784)
I/Babel_RequestWriter( 1403): 	at com.android.internal.os.ZygoteInit.main(ZygoteInit.java:551)
I/Babel_RequestWriter( 1403): 	at dalvik.system.NativeStart.main(Native Method)
I/Babel_RequestWriter( 1403): ]; took 0 ms (error code == 101)
D/SqliteDatabaseCpp( 1485): DB info: close db, path = /data/data/com.android.vending/databases , key = lafvYvq, handle = 0x1579b30, type = w, r/w = (0, 0)
D/Finsky  ( 1485): [1] 2.run: Loaded library for account: [OzJgZ6Dv2Ny5vGuk63LuT_u7HGU]
D/Finsky  ( 1485): [1] 2.run: Finished loading 2 libraries.
D/AndroidRuntime( 1526): Calling main entry com.android.commands.pm.Pm
I/MapsWithMe_JNI( 1536): map/framework.cpp:303 Framework()  System languages: en_PK
I/ActivityManager( 1615): Start proc com.android.defcontainer for service com.android.defcontainer/.DefaultContainerService: pid=1587 uid=10021 gids={1015, 2001, 5001}
D/Finsky  ( 1485): [1] RestoreTracker.stopServiceIfDone: Restore complete with 0 success and 0 failed.
W/ActivityManager( 1615): No content provider found for permission revoke: file:///data/local/tmp/android-debug.apk
I/ActivityManager( 1615): Process com.facebook.katana:dash (pid 1433) has died.
I/ActivityManager( 1615): Start proc com.htc.android.htcime:provider for content provider com.htc.android.htcime/.provider.HTCCIMEProvider: pid=1612 uid=10042 gids={1015, 3003}
W/ActivityManager( 1615): No content provider found for permission revoke: file:///data/local/tmp/android-debug.apk
I/ActivityThread( 1612): Pub htc_cime: com.htc.android.htcime.provider.HTCCIMEProvider
D/AutoSetting( 1178): service - handleMessage() incoming message, what:50
D/AutoSetting( 1178): service - handleMessage() stop self
D/AutoSetting( 1178): service - onDestroy()
D/AutoSetting( 1178): service - handleMessage() incoming message, what:100
D/AutoSetting( 1178): service - handleMessage() quit looper
W/PackageManager( 1615): clear PackageParser.PARSE_CHATTY
D/AutoSetting( 1178): service - onDestroy() END
I/PackageManager( 1615): Running dexopt on: com.pushapp
I/HTCIMEProvider( 1612): [query] coming request!  URI=content://htc_cime/get_chinese_spelling
I/HTCIMEProvider( 1612): [query] GET_CHINESE_SPELLING sortOrder=259
I/HTCIMEService( 1612): fetch result: 9.0
I/HTCIMEService( 1612): fetch result: 9.0
I/RRRLOG  ( 1612): CXT9 EngineInfo l_p[0] - ZuhYin : l_p[1] -  : l_p[2] - com.htc.android.inputset.cxt9ldb
I/RRRLOG  ( 1612): CXT9 EngineInfo l_p[0] - PinYin : l_p[1] -  : l_p[2] - com.htc.android.inputset.cxt9ldb
I/RRRLOG  ( 1612): CXT9 EngineInfo l_p[0] - CangJie : l_p[1] -  : l_p[2] - com.htc.android.inputset.cxt9ldb
I/RRRLOG  ( 1612): CXT9 EngineInfo l_p[0] - Stroke : l_p[1] -  : l_p[2] - com.htc.android.inputset.cxt9ldb
I/RRRLOG  ( 1612): CXT9 EngineInfo l_p[0] - ZuhYin : l_p[1] - 
I/RRRLOG  ( 1612): CXT9 EngineInfo l_p[0] - PinYin : l_p[1] - 
I/RRRLOG  ( 1612): CXT9 EngineInfo l_p[0] - CangJie : l_p[1] - 
I/RRRLOG  ( 1612): CXT9 EngineInfo l_p[0] - Stroke : l_p[1] - 
W/dalvikvm( 1536): VFY: unable to resolve static field 21342 (enabled) in Lru/mail/android/mytarget/Tracer;
D/dalvikvm( 1536): VFY: replacing opcode 0x6a at 0x0011
I/dalvikvm( 1536): Could not find method ru.mail.android.mytarget.ads.InterstitialAd.destroy, referenced from method ru.mail.mrgservice.MRGSAdvertising.release
W/dalvikvm( 1536): VFY: unable to resolve virtual method 42772: Lru/mail/android/mytarget/ads/InterstitialAd;.destroy ()V
D/dalvikvm( 1536): VFY: replacing opcode 0x6e at 0x0017
I/dalvikvm( 1536): Could not find method ru.mail.android.mytarget.ads.InterstitialAd.dismissDialog, referenced from method ru.mail.mrgservice.MRGSAdvertising.closeFullscreen
W/dalvikvm( 1536): VFY: unable to resolve virtual method 42773: Lru/mail/android/mytarget/ads/InterstitialAd;.dismissDialog ()V
D/dalvikvm( 1536): VFY: replacing opcode 0x6e at 0x000c
I/dalvikvm( 1536): Could not find method ru.mail.android.mytarget.nativeads.NativeAppwallAd.dismissDialog, referenced from method ru.mail.mrgservice.MRGSAdvertising.closeShowcase
W/dalvikvm( 1536): VFY: unable to resolve virtual method 42780: Lru/mail/android/mytarget/nativeads/NativeAppwallAd;.dismissDialog ()V
D/dalvikvm( 1536): VFY: replacing opcode 0x6e at 0x000c
I/dalvikvm( 1536): Failed resolving Lru/mail/mrgservice/MRGSAdvertising$FullscreenLoadListener; interface 6030 'Lru/mail/android/mytarget/ads/InterstitialAd$InterstitialAdListener;'
W/dalvikvm( 1536): Link of class 'Lru/mail/mrgservice/MRGSAdvertising$FullscreenLoadListener;' failed
E/dalvikvm( 1536): Could not find class 'ru.mail.mrgservice.MRGSAdvertising$FullscreenLoadListener', referenced from method ru.mail.mrgservice.MRGSAdvertising.loadFullscreen
W/dalvikvm( 1536): VFY: unable to resolve new-instance 6086 (Lru/mail/mrgservice/MRGSAdvertising$FullscreenLoadListener;) in Lru/mail/mrgservice/MRGSAdvertising;
D/dalvikvm( 1536): VFY: replacing opcode 0x22 at 0x000c
I/dalvikvm( 1536): Failed resolving Lru/mail/mrgservice/MRGSAdvertising$ShowcaseLoadListener; interface 6033 'Lru/mail/android/mytarget/nativeads/NativeAppwallAd$AppwallAdListener;'
W/dalvikvm( 1536): Link of class 'Lru/mail/mrgservice/MRGSAdvertising$ShowcaseLoadListener;' failed
E/dalvikvm( 1536): Could not find class 'ru.mail.mrgservice.MRGSAdvertising$ShowcaseLoadListener', referenced from method ru.mail.mrgservice.MRGSAdvertising.loadShowcase
W/dalvikvm( 1536): VFY: unable to resolve new-instance 6089 (Lru/mail/mrgservice/MRGSAdvertising$ShowcaseLoadListener;) in Lru/mail/mrgservice/MRGSAdvertising;
D/dalvikvm( 1536): VFY: replacing opcode 0x22 at 0x000c
I/dalvikvm( 1536): Could not find method ru.mail.android.mytarget.ads.InterstitialAd.showDialog, referenced from method ru.mail.mrgservice.MRGSAdvertising.openFullscreen
W/dalvikvm( 1536): VFY: unable to resolve virtual method 42777: Lru/mail/android/mytarget/ads/InterstitialAd;.showDialog ()V
D/dalvikvm( 1536): VFY: replacing opcode 0x6e at 0x000c
I/dalvikvm( 1536): Could not find method ru.mail.android.mytarget.nativeads.NativeAppwallAd.showDialog, referenced from method ru.mail.mrgservice.MRGSAdvertising.openShowcase
W/dalvikvm( 1536): VFY: unable to resolve virtual method 42787: Lru/mail/android/mytarget/nativeads/NativeAppwallAd;.showDialog ()V
D/dalvikvm( 1536): VFY: replacing opcode 0x6e at 0x000c
I/dalvikvm( 1536): Could not find method ru.mail.android.mytarget.ads.InterstitialAd.setHideStatusBarInDialog, referenced from method ru.mail.mrgservice.MRGSAdvertising.setFullscreenHideStatusBar
W/dalvikvm( 1536): VFY: unable to resolve virtual method 42775: Lru/mail/android/mytarget/ads/InterstitialAd;.setHideStatusBarInDialog (Z)V
D/dalvikvm( 1536): VFY: replacing opcode 0x6e at 0x000c
I/dalvikvm( 1536): Could not find method ru.mail.android.mytarget.nativeads.NativeAppwallAd.setHideStatusBarInDialog, referenced from method ru.mail.mrgservice.MRGSAdvertising.setShowcaseHideStatusBar
W/dalvikvm( 1536): VFY: unable to resolve virtual method 42784: Lru/mail/android/mytarget/nativeads/NativeAppwallAd;.setHideStatusBarInDialog (Z)V
D/dalvikvm( 1536): VFY: replacing opcode 0x6e at 0x000c
I/dalvikvm( 1536): Could not find method ru.mail.android.mytarget.nativeads.NativeAppwallAd.setTitle, referenced from method ru.mail.mrgservice.MRGSAdvertising.setShowcaseTitle
W/dalvikvm( 1536): VFY: unable to resolve virtual method 42786: Lru/mail/android/mytarget/nativeads/NativeAppwallAd;.setTitle (Ljava/lang/String;)V
D/dalvikvm( 1536): VFY: replacing opcode 0x6e at 0x000c
D/dalvikvm( 1536): DexOpt: unable to opt direct call 0xa70f at 0x18 in Lru/mail/mrgservice/MRGSAdvertising;.create
D/dalvikvm( 1536): DexOpt: unable to opt direct call 0xa71b at 0x44 in Lru/mail/mrgservice/MRGSAdvertising;.create
D/dalvikvm( 1536): DexOpt: unable to opt direct call 0xa70f at 0x5e in Lru/mail/mrgservice/MRGSAdvertising;.create
D/dalvikvm( 1536): DexOpt: unable to opt direct call 0xa713 at 0x8a in Lru/mail/mrgservice/MRGSAdvertising;.create
I/dalvikvm( 1536): Failed resolving Lru/mail/mrgservice/MRGSAdvertising$FullscreenLoadListener; interface 6030 'Lru/mail/android/mytarget/ads/InterstitialAd$InterstitialAdListener;'
W/dalvikvm( 1536): Link of class 'Lru/mail/mrgservice/MRGSAdvertising$FullscreenLoadListener;' failed
D/dalvikvm( 1536): DexOpt: unable to opt direct call 0xa873 at 0x0e in Lru/mail/mrgservice/MRGSAdvertising;.loadFullscreen
I/dalvikvm( 1536): Failed resolving Lru/mail/mrgservice/MRGSAdvertising$ShowcaseLoadListener; interface 6033 'Lru/mail/android/mytarget/nativeads/NativeAppwallAd$AppwallAdListener;'
W/dalvikvm( 1536): Link of class 'Lru/mail/mrgservice/MRGSAdvertising$ShowcaseLoadListener;' failed
D/dalvikvm( 1536): DexOpt: unable to opt direct call 0xa885 at 0x0f in Lru/mail/mrgservice/MRGSAdvertising;.loadShowcase
I/ActivityManager( 1615): Start proc com.google.android.googlequicksearchbox for broadcast com.google.android.googlequicksearchbox/.SourceUpdateReceiver: pid=1677 uid=10038 gids={3003}
I/CP_XT9_CORE( 1612): [Java_T9_nativeXT9InitialV62] ET9CPSysInit Success!
I/CP_XT9_CORE( 1612): [Java_T9_nativeXT9InitialV62] ET9CPSysInit FINISH! Status=0
I/XT9_CIME_PROVIDER_J( 1612): [startInput] Initial engine success.
I/CP_XT9_CORE( 1612): [Java_T9CP_nativeXT9CPSetPartialSpell] status=2
I/XT9_CIME_PROVIDER_J( 1612): Open LDB_RAW[ldb_00e1] is OK...
I/CP_XT9_CORE( 1612): [Java_T9_nativeXT9LoadDict]...............CHINESE DICT size=1056270
I/CP_XT9_CORE( 1612): [Java_T9CP_nativeXT9CPLdbInit] (language,LDBSIZE)=(0xe1,1056270)
I/CP_XT9_CORE( 1612): [Java_T9CP_nativeXT9CPLdbInit] Initial LDB(0xe1) success!
I/CP_XT9_CORE( 1612): [Java_T9CP_nativeXT9CPLdbInit] Initial LDB(0xe1) mode=0
I/CP_XT9_CORE( 1612): [Java_T9CP_nativeXT9CPSetInputMode] (mode,status)=(PINYIN,0)
I/CP_XT9_SPELL( 1612): [Java_T9CP_nativeXT9CPGetCharSpellString] ET9CPGetCharSpell(46) Fail! status=33
I/CP_XT9_SPELL( 1612): [Java_T9CP_nativeXT9CPGetCharSpellString] ET9CPGetCharSpell(72) Fail! status=33
I/CP_XT9_SPELL( 1612): [Java_T9CP_nativeXT9CPGetCharSpellString] ET9CPGetCharSpell(65) Fail! status=33
I/CP_XT9_SPELL( 1612): [Java_T9CP_nativeXT9CPGetCharSpellString] ET9CPGetCharSpell(6e) Fail! status=33
I/CP_XT9_SPELL( 1612): [Java_T9CP_nativeXT9CPGetCharSpellString] ET9CPGetCharSpell(65) Fail! status=33
I/CP_XT9_SPELL( 1612): [Java_T9CP_nativeXT9CPGetCharSpellString] ET9CPGetCharSpell(6c) Fail! status=33
I/CP_XT9_SPELL( 1612): [Java_T9CP_nativeXT9CPGetCharSpellString] ET9CPGetCharSpell(4d) Fail! status=33
I/CP_XT9_SPELL( 1612): [Java_T9CP_nativeXT9CPGetCharSpellString] ET9CPGetCharSpell(61) Fail! status=33
I/CP_XT9_SPELL( 1612): [Java_T9CP_nativeXT9CPGetCharSpellString] ET9CPGetCharSpell(6d) Fail! status=33
I/CP_XT9_SPELL( 1612): [Java_T9CP_nativeXT9CPGetCharSpellString] ET9CPGetCharSpell(61) Fail! status=33
I/CP_XT9_SPELL( 1612): [Java_T9CP_nativeXT9CPGetCharSpellString] ET9CPGetCharSpell(48) Fail! status=33
I/CP_XT9_SPELL( 1612): [Java_T9CP_nativeXT9CPGetCharSpellString] ET9CPGetCharSpell(61) Fail! status=33
I/CP_XT9_SPELL( 1612): [Java_T9CP_nativeXT9CPGetCharSpellString] ET9CPGetCharSpell(6e) Fail! status=33
I/CP_XT9_SPELL( 1612): [Java_T9CP_nativeXT9CPGetCharSpellString] ET9CPGetCharSpell(6e) Fail! status=33
I/CP_XT9_SPELL( 1612): [Java_T9CP_nativeXT9CPGetCharSpellString] ET9CPGetCharSpell(61) Fail! status=33
I/CP_XT9_SPELL( 1612): [Java_T9CP_nativeXT9CPGetCharSpellString] ET9CPGetCharSpell(49) Fail! status=33
I/CP_XT9_SPELL( 1612): [Java_T9CP_nativeXT9CPGetCharSpellString] ET9CPGetCharSpell(75) Fail! status=33
I/CP_XT9_SPELL( 1612): [Java_T9CP_nativeXT9CPGetCharSpellString] ET9CPGetCharSpell(6c) Fail! status=33
I/CP_XT9_SPELL( 1612): [Java_T9CP_nativeXT9CPGetCharSpellString] ET9CPGetCharSpell(69) Fail! status=33
I/CP_XT9_SPELL( 1612): [Java_T9CP_nativeXT9CPGetCharSpellString] ET9CPGetCharSpell(61) Fail! status=33
I/CP_XT9_SPELL( 1612): [Java_T9CP_nativeXT9CPGetCharSpellString] ET9CPGetCharSpell(20) Fail! status=33
I/CP_XT9_SPELL( 1612): [Java_T9CP_nativeXT9CPGetCharSpellString] ET9CPGetCharSpell(49) Fail! status=33
I/CP_XT9_SPELL( 1612): [Java_T9CP_nativeXT9CPGetCharSpellString] ET9CPGetCharSpell(75) Fail! status=33
I/CP_XT9_SPELL( 1612): [Java_T9CP_nativeXT9CPGetCharSpellString] ET9CPGetCharSpell(6c) Fail! status=33
I/CP_XT9_SPELL( 1612): [Java_T9CP_nativeXT9CPGetCharSpellString] ET9CPGetCharSpell(49) Fail! status=33
I/CP_XT9_SPELL( 1612): [Java_T9CP_nativeXT9CPGetCharSpellString] ET9CPGetCharSpell(75) Fail! status=33
I/CP_XT9_SPELL( 1612): [Java_T9CP_nativeXT9CPGetCharSpellString] ET9CPGetCharSpell(6c) Fail! status=33
I/CP_XT9_SPELL( 1612): [Java_T9CP_nativeXT9CPGetCharSpellString] ET9CPGetCharSpell(69) Fail! status=33
I/CP_XT9_SPELL( 1612): [Java_T9CP_nativeXT9CPGetCharSpellString] ET9CPGetCharSpell(61) Fail! status=33
I/CP_XT9_SPELL( 1612): [Java_T9CP_nativeXT9CPGetCharSpellString] ET9CPGetCharSpell(6e) Fail! status=33
I/CP_XT9_SPELL( 1612): [Java_T9CP_nativeXT9CPGetCharSpellString] ET9CPGetCharSpell(20) Fail! status=33
I/CP_XT9_SPELL( 1612): [Java_T9CP_nativeXT9CPGetCharSpellString] ET9CPGetCharSpell(42) Fail! status=33
I/CP_XT9_SPELL( 1612): [Java_T9CP_nativeXT9CPGetCharSpellString] ET9CPGetCharSpell(65) Fail! status=33
I/CP_XT9_SPELL( 1612): [Java_T9CP_nativeXT9CPGetCharSpellString] ET9CPGetCharSpell(6e) Fail! status=33
I/CP_XT9_SPELL( 1612): [Java_T9CP_nativeXT9CPGetCharSpellString] ET9CPGetCharSpell(74) Fail! status=33
I/CP_XT9_SPELL( 1612): [Java_T9CP_nativeXT9CPGetCharSpellString] ET9CPGetCharSpell(61) Fail! status=33
I/CP_XT9_SPELL( 1612): [Java_T9CP_nativeXT9CPGetCharSpellString] ET9CPGetCharSpell(49) Fail! status=33
I/CP_XT9_SPELL( 1612): [Java_T9CP_nativeXT9CPGetCharSpellString] ET9CPGetCharSpell(75) Fail! status=33
I/CP_XT9_SPELL( 1612): [Java_T9CP_nativeXT9CPGetCharSpellString] ET9CPGetCharSpell(70) Fail! status=33
I/CP_XT9_SPELL( 1612): [Java_T9CP_nativeXT9CPGetCharSpellString] ET9CPGetCharSpell(61) Fail! status=33
I/CP_XT9_SPELL( 1612): [Java_T9CP_nativeXT9CPGetCharSpellString] ET9CPGetCharSpell(4a) Fail! status=33
I/CP_XT9_SPELL( 1612): [Java_T9CP_nativeXT9CPGetCharSpellString] ET9CPGetCharSpell(61) Fail! status=33
I/CP_XT9_SPELL( 1612): [Java_T9CP_nativeXT9CPGetCharSpellString] ET9CPGetCharSpell(64) Fail! status=33
I/CP_XT9_SPELL( 1612): [Java_T9CP_nativeXT9CPGetCharSpellString] ET9CPGetCharSpell(65) Fail! status=33
I/CP_XT9_SPELL( 1612): [Java_T9CP_nativeXT9CPGetCharSpellString] ET9CPGetCharSpell(4a) Fail! status=33
I/CP_XT9_SPELL( 1612): [Java_T9CP_nativeXT9CPGetCharSpellString] ET9CPGetCharSpell(6f) Fail! status=33
I/CP_XT9_SPELL( 1612): [Java_T9CP_nativeXT9CPGetCharSpellString] ET9CPGetCharSpell(68) Fail! status=33
I/CP_XT9_SPELL( 1612): [Java_T9CP_nativeXT9CPGetCharSpellString] ET9CPGetCharSpell(6e) Fail! status=33
I/CP_XT9_SPELL( 1612): [Java_T9CP_nativeXT9CPGetCharSpellString] ET9CPGetCharSpell(20) Fail! status=33
I/CP_XT9_SPELL( 1612): [Java_T9CP_nativeXT9CPGetCharSpellString] ET9CPGetCharSpell(44) Fail! status=33
I/CP_XT9_SPELL( 1612): [Java_T9CP_nativeXT9CPGetCharSpellString] ET9CPGetCharSpell(41) Fail! status=33
I/CP_XT9_SPELL( 1612): [Java_T9CP_nativeXT9CPGetCharSpellString] ET9CPGetCharSpell(4c) Fail! status=33
I/CP_XT9_SPELL( 1612): [Java_T9CP_nativeXT9CPGetCharSpellString] ET9CPGetCharSpell(61) Fail! status=33
I/CP_XT9_SPELL( 1612): [Java_T9CP_nativeXT9CPGetCharSpellString] ET9CPGetCharSpell(63) Fail! status=33
I/CP_XT9_SPELL( 1612): [Java_T9CP_nativeXT9CPGetCharSpellString] ET9CPGetCharSpell(61) Fail! status=33
I/CP_XT9_SPELL( 1612): [Java_T9CP_nativeXT9CPGetCharSpellString] ET9CPGetCharSpell(74) Fail! status=33
I/CP_XT9_SPELL( 1612): [Java_T9CP_nativeXT9CPGetCharSpellString] ET9CPGetCharSpell(75) Fail! status=33
I/CP_XT9_SPELL( 1612): [Java_T9CP_nativeXT9CPGetCharSpellString] ET9CPGetCharSpell(73) Fail! status=33
I/CP_XT9_SPELL( 1612): [Java_T9CP_nativeXT9CPGetCharSpellString] ET9CPGetCharSpell(75) Fail! status=33
I/CP_XT9_SPELL( 1612): [Java_T9CP_nativeXT9CPGetCharSpellString] ET9CPGetCharSpell(4d) Fail! status=33
I/CP_XT9_SPELL( 1612): [Java_T9CP_nativeXT9CPGetCharSpellString] ET9CPGetCharSpell(61) Fail! status=33
I/CP_XT9_SPELL( 1612): [Java_T9CP_nativeXT9CPGetCharSpellString] ET9CPGetCharSpell(72) Fail! status=33
I/CP_XT9_SPELL( 1612): [Java_T9CP_nativeXT9CPGetCharSpellString] ET9CPGetCharSpell(69) Fail! status=33
I/CP_XT9_SPELL( 1612): [Java_T9CP_nativeXT9CPGetCharSpellString] ET9CPGetCharSpell(61) Fail! status=33
I/CP_XT9_SPELL( 1612): [Java_T9CP_nativeXT9CPGetCharSpellString] ET9CPGetCharSpell(4d) Fail! status=33
I/CP_XT9_SPELL( 1612): [Java_T9CP_nativeXT9CPGetCharSpellString] ET9CPGetCharSpell(65) Fail! status=33
I/CP_XT9_SPELL( 1612): [Java_T9CP_nativeXT9CPGetCharSpellString] ET9CPGetCharSpell(65) Fail! status=33
I/CP_XT9_SPELL( 1612): [Java_T9CP_nativeXT9CPGetCharSpellString] ET9CPGetCharSpell(68) Fail! status=33
I/CP_XT9_SPELL( 1612): [Java_T9CP_nativeXT9CPGetCharSpellString] ET9CPGetCharSpell(4d) Fail! status=33
I/CP_XT9_SPELL( 1612): [Java_T9CP_nativeXT9CPGetCharSpellString] ET9CPGetCharSpell(65) Fail! status=33
I/CP_XT9_SPELL( 1612): [Java_T9CP_nativeXT9CPGetCharSpellString] ET9CPGetCharSpell(72) Fail! status=33
I/CP_XT9_SPELL( 1612): [Java_T9CP_nativeXT9CPGetCharSpellString] ET9CPGetCharSpell(61) Fail! status=33
I/CP_XT9_SPELL( 1612): [Java_T9CP_nativeXT9CPGetCharSpellString] ET9CPGetCharSpell(5a) Fail! status=33
I/CP_XT9_SPELL( 1612): [Java_T9CP_nativeXT9CPGetCharSpellString] ET9CPGetCharSpell(65) Fail! status=33
I/CP_XT9_SPELL( 1612): [Java_T9CP_nativeXT9CPGetCharSpellString] ET9CPGetCharSpell(74) Fail! status=33
I/CP_XT9_SPELL( 1612): [Java_T9CP_nativeXT9CPGetCharSpellString] ET9CPGetCharSpell(65) Fail! status=33
I/CP_XT9_SPELL( 1612): [Java_T9CP_nativeXT9CPGetCharSpellString] ET9CPGetCharSpell(73) Fail! status=33
I/CP_XT9_SPELL( 1612): [Java_T9CP_nativeXT9CPGetCharSpellString] ET9CPGetCharSpell(4d) Fail! status=33
I/CP_XT9_SPELL( 1612): [Java_T9CP_nativeXT9CPGetCharSpellString] ET9CPGetCharSpell(75) Fail! status=33
I/CP_XT9_SPELL( 1612): [Java_T9CP_nativeXT9CPGetCharSpellString] ET9CPGetCharSpell(72) Fail! status=33
I/CP_XT9_SPELL( 1612): [Java_T9CP_nativeXT9CPGetCharSpellString] ET9CPGetCharSpell(65) Fail! status=33
I/CP_XT9_SPELL( 1612): [Java_T9CP_nativeXT9CPGetCharSpellString] ET9CPGetCharSpell(73) Fail! status=33
I/CP_XT9_SPELL( 1612): [Java_T9CP_nativeXT9CPGetCharSpellString] ET9CPGetCharSpell(4e) Fail! status=33
I/CP_XT9_SPELL( 1612): [Java_T9CP_nativeXT9CPGetCharSpellString] ET9CPGetCharSpell(69) Fail! status=33
I/CP_XT9_SPELL( 1612): [Java_T9CP_nativeXT9CPGetCharSpellString] ET9CPGetCharSpell(73) Fail! status=33
I/CP_XT9_SPELL( 1612): [Java_T9CP_nativeXT9CPGetCharSpellString] ET9CPGetCharSpell(74) Fail! status=33
I/CP_XT9_SPELL( 1612): [Java_T9CP_nativeXT9CPGetCharSpellString] ET9CPGetCharSpell(6f) Fail! status=33
I/CP_XT9_SPELL( 1612): [Java_T9CP_nativeXT9CPGetCharSpellString] ET9CPGetCharSpell(72) Fail! status=33
I/CP_XT9_SPELL( 1612): [Java_T9CP_nativeXT9CPGetCharSpellString] ET9CPGetCharSpell(4e) Fail! status=33
I/CP_XT9_SPELL( 1612): [Java_T9CP_nativeXT9CPGetCharSpellString] ET9CPGetCharSpell(6f) Fail! status=33
I/CP_XT9_SPELL( 1612): [Java_T9CP_nativeXT9CPGetCharSpellString] ET9CPGetCharSpell(74) Fail! status=33
I/CP_XT9_SPELL( 1612): [Java_T9CP_nativeXT9CPGetCharSpellString] ET9CPGetCharSpell(72) Fail! status=33
I/CP_XT9_SPELL( 1612): [Java_T9CP_nativeXT9CPGetCharSpellString] ET9CPGetCharSpell(65) Fail! status=33
I/CP_XT9_SPELL( 1612): [Java_T9CP_nativeXT9CPGetCharSpellString] ET9CPGetCharSpell(44) Fail! status=33
I/CP_XT9_SPELL( 1612): [Java_T9CP_nativeXT9CPGetCharSpellString] ET9CPGetCharSpell(61) Fail! status=33
I/CP_XT9_SPELL( 1612): [Java_T9CP_nativeXT9CPGetCharSpellString] ET9CPGetCharSpell(6d) Fail! status=33
I/CP_XT9_SPELL( 1612): [Java_T9CP_nativeXT9CPGetCharSpellString] ET9CPGetCharSpell(65) Fail! status=33
I/CP_XT9_SPELL( 1612): [Java_T9CP_nativeXT9CPGetCharSpellString] ET9CPGetCharSpell(50) Fail! status=33
I/CP_XT9_SPELL( 1612): [Java_T9CP_nativeXT9CPGetCharSpellString] ET9CPGetCharSpell(72) Fail! status=33
I/CP_XT9_SPELL( 1612): [Java_T9CP_nativeXT9CPGetCharSpellString] ET9CPGetCharSpell(75) Fail! status=33
I/CP_XT9_SPELL( 1612): [Java_T9CP_nativeXT9CPGetCharSpellString] ET9CPGetCharSpell(74) Fail! status=33
I/CP_XT9_SPELL( 1612): [Java_T9CP_nativeXT9CPGetCharSpellString] ET9CPGetCharSpell(74) Fail! status=33
I/CP_XT9_SPELL( 1612): [Java_T9CP_nativeXT9CPGetCharSpellString] ET9CPGetCharSpell(3f) Fail! status=33
I/CP_XT9_SPELL( 1612): [Java_T9CP_nativeXT9CPGetCharSpellString] ET9CPGetCharSpell(4e) Fail! status=33
I/CP_XT9_SPELL( 1612): [Java_T9CP_nativeXT9CPGetCharSpellString] ET9CPGetCharSpell(65) Fail! status=33
I/CP_XT9_SPELL( 1612): [Java_T9CP_nativeXT9CPGetCharSpellString] ET9CPGetCharSpell(63) Fail! status=33
I/CP_XT9_SPELL( 1612): [Java_T9CP_nativeXT9CPGetCharSpellString] ET9CPGetCharSpell(68) Fail! status=33
I/CP_XT9_SPELL( 1612): [Java_T9CP_nativeXT9CPGetCharSpellString] ET9CPGetCharSpell(69) Fail! status=33
I/CP_XT9_SPELL( 1612): [Java_T9CP_nativeXT9CPGetCharSpellString] ET9CPGetCharSpell(66) Fail! status=33
I/CP_XT9_SPELL( 1612): [Java_T9CP_nativeXT9CPGetCharSpellString] ET9CPGetCharSpell(6f) Fail! status=33
I/CP_XT9_SPELL( 1612): [Java_T9CP_nativeXT9CPGetCharSpellString] ET9CPGetCharSpell(72) Fail! status=33
I/ActivityManager( 1615): Process com.htc.weather.bg (pid 1178) has died.
D/SyncContactsCalendar(  939): getContactDisplayName() - Can not find contact display name in RawContacts table !!!
I/ActivityThread( 1677): Pub com.google.android.googlequicksearchbox.shortcuts: com.google.android.googlequicksearchbox.WebHistoryProvider
I/ActivityThread( 1677): Pub com.google.android.googlequicksearchbox.google: com.google.android.googlequicksearchbox.google.GoogleSuggestionProvider
I/ActivityManager( 1615): Process android.process.media (pid 1385) has died.
D/MountService( 1615): An IMountServiceListener has died!
D/MountService( 1615): An IMountServiceListener has died!
I/ActivityManager( 1615): Start proc com.htc.task.gtask for broadcast com.htc.task.gtask/.accountservice.ScanFinishedReceiver: pid=1706 uid=10103 gids={3003}
D/SyncContactsCalendar(  939): getContactDisplayName() - Can not find contact display name in RawContacts table !!!
I/ActivityManager( 1615): Start proc com.htc.task for broadcast com.htc.task/.TodoTaskReceiver: pid=1719 uid=10108 gids={3003, 1015}
I/ActivityThread( 1719): Pub com.htc.task.dm.specific: com.htc.task.TaskSpecificProvider
I/ActivityThread( 1719): Pub com.htc.task.dm: com.htc.task.APICProviderDecorator
D/DBProvider( 1719): onCreate
I/ActivityManager( 1615): Start proc com.htc.calendar for broadcast com.htc.calendar/.app.widget.CalendarAppWidgetService$CalendarFactory: pid=1733 uid=10015 gids={3003, 1015, 1006, 5001, 2001}
D/dalvikvm( 1659): DexOpt: load 367ms, verify+opt 652ms
I/ActivityThread( 1733): Pub com.htc.calendar.CalendarTabProvider: com.htc.calendar.CalendarTabProvider
I/ActivityThread( 1733): Pub com.htc.calendar: com.htc.calendar.CalendarFileProvider
D/dalvikvm(  939): GC_CONCURRENT freed 1787K, 32% free 4211K/6115K, paused 49ms+11ms
D/SyncContactsCalendar(  939): getContactDisplayName() - Can not find contact display name in RawContacts table !!!
W/ContentService( 1615): binderDied() at ObserverNode
I/ActivityManager( 1615): Process com.android.vending (pid 1485) has died.
D/SyncContactsCalendar(  939): getContactDisplayName() - Can not find contact display name in RawContacts table !!!
D/PhoneStatusBarPolicy( 1687): silentresetvalue = 0, mTimerEnabled = false
D/PhoneStatusBarPolicy( 1687): updateSignalStrength(), in service, remove timer
D/SyncContactsCalendar(  939): getContactDisplayName() - Can not find contact display name in RawContacts table !!!
D/CalendarApplication( 1733): onCreate
I/CalendarWidget( 1733): call in idleHandler
D/SyncContactsCalendar(  939): getContactDisplayName() - Can not find contact display name in RawContacts table !!!
D/PhoneStatusBarPolicy( 1687): isCdma():false hasService:true mSimState=UNKNOWN gprsState=0 mDataState=-1 dataActivity=0 mPhone.htcModemLinkOn:false hspa==true
D/PhoneStatusBarPolicy( 1687): updateDataIcon(), silentresetvalue = 0, mTimerEnabled = false
D/PhoneStatusBarPolicy( 1687): updateDataIcon(), in data service, do nothing
W/ActivityManager( 1615): Disable JIT of com.htc.bgp
I/ActivityManager( 1615): Start proc com.htc.bgp for content provider com.android.providers.calendar/.HtcCalendarProvider: pid=1754 uid=10015 gids={3003, 1015, 1006, 5001, 2001}
D/SyncContactsCalendar(  939): getContactDisplayName() - Can not find contact display name in RawContacts table !!!
D/PackageManager( 1615): [embedded] New package installed in /data/app/com.pushapp-1.apk
I/ActivityThread( 1754): Pub com.htc.opensense.plugin: com.htc.opensense.pluginmanager.PluginProvider
W/PackageManager( 1615): Unknown permission android.permission.READ_SETTINGS in package com.htc.taskmanager
W/PackageManager( 1615): Unknown permission android.permission.READ_SECURE_SETTINGS in package com.htc.taskmanager
W/PackageManager( 1615): Unknown permission android.permission.READ_CONTACT in package com.htc.FriendStreamWidget
W/PackageManager( 1615): Unknown permission android.permission.ADD_SYSTEM_SERVICE in package com.android.phone
W/PackageManager( 1615): Unknown permission com.tmobile.driving.permission.READ_DRIVING_MODE_SETTINGS in package com.android.phone
W/PackageManager( 1615): Unknown permission com.htc.permission.ACCESS_NOTES in package com.android.phone
W/PackageManager( 1615): Unknown permission com.htc.htctwitter.permission.useprovider in package com.android.phone
W/PackageManager( 1615): Unknown permission com.tmobile.vvm.application.permission.ACCESS_PROVIDER in package com.android.phone
W/PackageManager( 1615): Unknown permission com.htc.permission.SOCIAL_NETWORK in package com.android.phone
W/PackageManager( 1615): Unknown permission com.htc.socialnetwork.permission.useprovider in package com.android.phone
W/PackageManager( 1615): Unknown permission com.android.smspush.WAPPUSH_MANAGER_BIND in package com.android.phone
W/PackageManager( 1615): Unknown permission com.htc.fmservice.permission.FMRadioService in package com.htc.fm
W/PackageManager( 1615): Not granting permission android.permission.DEVICE_POWER to package com.htc.syncagent (protectionLevel=2 flags=0x83e45)
W/PackageManager( 1615): Unknown permission com.htc.permission.ACCESS_NOTES in package com.android.providers.calendar
W/PackageManager( 1615): Unknown permission android.permission.QUERY_DRM in package com.htc.android.mail
W/PackageManager( 1615): Unknown permission com.google.android.providers.gmail.permission.READ_GMAIL in package com.htc.android.mail
W/PackageManager( 1615): Not granting permission com.google.android.gm.permission.READ_GMAIL to package com.htc.android.mail (protectionLevel=2 flags=0x8be45)
W/PackageManager( 1615): Unknown permission android.permission.BACKUP_DATA in package com.htc.android.mail
W/PackageManager( 1615): Unknown permission android.permission.RECEIVE_EMAIL_NOTIFICATION in package com.htc.android.mail
W/PackageManager( 1615): Unknown permission com.westtek.jcp.PRINT in package com.htc.android.mail
W/PackageManager( 1615): Unknown permission com.westtek.jcp.PRINT in package com.android.browser
W/PackageManager( 1615): Unknown permission com.htc.android.permission.LOCATION_PICKER in package com.android.browser
W/PackageManager( 1615): Unknown permission android.permission.ACCESS_NETWORK_LOCATION in package com.htc.htclocationservice
W/PackageManager( 1615): Unknown permission android.permission.ACCESS_LOCATION in package com.htc.htclocationservice
W/PackageManager( 1615): Unknown permission android.permission.ACCESS_GPS in package com.htc.htclocationservice
W/PackageManager( 1615): Unknown permission android.permission.ACCESS_ASSISTED_GPS in package com.htc.htclocationservice
W/PackageManager( 1615): Unknown permission android.permission.RAISED_THREAD_PRIORITY in package com.android.mms
W/PackageManager( 1615): Unknown permission android.permission.FULLSCREEN in package com.android.mms
W/PackageManager( 1615): Unknown permission android.permission.BACKUP_DATA in package com.android.mms
W/PackageManager( 1615): Unknown permission com.google.android.providers.gmail.permission.READ_GMAIL in package com.android.mms
W/PackageManager( 1615): Unknown permission javax.microedition.gba.USE_GBA_SERVICE in package com.android.mms
W/PackageManager( 1615): Unknown permission android.permission.ACCESS_GPS in package com.android.mms
W/PackageManager( 1615): Unknown permission android.permission.ACCESS_LOCATION in package com.android.mms
W/PackageManager( 1615): Unknown permission android.permission.ACCESS_ASSISTED_GPS in package com.android.mms
W/PackageManager( 1615): Unknown permission android.permission.ACCESS_CELL_ID in package com.android.mms
W/PackageManager( 1615): Unknown permission com.htc.android.phoneremote.permission.BROADCAST in package com.android.mms
W/PackageManager( 1615): Unknown permission com.htc.android.permission.LOCATION_PICKER in package com.android.mms
W/PackageManager( 1615): Unknown permission android.permission.READ_OWNER_DATA in package com.google.android.setupwizard
W/PackageManager( 1615): Unknown permission android.permission.WRITE_OWNER_DATA in package com.google.android.setupwizard
W/PackageManager( 1615): Unknown permission com.android.providers.im.permission.READ_ONLY in package com.android.htccontacts
W/PackageManager( 1615): Unknown permission com.android.providers.im.permission.WRITE_ONLY in package com.android.htccontacts
W/PackageManager( 1615): Unknown permission android.permission.ACCESS_LOCATION in package com.android.htccontacts
W/PackageManager( 1615): Unknown permission android.permission.ACCESS_NETWORK_LOCATION in package com.android.htccontacts
W/PackageManager( 1615): Unknown permission com.htc.socialnetwork.permission.useprovider in package com.android.htccontacts
W/PackageManager( 1615): Unknown permission com.htc.htctwitter.permission.useprovider in package com.android.htccontacts
W/PackageManager( 1615): Unknown permission com.htc.permission.SOCIAL_NETWORK in package com.android.htccontacts
W/PackageManager( 1615): Unknown permission com.westtek.jcp.PRINT in package com.android.htccontacts
W/PackageManager( 1615): Unknown permission com.htc.rcschat.permission.CHAT_DATA_PROVIDER in package com.android.htccontacts
W/PackageManager( 1615): Unknown permission com.htc.rcschat.permission.SHOW_SHARED_FILES in package com.android.htccontacts
W/PackageManager( 1615): Unknown permission com.htc.rcschat.permission.BIND_SERVICE in package com.android.htccontacts
W/PackageManager( 1615): Unknown permission com.htc.rcschat.permission.CHAT in package com.android.htccontacts
W/PackageManager( 1615): Unknown permission htc.friendstream.renrenwebplugin.permission.SYSTEM_USE in package com.android.htccontacts
W/PackageManager( 1615): Unknown permission htc.friendstream.sinaweiboplugin.permission.SYSTEM_USE in package com.android.htccontacts
W/PackageManager( 1615): Unknown permission com.fusionone.android.sync.permission.READ_WRITE_PROVIDERS in package com.android.htccontacts
W/PackageManager( 1615): Unknown permission com.htc.rcschat.permission.NEW_CHAT in package com.android.htccontacts
W/PackageManager( 1615): Unknown permission com.orangelabs.rcs.permission.RCS in package com.android.htccontacts
W/PackageManager( 1615): Unknown permission com.orangelabs.rcs.common in package com.android.htccontacts
W/PackageManager( 1615): Unknown permission com.android.providers.syncml.permission.READ_SYNCML_PROFILE in package com.android.htccontacts
W/PackageManager( 1615): Unknown permission android.permission.ACCESS_DOWNLOAD_DATA in package com.android.updater
W/PackageManager( 1615): Unknown permission android.permission.FOTA_UPDATE in package com.android.updater
W/PackageManager( 1615): Unknown permission com.android.launcher.permission.READ_SETTINGS in package com.android.settings
W/PackageManager( 1615): Unknown permission com.android.launcher.permission.WRITE_SETTINGS in package com.android.settings
W/PackageManager( 1615): Unknown permission com.dropbox.android.provider.DROPBOX_SDK_READ in package com.android.settings
W/PackageManager( 1615): Unknown permission com.htc.closeconnect.PRIVATE_ACCESS in package com.android.settings
W/PackageManager( 1615): Unknown permission com.htc.permission.useHtcSoundProfileServices in package com.android.settings
W/PackageManager( 1615): Unknown permission com.htc.permission.useHtcSoundProfileProvider in package com.android.settings
W/PackageManager( 1615): Unknown permission android.permission.ACCESS_ASSISTED_GPS in package com.htc.android.locationpicker
W/PackageManager( 1615): Unknown permission android.permission.ACCESS_NETWORK_LOCATION in package com.htc.android.locationpicker
W/PackageManager( 1615): Unknown permission android.permission.ACCESS_LOCATION in package com.htc.android.locationpicker
W/PackageManager( 1615): Unknown permission android.permission.ACCESS_GPS in package com.htc.android.locationpicker
W/PackageManager( 1615): Unknown permission com.htc.laputa.permission.FOOTPRINTPICKER in package com.htc.android.locationpicker
W/PackageManager( 1615): Unknown permission com.facebook.orca.provider.ACCESS in package com.facebook.katana
W/PackageManager( 1615): Unknown permission com.facebook.pages.app.provider.ACCESS in package com.facebook.katana
W/PackageManager( 1615): Unknown permission android.permission.READ_EXTERNAL_STORAGE in package com.facebook.katana
W/PackageManager( 1615): Unknown permission com.sec.android.provider.badge.permission.READ in package com.facebook.katana
W/PackageManager( 1615): Unknown permission com.sec.android.provider.badge.permission.WRITE in package com.facebook.katana
W/PackageManager( 1615): Unknown permission com.sonyericsson.home.permission.BROADCAST_BADGE in package com.facebook.katana
W/PackageManager( 1615): Unknown permission com.facebook.home.permission.WRITE_BADGES in package com.facebook.katana
