D/AndroidRuntime( 1596): CheckJNI is OFF
D/dalvikvm( 1596): Unable to stat classpath element '/system/framework/filterfw.jar'
D/dalvikvm( 1596): Trying to load lib libjavacore.so 0x0
D/dalvikvm( 1596): Added shared lib libjavacore.so 0x0
D/dalvikvm( 1596): Trying to load lib libnativehelper.so 0x0
D/dalvikvm( 1596): Added shared lib libnativehelper.so 0x0
D/AndroidRuntime( 1596): Calling main entry com.android.commands.am.Am
I/ActivityManager(  288): START {flg=0x10000000 cmp=com.pushapp/.MainActivity u=0} from pid 1596
E/SocketStream(  116): readFully was waiting for 403440 bytes, got 49152 
E/SocketStream(  116): readFully was waiting for 354288 bytes, got 49152 
E/SocketStream(  116): readFully was waiting for 305136 bytes, got 49152 
E/SocketStream(  116): readFully was waiting for 255984 bytes, got 16384 
D/AndroidRuntime( 1596): Shutting down VM
D/dalvikvm( 1596): GC_CONCURRENT freed 96K, 89% free 475K/4096K, paused 0ms+0ms, total 0ms
I/AndroidRuntime( 1596): NOTE: attach of thread 'Binder_3' failed
D/dalvikvm( 1606): Late-enabling CheckJNI
I/ActivityManager(  288): Start proc com.pushapp for activity com.pushapp/.MainActivity: pid=1606 uid=10036 gids={3003, 1028}
I/qtaguid (  288): Failed write_ctrl(s 1 10036) res=-1 errno=1
W/NetworkManagementSocketTagger(  288): setKernelCountSet(10036, 1) failed with errno -1
D/OpenGLRenderer(  513): TextureCache::flush: target size: 1082244
D/OpenGLRenderer(  513): TextureCache::callback: name, removed size, mSize = 131, 20736, 1783004
D/OpenGLRenderer(  513): TextureCache::callback: name, removed size, mSize = 452, 9216, 1773788
D/OpenGLRenderer(  513): TextureCache::callback: name, removed size, mSize = 432, 2304, 1771484
D/OpenGLRenderer(  513): TextureCache::callback: name, removed size, mSize = 425, 9216, 1762268
D/OpenGLRenderer(  513): TextureCache::callback: name, removed size, mSize = 401, 21904, 1740364
D/OpenGLRenderer(  513): TextureCache::callback: name, removed size, mSize = 44, 345744, 1394620
D/OpenGLRenderer(  513): TextureCache::callback: name, removed size, mSize = 21, 345744, 1048876
I/dalvikvm( 1606): Could not find method android.webkit.WebView.setWebContentsDebuggingEnabled, referenced from method org.apache.cordova.engine.SystemWebViewEngine.enableRemoteDebugging
W/dalvikvm( 1606): VFY: unable to resolve static method 5337: Landroid/webkit/WebView;.setWebContentsDebuggingEnabled (Z)V
D/dalvikvm( 1606): VFY: replacing opcode 0x71 at 0x0001
I/dalvikvm( 1606): Could not find method android.webkit.WebSettings.setMediaPlaybackRequiresUserGesture, referenced from method org.apache.cordova.engine.SystemWebViewEngine.initWebViewSettings
W/dalvikvm( 1606): VFY: unable to resolve virtual method 5326: Landroid/webkit/WebSettings;.setMediaPlaybackRequiresUserGesture (Z)V
D/dalvikvm( 1606): VFY: replacing opcode 0x6e at 0x007a
I/dalvikvm( 1606): Could not find method android.webkit.CookieManager.setAcceptThirdPartyCookies, referenced from method org.apache.cordova.engine.SystemCookieManager.<init>
W/dalvikvm( 1606): VFY: unable to resolve virtual method 5292: Landroid/webkit/CookieManager;.setAcceptThirdPartyCookies (Landroid/webkit/WebView;Z)V
D/dalvikvm( 1606): VFY: replacing opcode 0x6e at 0x0016
I/dalvikvm( 1606): Could not find method android.webkit.CookieManager.flush, referenced from method org.apache.cordova.engine.SystemCookieManager.flush
W/dalvikvm( 1606): VFY: unable to resolve virtual method 5287: Landroid/webkit/CookieManager;.flush ()V
D/dalvikvm( 1606): VFY: replacing opcode 0x6e at 0x0008
W/dalvikvm( 1606): VFY: unable to find class referenced in signature (Landroid/webkit/ClientCertRequest;)
W/dalvikvm( 1606): VFY: unable to find class referenced in signature (Landroid/webkit/ClientCertRequest;)
I/dalvikvm( 1606): Could not find method android.webkit.WebViewClient.onReceivedClientCertRequest, referenced from method org.apache.cordova.engine.SystemWebViewClient.onReceivedClientCertRequest
W/dalvikvm( 1606): VFY: unable to resolve virtual method 5342: Landroid/webkit/WebViewClient;.onReceivedClientCertRequest (Landroid/webkit/WebView;Landroid/webkit/ClientCertRequest;)V
D/dalvikvm( 1606): VFY: replacing opcode 0x6f at 0x001a
I/dalvikvm( 1606): Could not find method android.webkit.WebChromeClient$FileChooserParams.createIntent, referenced from method org.apache.cordova.engine.SystemWebChromeClient.onShowFileChooser
W/dalvikvm( 1606): VFY: unable to resolve virtual method 5306: Landroid/webkit/WebChromeClient$FileChooserParams;.createIntent ()Landroid/content/Intent;
D/dalvikvm( 1606): VFY: replacing opcode 0x6e at 0x0000
D/SystemWebViewEngine( 1606): CordovaWebView is running on device made by: Genymotion
I/SystemWebViewEngine( 1606): Disabled addJavascriptInterface() bridge since Android version is old.
D/libEGL  ( 1606): loaded /system/lib/egl/libEGL_genymotion.so
D/        ( 1606): HostConnection::get() New Host Connection established 0xb7af6ff8, tid 1606
D/dalvikvm( 1606): GC_CONCURRENT freed 131K, 8% free 8242K/8903K, paused 0ms+1ms, total 10ms
D/libEGL  ( 1606): loaded /system/lib/egl/libGLESv1_CM_genymotion.so
D/libEGL  ( 1606): loaded /system/lib/egl/libGLESv2_genymotion.so
W/EGL_genymotion( 1606): eglSurfaceAttrib not implemented
D/OpenGLRenderer( 1606): Enabling debug mode 0
D/JsMessageQueue( 1606): Set native->JS mode to OnlineEventsBridgeMode
I/ActivityManager(  288): Displayed com.pushapp/.MainActivity: +352ms
E/Web Console( 1606): No Content-Security-Policy meta tag found. Please add one when using the cordova-plugin-whitelist plugin. at file:///android_asset/www/plugins/cordova-plugin-whitelist/whitelist.js:23
I/Web Console( 1606): Received Event: deviceready at file:///android_asset/www/js/index.js:67
D/dalvikvm( 1606): GC_FOR_ALLOC freed 470K, 12% free 8139K/9159K, paused 6ms, total 7ms
D/dalvikvm( 1606): GC_FOR_ALLOC freed 4K, 9% free 8406K/9159K, paused 4ms, total 4ms
D/dalvikvm( 1606): GC_CONCURRENT freed 398K, 11% free 8419K/9415K, paused 12ms+1ms, total 16ms
W/EGL_genymotion( 1606): eglSurfaceAttrib not implemented
D/OpenGLRenderer( 1606): TextureCache::get: create texture(0xb79f1be8): name, size, mSize = 3, 17328, 17328
I/Icing   (  725): Indexing 2F0491DE6430CCAFB9C8C9D572461C2D4C37FFD7 from com.google.android.googlequicksearchbox
D/OpenGLRenderer( 1606): TextureCache::get: create texture(0xb7af46b8): name, size, mSize = 5, 4, 17332
D/OpenGLRenderer( 1606): TextureCache::get: create texture(0xb7abc988): name, size, mSize = 6, 2128, 19460
D/OpenGLRenderer( 1606): TextureCache::get: create texture(0xb7a34948): name, size, mSize = 7, 17328, 36788
D/OpenGLRenderer( 1606): TextureCache::get: create texture(0xb7b3c5d8): name, size, mSize = 8, 157440, 194228
D/OpenGLRenderer( 1606): TextureCache::get: create texture(0xb7a24be0): name, size, mSize = 9, 10368, 204596
I/Icing   (  725): Indexing done 2F0491DE6430CCAFB9C8C9D572461C2D4C37FFD7
D/dalvikvm(  513): GC_FOR_ALLOC freed 3742K, 46% free 11125K/20295K, paused 5ms, total 5ms
I/dalvikvm-heap(  513): Grow heap (frag case) to 12.900MB for 1644556-byte allocation
D/dalvikvm(  513): GC_CONCURRENT freed 103K, 38% free 12627K/20295K, paused 0ms+1ms, total 6ms
D/dalvikvm(  513): GC_CONCURRENT freed 2880K, 45% free 11243K/20295K, paused 1ms+1ms, total 5ms
I/qtaguid (  288): Failed write_ctrl(s 0 10021) res=-1 errno=1
W/NetworkManagementSocketTagger(  288): setKernelCountSet(10021, 0) failed with errno -1
D/TilesManager( 1606): new EGLContext from framework: b7ad72f8 
D/GLWebViewState( 1606): Reinit shader
D/dalvikvm(  513): GC_FOR_ALLOC freed 6K, 43% free 11683K/20295K, paused 12ms, total 12ms
I/dalvikvm-heap(  513): Grow heap (frag case) to 13.949MB for 2172684-byte allocation
D/dalvikvm(  513): GC_FOR_ALLOC freed 0K, 32% free 13805K/20295K, paused 20ms, total 20ms
D/dalvikvm(  513): GC_CONCURRENT freed 0K, 31% free 14048K/20295K, paused 0ms+1ms, total 4ms
D/GLWebViewState( 1606): Reinit transferQueue
D/dalvikvm(  513): GC_FOR_ALLOC freed 3001K, 37% free 12867K/20295K, paused 32ms, total 32ms
D/dalvikvm(  513): GC_CONCURRENT freed 2092K, 40% free 12374K/20295K, paused 1ms+1ms, total 10ms
D/OpenGLRenderer( 1606): TextureCache::get: create texture(0xb7b3c680): name, size, mSize = 42, 10368, 214964
W/genymotion_audio(  119): out_write() limiting sleep time 46802 to 39909
W/InputMethodManagerService(  288): Window already focused, ignoring focus gain of: com.android.internal.view.IInputMethodClient$Stub$Proxy@536ed0fc attribute=null
I/ConfigService(  549): onDestroy
E/SocketStream(  116): readFully was waiting for 403440 bytes, got 49152 
E/SocketStream(  116): readFully was waiting for 354288 bytes, got 49152 
E/SocketStream(  116): readFully was waiting for 305136 bytes, got 49152 
E/SocketStream(  116): readFully was waiting for 255984 bytes, got 16384 
D/dalvikvm(  288): GC_FOR_ALLOC freed 926K, 14% free 13356K/15495K, paused 21ms, total 23ms
I/qtaguid (  288): Failed write_ctrl(s 1 10021) res=-1 errno=1
W/NetworkManagementSocketTagger(  288): setKernelCountSet(10021, 1) failed with errno -1
W/EGL_genymotion(  513): eglSurfaceAttrib not implemented
W/IInputConnectionWrapper( 1606): showStatusIcon on inactive InputConnection
D/OpenGLRenderer(  513): TextureCache::get: create texture(0xb7a278f8): name, size, mSize = 594, 9216, 1058092
I/qtaguid (  288): Failed write_ctrl(s 0 10036) res=-1 errno=1
W/NetworkManagementSocketTagger(  288): setKernelCountSet(10036, 0) failed with errno -1
D/OpenGLRenderer( 1606): TextureCache::flush: target size: 128978
D/OpenGLRenderer( 1606): TextureCache::callback: name, removed size, mSize = 42, 10368, 204596
D/OpenGLRenderer( 1606): TextureCache::callback: name, removed size, mSize = 3, 17328, 187268
D/OpenGLRenderer( 1606): TextureCache::callback: name, removed size, mSize = 5, 4, 187264
D/OpenGLRenderer( 1606): TextureCache::callback: name, removed size, mSize = 6, 2128, 185136
D/OpenGLRenderer( 1606): TextureCache::callback: name, removed size, mSize = 7, 17328, 167808
D/OpenGLRenderer( 1606): TextureCache::callback: name, removed size, mSize = 8, 157440, 10368
E/webview ( 1606): Error: WebView.destroy() called while still attached!
D/webviewglue( 1606): nativeDestroy view: 0xb7a91548
I/ActivityManager(  288): No longer want android.process.media (pid 791): hidden #16
D/dalvikvm( 1031): GC_CONCURRENT freed 893K, 13% free 12619K/14407K, paused 1ms+0ms, total 13ms
D/Finsky  ( 1031): [119] AppStatesReplicator.handleContentSyncResponse: Completed 0 account content syncs with 0 successful.
D/Finsky  ( 1031): [1] 5.onFinished: Installation state replication succeeded.
W/ThrottleService(  288): unable to find stats for iface rmnet0
D/dalvikvm(  549): WAIT_FOR_CONCURRENT_GC blocked 0ms
D/dalvikvm(  549): GC_EXPLICIT freed 631K, 11% free 10543K/11783K, paused 1ms+2ms, total 12ms
W/System  ( 1031): Ignoring HTTP header field 'User-Agent' because its value is null
W/ThrottleService(  288): unable to find stats for iface rmnet0
D/GCM     (  549): Ignoring attempt to send heartbeat on dead connection.
D/dalvikvm(  288): GC_CONCURRENT freed 1291K, 15% free 13308K/15495K, paused 10ms+2ms, total 32ms
W/ThrottleService(  288): unable to find stats for iface rmnet0
W/BatteryStatsImpl(  288): Couldn't get kernel wake lock stats
D/dalvikvm(  288): WAIT_FOR_CONCURRENT_GC blocked 0ms
D/dalvikvm(  288): GC_EXPLICIT freed 710K, 15% free 13282K/15495K, paused 1ms+2ms, total 20ms
I/GLSUser (  549): [GLSUser] getTokenFromCache: [account: <ELLIDED:3646>, callingPkg: com.google.android.gms, service: oauth2: email]
I/Auth.Core(  549): [TokenCache] Missing snowballing token: no granted scopes set.
I/GLSUser (  549): [GLSUser] getTokenFromGoogle [account: <ELLIDED:3646>, callingPkg: com.google.android.gms, service: oauth2: email
I/GLSUser (  549): [GLSUser] getAuthtoken(<ELLIDED:3646>, oauth2: email) -> status: null)
I/GLSUser (  549): [GLSUser] Extracting token using key: Auth
W/GLSUser (  549): [GLSUser] Permission for com.google.android.gms to access oauth2: email will be managed locally.
I/EventLogService(  725): Aggregate from 1436863724916 (log), 1436863724916 (data)
D/GCM     (  549): Ignoring attempt to send heartbeat on dead connection.
I/ActivityManager(  288): No longer want com.google.android.talk (pid 1011): hidden #16
I/ActivityManager(  288): No longer want com.android.keychain (pid 1344): hidden #16
I/ActivityManager(  288): No longer want com.android.packageinstaller (pid 1503): hidden #17
W/ThrottleService(  288): unable to find stats for iface rmnet0
W/ThrottleService(  288): unable to find stats for iface rmnet0
D/GCM     (  549): Ignoring attempt to send heartbeat on dead connection.
W/ThrottleService(  288): unable to find stats for iface rmnet0
D/dalvikvm(  288): GC_CONCURRENT freed 1204K, 15% free 13301K/15495K, paused 11ms+1ms, total 33ms
W/BatteryStatsImpl(  288): Couldn't get kernel wake lock stats
I/EventLogService(  725): Aggregate from 1436865525336 (log), 1436865525336 (data)
I/GoogleURLConnFactory(  549): Using platform SSLCertificateSocketFactory
W/Uploader(  549): No account for auth token provided
D/dalvikvm(  549): GC_CONCURRENT freed 756K, 11% free 10586K/11847K, paused 1ms+1ms, total 11ms
W/Uploader(  549): No account for auth token provided
W/Uploader(  549):  no longer exists, so no auth token.
W/Uploader(  549): No account for auth token provided
I/VacuumService(  549): Vacuum at: now=1436867327098 tag=VacuumService
D/GCM     (  549): Ignoring attempt to send heartbeat on dead connection.
W/ThrottleService(  288): unable to find stats for iface rmnet0
W/ThrottleService(  288): unable to find stats for iface rmnet0
D/GCM     (  549): Ignoring attempt to send heartbeat on dead connection.
D/dalvikvm(  288): GC_CONCURRENT freed 1235K, 15% free 13287K/15495K, paused 2ms+1ms, total 19ms
W/ThrottleService(  288): unable to find stats for iface rmnet0
W/BatteryStatsImpl(  288): Couldn't get kernel wake lock stats
I/EventLogService(  725): Aggregate from 1436867325358 (log), 1436867325358 (data)
D/dalvikvm(  725): GC_CONCURRENT freed 903K, 12% free 11077K/12551K, paused 1ms+12ms, total 22ms
W/SQLiteConnectionPool(  725): A SQLiteConnection object for database '/data/data/com.google.android.gms/databases/metrics.db' was leaked!  Please fix your application to end transactions in progress properly and to close the database when it is no longer needed.
W/SQLiteConnectionPool(  725): A SQLiteConnection object for database '/data/data/com.google.android.gms/databases/help_responses.db' was leaked!  Please fix your application to end transactions in progress properly and to close the database when it is no longer needed.
W/SQLiteConnectionPool(  725): A SQLiteConnection object for database '/data/data/com.google.android.gms/databases/auto_complete_suggestions.db' was leaked!  Please fix your application to end transactions in progress properly and to close the database when it is no longer needed.
D/GCM     (  549): Ignoring attempt to send heartbeat on dead connection.
W/ThrottleService(  288): unable to find stats for iface rmnet0
D/dalvikvm(  288): GC_CONCURRENT freed 1222K, 15% free 13298K/15495K, paused 11ms+2ms, total 28ms
W/ThrottleService(  288): unable to find stats for iface rmnet0
D/GCM     (  549): Ignoring attempt to send heartbeat on dead connection.
W/ThrottleService(  288): unable to find stats for iface rmnet0
W/BatteryStatsImpl(  288): Couldn't get kernel wake lock stats
D/dalvikvm(  622): GC_CONCURRENT freed 518K, 10% free 10213K/11271K, paused 0ms+1ms, total 16ms
E/DataBuffer(  622): Internal data leak within a DataBuffer object detected!  Be sure to explicitly call release() on all DataBuffer extending objects when you are done with them. (internal object: com.google.android.gms.common.data.DataHolder@53688a30)
I/EventLogService(  725): Aggregate from 1436869125385 (log), 1436869125385 (data)
D/GCM     (  549): Ignoring attempt to send heartbeat on dead connection.
I/GoogleURLConnFactory(  549): Using platform SSLCertificateSocketFactory
D/dalvikvm(  288): GC_CONCURRENT freed 1260K, 15% free 13279K/15495K, paused 1ms+7ms, total 38ms
W/ThrottleService(  288): unable to find stats for iface rmnet0
W/ThrottleService(  288): unable to find stats for iface rmnet0
D/GCM     (  549): Ignoring attempt to send heartbeat on dead connection.
W/ThrottleService(  288): unable to find stats for iface rmnet0
D/dalvikvm(  288): GC_CONCURRENT freed 1242K, 15% free 13261K/15495K, paused 1ms+2ms, total 18ms
W/BatteryStatsImpl(  288): Couldn't get kernel wake lock stats
I/EventLogService(  725): Aggregate from 1436870925437 (log), 1436870925437 (data)
D/GCM     (  549): Ignoring attempt to send heartbeat on dead connection.
W/ThrottleService(  288): unable to find stats for iface rmnet0
D/Genyd   (   56): Received Set Clipboard
D/Genymotion(   56): Received Set Clipboard
I/ClipboardService(  288): Got clipboard for user=0
I/ClipboardService(  288): Got clipboard for user=0
I/ClipboardService(  288): Got clipboard for user=0
I/ClipboardService(  288): Got clipboard for user=0
I/ClipboardService(  288): Got clipboard for user=0
W/ThrottleService(  288): unable to find stats for iface rmnet0
D/Genyd   (   56): Received Set Clipboard
D/Genymotion(   56): Received Set Clipboard
I/ClipboardService(  288): Got clipboard for user=0
I/ClipboardService(  288): Got clipboard for user=0
I/ClipboardService(  288): Got clipboard for user=0
I/ClipboardService(  288): Got clipboard for user=0
I/ClipboardService(  288): Got clipboard for user=0
D/GCM     (  549): Ignoring attempt to send heartbeat on dead connection.
D/MDnsDS  (  113): MDnsSdListener::Monitor poll timed out
D/MDnsDS  (  113): Going to poll with pollCount 1
D/dalvikvm(  288): GC_CONCURRENT freed 1207K, 15% free 13267K/15495K, paused 1ms+2ms, total 17ms
D/Genyd   (   56): Received Set Clipboard
D/Genymotion(   56): Received Set Clipboard
I/ClipboardService(  288): Got clipboard for user=0
I/ClipboardService(  288): Got clipboard for user=0
I/ClipboardService(  288): Got clipboard for user=0
I/ClipboardService(  288): Got clipboard for user=0
I/ClipboardService(  288): Got clipboard for user=0
W/ThrottleService(  288): unable to find stats for iface rmnet0
W/BatteryStatsImpl(  288): Couldn't get kernel wake lock stats
I/EventLogService(  725): Aggregate from 1436872725462 (log), 1436872725462 (data)
D/GCM     (  549): Ignoring attempt to send heartbeat on dead connection.
I/GoogleURLConnFactory(  549): Using platform SSLCertificateSocketFactory
D/dalvikvm(  549): GC_CONCURRENT freed 749K, 11% free 10624K/11911K, paused 1ms+6ms, total 20ms
W/ThrottleService(  288): unable to find stats for iface rmnet0
D/dalvikvm(  288): GC_CONCURRENT freed 1214K, 15% free 13267K/15495K, paused 1ms+1ms, total 17ms
W/ThrottleService(  288): unable to find stats for iface rmnet0
D/GCM     (  549): Ignoring attempt to send heartbeat on dead connection.
W/ThrottleService(  288): unable to find stats for iface rmnet0
W/BatteryStatsImpl(  288): Couldn't get kernel wake lock stats
I/EventLogService(  725): Aggregate from 1436874525484 (log), 1436874525484 (data)
D/GCM     (  549): Ignoring attempt to send heartbeat on dead connection.
W/ThrottleService(  288): unable to find stats for iface rmnet0
D/dalvikvm(  288): GC_CONCURRENT freed 1213K, 15% free 13267K/15495K, paused 1ms+2ms, total 21ms
W/ThrottleService(  288): unable to find stats for iface rmnet0
D/dalvikvm(  288): WAIT_FOR_CONCURRENT_GC blocked 0ms
D/dalvikvm(  288): GC_EXPLICIT freed 668K, 15% free 13252K/15495K, paused 0ms+2ms, total 18ms
D/GCM     (  549): Ignoring attempt to send heartbeat on dead connection.
W/ThrottleService(  288): unable to find stats for iface rmnet0
W/BatteryStatsImpl(  288): Couldn't get kernel wake lock stats
I/EventLogService(  725): Aggregate from 1436876325507 (log), 1436876325507 (data)
D/GCM     (  549): Ignoring attempt to send heartbeat on dead connection.
D/dalvikvm(  438): GC_CONCURRENT freed 11880K, 59% free 8966K/21383K, paused 0ms+1ms, total 16ms
D/OpenGLRenderer(  438): TextureCache::callback: name, removed size, mSize = 2, 3132, 17604
D/OpenGLRenderer(  438): TextureCache::callback: name, removed size, mSize = 5, 3132, 14472
D/OpenGLRenderer(  438): TextureCache::callback: name, removed size, mSize = 9, 3132, 11340
D/OpenGLRenderer(  438): TextureCache::callback: name, removed size, mSize = 13, 3132, 8208
I/GoogleURLConnFactory(  549): Using platform SSLCertificateSocketFactory
W/ThrottleService(  288): unable to find stats for iface rmnet0
D/dalvikvm(  288): GC_CONCURRENT freed 1189K, 15% free 13273K/15495K, paused 1ms+1ms, total 15ms
W/ThrottleService(  288): unable to find stats for iface rmnet0
D/GCM     (  549): Ignoring attempt to send heartbeat on dead connection.
D/OpenGLRenderer(  438): TextureCache::get: create texture(0xb7be2b60): name, size, mSize = 354, 3132, 11340
W/ThrottleService(  288): unable to find stats for iface rmnet0
D/Genyd   (   56): Received Set Clipboard
D/Genymotion(   56): Received Set Clipboard
I/ClipboardService(  288): Got clipboard for user=0
I/ClipboardService(  288): Got clipboard for user=0
I/ClipboardService(  288): Got clipboard for user=0
I/ClipboardService(  288): Got clipboard for user=0
I/ClipboardService(  288): Got clipboard for user=0
I/ActivityManager(  288): Start proc com.google.android.apps.uploader for service com.google.android.apps.uploader/com.google.android.picasasync.PicasaSyncService: pid=1699 uid=10059 gids={3003, 1015, 1028}
I/ActivityThread( 1699): Pub com.google.android.apps.uploader.PicasaUploadProvider: com.google.android.picasasync.PicasaContentProvider
D/dalvikvm( 1699): GC_FOR_ALLOC freed 457K, 11% free 7967K/8903K, paused 3ms, total 3ms
D/dalvikvm( 1699): GC_CONCURRENT freed 120K, 11% free 7970K/8903K, paused 0ms+2ms, total 4ms
D/PicasaUploadSyncService( 1699): start sync on warlock393@gmail.com
D/PicasaUploader( 1699):    wifiOnlyPhoto changed to true
D/PicasaUploader( 1699):    wifiOnlyVideo changed to true
D/PicasaUploader( 1699):    syncOnBattery changed to true
D/PicasaUploaderSync( 1699): sync account database
I/ActivityManager(  288): Start proc android.process.media for content provider com.android.providers.media/.MediaProvider: pid=1715 uid=10014 gids={1015, 1023, 1024, 1028, 1006, 2001, 3003, 3007}
D/PicasaUploaderSync( 1699): accounts in DB=1
D/PicasaUploaderSyncManager( 1699): active network: NetworkInfo: type: WIFI[], state: CONNECTED/CONNECTED, reason: (unspecified), extra: (none), roaming: false, failover: false, isAvailable: true
I/ActivityThread( 1715): Pub media: com.android.providers.media.MediaProvider
D/PicasaUploaderSyncManager( 1699): background data: true
D/PicasaUploaderSyncManager( 1699): battery info: true
D/PicasaUploadSyncService( 1699): sync finished
I/ActivityThread( 1715): Pub downloads: com.android.providers.downloads.DownloadProvider
I/ActivityManager(  288): No longer want com.android.musicfx (pid 1360): hidden #16
I/ActivityManager(  288): No longer want android.process.acore (pid 584): hidden #17
I/ActivityThread( 1715): Pub drm: com.android.providers.drm.DrmProvider
I/DownloadManager( 1715): in removeSpuriousFiles
D/dalvikvm(  725): WAIT_FOR_CONCURRENT_GC blocked 0ms
I/GoogleURLConnFactory(  725): Using platform SSLCertificateSocketFactory
D/dalvikvm(  725): GC_EXPLICIT freed 614K, 13% free 11029K/12615K, paused 1ms+11ms, total 28ms
W/CursorWrapperInner(  725): Cursor finalized without prior close()
W/CursorWrapperInner(  725): Cursor finalized without prior close()
W/CursorWrapperInner(  725): Cursor finalized without prior close()
W/CursorWrapperInner(  725): Cursor finalized without prior close()
W/CursorWrapperInner(  725): Cursor finalized without prior close()
W/CursorWrapperInner(  725): Cursor finalized without prior close()
W/CursorWrapperInner(  725): Cursor finalized without prior close()
I/GoogleURLConnFactory(  549): Using platform SSLCertificateSocketFactory
D/dalvikvm(  288): GC_CONCURRENT freed 1196K, 15% free 13296K/15495K, paused 11ms+1ms, total 28ms
I/ActivityManager(  288): Start proc android.process.acore for content provider com.android.providers.contacts/.ContactsProvider2: pid=1737 uid=10000 gids={3003, 1015, 1028}
I/ActivityThread( 1737): Pub com.android.voicemail: com.android.providers.contacts.VoicemailContentProvider
I/ActivityThread( 1737): Pub user_dictionary: com.android.providers.userdictionary.UserDictionaryProvider
I/ActivityThread( 1737): Pub applications: com.android.providers.applications.ApplicationsProvider
I/ActivityThread( 1737): Pub contacts;com.android.contacts: com.android.providers.contacts.ContactsProvider2
I/ActivityThread( 1737): Pub call_log: com.android.providers.contacts.CallLogProvider
D/dalvikvm( 1737): GC_CONCURRENT freed 227K, 9% free 8130K/8839K, paused 11ms+1ms, total 14ms
D/dalvikvm(  549): GC_CONCURRENT freed 757K, 11% free 10678K/11975K, paused 10ms+1ms, total 19ms
I/ActivityManager(  288): No longer want com.android.voicedialer (pid 1389): hidden #16
I/ActivityManager(  288): Start proc com.google.android.syncadapters.calendar for service com.google.android.syncadapters.calendar/.CalendarSyncAdapterService: pid=1759 uid=10054 gids={3003, 1028}
I/ActivityManager(  288): Start proc com.android.providers.calendar for content provider com.android.providers.calendar/.CalendarProvider2: pid=1774 uid=10007 gids={3003, 1015, 1028}
I/ActivityThread( 1774): Pub com.android.calendar: com.android.providers.calendar.CalendarProvider2
D/dalvikvm( 1759): GC_CONCURRENT freed 274K, 10% free 8099K/8903K, paused 0ms+1ms, total 3ms
D/dalvikvm(  288): WAIT_FOR_CONCURRENT_GC blocked 0ms
D/dalvikvm(  288): GC_EXPLICIT freed 228K, 15% free 13266K/15495K, paused 1ms+1ms, total 21ms
I/ActivityManager(  288): No longer want com.svox.pico (pid 1408): hidden #16
I/ActivityManager(  288): Start proc com.android.browser for content provider com.android.browser/.provider.BrowserProvider2: pid=1792 uid=10003 gids={3003, 1015, 1028}
I/ActivityThread( 1792): Pub com.android.browser;browser: com.android.browser.provider.BrowserProvider2
I/ActivityThread( 1792): Pub com.android.browser.home: com.android.browser.homepages.HomeProvider
I/ActivityThread( 1792): Pub com.android.browser.snapshots: com.android.browser.provider.SnapshotProvider
D/dalvikvm(  549): GC_CONCURRENT freed 682K, 11% free 10821K/12039K, paused 1ms+1ms, total 11ms
I/CalendarProvider2( 1774): Sending notification intent: Intent { act=android.intent.action.PROVIDER_CHANGED dat=content://com.android.calendar }
W/ContentResolver( 1774): Failed to get type for: content://com.android.calendar (Unknown URL content://com.android.calendar)
D/dalvikvm(  117): WAIT_FOR_CONCURRENT_GC blocked 0ms
D/dalvikvm(  117): GC_EXPLICIT freed 37K, 9% free 7920K/8643K, paused 0ms+1ms, total 6ms
D/dalvikvm(  117): WAIT_FOR_CONCURRENT_GC blocked 0ms
I/ActivityManager(  288): Start proc com.android.calendar for broadcast com.android.calendar/.alerts.AlertReceiver: pid=1814 uid=10006 gids={3003, 1028}
D/dalvikvm(  117): GC_EXPLICIT freed <1K, 9% free 7920K/8643K, paused 1ms+0ms, total 5ms
D/dalvikvm(  117): WAIT_FOR_CONCURRENT_GC blocked 0ms
D/dalvikvm(  117): GC_EXPLICIT freed <1K, 9% free 7920K/8643K, paused 0ms+1ms, total 7ms
I/ActivityThread( 1814): Pub com.android.calendar.CalendarRecentSuggestionsProvider: com.android.calendar.CalendarRecentSuggestionsProvider
D/AlertReceiver( 1814): onReceive: a=android.intent.action.PROVIDER_CHANGED Intent { act=android.intent.action.PROVIDER_CHANGED dat=content://com.android.calendar flg=0x10 cmp=com.android.calendar/.alerts.AlertReceiver }
D/AlertService( 1814): 0 Action = android.intent.action.PROVIDER_CHANGED
D/AlertService( 1814): Beginning updateAlertNotification
D/AlertService( 1814): No fired or scheduled alerts
I/ActivityManager(  288): No longer want com.noshufou.android.su (pid 1376): hidden #16
I/ActivityManager(  288): No longer want com.google.android.googlequicksearchbox:search (pid 1076): hidden #16
I/ActivityManager(  288): No longer want com.google.android.partnersetup (pid 1421): hidden #17
W/BaseAppContext(  725): Using Auth Proxy for data requests.
W/BaseAppContext(  725): Using Auth Proxy for data requests.
W/BaseAppContext(  725): Using Auth Proxy for data requests.
D/dalvikvm(  549): WAIT_FOR_CONCURRENT_GC blocked 0ms
D/dalvikvm(  549): GC_EXPLICIT freed 74K, 11% free 10794K/12039K, paused 1ms+1ms, total 12ms
W/BaseAppContext(  725): Using Auth Proxy for data requests.
W/BaseAppContext(  725): Using Auth Proxy for data requests.
W/BaseAppContext(  725): Using Auth Proxy for data requests.
W/BaseAppContext(  725): Using Auth Proxy for data requests.
W/BaseAppContext(  622): Using Auth Proxy for data requests.
W/dalvikvm(  622): VFY: unable to find class referenced in signature (Landroid/net/Network;)
W/dalvikvm(  622): VFY: unable to find class referenced in signature (Landroid/net/Network;)
W/dalvikvm(  622): VFY: unable to find class referenced in signature (Landroid/net/Network;)
W/dalvikvm(  622): VFY: unable to find class referenced in signature (Landroid/net/Network;)
W/dalvikvm(  622): VFY: unable to find class referenced in signature (Landroid/net/Network;)
W/dalvikvm(  622): VFY: unable to find class referenced in signature (Landroid/net/Network;)
I/dalvikvm(  622): Could not find method android.net.Network.openConnection, referenced from method com.google.android.gms.http.g.a
W/dalvikvm(  622): VFY: unable to resolve virtual method 1135: Landroid/net/Network;.openConnection (Ljava/net/URL;)Ljava/net/URLConnection;
D/dalvikvm(  622): VFY: replacing opcode 0x6e at 0x00bb
I/GoogleURLConnFactory(  622): Using platform SSLCertificateSocketFactory
E/dalvikvm(  622): Could not find class 'android.security.KeyPairGeneratorSpec$Builder', referenced from method com.google.android.gms.auth.e.c.a
W/dalvikvm(  622): VFY: unable to resolve new-instance 358 (Landroid/security/KeyPairGeneratorSpec$Builder;) in Lcom/google/android/gms/auth/e/c;
D/dalvikvm(  622): VFY: replacing opcode 0x22 at 0x0037
D/dalvikvm(  622): DexOpt: unable to opt direct call 0x059a at 0x39 in Lcom/google/android/gms/auth/e/c;.a
I/GLSUser (  622): [ChannelManager] Attempting to channel bind connection HttpClient.
I/GLSUser (  622): [ChannelManager] Checking whether channelId is enabled. isEnabledGmsCore? false, isEnabledSdk? false, isAtLeastKitKat? false
I/GLSUser (  549): [GLSUser] getTokenFromCache: [account: <ELLIDED:3646>, callingPkg: com.google.android.gms, service: oauth2:https://www.googleapis.com/auth/userlocation.reporting]
I/Auth.Core(  549): [TokenCache] Missing snowballing token: no granted scopes set.
I/GLSUser (  549): [GLSUser] getTokenFromGoogle [account: <ELLIDED:3646>, callingPkg: com.google.android.gms, service: oauth2:https://www.googleapis.com/auth/userlocation.reporting
I/GLSUser (  549): [GLSUser] getAuthtoken(<ELLIDED:3646>, oauth2:https://www.googleapis.com/auth/userlocation.reporting) -> status: null)
I/GLSUser (  549): [GLSUser] Extracting token using key: Auth
W/GLSUser (  549): [GLSUser] Permission for com.google.android.gms to access oauth2:https://www.googleapis.com/auth/userlocation.reporting will be managed locally.
D/BaseApiaryRequest(  622): Tag is set to default.
W/System.err(  622): java.lang.Exception
W/System.err(  622): 	at com.google.android.gms.common.server.m.a(SourceFile:83)
W/System.err(  622): 	at com.google.android.gms.common.server.u.performRequest(SourceFile:45)
W/System.err(  622): 	at com.android.volley.NetworkDispatcher.run(SourceFile:112)
D/dalvikvm(  622): GC_CONCURRENT freed 537K, 10% free 10357K/11399K, paused 1ms+1ms, total 8ms
D/dalvikvm(  622): WAIT_FOR_CONCURRENT_GC blocked 0ms
D/dalvikvm(  622): GC_EXPLICIT freed 78K, 10% free 10343K/11399K, paused 0ms+1ms, total 10ms
I/GCoreUlr(  622): Starting service, intent=Intent { act=com.google.android.location.reporting.ACTION_UPDATE_ACTIVE_STATE cmp=com.google.android.gms/com.google.android.location.reporting.service.DispatchingService (has extras) }, extras=Bundle[{source=sync_server_wins}]
I/GCoreUlr(  622): DispatchingService.onCreate()
I/GCoreUlr(  622): DispatchingService.updateActiveState+sync_server_wins: Ensuring that reporting is stopped because of reasons: {account#-13#=[InactiveReason{mVersionCode=0, mIdentifier=6, mName='ReportingNotEnabled'}, InactiveReason{mVersionCode=0, mIdentifier=14, mName='HistoryNotEnabled'}]}
I/GCoreUlr(  622): Unbound from all location providers
I/GCoreUlr(  622): DispatchingService.onDestroy()
I/GCoreUlr(  622): Unbound from all location providers
E/Auth.Api.Credentials(  725): [CredentialSyncAdapter] Unknown sync event.
D/dalvikvm( 1759): GC_CONCURRENT freed 312K, 10% free 8178K/9031K, paused 0ms+1ms, total 3ms
W/BatteryStatsImpl(  288): Couldn't get kernel wake lock stats
I/EventLogService(  725): Aggregate from 1436878125529 (log), 1436878125529 (data)
D/GCM     (  549): Ignoring attempt to send heartbeat on dead connection.
W/ThrottleService(  288): unable to find stats for iface rmnet0
D/dalvikvm(  288): GC_CONCURRENT freed 1158K, 15% free 13321K/15495K, paused 0ms+2ms, total 17ms
D/Genyd   (   56): Received Set Clipboard
D/Genymotion(   56): Received Set Clipboard
I/ClipboardService(  288): Got clipboard for user=0
I/ClipboardService(  288): Got clipboard for user=0
I/ClipboardService(  288): Got clipboard for user=0
I/ClipboardService(  288): Got clipboard for user=0
I/ClipboardService(  288): Got clipboard for user=0
W/ThrottleService(  288): unable to find stats for iface rmnet0
D/Genyd   (   56): Received Set Clipboard
D/Genymotion(   56): Received Set Clipboard
I/ClipboardService(  288): Got clipboard for user=0
I/ClipboardService(  288): Got clipboard for user=0
I/ClipboardService(  288): Got clipboard for user=0
I/ClipboardService(  288): Got clipboard for user=0
I/ClipboardService(  288): Got clipboard for user=0
D/GCM     (  549): Ignoring attempt to send heartbeat on dead connection.
D/dalvikvm(  288): WAIT_FOR_CONCURRENT_GC blocked 0ms
D/dalvikvm(  288): GC_EXPLICIT freed 509K, 15% free 13284K/15495K, paused 1ms+2ms, total 19ms
D/dalvikvm(  438): GC_CONCURRENT freed 591K, 60% free 8759K/21383K, paused 11ms+0ms, total 18ms
D/AndroidRuntime( 1863): 
D/AndroidRuntime( 1863): >>>>>> AndroidRuntime START com.android.internal.os.RuntimeInit <<<<<<
D/AndroidRuntime( 1863): CheckJNI is OFF
D/dalvikvm( 1863): Unable to stat classpath element '/system/framework/filterfw.jar'
D/dalvikvm( 1863): Trying to load lib libjavacore.so 0x0
D/dalvikvm( 1863): Added shared lib libjavacore.so 0x0
D/dalvikvm( 1863): Trying to load lib libnativehelper.so 0x0
D/dalvikvm( 1863): Added shared lib libnativehelper.so 0x0
D/AndroidRuntime( 1863): Calling main entry com.android.commands.pm.Pm
W/ActivityManager(  288): No content provider found for permission revoke: file:///data/local/tmp/android-debug.apk
W/ActivityManager(  288): No content provider found for permission revoke: file:///data/local/tmp/android-debug.apk
D/dalvikvm(  288): GC_CONCURRENT freed 1036K, 14% free 13473K/15495K, paused 11ms+1ms, total 25ms
D/dalvikvm(  288): WAIT_FOR_CONCURRENT_GC blocked 3ms
I/PackageManager(  288): Removing non-system package:com.pushapp
I/ActivityManager(  288): Force stopping package com.pushapp uid=10036
I/ActivityManager(  288): Killing proc 1606:com.pushapp/u0a36: force stop
I/PackageManager(  288): Running dexopt on: com.pushapp
I/PackageManager(  288): Package com.pushapp codePath changed from /data/app/com.pushapp-1.apk to /data/app/com.pushapp-2.apk; Retaining data and using new
D/dalvikvm( 1873): Unable to stat classpath element '/system/framework/filterfw.jar'
D/dalvikvm( 1873): DexOpt: load 13ms, verify+opt 70ms, 1235524 bytes
I/ActivityManager(  288): Force stopping package com.pushapp uid=10036
W/PackageManager(  288): Code path for pkg : com.pushapp changing from /data/app/com.pushapp-1.apk to /data/app/com.pushapp-2.apk
W/PackageManager(  288): Resource path for pkg : com.pushapp changing from /data/app/com.pushapp-1.apk to /data/app/com.pushapp-2.apk
D/PackageManager(  288): New package installed in /data/app/com.pushapp-2.apk
W/PackageManager(  288): Unknown permission android.permission.ADD_SYSTEM_SERVICE in package com.android.phone
W/PackageManager(  288): Unknown permission com.android.vending.billing.IBillingAccountService.BIND2 in package com.google.android.gsf.login
W/PackageManager(  288): Unknown permission com.android.chrome.TOS_ACKED in package com.google.android.gsf.login
W/PackageManager(  288): Not granting permission android.permission.SEND_DOWNLOAD_COMPLETED_INTENTS to package com.android.browser (protectionLevel=2 flags=0x9be45)
W/PackageManager(  288): Unknown permission com.google.android.gm.permission.READ_GMAIL in package com.google.android.talk
W/PackageManager(  288): Unknown permission com.cyanogenmod.filemanager.permissions.READ_THEME in package com.cyanogenmod.filemanager
W/PackageManager(  288): Unknown permission android.permission.INTERACT_ACROSS_USERS in package com.google.android.gms
W/PackageManager(  288): Unknown permission android.permission.RECOVERY in package com.google.android.gms
W/PackageManager(  288): Unknown permission android.permission.READ_DREAM_STATE in package com.google.android.gms
W/PackageManager(  288): Unknown permission android.permission.RECEIVE_DATA_ACTIVITY_CHANGE in package com.google.android.gms
W/PackageManager(  288): Unknown permission android.permission.PROVIDE_TRUST_AGENT in package com.google.android.gms
W/PackageManager(  288): Unknown permission com.google.android.apps.enterprise.dmagent.permission.AutoSyncPermission in package com.google.android.gms
W/PackageManager(  288): Unknown permission android.permission.LOCATION_HARDWARE in package com.google.android.gms
W/PackageManager(  288): Unknown permission android.permission.GET_APP_OPS_STATS in package com.google.android.gms
W/PackageManager(  288): Unknown permission android.permission.UPDATE_APP_OPS_STATS in package com.google.android.gms
W/PackageManager(  288): Unknown permission android.permission.CAPTURE_AUDIO_HOTWORD in package com.google.android.gms
W/PackageManager(  288): Unknown permission android.permission.MANAGE_VOICE_KEYPHRASES in package com.google.android.gms
W/PackageManager(  288): Unknown permission android.permission.REAL_GET_TASKS in package com.google.android.gms
W/PackageManager(  288): Unknown permission com.google.android.hangouts.START_HANGOUT in package com.google.android.gms
W/PackageManager(  288): Unknown permission android.permission.ACCESS_NETWORK_CONDITIONS in package com.google.android.gms
W/PackageManager(  288): Unknown permission android.permission.MANAGE_DEVICE_ADMINS in package com.google.android.gms
W/PackageManager(  288): Unknown permission android.permission.READ_WIFI_CREDENTIAL in package com.google.android.gms
W/PackageManager(  288): Not granting permission android.permission.MODIFY_PHONE_STATE to package com.google.android.gms (protectionLevel=18 flags=0x83e44)
W/PackageManager(  288): Unknown permission android.permission.CONTROL_INCALL_EXPERIENCE in package com.google.android.gms
W/PackageManager(  288): Not granting permission android.permission.MANAGE_USB to package com.google.android.gms (protectionLevel=18 flags=0x83e44)
W/PackageManager(  288): Not granting permission android.permission.CALL_PRIVILEGED to package com.google.android.gms (protectionLevel=18 flags=0x83e44)
W/PackageManager(  288): Unknown permission android.permission.BLUETOOTH_PRIVILEGED in package com.google.android.gms
W/PackageManager(  288): Unknown permission android.permission.USER_ACTIVITY in package com.google.android.gms
W/PackageManager(  288): Unknown permission android.permission.MODIFY_AUDIO_ROUTING in package com.google.android.gms
W/PackageManager(  288): Unknown permission android.permission.CAPTURE_AUDIO_OUTPUT in package com.google.android.gms
W/PackageManager(  288): Unknown permission android.permission.CAPTURE_VIDEO_OUTPUT in package com.google.android.gms
W/PackageManager(  288): Unknown permission android.permission.CAPTURE_SECURE_VIDEO_OUTPUT in package com.google.android.gms
W/PackageManager(  288): Not granting permission android.permission.READ_FRAME_BUFFER to package com.google.android.gms (protectionLevel=18 flags=0x83e44)
W/PackageManager(  288): Unknown permission com.google.android.wearable.READ_SETTINGS in package com.google.android.gms
W/PackageManager(  288): Not granting permission android.permission.MODIFY_NETWORK_ACCOUNTING to package com.google.android.gms (protectionLevel=18 flags=0x83e44)
W/PackageManager(  288): Unknown permission android.permission.BODY_SENSORS in package com.google.android.gms
W/PackageManager(  288): Unknown permission com.google.android.gm.permission.READ_GMAIL in package com.google.android.gms
W/PackageManager(  288): Unknown permission com.android.voicemail.permission.READ_VOICEMAIL in package com.google.android.gms
W/PackageManager(  288): Not granting permission android.permission.FORCE_STOP_PACKAGES to package com.google.android.gms (protectionLevel=2 flags=0x83e44)
W/PackageManager(  288): Unknown permission android.permission.MANAGE_DOCUMENTS in package com.google.android.gms
W/PackageManager(  288): Unknown permission android.permission.READ_OWNER_DATA in package com.google.android.setupwizard
W/PackageManager(  288): Unknown permission android.permission.WRITE_OWNER_DATA in package com.google.android.setupwizard
W/PackageManager(  288): Unknown permission com.google.android.voicesearch.SHORTCUTS_ACCESS in package com.google.android.googlequicksearchbox
W/PackageManager(  288): Unknown permission com.google.android.ears.permission.WRITE in package com.google.android.googlequicksearchbox
W/PackageManager(  288): Unknown permission android.permission.MEDIA_CONTENT_CONTROL in package com.google.android.googlequicksearchbox
W/PackageManager(  288): Unknown permission android.permission.INTERACT_ACROSS_USERS in package com.google.android.googlequicksearchbox
W/PackageManager(  288): Unknown permission com.google.googlenav.friend.permission.OPT_IN in package com.google.android.googlequicksearchbox
W/PackageManager(  288): Unknown permission com.google.android.apps.maps.permission.PREFETCH in package com.google.android.googlequicksearchbox
W/PackageManager(  288): Unknown permission android.permission.REAL_GET_TASKS in package com.google.android.googlequicksearchbox
W/PackageManager(  288): Unknown permission com.google.android.apps.googlevoice.permission.AUTO_SEND in package com.google.android.googlequicksearchbox
W/PackageManager(  288): Unknown permission com.google.android.gm.permission.AUTO_SEND in package com.google.android.googlequicksearchbox
W/PackageManager(  288): Unknown permission com.google.android.hangouts.START_HANGOUT in package com.google.android.googlequicksearchbox
W/PackageManager(  288): Unknown permission android.permission.MANAGE_VOICE_KEYPHRASES in package com.google.android.googlequicksearchbox
W/PackageManager(  288): Unknown permission com.android.chrome.PRERENDER_URL in package com.google.android.googlequicksearchbox
W/PackageManager(  288): Unknown permission android.permission.CAPTURE_AUDIO_HOTWORD in package com.google.android.googlequicksearchbox
W/PackageManager(  288): Not granting permission android.permission.STOP_APP_SWITCHES to package com.google.android.googlequicksearchbox (protectionLevel=18 flags=0x1bbec5)
W/PackageManager(  288): Not granting permission android.permission.STATUS_BAR to package com.google.android.googlequicksearchbox (protectionLevel=18 flags=0x1bbec5)
W/PackageManager(  288): Not granting permission android.permission.BIND_APPWIDGET to package com.google.android.googlequicksearchbox (protectionLevel=18 flags=0x1bbec5)
W/PackageManager(  288): Unknown permission com.google.android.launcher.permission.CONTENT_REDIRECT in package com.google.android.googlequicksearchbox
W/PackageManager(  288): Unknown permission android.permission.REAL_GET_TASKS in package com.android.vending
W/PackageManager(  288): Not granting permission android.permission.SEND_DOWNLOAD_COMPLETED_INTENTS to package com.android.vending (protectionLevel=2 flags=0xabec5)
W/PackageManager(  288): Unknown permission android.permission.MANAGE_USERS in package com.android.vending
W/PackageManager(  288): Unknown permission android.permission.INTERACT_ACROSS_USERS in package com.android.vending
W/PackageManager(  288): Not granting permission android.permission.WRITE_SECURE_SETTINGS to package com.android.vending (protectionLevel=50 flags=0xabec5)
W/PackageManager(  288): Not granting permission android.permission.FORCE_STOP_PACKAGES to package com.android.vending (protectionLevel=2 flags=0xabec5)
W/PackageManager(  288): Not granting permission android.permission.DEVICE_POWER to package com.android.deskclock (protectionLevel=2 flags=0x8be45)
D/dalvikvm( 1737): WAIT_FOR_CONCURRENT_GC blocked 0ms
I/ActivityManager(  288): Force stopping package com.pushapp uid=10036
D/dalvikvm( 1737): GC_EXPLICIT freed 274K, 9% free 8267K/9031K, paused 1ms+1ms, total 7ms
D/dalvikvm(  513): WAIT_FOR_CONCURRENT_GC blocked 0ms
D/dalvikvm(  513): GC_EXPLICIT freed 716K, 41% free 12055K/20295K, paused 1ms+1ms, total 13ms
D/dalvikvm(  288): WAIT_FOR_CONCURRENT_GC blocked 0ms
I/InputReader(  288): Reconfiguring input devices.  changes=0x00000010
I/ActivityManager(  288): Start proc com.android.keychain for broadcast com.android.keychain/.KeyChainBroadcastReceiver: pid=1874 uid=1000 gids={1015, 3002, 3001, 3003, 1028, 3007}
I/InputReader(  288): Reconfiguring input devices.  changes=0x00000010
D/dalvikvm(  288): GC_EXPLICIT freed 1154K, 13% free 13559K/15495K, paused 10ms+2ms, total 58ms
D/dalvikvm(  288): WAIT_FOR_CONCURRENT_GC blocked 0ms
D/PackageManager(  288): generateServicesMap(android.accounts.AccountAuthenticator): 3 services unchanged
W/ResourceType(  288): Failure getting entry for 0x7f060000 (t=5 e=0) in package 0 (error -75)
D/PackageManager(  288): generateServicesMap(android.content.SyncAdapter): 23 services unchanged
D/PackageManager(  288): generateServicesMap(android.accounts.AccountAuthenticator): 3 services unchanged
D/BackupManagerService(  288): Received broadcast Intent { act=android.intent.action.PACKAGE_REMOVED dat=package:com.pushapp flg=0x8000010 (has extras) }
I/ActivityManager(  288): Start proc com.android.musicfx for broadcast com.android.musicfx/.Compatibility$Receiver: pid=1886 uid=10028 gids={3003, 3002, 1028}
D/PackageManager(  288): generateServicesMap(android.content.SyncAdapter): 23 services unchanged
D/BackupManagerService(  288): Received broadcast Intent { act=android.intent.action.PACKAGE_ADDED dat=package:com.pushapp flg=0x8000010 (has extras) }
V/BackupManagerService(  288): removePackageParticipantsLocked: uid=10036 #1
W/ResourceType(  288): Failure getting entry for 0x7f060000 (t=5 e=0) in package 0 (error -75)
V/BackupManagerService(  288): addPackageParticipantsLocked: #1
W/InputMethodManagerService(  288): Found no subtypes in a system IME: com.android.inputmethod.pinyin
D/OpenGLRenderer(  513): TextureCache::callback: name, removed size, mSize = 575, 9216, 1048876
I/ActivityManager(  288): Start proc com.noshufou.android.su for broadcast com.noshufou.android.su/.UninstallReceiver: pid=1899 uid=10039 gids={3003, 1015, 1028}
I/dalvikvm( 1899): Turning on JNI app bug workarounds for target SDK version 11...
D/dalvikvm(  513): GC_FOR_ALLOC freed 2048K, 46% free 11139K/20295K, paused 10ms, total 25ms
I/dalvikvm-heap(  513): Grow heap (frag case) to 12.914MB for 1644556-byte allocation
I/ActivityThread( 1899): Pub com.noshufou.android.su.provider: com.noshufou.android.su.provider.PermissionsProvider
I/ActivityManager(  288): Start proc com.android.voicedialer for broadcast com.android.voicedialer/.VoiceDialerReceiver: pid=1913 uid=10043 gids={3002, 1028}
I/ActivityManager(  288): No longer want com.google.android.gms.wearable (pid 839): hidden #16
D/dalvikvm(  513): GC_CONCURRENT freed 99K, 38% free 12645K/20295K, paused 11ms+1ms, total 26ms
I/ActivityManager(  288): Start proc com.google.android.googlequicksearchbox:search for broadcast com.google.android.googlequicksearchbox/com.google.android.search.core.icingsync.IcingCorporaChangedReceiver: pid=1925 uid=10063 gids={3003, 1028, 3002, 1015}
I/ActivityManager(  288): No longer want com.google.android.apps.uploader (pid 1699): hidden #16
D/dalvikvm( 1925): WAIT_FOR_CONCURRENT_GC blocked 0ms
D/dalvikvm( 1925): GC_CONCURRENT freed 137K, 8% free 8220K/8839K, paused 11ms+1ms, total 14ms
D/dalvikvm(  513): GC_CONCURRENT freed 2749K, 44% free 11392K/20295K, paused 10ms+4ms, total 18ms
D/dalvikvm( 1925): GC_CONCURRENT freed 114K, 8% free 8503K/9159K, paused 12ms+1ms, total 15ms
D/dalvikvm(  288): GC_EXPLICIT freed 762K, 14% free 13384K/15495K, paused 42ms+4ms, total 314ms
D/AndroidRuntime( 1863): Shutting down VM
D/dalvikvm( 1863): GC_CONCURRENT freed 96K, 90% free 445K/4096K, paused 0ms+0ms, total 1ms
I/AndroidRuntime( 1863): NOTE: attach of thread 'Binder_3' failed
D/dalvikvm( 1925): GC_CONCURRENT freed 127K, 8% free 8810K/9479K, paused 10ms+1ms, total 15ms
D/dalvikvm(  513): GC_CONCURRENT freed 855K, 43% free 11622K/20295K, paused 14ms+1ms, total 25ms
I/ActivityThread( 1925): Pub com.google.android.projection.CarAudioProvider: com.google.android.projection.CarAudioProvider
I/ActivityThread( 1925): Pub com.google.android.googlequicksearchbox.google: com.google.android.search.core.google.GoogleSuggestionProvider
I/ActivityThread( 1925): Pub com.google.android.velvet.extradex.ExtraDexHostProvider: com.google.android.velvet.extradex.ExtraDexHostProvider
