I/ActivityManager( 1615): Process com.google.android.apps.maps (pid 32364) has died.
I/ActivityManager( 1615): Process com.google.android.gms.wearable (pid 32348) has died.
D/PhoneStatusBarPolicy( 1687): silentresetvalue = 0, mTimerEnabled = false
D/PhoneStatusBarPolicy( 1687): updateSignalStrength(), in service, remove timer
D/PhoneStatusBarPolicy( 1687): isCdma():false hasService:true mSimState=UNKNOWN gprsState=0 mDataState=-1 dataActivity=0 mPhone.htcModemLinkOn:false hspa==true
D/PhoneStatusBarPolicy( 1687): updateDataIcon(), silentresetvalue = 0, mTimerEnabled = false
D/PhoneStatusBarPolicy( 1687): updateDataIcon(), in data service, do nothing
I/ActivityManager( 1615): Process com.htc.launcher.widgetscanner (pid 32335) has died.
I/ActivityManager( 1615): Start proc com.mapswithme.maps.pro for broadcast com.mapswithme.maps.pro/ru.mail.mrgservice.MRGSPackageRemoveReceiver: pid=32481 uid=10179 gids={1015, 3003}
I/PackageManager( 1615):  setEnabledSetting(), pkgName=com.google.android.gms, clsName=com.google.android.gms.people.pub.PeopleProfileActionGatewayActivity, state=2, flag=1, pid=31585, uid=10018
I/ActivityManager( 1615): Process com.android.keychain (pid 32406) has died.
I/ActivityManager( 1615): Process com.htc.opensense (pid 32436) has died.
I/ActivityManager( 1615): Process com.svox.pico (pid 32170) has died.
I/ActivityManager( 1615): Process com.htc.store (pid 32381) has died.
I/ActivityManager( 1615): Process com.htc.launcher.add_to_home (pid 32393) has died.
I/ActivityManager( 1615): Start proc com.google.android.googlequicksearchbox for broadcast com.google.android.googlequicksearchbox/.SourceUpdateReceiver: pid=32512 uid=10038 gids={3003}
I/ActivityManager( 1615): Start proc com.htc.calendar for broadcast com.htc.calendar/.app.widget.CalendarAppWidgetProvider: pid=32526 uid=10015 gids={3003, 1015, 1006, 5001, 2001}
I/ActivityManager( 1615): Start proc com.android.packageinstaller for broadcast com.android.packageinstaller/com.htc.app.HtcPackageEnabler: pid=32540 uid=10115 gids={}
I/ActivityManager( 1615): Process com.google.android.apps.plus (pid 32196) has died.
I/ActivityManager( 1615): Start proc com.htc.launcher.widgetscanner for broadcast com.htc.launcher/.widget.WidgetScannerTrigger: pid=32553 uid=9999 gids={3003, 3002, 3001}
I/ActivityManager( 1615): Start proc com.android.settings for broadcast com.android.settings/.framework.activity.HtcEntryChangeReceiver: pid=32569 uid=1000 gids={1015, 3002, 3001, 3003, 5001, 5004, 5003, 3007, 3006, 2001, 1007}
I/ActivityManager( 1615): Process com.facebook.katana:dash (pid 32449) has died.
D/ConnectivityService( 1615): onUidRulesChanged(uid=9999, uidRules=0)
D/PhoneStatusBarPolicy( 1687): silentresetvalue = 0, mTimerEnabled = false
D/PhoneStatusBarPolicy( 1687): updateSignalStrength(), in service, remove timer
D/PhoneStatusBarPolicy( 1687): isCdma():false hasService:true mSimState=UNKNOWN gprsState=0 mDataState=-1 dataActivity=0 mPhone.htcModemLinkOn:false hspa==true
D/PhoneStatusBarPolicy( 1687): updateDataIcon(), silentresetvalue = 0, mTimerEnabled = false
D/PhoneStatusBarPolicy( 1687): updateDataIcon(), in data service, do nothing
D/Socket_Alarm(32526): registerHTCSocketMonitorCallBack
D/Socket_Alarm(32526): set mSocketMonitor
D/Socket_Alarm(32526): HTCSocketMonitorImpl::HTCSocketMonitorImpl
I/ActivityManager( 1615): Process com.mapswithme.maps.pro (pid 32481) has died.
I/PackageManager( 1615):  setEnabledSetting(), pkgName=com.google.android.gms, clsName=com.google.android.gms.people.pub.PeopleProfileActionGatewayActivity, state=2, flag=1, pid=31585, uid=10018
I/InputManagerService( 1615): [unbindCurrentClientLocked] Disable input method client.
I/InputManagerService( 1615): [startInputLocked] Enable input method client.
D/PhoneStatusBarPolicy( 1687): silentresetvalue = 0, mTimerEnabled = false
D/PhoneStatusBarPolicy( 1687): updateSignalStrength(), in service, remove timer
D/PhoneStatusBarPolicy( 1687): isCdma():false hasService:true mSimState=UNKNOWN gprsState=0 mDataState=-1 dataActivity=0 mPhone.htcModemLinkOn:false hspa==true
D/PhoneStatusBarPolicy( 1687): updateDataIcon(), silentresetvalue = 0, mTimerEnabled = false
D/PhoneStatusBarPolicy( 1687): updateDataIcon(), in data service, do nothing
I/ActivityManager( 1615): Start proc com.htc.task.gtask for broadcast com.htc.task.gtask/.accountservice.ScanFinishedReceiver: pid=32596 uid=10103 gids={3003}
I/ActivityManager( 1615): Process com.htc.bgp (pid 32418) has died.
I/ActivityManager( 1615): Start proc com.htc.task for broadcast com.htc.task/.TodoTaskReceiver: pid=32610 uid=10108 gids={3003, 1015}
D/ConnectivityService( 1615): onUidRulesChanged(uid=10173, uidRules=0)
W/CpuWake ( 1615): >>acquireCpuPerfWakeLock!
W/CpuWake ( 1615): <<acquireCpuPerfWakeLock!
I/ActivityManager( 1615): START intent from pid 1615
W/ActivityManager( 1615): Disable JIT of com.htc.bgp
I/ActivityManager( 1615): Start proc com.htc.bgp for content provider com.android.providers.calendar/.HtcCalendarProvider: pid=32626 uid=10015 gids={3003, 1015, 1006, 5001, 2001}
W/InputManagerService( 1615): Starting input on non-focused client com.android.internal.view.IInputMethodClient$Stub$Proxy@41a5ee28 (uid=10173 pid=32234)
I/ActivityManager( 1615): Process com.google.android.googlequicksearchbox (pid 32512) has died.
I/ActivityManager( 1615): Process com.htc.launcher.widgetscanner (pid 32553) has died.
I/ActivityManager( 1615): Process com.android.settings (pid 32569) has died.
D/Socket_Alarm(32626): registerHTCSocketMonitorCallBack
D/Socket_Alarm(32626): set mSocketMonitor
D/Socket_Alarm(32626): HTCSocketMonitorImpl::HTCSocketMonitorImpl
D/PhoneStatusBarPolicy( 1687): silentresetvalue = 0, mTimerEnabled = false
D/PhoneStatusBarPolicy( 1687): updateSignalStrength(), in service, remove timer
D/PhoneStatusBarPolicy( 1687): isCdma():false hasService:true mSimState=UNKNOWN gprsState=0 mDataState=-1 dataActivity=0 mPhone.htcModemLinkOn:false hspa==true
D/PhoneStatusBarPolicy( 1687): updateDataIcon(), silentresetvalue = 0, mTimerEnabled = false
D/PhoneStatusBarPolicy( 1687): updateDataIcon(), in data service, do nothing
W/CpuWake ( 1615): >>releaseCpuPerfWakeLock
W/CpuWake ( 1615): <<releaseCpuPerfWakeLock
I/ActivityManager( 1615): Process com.android.packageinstaller (pid 32540) has died.
W/ActivityManager( 1615): removeTaskLocked: unknown taskId 102
I/ActivityManager( 1615): Process android.process.media (pid 32224) has died.
D/MountService( 1615): An IMountServiceListener has died!
D/MountService( 1615): An IMountServiceListener has died!
W/InputManagerService( 1615): Window already focused, ignoring focus gain of: com.android.internal.view.IInputMethodClient$Stub$Proxy@41a30808
I/ActivityManager( 1615): Start proc com.google.android.gsf.login for service com.google.android.gsf.login/com.google.android.gsf.loginservice.GoogleLoginService: pid=32655 uid=10018 gids={3003, 1015, 2001, 1007, 3006, 1006, 3002, 3001}
D/PhoneStatusBarPolicy( 1687): silentresetvalue = 0, mTimerEnabled = false
D/PhoneStatusBarPolicy( 1687): updateSignalStrength(), in service, remove timer
D/PhoneStatusBarPolicy( 1687): isCdma():false hasService:true mSimState=UNKNOWN gprsState=0 mDataState=-1 dataActivity=0 mPhone.htcModemLinkOn:false hspa==true
D/PhoneStatusBarPolicy( 1687): updateDataIcon(), silentresetvalue = 0, mTimerEnabled = false
D/PhoneStatusBarPolicy( 1687): updateDataIcon(), in data service, do nothing
D/PhoneStatusBarPolicy( 1687): silentresetvalue = 0, mTimerEnabled = false
D/PhoneStatusBarPolicy( 1687): updateSignalStrength(), in service, remove timer
D/PhoneStatusBarPolicy( 1687): isCdma():false hasService:true mSimState=UNKNOWN gprsState=0 mDataState=-1 dataActivity=0 mPhone.htcModemLinkOn:false hspa==true
D/PhoneStatusBarPolicy( 1687): updateDataIcon(), silentresetvalue = 0, mTimerEnabled = false
D/PhoneStatusBarPolicy( 1687): updateDataIcon(), in data service, do nothing
D/BatteryService( 1615): updateBatteryStats ======================================
D/StatusBar.BatteryController( 1687): updateBattery level=100 icon=17302774 status=5
D/PowerUI ( 1687): closing low battery warning: level=100
D/PowerUI ( 1687): plugged = true, health = 2, mBatteryLevel = 100, mPluggedBatteryLevel = 90, mLowBatteryWarningLevel2 = 25, mshowLowChargingWarning2 = true
D/NotificationService( 1615): mIntentReceiver() Intent.ACTION_BATTERY_CHANGED
D/PowerManagerService( 1615): runHtcPowerSaverCheck ======================================
I/ActivityManager( 1615): Process com.pushapp (pid 32234) has died.
D/CountryDetectorService( 1615): The first listener is added
D/ComprehensiveCountryDetector( 1615): onServiceStateChanged
D/PhoneStatusBarPolicy( 1687): silentresetvalue = 0, mTimerEnabled = false
D/PhoneStatusBarPolicy( 1687): updateSignalStrength(), in service, remove timer
D/PhoneStatusBarPolicy( 1687): isCdma():false hasService:true mSimState=UNKNOWN gprsState=0 mDataState=-1 dataActivity=0 mPhone.htcModemLinkOn:false hspa==true
D/PhoneStatusBarPolicy( 1687): updateDataIcon(), silentresetvalue = 0, mTimerEnabled = false
D/PhoneStatusBarPolicy( 1687): updateDataIcon(), in data service, do nothing
I/ActivityManager( 1615): Start proc com.htc.android.htcime:provider for content provider com.htc.android.htcime/.provider.HTCCIMEProvider: pid=32682 uid=10042 gids={1015, 3003}
W/CpuWake ( 1615): >>acquireCpuPerfWakeLock!
W/CpuWake ( 1615): <<acquireCpuPerfWakeLock!
I/ActivityManager( 1615): START intent from pid 1741
I/ActivityManager( 1615): Start proc com.pushapp for activity com.pushapp/.MainActivity: pid=32695 uid=10173 gids={3003}
D/ConnectivityService( 1615): onUidRulesChanged(uid=10173, uidRules=0)
I/InputManagerService( 1615): [unbindCurrentClientLocked] Disable input method client.
I/InputManagerService( 1615): [startInputLocked] Enable input method client.
W/InputManagerService( 1615): Starting input on non-focused client com.android.internal.view.IInputMethodClient$Stub$Proxy@4110e458 (uid=9999 pid=1741)
D/ConnectivityService( 1615): onUidRulesChanged(uid=9999, uidRules=0)
D/PhoneStatusBarPolicy( 1687): silentresetvalue = 0, mTimerEnabled = false
D/PhoneStatusBarPolicy( 1687): updateSignalStrength(), in service, remove timer
D/PhoneStatusBarPolicy( 1687): isCdma():false hasService:true mSimState=UNKNOWN gprsState=0 mDataState=-1 dataActivity=0 mPhone.htcModemLinkOn:false hspa==true
D/PhoneStatusBarPolicy( 1687): updateDataIcon(), silentresetvalue = 0, mTimerEnabled = false
D/PhoneStatusBarPolicy( 1687): updateDataIcon(), in data service, do nothing
W/CpuWake ( 1615): >>releaseCpuPerfWakeLock
W/CpuWake ( 1615): <<releaseCpuPerfWakeLock
I/BootReceiver( 1615): Copying /data/tombstones/tombstone_09 to DropBox (SYSTEM_TOMBSTONE)
I/WindowManager( 1615): WIN DEATH: Window{4182e7c8 com.pushapp/com.pushapp.MainActivity paused=false}
I/WindowManager( 1615): WINDOW DIED Window{4182e7c8 com.pushapp/com.pushapp.MainActivity paused=false}
I/ActivityManager( 1615): Process com.pushapp (pid 32695) has died.
D/ConnectivityService( 1615): onUidRulesChanged(uid=10173, uidRules=0)
W/ActivityManager( 1615): Force removing ActivityRecord{40dd26b0 com.pushapp/.MainActivity}: app died, no saved state
D/ConnectivityService( 1615): onUidRulesChanged(uid=9999, uidRules=0)
W/InputManagerService( 1615): Got RemoteException sending setActive(false) notification to pid 32695 uid 10173
I/InputManagerService( 1615): [startInputLocked] Enable input method client.
W/CpuWake ( 1615): >>acquireCpuPerfWakeLock!
W/CpuWake ( 1615): <<acquireCpuPerfWakeLock!
I/ActivityManager( 1615): START intent from pid 1741
I/ActivityManager( 1615): Start proc com.pushapp for activity com.pushapp/.MainActivity: pid=32721 uid=10173 gids={3003}
D/ConnectivityService( 1615): onUidRulesChanged(uid=10173, uidRules=0)
I/InputManagerService( 1615): [unbindCurrentClientLocked] Disable input method client.
I/InputManagerService( 1615): [startInputLocked] Enable input method client.
W/InputManagerService( 1615): Starting input on non-focused client com.android.internal.view.IInputMethodClient$Stub$Proxy@4110e458 (uid=9999 pid=1741)
D/ConnectivityService( 1615): onUidRulesChanged(uid=9999, uidRules=0)
W/CpuWake ( 1615): >>releaseCpuPerfWakeLock
W/CpuWake ( 1615): <<releaseCpuPerfWakeLock
D/PhoneStatusBarPolicy( 1687): silentresetvalue = 0, mTimerEnabled = false
D/PhoneStatusBarPolicy( 1687): updateSignalStrength(), in service, remove timer
D/PhoneStatusBarPolicy( 1687): isCdma():false hasService:true mSimState=UNKNOWN gprsState=0 mDataState=-1 dataActivity=0 mPhone.htcModemLinkOn:false hspa==true
D/PhoneStatusBarPolicy( 1687): updateDataIcon(), silentresetvalue = 0, mTimerEnabled = false
D/PhoneStatusBarPolicy( 1687): updateDataIcon(), in data service, do nothing
D/PhoneStatusBarPolicy( 1687): silentresetvalue = 0, mTimerEnabled = false
D/PhoneStatusBarPolicy( 1687): updateSignalStrength(), in service, remove timer
D/PhoneStatusBarPolicy( 1687): isCdma():false hasService:true mSimState=UNKNOWN gprsState=0 mDataState=-1 dataActivity=0 mPhone.htcModemLinkOn:false hspa==true
D/PhoneStatusBarPolicy( 1687): updateDataIcon(), silentresetvalue = 0, mTimerEnabled = false
D/PhoneStatusBarPolicy( 1687): updateDataIcon(), in data service, do nothing
D/PhoneStatusBarPolicy( 1687): silentresetvalue = 0, mTimerEnabled = false
D/PhoneStatusBarPolicy( 1687): updateSignalStrength(), in service, remove timer
D/PhoneStatusBarPolicy( 1687): isCdma():false hasService:true mSimState=UNKNOWN gprsState=0 mDataState=-1 dataActivity=0 mPhone.htcModemLinkOn:false hspa==true
D/PhoneStatusBarPolicy( 1687): updateDataIcon(), silentresetvalue = 0, mTimerEnabled = false
D/PhoneStatusBarPolicy( 1687): updateDataIcon(), in data service, do nothing
D/PhoneStatusBarPolicy( 1687): silentresetvalue = 0, mTimerEnabled = false
D/PhoneStatusBarPolicy( 1687): updateSignalStrength(), in service, remove timer
D/PhoneStatusBarPolicy( 1687): isCdma():false hasService:true mSimState=UNKNOWN gprsState=0 mDataState=-1 dataActivity=0 mPhone.htcModemLinkOn:false hspa==true
D/PhoneStatusBarPolicy( 1687): updateDataIcon(), silentresetvalue = 0, mTimerEnabled = false
D/PhoneStatusBarPolicy( 1687): updateDataIcon(), in data service, do nothing
D/BatteryService( 1615): updateBatteryStats ======================================
D/StatusBar.BatteryController( 1687): updateBattery level=100 icon=17302774 status=5
D/PowerUI ( 1687): closing low battery warning: level=100
D/PowerUI ( 1687): plugged = true, health = 2, mBatteryLevel = 100, mPluggedBatteryLevel = 90, mLowBatteryWarningLevel2 = 25, mshowLowChargingWarning2 = true
D/NotificationService( 1615): mIntentReceiver() Intent.ACTION_BATTERY_CHANGED
D/PowerManagerService( 1615): runHtcPowerSaverCheck ======================================
D/PhoneStatusBarPolicy( 1687): silentresetvalue = 0, mTimerEnabled = false
D/PhoneStatusBarPolicy( 1687): updateSignalStrength(), in service, remove timer
D/PhoneStatusBarPolicy( 1687): isCdma():false hasService:true mSimState=UNKNOWN gprsState=0 mDataState=-1 dataActivity=0 mPhone.htcModemLinkOn:false hspa==true
D/PhoneStatusBarPolicy( 1687): updateDataIcon(), silentresetvalue = 0, mTimerEnabled = false
D/PhoneStatusBarPolicy( 1687): updateDataIcon(), in data service, do nothing
D/PhoneStatusBarPolicy( 1687): silentresetvalue = 0, mTimerEnabled = false
D/PhoneStatusBarPolicy( 1687): updateSignalStrength(), in service, remove timer
D/PhoneStatusBarPolicy( 1687): isCdma():false hasService:true mSimState=UNKNOWN gprsState=0 mDataState=-1 dataActivity=0 mPhone.htcModemLinkOn:false hspa==true
D/PhoneStatusBarPolicy( 1687): updateDataIcon(), silentresetvalue = 0, mTimerEnabled = false
D/PhoneStatusBarPolicy( 1687): updateDataIcon(), in data service, do nothing
D/WifiService( 1615): acquireWifiLockLocked: WifiLock{NlpWifiLock type=2 binder=android.os.BinderProxy@41c92660}
D/WifiService( 1615): updateWifiState(): disable hotspot
D/WifiService( 1615): updateWifiState(): disable wifi
D/WifiService( 1615): releaseWifiLockLocked: WifiLock{NlpWifiLock type=2 binder=android.os.BinderProxy@41c92660}
D/WifiService( 1615): updateWifiState(): disable hotspot
D/WifiService( 1615): updateWifiState(): disable wifi
D/PhoneStatusBarPolicy( 1687): silentresetvalue = 0, mTimerEnabled = false
D/PhoneStatusBarPolicy( 1687): updateSignalStrength(), in service, remove timer
D/PhoneStatusBarPolicy( 1687): isCdma():false hasService:true mSimState=UNKNOWN gprsState=0 mDataState=-1 dataActivity=0 mPhone.htcModemLinkOn:false hspa==true
D/PhoneStatusBarPolicy( 1687): updateDataIcon(), silentresetvalue = 0, mTimerEnabled = false
D/PhoneStatusBarPolicy( 1687): updateDataIcon(), in data service, do nothing
D/BatteryService( 1615): updateBatteryStats ======================================
D/StatusBar.BatteryController( 1687): updateBattery level=100 icon=17302774 status=5
D/PowerUI ( 1687): closing low battery warning: level=100
D/PowerUI ( 1687): plugged = true, health = 2, mBatteryLevel = 100, mPluggedBatteryLevel = 90, mLowBatteryWarningLevel2 = 25, mshowLowChargingWarning2 = true
D/NotificationService( 1615): mIntentReceiver() Intent.ACTION_BATTERY_CHANGED
D/PowerManagerService( 1615): runHtcPowerSaverCheck ======================================
D/PhoneStatusBarPolicy( 1687): silentresetvalue = 0, mTimerEnabled = false
D/PhoneStatusBarPolicy( 1687): updateSignalStrength(), in service, remove timer
D/PhoneStatusBarPolicy( 1687): isCdma():false hasService:true mSimState=UNKNOWN gprsState=0 mDataState=-1 dataActivity=0 mPhone.htcModemLinkOn:false hspa==true
D/PhoneStatusBarPolicy( 1687): updateDataIcon(), silentresetvalue = 0, mTimerEnabled = false
D/PhoneStatusBarPolicy( 1687): updateDataIcon(), in data service, do nothing
D/PhoneStatusBarPolicy( 1687): silentresetvalue = 0, mTimerEnabled = false
D/PhoneStatusBarPolicy( 1687): updateSignalStrength(), in service, remove timer
D/PhoneStatusBarPolicy( 1687): isCdma():false hasService:true mSimState=UNKNOWN gprsState=0 mDataState=-1 dataActivity=0 mPhone.htcModemLinkOn:false hspa==true
D/PhoneStatusBarPolicy( 1687): updateDataIcon(), silentresetvalue = 0, mTimerEnabled = false
D/PhoneStatusBarPolicy( 1687): updateDataIcon(), in data service, do nothing
D/PhoneStatusBarPolicy( 1687): silentresetvalue = 0, mTimerEnabled = false
D/PhoneStatusBarPolicy( 1687): updateSignalStrength(), in service, remove timer
D/PhoneStatusBarPolicy( 1687): isCdma():false hasService:true mSimState=UNKNOWN gprsState=0 mDataState=-1 dataActivity=0 mPhone.htcModemLinkOn:false hspa==true
D/PhoneStatusBarPolicy( 1687): updateDataIcon(), silentresetvalue = 0, mTimerEnabled = false
D/PhoneStatusBarPolicy( 1687): updateDataIcon(), in data service, do nothing
D/StatusBarManagerService( 1615): disable what =0, token = android.os.Binder@40f77bf8, pkg = android, mBar = com.android.internal.statusbar.IStatusBar$Stub$Proxy@41245280
D/PowerManagerService( 1615): ActivityManagerNative.getDefault().goingToSleep();
D/AlarmManager( 1615): ACTION_SCREEN_OFF
I/InputManagerService( 1615): Receive : Intent.ACTION_SCREEN_OFF
I/InputManagerService( 1615): Disable input method client.
I/ActivityManager( 1615): Start proc com.htc.lockscreen for content provider com.htc.lockscreen/.ShortcutProvider: pid=32757 uid=10050 gids={}
D/StatusBarManagerService( 1615): disable what =16777216, token = android.os.Binder@40f77bf8, pkg = android, mBar = com.android.internal.statusbar.IStatusBar$Stub$Proxy@41245280
D/ConnectivityService( 1615): onUidRulesChanged(uid=10173, uidRules=0)
I/ActivityManager( 1615): Start proc com.htc.flexnet for broadcast com.htc.flexnet/.SystemIntentReceiver: pid=302 uid=10030 gids={3003}
I/ActivityManager( 1615): Process com.google.android.talk (pid 32263) has died.
I/ActivityManager( 1615): Start proc com.android.settings:remote for broadcast com.android.settings/.framework.activity.powersaver.SmartSynServiceReceiver: pid=319 uid=1000 gids={1015, 3002, 3001, 3003, 5001, 5004, 5003, 3007, 3006, 2001, 1007}
I/ActivityManager( 1615): Process com.htc.bgp (pid 32626) has died.
D/Socket_Alarm(  319): registerHTCSocketMonitorCallBack
D/Socket_Alarm(  319): set mSocketMonitor
D/Socket_Alarm(  319): HTCSocketMonitorImpl::HTCSocketMonitorImpl
W/ActivityManager( 1615): Activity idle timeout for ActivityRecord{40dd4058 com.pushapp/.MainActivity}
D/MobileDataStateTracker( 1615): default: setPolicyDataEnable(enabled=true)
I/ActivityManager( 1615): Process com.htc.android.htcime:provider (pid 32682) has died.
W/ActivityManager( 1615): Activity idle timeout for ActivityRecord{40dd4058 com.pushapp/.MainActivity}
D/BatteryService( 1615): updateBatteryStats ======================================
D/StatusBar.BatteryController( 1687): updateBattery level=100 icon=17302774 status=5
D/PowerUI ( 1687): closing low battery warning: level=100
D/PowerUI ( 1687): plugged = true, health = 2, mBatteryLevel = 100, mPluggedBatteryLevel = 90, mLowBatteryWarningLevel2 = 25, mshowLowChargingWarning2 = true
D/NotificationService( 1615): mIntentReceiver() Intent.ACTION_BATTERY_CHANGED
D/PowerManagerService( 1615): runHtcPowerSaverCheck ======================================
I/ActivityManager( 1615): Start proc com.google.android.talk for service com.google.android.talk/com.google.android.apps.hangouts.realtimechat.RequestWriter: pid=335 uid=10135 gids={3003, 1015, 1006, 3002}
I/PackageManager( 1615):  setEnabledSetting(), pkgName=com.google.android.talk, clsName=com.google.android.apps.hangouts.phone.ShareIntentSmsOnlyActivity, state=2, flag=1, pid=335, uid=10135
D/Socket_Alarm(  335): registerHTCSocketMonitorCallBack
D/Socket_Alarm(  335): set mSocketMonitor
D/Socket_Alarm(  335): HTCSocketMonitorImpl::HTCSocketMonitorImpl
I/PackageManager( 1615):  setEnabledSetting(), pkgName=com.google.android.talk, clsName=com.google.android.apps.hangouts.sms.SmsReceiver, state=2, flag=1, pid=335, uid=10135
I/PackageManager( 1615):  setEnabledSetting(), pkgName=com.google.android.talk, clsName=com.google.android.apps.hangouts.sms.MmsWapPushReceiver, state=2, flag=1, pid=335, uid=10135
I/PackageManager( 1615):  setEnabledSetting(), pkgName=com.google.android.talk, clsName=com.google.android.apps.hangouts.sms.AbortSmsReceiver, state=2, flag=1, pid=335, uid=10135
I/PackageManager( 1615):  setEnabledSetting(), pkgName=com.google.android.talk, clsName=com.google.android.apps.hangouts.sms.AbortMmsWapPushReceiver, state=2, flag=1, pid=335, uid=10135
I/PackageManager( 1615):  setEnabledSetting(), pkgName=com.google.android.talk, clsName=com.google.android.apps.hangouts.service.NoConfirmationSmsSendService, state=2, flag=1, pid=335, uid=10135
I/ActivityManager( 1615): Process com.htc.calendar (pid 32526) has died.
I/ActivityManager( 1615): Process com.htc.task (pid 32610) has died.
I/ActivityManager( 1615): Process com.htc.task.gtask (pid 32596) has died.
W/ActivityManager( 1615): Activity idle timeout for ActivityRecord{40dd4058 com.pushapp/.MainActivity}
D/BatteryService( 1615): updateBatteryStats ======================================
W/AlarmManager( 1615): RXTXtriggerAlarmsLocked
I/ActivityManager( 1615): Process com.android.defcontainer (pid 32086) has died.
W/ThrottleService( 1615): unable to find stats for iface rmnet0
W/ActivityManager( 1615): Activity idle timeout for ActivityRecord{40dd4058 com.pushapp/.MainActivity}
D/BatteryService( 1615): updateBatteryStats ======================================
D/StatusBar.BatteryController( 1687): updateBattery level=100 icon=17302774 status=5
D/PowerUI ( 1687): closing low battery warning: level=100
D/PowerUI ( 1687): plugged = true, health = 2, mBatteryLevel = 100, mPluggedBatteryLevel = 90, mLowBatteryWarningLevel2 = 25, mshowLowChargingWarning2 = true
D/NotificationService( 1615): mIntentReceiver() Intent.ACTION_BATTERY_CHANGED
D/PowerManagerService( 1615): runHtcPowerSaverCheck ======================================
D/BatteryService( 1615): updateBatteryStats ======================================
D/WifiService( 1615): acquireWifiLockLocked: WifiLock{NlpWifiLock type=2 binder=android.os.BinderProxy@41c92660}
D/WifiService( 1615): updateWifiState(): disable hotspot
D/WifiService( 1615): updateWifiState(): disable wifi
D/WifiService( 1615): releaseWifiLockLocked: WifiLock{NlpWifiLock type=2 binder=android.os.BinderProxy@41c92660}
D/WifiService( 1615): updateWifiState(): disable hotspot
D/WifiService( 1615): updateWifiState(): disable wifi
D/BatteryService( 1615): updateBatteryStats ======================================
D/BatteryService( 1615): updateBatteryStats ======================================
I/PackageManager( 1615):  setEnabledSetting(), pkgName=com.google.android.talk, clsName=com.google.android.apps.hangouts.realtimechat.RequestWriter$NetworkStateReceiver, state=2, flag=1, pid=335, uid=10135
I/ActivityManager( 1615): Start proc com.android.packageinstaller for broadcast com.android.packageinstaller/com.htc.app.HtcPackageEnabler: pid=373 uid=10115 gids={}
I/ActivityManager( 1615): Start proc com.htc.launcher.widgetscanner for broadcast com.htc.launcher/.widget.WidgetScannerTrigger: pid=389 uid=9999 gids={3003, 3002, 3001}
I/ActivityManager( 1615): Process com.android.vending (pid 32250) has died.
I/ActivityManager( 1615): Process com.htc.lockscreen (pid 32757) has died.
I/ActivityManager( 1615): Process com.htc.flexnet (pid 302) has died.
I/ActivityManager( 1615): Process com.android.settings:remote (pid 319) has died.
I/ActivityManager( 1615): Start proc com.android.settings for broadcast com.android.settings/.framework.activity.HtcEntryChangeReceiver: pid=402 uid=1000 gids={1015, 3002, 3001, 3003, 5001, 5004, 5003, 3007, 3006, 2001, 1007}
I/ActivityManager( 1615): Process com.google.android.gsf.login (pid 32655) has died.
I/ActivityManager( 1615): Process com.google.android.talk (pid 335) has died.
I/ActivityManager( 1615): Start proc com.google.android.talk for broadcast com.google.android.talk/com.google.android.apps.hangouts.phone.PackageReplacedReceiver: pid=417 uid=10135 gids={3003, 1015, 1006, 3002}
I/ActivityManager( 1615): Process com.android.packageinstaller (pid 373) has died.
I/ActivityManager( 1615): Process com.htc.launcher.widgetscanner (pid 389) has died.
I/PackageManager( 1615):  setEnabledSetting(), pkgName=com.google.android.talk, clsName=com.google.android.apps.hangouts.phone.ShareIntentSmsOnlyActivity, state=2, flag=1, pid=417, uid=10135
D/Socket_Alarm(  417): registerHTCSocketMonitorCallBack
D/Socket_Alarm(  417): set mSocketMonitor
D/Socket_Alarm(  417): HTCSocketMonitorImpl::HTCSocketMonitorImpl
I/PackageManager( 1615):  setEnabledSetting(), pkgName=com.google.android.talk, clsName=com.google.android.apps.hangouts.sms.SmsReceiver, state=2, flag=1, pid=417, uid=10135
I/PackageManager( 1615):  setEnabledSetting(), pkgName=com.google.android.talk, clsName=com.google.android.apps.hangouts.sms.MmsWapPushReceiver, state=2, flag=1, pid=417, uid=10135
I/PackageManager( 1615):  setEnabledSetting(), pkgName=com.google.android.talk, clsName=com.google.android.apps.hangouts.sms.AbortSmsReceiver, state=2, flag=1, pid=417, uid=10135
I/PackageManager( 1615):  setEnabledSetting(), pkgName=com.google.android.talk, clsName=com.google.android.apps.hangouts.sms.AbortMmsWapPushReceiver, state=2, flag=1, pid=417, uid=10135
I/PackageManager( 1615):  setEnabledSetting(), pkgName=com.google.android.talk, clsName=com.google.android.apps.hangouts.service.NoConfirmationSmsSendService, state=2, flag=1, pid=417, uid=10135
I/ActivityManager( 1615): Start proc com.android.vending for broadcast com.android.vending/com.google.android.finsky.receivers.PackageMonitorReceiver$RegisteredReceiver: pid=442 uid=10110 gids={3003, 1015}
I/ActivityManager( 1615): Process com.android.settings (pid 402) has died.
I/PackageManager( 1615):  setEnabledSetting(), pkgName=com.android.vending, clsName=com.android.vending.AssetBrowserActivity, state=1, flag=1, pid=442, uid=10110
I/ActivityManager( 1615): Process android.process.acore (pid 32101) has died.
D/CountryDetectorService( 1615): No listener is left
I/PackageManager( 1615):  setEnabledSetting(), pkgName=com.android.vending, clsName=com.google.android.finsky.activities.DebugActivity, state=2, flag=1, pid=442, uid=10110
I/ActivityManager( 1615): Start proc com.google.android.googlequicksearchbox for broadcast com.google.android.googlequicksearchbox/.SourceUpdateReceiver: pid=480 uid=10038 gids={3003}
I/PackageManager( 1615):  setEnabledSetting(), pkgName=com.google.android.gms, clsName=com.google.android.gms.people.pub.PeopleProfileActionGatewayActivity, state=2, flag=1, pid=31585, uid=10018
I/ActivityManager( 1615): Process com.android.vending (pid 442) has died.
D/BatteryService( 1615): updateBatteryStats ======================================
D/StatusBar.BatteryController( 1687): updateBattery level=100 icon=17302774 status=5
D/NotificationService( 1615): mIntentReceiver() Intent.ACTION_BATTERY_CHANGED
D/PowerManagerService( 1615): runHtcPowerSaverCheck ======================================
D/PowerUI ( 1687): closing low battery warning: level=100
D/PowerUI ( 1687): plugged = true, health = 2, mBatteryLevel = 100, mPluggedBatteryLevel = 90, mLowBatteryWarningLevel2 = 25, mshowLowChargingWarning2 = true
W/ActivityManager( 1615): Activity idle timeout for ActivityRecord{40dd4058 com.pushapp/.MainActivity}
I/PackageManager( 1615):  setEnabledSetting(), pkgName=com.google.android.talk, clsName=com.google.android.apps.hangouts.realtimechat.RequestWriter$NetworkStateReceiver, state=1, flag=1, pid=417, uid=10135
I/ActivityManager( 1615): Start proc com.android.packageinstaller for broadcast com.android.packageinstaller/com.htc.app.HtcPackageEnabler: pid=498 uid=10115 gids={}
I/ActivityManager( 1615): Start proc com.htc.launcher.widgetscanner for broadcast com.htc.launcher/.widget.WidgetScannerTrigger: pid=510 uid=9999 gids={3003, 3002, 3001}
I/ActivityManager( 1615): Process com.google.android.talk (pid 417) has died.
I/ActivityManager( 1615): Start proc android.process.acore for broadcast com.android.providers.contacts/.PackageIntentReceiver: pid=522 uid=10019 gids={3003, 1015}
I/ActivityManager( 1615): Start proc com.android.settings for broadcast com.android.settings/.framework.activity.HtcEntryChangeReceiver: pid=539 uid=1000 gids={1015, 3002, 3001, 3003, 5001, 5004, 5003, 3007, 3006, 2001, 1007}
I/ActivityManager( 1615): Process com.google.android.googlequicksearchbox (pid 480) has died.
I/ActivityManager( 1615): Process com.android.packageinstaller (pid 498) has died.
I/ActivityManager( 1615): Start proc com.google.android.talk for broadcast com.google.android.talk/com.google.android.apps.hangouts.phone.PackageReplacedReceiver: pid=555 uid=10135 gids={3003, 1015, 1006, 3002}
I/ActivityManager( 1615): Process com.htc.launcher.widgetscanner (pid 510) has died.
I/PackageManager( 1615):  setEnabledSetting(), pkgName=com.google.android.talk, clsName=com.google.android.apps.hangouts.phone.ShareIntentSmsOnlyActivity, state=2, flag=1, pid=555, uid=10135
D/Socket_Alarm(  555): registerHTCSocketMonitorCallBack
D/Socket_Alarm(  555): set mSocketMonitor
D/Socket_Alarm(  555): HTCSocketMonitorImpl::HTCSocketMonitorImpl
I/PackageManager( 1615):  setEnabledSetting(), pkgName=com.google.android.talk, clsName=com.google.android.apps.hangouts.sms.SmsReceiver, state=2, flag=1, pid=555, uid=10135
I/PackageManager( 1615):  setEnabledSetting(), pkgName=com.google.android.talk, clsName=com.google.android.apps.hangouts.sms.MmsWapPushReceiver, state=2, flag=1, pid=555, uid=10135
I/PackageManager( 1615):  setEnabledSetting(), pkgName=com.google.android.talk, clsName=com.google.android.apps.hangouts.sms.AbortSmsReceiver, state=2, flag=1, pid=555, uid=10135
I/PackageManager( 1615):  setEnabledSetting(), pkgName=com.google.android.talk, clsName=com.google.android.apps.hangouts.sms.AbortMmsWapPushReceiver, state=2, flag=1, pid=555, uid=10135
I/PackageManager( 1615):  setEnabledSetting(), pkgName=com.google.android.talk, clsName=com.google.android.apps.hangouts.service.NoConfirmationSmsSendService, state=2, flag=1, pid=555, uid=10135
I/ActivityManager( 1615): Start proc com.android.vending for broadcast com.android.vending/com.google.android.finsky.receivers.PackageMonitorReceiver$RegisteredReceiver: pid=578 uid=10110 gids={3003, 1015}
I/ActivityManager( 1615): Process com.android.settings (pid 539) has died.
I/PackageManager( 1615):  setEnabledSetting(), pkgName=com.android.vending, clsName=com.android.vending.AssetBrowserActivity, state=1, flag=1, pid=578, uid=10110
I/PackageManager( 1615):  setEnabledSetting(), pkgName=com.android.vending, clsName=com.google.android.finsky.activities.DebugActivity, state=2, flag=1, pid=578, uid=10110
I/ActivityManager( 1615): Start proc com.google.android.googlequicksearchbox for broadcast com.google.android.googlequicksearchbox/.SourceUpdateReceiver: pid=626 uid=10038 gids={3003}
I/PackageManager( 1615):  setEnabledSetting(), pkgName=com.google.android.gms, clsName=com.google.android.gms.people.pub.PeopleProfileActionGatewayActivity, state=2, flag=1, pid=31585, uid=10018
I/ActivityManager( 1615): Start proc android.process.media for content provider com.android.providers.downloads/.DownloadProvider: pid=649 uid=10023 gids={1015, 1023, 1024, 5001, 5002, 2001, 3003, 3007}
W/ActivityManager( 1615): Activity idle timeout for ActivityRecord{40dd4058 com.pushapp/.MainActivity}
W/AlarmManager( 1615): RXTXtriggerAlarmsLocked
D/BatteryService( 1615): updateBatteryStats ======================================
D/StatusBar.BatteryController( 1687): updateBattery level=100 icon=17302774 status=5
D/PowerUI ( 1687): closing low battery warning: level=100
D/PowerUI ( 1687): plugged = true, health = 2, mBatteryLevel = 100, mPluggedBatteryLevel = 90, mLowBatteryWarningLevel2 = 25, mshowLowChargingWarning2 = true
D/NotificationService( 1615): mIntentReceiver() Intent.ACTION_BATTERY_CHANGED
D/PowerManagerService( 1615): runHtcPowerSaverCheck ======================================
W/ActivityManager( 1615): Disable JIT of com.htc.bgp
I/ActivityManager( 1615): Start proc com.htc.bgp for content provider com.android.providers.calendar/.HtcCalendarProvider: pid=679 uid=10015 gids={3003, 1015, 1006, 5001, 2001}
D/Socket_Alarm(  679): registerHTCSocketMonitorCallBack
D/Socket_Alarm(  679): set mSocketMonitor
D/Socket_Alarm(  679): HTCSocketMonitorImpl::HTCSocketMonitorImpl
I/ActivityManager( 1615): Start proc com.htc.calendar for broadcast com.htc.calendar/.app.widget.CalendarAppWidgetService$CalendarFactory: pid=701 uid=10015 gids={3003, 1015, 1006, 5001, 2001}
D/Socket_Alarm(  701): registerHTCSocketMonitorCallBack
D/Socket_Alarm(  701): set mSocketMonitor
D/Socket_Alarm(  701): HTCSocketMonitorImpl::HTCSocketMonitorImpl
D/CountryDetectorService( 1615): The first listener is added
D/ComprehensiveCountryDetector( 1615): onServiceStateChanged
I/ActivityManager( 1615): Start proc com.htc.android.htcime:provider for content provider com.htc.android.htcime/.provider.HTCCIMEProvider: pid=720 uid=10042 gids={1015, 3003}
D/BatteryService( 1615): updateBatteryStats ======================================
D/StatusBar.BatteryController( 1687): updateBattery level=100 icon=17302774 status=5
D/PowerUI ( 1687): closing low battery warning: level=100
D/PowerUI ( 1687): plugged = true, health = 2, mBatteryLevel = 100, mPluggedBatteryLevel = 90, mLowBatteryWarningLevel2 = 25, mshowLowChargingWarning2 = true
D/NotificationService( 1615): mIntentReceiver() Intent.ACTION_BATTERY_CHANGED
D/PowerManagerService( 1615): runHtcPowerSaverCheck ======================================
D/BatteryService( 1615): updateBatteryStats ======================================
D/BatteryService( 1615): updateBatteryStats ======================================
D/StatusBar.BatteryController( 1687): updateBattery level=100 icon=17302774 status=5
D/PowerUI ( 1687): closing low battery warning: level=100
D/PowerUI ( 1687): plugged = true, health = 2, mBatteryLevel = 100, mPluggedBatteryLevel = 90, mLowBatteryWarningLevel2 = 25, mshowLowChargingWarning2 = true
D/NotificationService( 1615): mIntentReceiver() Intent.ACTION_BATTERY_CHANGED
D/PowerManagerService( 1615): runHtcPowerSaverCheck ======================================
D/BatteryService( 1615): updateBatteryStats ======================================
W/ThrottleService( 1615): unable to find stats for iface rmnet0
I/ActivityManager( 1615): Start proc com.google.android.gsf.login for service com.google.android.gsf.login/com.google.android.gsf.loginservice.GoogleLoginService: pid=742 uid=10018 gids={3003, 1015, 2001, 1007, 3006, 1006, 3002, 3001}
I/PackageManager( 1615):  setEnabledSetting(), pkgName=com.google.android.talk, clsName=com.google.android.apps.hangouts.realtimechat.RequestWriter$NetworkStateReceiver, state=2, flag=1, pid=555, uid=10135
I/ActivityManager( 1615): Start proc com.android.packageinstaller for broadcast com.android.packageinstaller/com.htc.app.HtcPackageEnabler: pid=761 uid=10115 gids={}
I/ActivityManager( 1615): Start proc com.htc.launcher.widgetscanner for broadcast com.htc.launcher/.widget.WidgetScannerTrigger: pid=774 uid=9999 gids={3003, 3002, 3001}
I/ActivityManager( 1615): Start proc com.android.settings for broadcast com.android.settings/.framework.activity.HtcEntryChangeReceiver: pid=788 uid=1000 gids={1015, 3002, 3001, 3003, 5001, 5004, 5003, 3007, 3006, 2001, 1007}
I/ActivityManager( 1615): Process com.android.vending (pid 578) has died.
I/ActivityManager( 1615): Process android.process.media (pid 649) has died.
D/MountService( 1615): An IMountServiceListener has died!
I/ActivityManager( 1615): Process com.htc.bgp (pid 679) has died.
I/ActivityManager( 1615): Process com.htc.calendar (pid 701) has died.
I/ActivityManager( 1615): Process com.google.android.googlequicksearchbox (pid 626) has died.
I/ActivityManager( 1615): Process com.htc.android.htcime:provider (pid 720) has died.
I/ActivityManager( 1615): Process com.google.android.gsf.login (pid 742) has died.
I/ActivityManager( 1615): Process com.google.android.talk (pid 555) has died.
I/ActivityManager( 1615): Start proc com.google.android.talk for broadcast com.google.android.talk/com.google.android.apps.hangouts.phone.PackageReplacedReceiver: pid=806 uid=10135 gids={3003, 1015, 1006, 3002}
I/ActivityManager( 1615): Process com.android.packageinstaller (pid 761) has died.
I/ActivityManager( 1615): Process com.htc.launcher.widgetscanner (pid 774) has died.
I/ActivityManager( 1615): Process com.android.settings (pid 788) has died.
I/PackageManager( 1615):  setEnabledSetting(), pkgName=com.google.android.talk, clsName=com.google.android.apps.hangouts.phone.ShareIntentSmsOnlyActivity, state=2, flag=1, pid=806, uid=10135
D/Socket_Alarm(  806): registerHTCSocketMonitorCallBack
D/Socket_Alarm(  806): set mSocketMonitor
D/Socket_Alarm(  806): HTCSocketMonitorImpl::HTCSocketMonitorImpl
I/PackageManager( 1615):  setEnabledSetting(), pkgName=com.google.android.talk, clsName=com.google.android.apps.hangouts.sms.SmsReceiver, state=2, flag=1, pid=806, uid=10135
I/PackageManager( 1615):  setEnabledSetting(), pkgName=com.google.android.talk, clsName=com.google.android.apps.hangouts.sms.MmsWapPushReceiver, state=2, flag=1, pid=806, uid=10135
I/PackageManager( 1615):  setEnabledSetting(), pkgName=com.google.android.talk, clsName=com.google.android.apps.hangouts.sms.AbortSmsReceiver, state=2, flag=1, pid=806, uid=10135
I/PackageManager( 1615):  setEnabledSetting(), pkgName=com.google.android.talk, clsName=com.google.android.apps.hangouts.sms.AbortMmsWapPushReceiver, state=2, flag=1, pid=806, uid=10135
I/PackageManager( 1615):  setEnabledSetting(), pkgName=com.google.android.talk, clsName=com.google.android.apps.hangouts.service.NoConfirmationSmsSendService, state=2, flag=1, pid=806, uid=10135
I/ActivityManager( 1615): Start proc com.android.vending for broadcast com.android.vending/com.google.android.finsky.receivers.PackageMonitorReceiver$RegisteredReceiver: pid=829 uid=10110 gids={3003, 1015}
I/PackageManager( 1615):  setEnabledSetting(), pkgName=com.android.vending, clsName=com.android.vending.AssetBrowserActivity, state=1, flag=1, pid=829, uid=10110
I/PackageManager( 1615):  setEnabledSetting(), pkgName=com.android.vending, clsName=com.google.android.finsky.activities.DebugActivity, state=2, flag=1, pid=829, uid=10110
I/ActivityManager( 1615): Start proc com.google.android.googlequicksearchbox for broadcast com.google.android.googlequicksearchbox/.SourceUpdateReceiver: pid=867 uid=10038 gids={3003}
I/ActivityManager( 1615): Process android.process.acore (pid 522) has died.
D/CountryDetectorService( 1615): No listener is left
I/PackageManager( 1615):  setEnabledSetting(), pkgName=com.google.android.gms, clsName=com.google.android.gms.people.pub.PeopleProfileActionGatewayActivity, state=2, flag=1, pid=31585, uid=10018
I/ActivityManager( 1615): Start proc android.process.media for content provider com.android.providers.downloads/.DownloadProvider: pid=888 uid=10023 gids={1015, 1023, 1024, 5001, 5002, 2001, 3003, 3007}
W/ActivityManager( 1615): Activity idle timeout for ActivityRecord{40dd4058 com.pushapp/.MainActivity}
D/BatteryService( 1615): updateBatteryStats ======================================
I/PackageManager( 1615):  setEnabledSetting(), pkgName=com.google.android.talk, clsName=com.google.android.apps.hangouts.realtimechat.RequestWriter$NetworkStateReceiver, state=1, flag=1, pid=806, uid=10135
I/ActivityManager( 1615): Start proc com.android.packageinstaller for broadcast com.android.packageinstaller/com.htc.app.HtcPackageEnabler: pid=911 uid=10115 gids={}
I/ActivityManager( 1615): Start proc com.htc.launcher.widgetscanner for broadcast com.htc.launcher/.widget.WidgetScannerTrigger: pid=923 uid=9999 gids={3003, 3002, 3001}
I/ActivityManager( 1615): Start proc android.process.acore for broadcast com.android.providers.contacts/.PackageIntentReceiver: pid=939 uid=10019 gids={3003, 1015}
I/ActivityManager( 1615): Start proc com.android.settings for broadcast com.android.settings/.framework.activity.HtcEntryChangeReceiver: pid=956 uid=1000 gids={1015, 3002, 3001, 3003, 5001, 5004, 5003, 3007, 3006, 2001, 1007}
I/ActivityManager( 1615): Process com.google.android.talk (pid 806) has died.
I/ActivityManager( 1615): Process com.google.android.googlequicksearchbox (pid 867) has died.
I/ActivityManager( 1615): Process android.process.media (pid 888) has died.
D/MountService( 1615): An IMountServiceListener has died!
I/ActivityManager( 1615): Process com.android.vending (pid 829) has died.
I/ActivityManager( 1615): Start proc com.google.android.talk for broadcast com.google.android.talk/com.google.android.apps.hangouts.phone.PackageReplacedReceiver: pid=971 uid=10135 gids={3003, 1015, 1006, 3002}
I/ActivityManager( 1615): Process com.android.packageinstaller (pid 911) has died.
I/PackageManager( 1615):  setEnabledSetting(), pkgName=com.google.android.talk, clsName=com.google.android.apps.hangouts.phone.ShareIntentSmsOnlyActivity, state=2, flag=1, pid=971, uid=10135
D/Socket_Alarm(  971): registerHTCSocketMonitorCallBack
D/Socket_Alarm(  971): set mSocketMonitor
D/Socket_Alarm(  971): HTCSocketMonitorImpl::HTCSocketMonitorImpl
I/PackageManager( 1615):  setEnabledSetting(), pkgName=com.google.android.talk, clsName=com.google.android.apps.hangouts.sms.SmsReceiver, state=2, flag=1, pid=971, uid=10135
I/PackageManager( 1615):  setEnabledSetting(), pkgName=com.google.android.talk, clsName=com.google.android.apps.hangouts.sms.MmsWapPushReceiver, state=2, flag=1, pid=971, uid=10135
I/PackageManager( 1615):  setEnabledSetting(), pkgName=com.google.android.talk, clsName=com.google.android.apps.hangouts.sms.AbortSmsReceiver, state=2, flag=1, pid=971, uid=10135
I/PackageManager( 1615):  setEnabledSetting(), pkgName=com.google.android.talk, clsName=com.google.android.apps.hangouts.sms.AbortMmsWapPushReceiver, state=2, flag=1, pid=971, uid=10135
I/PackageManager( 1615):  setEnabledSetting(), pkgName=com.google.android.talk, clsName=com.google.android.apps.hangouts.service.NoConfirmationSmsSendService, state=2, flag=1, pid=971, uid=10135
I/ActivityManager( 1615): Start proc com.android.vending for broadcast com.android.vending/com.google.android.finsky.receivers.PackageMonitorReceiver$RegisteredReceiver: pid=993 uid=10110 gids={3003, 1015}
I/ActivityManager( 1615): Process com.htc.launcher.widgetscanner (pid 923) has died.
I/PackageManager( 1615):  setEnabledSetting(), pkgName=com.android.vending, clsName=com.android.vending.AssetBrowserActivity, state=1, flag=1, pid=993, uid=10110
I/ActivityManager( 1615): Process com.android.settings (pid 956) has died.
I/PackageManager( 1615):  setEnabledSetting(), pkgName=com.android.vending, clsName=com.google.android.finsky.activities.DebugActivity, state=2, flag=1, pid=993, uid=10110
I/ActivityManager( 1615): Start proc com.google.android.googlequicksearchbox for broadcast com.google.android.googlequicksearchbox/.SourceUpdateReceiver: pid=1030 uid=10038 gids={3003}
I/PackageManager( 1615):  setEnabledSetting(), pkgName=com.google.android.gms, clsName=com.google.android.gms.people.pub.PeopleProfileActionGatewayActivity, state=2, flag=1, pid=31585, uid=10018
I/ActivityManager( 1615): Start proc android.process.media for content provider com.android.providers.downloads/.DownloadProvider: pid=1049 uid=10023 gids={1015, 1023, 1024, 5001, 5002, 2001, 3003, 3007}
I/ActivityManager( 1615): Process com.android.vending (pid 993) has died.
W/ActivityManager( 1615): Activity idle timeout for ActivityRecord{40dd4058 com.pushapp/.MainActivity}
I/ActivityManager( 1615): Process com.google.android.talk (pid 971) has died.
W/ActivityManager( 1615): Disable JIT of com.htc.bgp
I/ActivityManager( 1615): Start proc com.htc.bgp for content provider com.android.providers.calendar/.HtcCalendarProvider: pid=1066 uid=10015 gids={3003, 1015, 1006, 5001, 2001}
D/Socket_Alarm( 1066): registerHTCSocketMonitorCallBack
D/Socket_Alarm( 1066): set mSocketMonitor
D/Socket_Alarm( 1066): HTCSocketMonitorImpl::HTCSocketMonitorImpl
D/BatteryService( 1615): updateBatteryStats ======================================
D/StatusBar.BatteryController( 1687): updateBattery level=100 icon=17302774 status=5
D/PowerUI ( 1687): closing low battery warning: level=100
D/PowerUI ( 1687): plugged = true, health = 2, mBatteryLevel = 100, mPluggedBatteryLevel = 90, mLowBatteryWarningLevel2 = 25, mshowLowChargingWarning2 = true
D/NotificationService( 1615): mIntentReceiver() Intent.ACTION_BATTERY_CHANGED
D/PowerManagerService( 1615): runHtcPowerSaverCheck ======================================
I/ActivityManager( 1615): Start proc com.htc.calendar for broadcast com.htc.calendar/.app.widget.CalendarAppWidgetService$CalendarFactory: pid=1086 uid=10015 gids={3003, 1015, 1006, 5001, 2001}
I/ActivityManager( 1615): Process com.google.android.googlequicksearchbox (pid 1030) has died.
D/Socket_Alarm( 1086): registerHTCSocketMonitorCallBack
D/Socket_Alarm( 1086): set mSocketMonitor
D/Socket_Alarm( 1086): HTCSocketMonitorImpl::HTCSocketMonitorImpl
W/ActivityManager( 1615): Activity idle timeout for ActivityRecord{40dd4058 com.pushapp/.MainActivity}
--------- beginning of /dev/log/main
D/SyncContactsCalendar(  939): getContactDisplayName() - Can not find contact display name in RawContacts table !!!
D/HtcCustomOpenHelper(  939): cacheMyContactIds mMyContactCardRawId: 9223372034707292161
D/HtcCustomOpenHelper(  939): cacheMyContactIds mMyContactCardId: 9223372034707292161
D/CountryDetectorService( 1615): The first listener is added
D/ComprehensiveCountryDetector( 1615): onServiceStateChanged
D/InputDispatcher( 1615): set DropRepeatKeyFlag: 1, 26285183679000
D/InputDispatcher( 1615): reset DropRepeatKeyFlag: 0, 0
D/SensorService( 1615): SensorDevice::activate--: handle = 0x2, enabled = 0x1
D/SensorService( 1615): pid=1615, uid=1000
D/PowerManagerService( 1615): New lightsensor value:10, lcdValue:57
D/PowerManagerService( 1615): lightSensorChangedLocked, buttonValue >= 0, mPowerState = 3
D/PowerManagerService( 1615): button light setOrientation:-1
D/lights  ( 1615): set_light_buttons_func: on=16777215 brightness=255
D/CAT     ( 1824): CatService: Return current sInstance
D/PowerManagerService( 1615): ActivityManagerNative.getDefault().wakingUp();
D/HtcLockScreen2.0( 1615): HtcLockScreen: Do Hide: doHideShortcutArea
D/SurfaceFlinger( 1447): Screen about to return, flinger = 0x3789b0
I/PowerManagerService-JNI( 1615): [Stability] PowerManagerService_userActivity JNI pass power key event to PowerManagerService userActivity()
I/ActivityManager( 1615): Start proc com.htc.lockscreen for content provider com.htc.lockscreen/.ShortcutProvider: pid=1105 uid=10050 gids={}
I/SurfaceFlinger( 1447): void android::SurfaceFlinger::updateHwcHDMI(bool) en=0
D/dalvikvm( 1615): GC_EXPLICIT freed 296K, 35% free 16422K/25123K, paused 23ms+22ms
I/CpuGovernorService( 1615): intent action: android.intent.action.SCREEN_ON
D/AlarmManager( 1615): ACTION_SCREEN_ON
I/InputManagerService( 1615): Receive : Intent.ACTION_SCREEN_ON
I/InputManagerService( 1615): Enable input method client.
D/UsbnetService( 1615): BroadcastReceiver::onReceive+
D/UsbnetService( 1615): onReceive SCREEN_ON
D/UsbnetService( 1615): BroadcastReceiver::onReceive-
I/PowerManagerService-JNI( 1615): [Stability] PowerManagerService_userActivity JNI pass power key event to PowerManagerService userActivity()
D/AudioHardwareMSM7X30( 1450): setParameters() screen_state=on
D/WirelessDisplayService( 1615): ScreenReceiver;android.intent.action.SCREEN_ON,callOnGoing: false, Screen On: true
D/ConnectivityService( 1615): onUidRulesChanged(uid=10173, uidRules=0)
