W/PackageManager( 1615): Unknown permission com.nokia.pushnotifications.permission.RECEIVE in package com.facebook.katana
W/PackageManager( 1615): Unknown permission com.amazon.device.messaging.permission.RECEIVE in package com.facebook.katana
W/PackageManager( 1615): Unknown permission android.permission.READ_EXTERNAL_STORAGE in package personal.andreabasso.clearfocus
W/PackageManager( 1615): Unknown permission com.intsig.camscanner.Account in package com.intsig.camscanner
W/PackageManager( 1615): Unknown permission com.sonymobile.permission.CAMERA_ADDON in package com.intsig.camscanner
W/PackageManager( 1615): Unknown permission com.htc.permission.WRITE_ULOG in package com.htc.music
W/PackageManager( 1615): Unknown permission com.htc.permission.MEDIA_ACCOUNT in package com.htc.music
W/PackageManager( 1615): Unknown permission com.htc.musicfolderpicker.permission.PICK_FOLDER in package com.htc.music
W/PackageManager( 1615): Unknown permission com.htc.vmm.service.permission.VMMEngineService in package com.htc.music
W/PackageManager( 1615): Unknown permission com.htc.bpmrss.permission.GET_LIST in package com.htc.music
W/PackageManager( 1615): Unknown permission android.permission.ADD_SYSTEM_SERVICE in package com.android.providers.telephony
W/PackageManager( 1615): Unknown permission com.tmobile.driving.permission.READ_DRIVING_MODE_SETTINGS in package com.android.providers.telephony
W/PackageManager( 1615): Unknown permission com.htc.permission.ACCESS_NOTES in package com.android.providers.telephony
W/PackageManager( 1615): Unknown permission com.htc.htctwitter.permission.useprovider in package com.android.providers.telephony
W/PackageManager( 1615): Unknown permission com.tmobile.vvm.application.permission.ACCESS_PROVIDER in package com.android.providers.telephony
W/PackageManager( 1615): Unknown permission com.htc.permission.SOCIAL_NETWORK in package com.android.providers.telephony
W/PackageManager( 1615): Unknown permission android.permission.BACKUP_DATA in package com.htc.socialnetwork.plurk
W/PackageManager( 1615): Unknown permission com.htc.socialnetwork.permission.useprovider in package com.htc.socialnetwork.plurk
W/PackageManager( 1615): Unknown permission com.android.providers.im.permission.READ_ONLY in package com.google.android.apps.maps
W/PackageManager( 1615): Unknown permission android.permission.BACKUP_DATA in package com.htc.android.htcime
W/PackageManager( 1615): Unknown permission com.htc.permission.WRITE_ULOG in package com.htc.android.htcime
W/PackageManager( 1615): Unknown permission com.android.providers.htccdma.Specific in package com.htc.android.htcsetupwizard
W/PackageManager( 1615): Unknown permission com.htc.VzWBackupAssistantClient.PROVISION in package com.htc.android.htcsetupwizard
W/PackageManager( 1615): Unknown permission com.orange.pushmail.Z7.permission.ACCESS_PROVIDER in package com.htc.android.htcsetupwizard
W/PackageManager( 1615): Unknown permission com.htc.vmm.service.permission.VMMForOOBEService in package com.htc.android.htcsetupwizard
W/PackageManager( 1615): Unknown permission com.carrieriq.tmobile.permission.IPC in package com.htc.android.htcsetupwizard
W/PackageManager( 1615): Unknown permission com.android.launcher.permission.READ_SETTINGS in package com.google.android.onetimeinitializer
W/PackageManager( 1615): Unknown permission com.android.launcher.permission.WRITE_SETTINGS in package com.google.android.onetimeinitializer
W/PackageManager( 1615): Unknown permission android.permission.READ_EXTERNAL_STORAGE in package com.malcolmsoft.powergrasp
W/PackageManager( 1615): Unknown permission android.permission.ACCESS_SUPERUSER in package com.malcolmsoft.powergrasp
W/PackageManager( 1615): Unknown permission com.google.android.apps.googlevoice.permission.AUTO_SEND in package com.google.android.voicesearch
W/PackageManager( 1615): Unknown permission com.android.launcher.permission.READ_SETTINGS in package com.htc.WeatherWidget
W/PackageManager( 1615): Not granting permission android.permission.CLEAR_APP_USER_DATA to package com.htc.htcsettingwidgets (protectionLevel=2 flags=0x8be45)
W/PackageManager( 1615): Unknown permission android.permission.ACCESS_LOCATION in package com.htc.htcsettingwidgets
W/PackageManager( 1615): Unknown permission android.permission.ACCESS_ASSISTED_GPS in package com.htc.htcsettingwidgets
W/PackageManager( 1615): Unknown permission android.permission.ACCESS_NETWORK_LOCATION in package com.htc.htcsettingwidgets
W/PackageManager( 1615): Unknown permission android.permission.ACCESS_GPS in package com.htc.htcsettingwidgets
W/PackageManager( 1615): Unknown permission android.permission.WRITE_OWNER_DATA in package com.infraware.docmaster
W/PackageManager( 1615): Unknown permission android.permission.READ_OWNER_DATA in package com.infraware.docmaster
W/PackageManager( 1615): Unknown permission com.google.android.providers.gmail.permission.READ_GMAIL in package com.infraware.docmaster
W/PackageManager( 1615): Not granting permission com.google.android.gm.permission.READ_GMAIL to package com.infraware.docmaster (protectionLevel=2 flags=0x8be45)
W/PackageManager( 1615): Unknown permission com.google.android.gm.permission.READ_ATTACHMENT_PREVIEW in package com.infraware.docmaster
W/PackageManager( 1615): Unknown permission com.htc.socialnetwork.permission.useprovider in package com.infraware.docmaster
W/PackageManager( 1615): Unknown permission com.htc.providers.uploads.UploadProvider in package com.infraware.docmaster
W/PackageManager( 1615): Unknown permission com.westtek.jcp.PRINT in package com.infraware.docmaster
W/PackageManager( 1615): Unknown permission com.android.providers.htccdma.Specific in package com.android.htcdialer
W/PackageManager( 1615): Unknown permission com.htc.socialnetwork.permission.useprovider in package com.android.providers.contacts
W/PackageManager( 1615): Unknown permission com.htc.htctwitter.permission.useprovider in package com.android.providers.contacts
W/PackageManager( 1615): Unknown permission com.htc.idlescreen.people.permission.SERVICE in package com.htc.home.personalize
W/PackageManager( 1615): Unknown permission com.htc.idlescreen.people.permission.PREVIEW_SERVICE in package com.htc.home.personalize
W/PackageManager( 1615): Unknown permission com.htc.idlescreen.people.permission.SETTINGS in package com.htc.home.personalize
W/PackageManager( 1615): Unknown permission com.htc.idlescreen.permission.SET_IDLESCREEN in package com.htc.home.personalize
W/PackageManager( 1615): Not granting permission com.google.android.gm.permission.READ_GMAIL to package com.google.android.apps.uploader (protectionLevel=2 flags=0x8be45)
W/PackageManager( 1615): Unknown permission com.htc.htctwitter.permission.useprovider in package com.htc.friendstream
W/PackageManager( 1615): Unknown permission android.permission.REAL_GET_TASKS in package com.android.vending
W/PackageManager( 1615): Unknown permission android.permission.READ_EXTERNAL_STORAGE in package com.android.vending
W/PackageManager( 1615): Not granting permission android.permission.SEND_DOWNLOAD_COMPLETED_INTENTS to package com.android.vending (protectionLevel=2 flags=0xabec5)
W/PackageManager( 1615): Not granting permission android.permission.SEND_SMS_NO_CONFIRMATION to package com.android.vending (protectionLevel=3 flags=0xabec5)
W/PackageManager( 1615): Not granting permission android.permission.PACKAGE_VERIFICATION_AGENT to package com.android.vending (protectionLevel=3 flags=0xabec5)
W/PackageManager( 1615): Unknown permission android.permission.MANAGE_USERS in package com.android.vending
W/PackageManager( 1615): Unknown permission android.permission.INTERACT_ACROSS_USERS in package com.android.vending
W/PackageManager( 1615): Not granting permission android.permission.WRITE_SECURE_SETTINGS to package com.android.vending (protectionLevel=3 flags=0xabec5)
W/PackageManager( 1615): Not granting permission android.permission.FORCE_STOP_PACKAGES to package com.android.vending (protectionLevel=2 flags=0xabec5)
W/PackageManager( 1615): Unknown permission android.permission.ACCESS_ASSISTED_GPS in package com.htc.laputa
W/PackageManager( 1615): Unknown permission android.permission.ACCESS_NETWORK_LOCATION in package com.htc.laputa
W/PackageManager( 1615): Unknown permission android.permission.ACCESS_LOCATION in package com.htc.laputa
W/PackageManager( 1615): Unknown permission android.permission.ACCESS_GPS in package com.htc.laputa
W/PackageManager( 1615): Unknown permission android.permission.INJECT_AUDIO_VOLUME_SETTINGS in package com.android.camera
W/PackageManager( 1615): Unknown permission com.android.email.permission.ACCESS_PROVIDER in package com.broadcom.bt.app.system
W/PackageManager( 1615): Unknown permission com.htc.providers.uploads.UploadProvider in package com.htc.cloudstorage.skydrive
W/PackageManager( 1615): Unknown permission com.htc.socialnetwork.permission.useprovider in package com.htc.cloudstorage.skydrive
W/PackageManager( 1615): Unknown permission com.htc.idlescreen.permission.SET_IDLESCREEN in package com.htc.opensense.social
W/PackageManager( 1615): Unknown permission com.htc.permission.SOCIAL_NETWORK in package com.htc.video
W/PackageManager( 1615): Unknown permission android.permission.WRITE_OWNER_DATA in package com.htc.video
W/PackageManager( 1615): Unknown permission com.htc.socialnetwork.permission.useprovider in package com.htc.video
W/PackageManager( 1615): Unknown permission android.permission.BACKUP_DATA in package com.htc.video
W/PackageManager( 1615): Unknown permission com.google.android.providers.gmail.permission.READ_GMAIL in package com.htc.video
W/PackageManager( 1615): Unknown permission android.permission.INJECT_AUDIO_VOLUME_SETTINGS in package com.htc.video
W/PackageManager( 1615): Unknown permission com.android.vending.billing.IBillingAccountService.BIND2 in package com.google.android.gsf.login
W/PackageManager( 1615): Not granting permission android.permission.ACCESS_ALL_DOWNLOADS to package com.htc.photoenhancer (protectionLevel=2 flags=0x8be45)
W/PackageManager( 1615): Unknown permission android.permission.INTERACT_ACROSS_USERS in package com.google.android.gms
W/PackageManager( 1615): Unknown permission android.permission.RECOVERY in package com.google.android.gms
W/PackageManager( 1615): Unknown permission android.permission.READ_DREAM_STATE in package com.google.android.gms
W/PackageManager( 1615): Unknown permission android.permission.RECEIVE_DATA_ACTIVITY_CHANGE in package com.google.android.gms
W/PackageManager( 1615): Unknown permission android.permission.READ_EXTERNAL_STORAGE in package com.google.android.gms
W/PackageManager( 1615): Unknown permission android.permission.PROVIDE_TRUST_AGENT in package com.google.android.gms
W/PackageManager( 1615): Unknown permission com.google.android.apps.enterprise.dmagent.permission.AutoSyncPermission in package com.google.android.gms
W/PackageManager( 1615): Unknown permission android.permission.LOCATION_HARDWARE in package com.google.android.gms
W/PackageManager( 1615): Unknown permission android.permission.GET_APP_OPS_STATS in package com.google.android.gms
W/PackageManager( 1615): Unknown permission android.permission.UPDATE_APP_OPS_STATS in package com.google.android.gms
W/PackageManager( 1615): Unknown permission android.permission.CAPTURE_AUDIO_HOTWORD in package com.google.android.gms
W/PackageManager( 1615): Unknown permission com.google.android.googlequicksearchbox.permission.PAUSE_HOTWORD in package com.google.android.gms
W/PackageManager( 1615): Unknown permission android.permission.MANAGE_VOICE_KEYPHRASES in package com.google.android.gms
W/PackageManager( 1615): Unknown permission android.permission.REAL_GET_TASKS in package com.google.android.gms
W/PackageManager( 1615): Unknown permission android.permission.READ_CALL_LOG in package com.google.android.gms
W/PackageManager( 1615): Unknown permission android.permission.ACCESS_NETWORK_CONDITIONS in package com.google.android.gms
W/PackageManager( 1615): Unknown permission android.permission.MANAGE_DEVICE_ADMINS in package com.google.android.gms
W/PackageManager( 1615): Unknown permission android.permission.READ_WIFI_CREDENTIAL in package com.google.android.gms
W/PackageManager( 1615): Not granting permission android.permission.MODIFY_PHONE_STATE to package com.google.android.gms (protectionLevel=3 flags=0x83e44)
W/PackageManager( 1615): Unknown permission android.permission.CONTROL_INCALL_EXPERIENCE in package com.google.android.gms
W/PackageManager( 1615): Not granting permission android.permission.MANAGE_USB to package com.google.android.gms (protectionLevel=3 flags=0x83e44)
W/PackageManager( 1615): Not granting permission android.permission.CALL_PRIVILEGED to package com.google.android.gms (protectionLevel=3 flags=0x83e44)
W/PackageManager( 1615): Unknown permission android.permission.BLUETOOTH_PRIVILEGED in package com.google.android.gms
W/PackageManager( 1615): Unknown permission android.permission.USER_ACTIVITY in package com.google.android.gms
W/PackageManager( 1615): Unknown permission android.permission.MODIFY_AUDIO_ROUTING in package com.google.android.gms
W/PackageManager( 1615): Unknown permission android.permission.CAPTURE_AUDIO_OUTPUT in package com.google.android.gms
W/PackageManager( 1615): Unknown permission android.permission.CAPTURE_VIDEO_OUTPUT in package com.google.android.gms
W/PackageManager( 1615): Unknown permission android.permission.CAPTURE_SECURE_VIDEO_OUTPUT in package com.google.android.gms
W/PackageManager( 1615): Not granting permission android.permission.READ_FRAME_BUFFER to package com.google.android.gms (protectionLevel=3 flags=0x83e44)
W/PackageManager( 1615): Unknown permission com.google.android.wearable.READ_SETTINGS in package com.google.android.gms
W/PackageManager( 1615): Not granting permission android.permission.MODIFY_NETWORK_ACCOUNTING to package com.google.android.gms (protectionLevel=3 flags=0x83e44)
W/PackageManager( 1615): Unknown permission android.permission.BODY_SENSORS in package com.google.android.gms
W/PackageManager( 1615): Unknown permission com.android.voicemail.permission.READ_VOICEMAIL in package com.google.android.gms
W/PackageManager( 1615): Not granting permission android.permission.FORCE_STOP_PACKAGES to package com.google.android.gms (protectionLevel=2 flags=0x83e44)
W/PackageManager( 1615): Unknown permission android.permission.MANAGE_DOCUMENTS in package com.google.android.gms
W/PackageManager( 1615): Unknown permission com.htc.htctwitter.permission.useprovider in package com.htc.widget.clockwidget
W/PackageManager( 1615): Unknown permission android.permission.BACKUP_DATA in package com.htc.CustomizationSetup
W/PackageManager( 1615): Unknown permission android.webkit.permission.PLUGIN in package com.adobe.flashplayer
W/PackageManager( 1615): Unknown permission com.htc.idlescreen.permission.SET_IDLESCREEN in package com.htc.aurora
W/PackageManager( 1615): Unknown permission com.android.email.permission.ACCESS_PROVIDER in package com.htc.aurora
W/PackageManager( 1615): Unknown permission android.permission.ACCESS_NETWORK_LOCATION in package com.htc.AutoMotive.Traffic
W/PackageManager( 1615): Unknown permission android.permission.ADD_SYSTEM_SERVICE in package com.htc.mysketcher
W/PackageManager( 1615): Unknown permission android.permission.STORAGE in package com.tinder
W/PackageManager( 1615): Unknown permission android.permission.READ_EXTERNAL_STORAGE in package com.tinder
W/PackageManager( 1615): Unknown permission com.htc.permission.POWER_CONTROL in package com.htc.launcher
W/PackageManager( 1615): Unknown permission android.permission.BACKUP_DATA in package com.htc.UpgradeSetup
W/PackageManager( 1615): Not granting permission android.permission.DEVICE_POWER to package com.htc.cs (protectionLevel=2 flags=0x8be05)
W/PackageManager( 1615): Unknown permission com.htc.msg.mfn.set in package com.htc.cs
W/PackageManager( 1615): Not granting permission android.permission.DEVICE_POWER to package com.htc.android.teeter (protectionLevel=2 flags=0x8be45)
W/PackageManager( 1615): Unknown permission com.htc.socialnetwork.permission.useprovider in package com.htc.FilePicker
W/PackageManager( 1615): Unknown permission android.permission.READ_EXTERNAL_STORAGE in package com.google.android.talk
W/PackageManager( 1615): Unknown permission android.permission.REGISTER_CONNECTION_MANAGER in package com.google.android.talk
W/PackageManager( 1615): Unknown permission android.permission.INSTALL_SHORTCUT in package com.whatsapp
W/PackageManager( 1615): Unknown permission android.permission.STORAGE in package com.whatsapp
W/PackageManager( 1615): Unknown permission com.sec.android.provider.badge.permission.READ in package com.whatsapp
W/PackageManager( 1615): Unknown permission com.sec.android.provider.badge.permission.WRITE in package com.whatsapp
W/PackageManager( 1615): Unknown permission android.permission.READ_EXTERNAL_STORAGE in package com.whatsapp
W/PackageManager( 1615): Unknown permission com.htc.home.personalize.permission.INSTALL_ONLINE_RESOURCE in package com.htc.store
W/PackageManager( 1615): Unknown permission com.htc.permission.SOCIAL_NETWORK in package com.htc.album
W/PackageManager( 1615): Unknown permission android.permission.WRITE_OWNER_DATA in package com.htc.album
W/PackageManager( 1615): Unknown permission com.htc.socialnetwork.permission.useprovider in package com.htc.album
W/PackageManager( 1615): Unknown permission android.permission.BACKUP_DATA in package com.htc.album
W/PackageManager( 1615): Unknown permission com.google.android.providers.gmail.permission.READ_GMAIL in package com.htc.album
W/PackageManager( 1615): Unknown permission com.westtek.jcp.PRINT in package com.htc.album
W/PackageManager( 1615): Unknown permission android.permission.INJECT_AUDIO_VOLUME_SETTINGS in package com.htc.album
W/PackageManager( 1615): Unknown permission com.htc.vmm.service.permission.VMMEngineService in package com.htc.album
W/PackageManager( 1615): Unknown permission com.htc.idlescreen.permission.WALLPAPER in package com.htc.album
W/PackageManager( 1615): Unknown permission com.htc.android.permission.LOCATION_PICKER in package com.htc.calendar
W/PackageManager( 1615): Unknown permission com.westtek.jcp.PRINT in package com.htc.calendar
W/PackageManager( 1615): Unknown permission android.permission.ACCESS_NOTES in package com.htc.calendar
W/PackageManager( 1615): Unknown permission com.htc.socialnetwork.permission.useprovider in package com.htc.providers.uploads
W/PackageManager( 1615): Unknown permission com.android.launcher.permission.READ_SETTINGS in package com.htc.Weather
W/PackageManager( 1615): Unknown permission com.htc.socialnetwork.permission.useprovider in package com.htc.socialnetwork.facebook
W/PackageManager( 1615): Unknown permission android.permission.BACKUP_DATA in package com.htc.socialnetwork.facebook
W/PackageManager( 1615): Not granting permission com.google.android.gm.permission.READ_GMAIL to package com.htc.socialnetwork.facebook (protectionLevel=2 flags=0x8be45)
W/PackageManager( 1615): Unknown permission android.permission.ACCESS_NETWORK_LOCATION in package com.htc.AutoMotive
W/PackageManager( 1615): Unknown permission htc.permission.htcspeak.launch_setting in package com.htc.AutoMotive
W/PackageManager( 1615): Not granting permission com.google.android.gm.permission.READ_GMAIL to package com.htc.socialnetwork.flickr (protectionLevel=2 flags=0x8be45)
W/PackageManager( 1615): Unknown permission com.htc.socialnetwork.permission.useprovider in package com.htc.socialnetwork.flickr
W/PackageManager( 1615): Unknown permission android.permission.MANAGE_DOCUMENTS in package com.google.android.youtube
W/PackageManager( 1615): Unknown permission android.permission.BACKUP_DATA in package com.htc.android.worldclock
W/PackageManager( 1615): Unknown permission htc.permission.dockmode.NEXT_ALARM in package com.htc.android.worldclock
W/PackageManager( 1615): Unknown permission android.permission.ACCESS_ASSISTED_GPS in package com.htc.task
W/PackageManager( 1615): Unknown permission android.permission.ACCESS_NETWORK_LOCATION in package com.htc.task
W/PackageManager( 1615): Unknown permission android.permission.ACCESS_LOCATION in package com.htc.task
W/PackageManager( 1615): Unknown permission android.permission.ACCESS_GPS in package com.htc.task
D/SqliteDatabaseCpp( 8432): DB info: close db, path = /data/data/com.google.android.gms/databases , key = gkjbac, handle = 0xff2b80, type = w, r/w = (0, 0)
I/ConfigService( 8432): onDestroy
D/PluginProvider( 1754): PluginProvider onCreate
D/SqliteDatabaseCpp( 1754): Registering sqlite logging func: /data/data/com.htc.opensense/databases/registry.db
D/SqliteDatabaseCpp( 1754): DB info: open db, path = /data/data/com.htc.opensense/databases , key = vecawtvq, flag = 6, file size = 21504
D/SqliteDatabaseCpp( 1754): DB info: path = /data/data/com.htc.opensense/databases , key = vecawtvq, handle: 0x15705c8, type: w, r/w: (0,1), mode: truncate, disk free size: 366 M
D/PluginProvider( 1754): current plugin count: 30
I/ActivityThread( 1754): Pub com.android.calendar: com.android.providers.calendar.HtcCalendarProvider
D/SyncContactsCalendar(  939): getContactDisplayName() - Can not find contact display name in RawContacts table !!!
D/SyncContactsCalendar(  939): getContactDisplayName() - Can not find contact display name in RawContacts table !!!
D/PhoneApp( 1824): -- PackageChangeBroadcastReceiver  action = android.intent.action.PACKAGE_ADDED
I/ActivityManager( 1615): Start proc com.android.packageinstaller for broadcast com.android.packageinstaller/com.htc.app.HtcPackageEnabler: pid=1767 uid=10115 gids={}
D/dalvikvm( 1448): GC_EXPLICIT freed 37K, 27% free 2798K/3807K, paused 2ms+2ms
D/dalvikvm( 1448): GC_EXPLICIT freed <1K, 27% free 2798K/3807K, paused 2ms+2ms
D/dalvikvm( 1448): GC_EXPLICIT freed <1K, 27% free 2798K/3807K, paused 2ms+15ms
D/SqliteDatabaseCpp( 1754): DB info: open db, path = /data/data/com.android.providers.calendar/databases , key = gYlejdYv, flag = 6, file size = 55296
D/SqliteDatabaseCpp( 1754): DB info: path = /data/data/com.android.providers.calendar/databases , key = gYlejdYv, handle: 0x158a050, type: w, r/w: (0,1), mode: wal, disk free size: 366 M
D/Socket_Alarm( 1754): registerHTCSocketMonitorCallBack
D/Socket_Alarm( 1754): set mSocketMonitor
D/Socket_Alarm( 1754): HTCSocketMonitorImpl::HTCSocketMonitorImpl
I/ActivityThread( 1754): Pub customization_settings: com.htc.provider.CustomizationSettings.CustomizationSettingsProvider
D/SqliteDatabaseCpp( 1754): DB info: open db, path = /data/data/com.htc.provider.CustomizationSettings/databases , key = guwtkma~Ytakj[wettajcw, flag = 6, file size = 56320
D/PackageEnabler( 1767): action: android.intent.action.PACKAGE_ADDED, pkg: com.pushapp, disabled: false, replacing: false
D/SqliteDatabaseCpp( 1754): DB info: path = /data/data/com.htc.provider.CustomizationSettings/databases , key = guwtkma~Ytakj[wettajcw, handle: 0x15b5c88, type: w, r/w: (0,1), mode: truncate, disk free size: 366 M
I/ActivityManager( 1615): Start proc com.htc.launcher.widgetscanner for broadcast com.htc.launcher/.widget.WidgetScannerTrigger: pid=1783 uid=9999 gids={3003, 3002, 3001}
I/ActivityManager( 1615): Process com.mapswithme.maps.pro (pid 1536) has died.
D/Socket_Alarm( 1733): registerHTCSocketMonitorCallBack
D/Socket_Alarm( 1733): set mSocketMonitor
D/Socket_Alarm( 1733): HTCSocketMonitorImpl::HTCSocketMonitorImpl
D/SettingUtil( 1783): SettingUtil.loadSettings
I/ActivityManager( 1615): Process com.htc.android.htcime:provider (pid 1612) has died.
D/PackageManager( 1615): generateServicesMap(android.accounts.AccountAuthenticator): 15 services unchanged
D/WidgetScanner( 1783): onReceive: Intent { act=android.intent.action.PACKAGE_ADDED dat=package:com.pushapp flg=0x10000010 cmp=com.htc.launcher/.widget.WidgetScannerTrigger (has extras) }
V/WidgetScanner( 1783): onHandleIntent +
D/WidgetScanner( 1783): onReceiveInternal: Intent { act=android.intent.action.PACKAGE_ADDED dat=package:com.pushapp flg=0x10000010 cmp=com.htc.launcher/.widget.WidgetScannerService (has extras) }
D/HtcWidgetScanner( 1783): onPackageAdded: com.pushapp
D/WidgetScanner( 1783): upadted? false
D/WidgetScanner( 1783): onReceiveInternal -
V/WidgetScanner( 1783): onHandleIntent -
W/PackageManager( 1615): Unable to load service info ResolveInfo{41adf080 com.htc.socialnetwork.facebook.remote.FacebookSyncService p=0 o=0 m=0x108000}
W/PackageManager( 1615): org.xmlpull.v1.XmlPullParserException: No android.content.SyncAdapter meta-data
W/PackageManager( 1615): 	at android.content.pm.RegisteredServicesCache.parseServiceInfo(RegisteredServicesCache.java:380)
W/PackageManager( 1615): 	at android.content.pm.RegisteredServicesCache.generateServicesMap(RegisteredServicesCache.java:261)
W/PackageManager( 1615): 	at android.content.pm.RegisteredServicesCache$1.onReceive(RegisteredServicesCache.java:110)
W/PackageManager( 1615): 	at android.app.LoadedApk$ReceiverDispatcher$Args.run(LoadedApk.java:781)
W/PackageManager( 1615): 	at android.os.Handler.handleCallback(Handler.java:608)
W/PackageManager( 1615): 	at android.os.Handler.dispatchMessage(Handler.java:92)
W/PackageManager( 1615): 	at android.os.Looper.loop(Looper.java:156)
W/PackageManager( 1615): 	at com.android.server.ServerThread.run(SystemServer.java:896)
I/ActivityManager( 1615): Start proc com.google.android.apps.maps for broadcast com.google.android.apps.maps/com.google.android.location.internal.NlpPackageUpdateReceiver: pid=1804 uid=10032 gids={3003, 1015}
I/dalvikvm( 1804): Turning on JNI app bug workarounds for target SDK version 13...
W/ContentService( 1615): binderDied() at ObserverNode
I/ActivityManager( 1615): Process com.google.android.googlequicksearchbox (pid 1677) has died.
D/SqliteDatabaseCpp( 1403): DB info: close db, path = /data/data/com.google.android.talk/databases , key = mewwYce[wtkve, handle = 0x16312a0, type = w, r/w = (0, 0)
I/ActivityManager( 1615): Process com.htc.task.gtask (pid 1706) has died.
I/ActivityManager( 1615): Process com.android.packageinstaller (pid 1767) has died.
W/ContentService( 1615): binderDied() at ObserverNode
I/ActivityManager( 1615): Process com.google.android.talk (pid 1403) has died.
I/ActivityThread( 1804): Pub com.google.android.maps.SearchHistoryProvider: com.google.googlenav.provider.SearchHistoryProvider
I/ActivityThread( 1804): Pub com.google.android.maps.SuggestionProvider: com.google.googlenav.suggest.android.SuggestProvider
I/ActivityThread( 1804): Pub com.google.android.maps.StarredItemProvider: com.google.googlenav.provider.StarredItemProvider
I/CalendarProvider2( 1754): Sending notification intent: Intent { act=android.intent.action.PROVIDER_CHANGED dat=content://com.android.calendar }
W/ContentResolver( 1754): Failed to get type for: content://com.android.calendar (Unknown URL content://com.android.calendar)
D/PhoneApp( 1824): EVENT_QUERY_MO_PACKAGES
D/PhoneApp( 1824): -- N1 =0
D/PhoneApp( 1824): -- N2 =0
D/PhoneApp( 1824): -- N3 =0
I/ActivityThread( 1804): Pub com.google.android.maps.LayerInfoProvider: com.google.googlenav.layer.LayerInfoProvider
D/SqliteDatabaseCpp( 1804): Registering sqlite logging func: /data/data/com.google.android.apps.maps/databases/LayerInfo
D/SqliteDatabaseCpp( 1804): DB info: open db, path = /data/data/com.google.android.apps.maps/databases , key = LYqevA, flag = 6, file size = 5120
D/SqliteDatabaseCpp( 1804): DB info: path = /data/data/com.google.android.apps.maps/databases , key = LYqevA, handle: 0x1554830, type: w, r/w: (0,1), mode: truncate, disk free size: 366 M
I/ActivityThread( 1804): Pub com.google.android.maps.TrafficAppWidgetProvider: com.google.googlenav.appwidget.traffic.TrafficAppWidgetProvider
I/ActivityThread( 1804): Pub com.google.android.maps.LocalActivePlacesProvider: com.google.googlenav.provider.LocalActivePlacesProvider
I/ActivityThread( 1804): Pub com.google.android.maps.LocalSuggestionProvider: com.google.googlenav.provider.LocalSuggestionProvider
I/ActivityThread( 1804): Pub com.google.android.maps.NavigationAvailabilityProvider: com.google.googlenav.provider.NavigationAvailabilityProvider
I/ActivityManager( 1615): Start proc com.google.android.partnersetup for broadcast com.google.android.partnersetup/.RlzPingBroadcastReceiver: pid=1841 uid=10037 gids={3003}
D/PackageManager( 1615): generateServicesMap(android.content.SyncAdapter): 51 services unchanged
I/ActivityThread( 1841): Pub com.google.android.partnersetup.rlzprovider: com.google.android.partnersetup.RlzProvider
I/ActivityThread( 1841): Pub com.google.android.partnersetup.rlzappprovider: com.google.android.partnersetup.RlzAppProvider
I/PackageLoader( 1805): Handwriting EngineInfo onUpdatePackage, action : android.intent.action.PACKAGE_ADDED packageName : com.pushapp
I/ActivityManager( 1615): Start proc com.htc.store for broadcast com.htc.store/.receiver.InstallReceiver: pid=1856 uid=10062 gids={2001, 3003, 1015}
D/BackupManagerService( 1615): Received broadcast Intent { act=android.intent.action.PACKAGE_ADDED dat=package:com.pushapp flg=0x10000010 (has extras) }
V/BackupManagerService( 1615): addPackageParticipantsLocked: com.pushapp
D/dalvikvm( 1615): GC_EXPLICIT freed 2989K, 35% free 16500K/25123K, paused 236ms+28ms
D/AndroidRuntime( 1526): Shutting down VM
I/AndroidRuntime( 1526): NOTE: attach of thread 'Binder Thread #3' failed
D/dalvikvm( 1526): GC_CONCURRENT freed 101K, 72% free 578K/2048K, paused 1ms+1ms
I/ActivityThread( 1856): Pub com.htc.store.provider.CarouselProvider: com.htc.store.provider.CarouselProvider
I/ActivityThread( 1856): Pub com.htc.store.provider.ContentProvider: com.htc.store.provider.ContentProvider
D/HTC Store( 1856): Log settings are false
D/HTC Store( 1856): Log settings are 
D/HTC Store( 1856): Enable General Log : false
D/HTC Store( 1856): Enable Analytic Log : false
D/HTC Store( 1856): Enable Normal Log Level : false
D/HTC Store( 1856): Enable Critical Log Level : false
D/SqliteDatabaseCpp( 1856): Registering sqlite logging func: /data/data/com.htc.store/databases/htcstore.db
D/SqliteDatabaseCpp( 1856): DB info: open db, path = /data/data/com.htc.store/databases , key = `tgwtkve, flag = 6, file size = 26624
D/SqliteDatabaseCpp( 1856): DB info: path = /data/data/com.htc.store/databases , key = `tgwtkve, handle: 0x15534d8, type: w, r/w: (0,1), mode: truncate, disk free size: 366 M
D/UsbConnectedReceiver( 1754): action = android.intent.action.PACKAGE_ADDED
I/ActivityManager( 1615): Start proc com.svox.pico for broadcast com.svox.pico/.VoiceDataInstallerReceiver: pid=1888 uid=10111 gids={1015}
I/ActivityThread( 1888): Pub com.svox.pico.providers.SettingsProvider: com.svox.pico.providers.SettingsProvider
I/ActivityManager( 1615): Start proc com.htc.opensense for broadcast com.htc.opensense/.pluginmanager.RegisterReceiver: pid=1907 uid=10015 gids={3003, 1015, 1006, 5001, 2001}
I/[PluginManager]RegisterService( 1907): onHandleIntent, action: android.intent.action.PACKAGE_ADDED, data: package:com.pushapp
I/ActivityManager( 1615): Start proc com.google.android.apps.plus for broadcast com.google.android.apps.plus/.service.PackagesMediaMonitor: pid=1923 uid=10113 gids={3003, 3002, 1015, 1006}
D/SyncContactsCalendar(  939): getContactDisplayName() - Can not find contact display name in RawContacts table !!!
D/SyncContactsCalendar(  939): getContactDisplayName() - Can not find contact display name in RawContacts table !!!
D/SyncContactsCalendar(  939): getContactDisplayName() - Can not find contact display name in RawContacts table !!!
I/ActivityThread( 1923): Pub com.google.android.apps.plus.content.ApiProvider: com.google.android.apps.plus.content.EsApiProvider
I/ActivityThread( 1923): Pub com.google.android.apps.plus.content.EsGooglePhotoProvider: com.google.android.picasasync.PicasaContentProvider
I/ActivityThread( 1923): Pub com.google.plus.platform: com.google.android.apps.plus.content.AdsProvider
I/ActivityThread( 1923): Pub com.google.android.apps.plus.content.EsProvider: com.google.android.apps.plus.content.EsProvider
I/ActivityManager( 1615): Process com.google.android.apps.maps (pid 1804) has died.
D/dalvikvm( 1615): GC_EXPLICIT freed 1453K, 36% free 16259K/25123K, paused 12ms+20ms
D/SyncContactsCalendar(  939): getContactDisplayName() - Can not find contact display name in RawContacts table !!!
I/PackageManager( 1615):  setEnabledSetting(), pkgName=com.google.android.apps.plus, clsName=com.google.android.picasasync.PicasaContentProvider, state=0, flag=1, pid=1923, uid=10113
I/PackageManager( 1615):  setEnabledSetting(), pkgName=com.google.android.apps.plus, clsName=com.google.android.picasasync.PicasaSyncService, state=0, flag=1, pid=1923, uid=10113
I/PackageManager( 1615):  setEnabledSetting(), pkgName=com.google.android.apps.plus, clsName=com.google.android.picasasync.ConnectivityReceiver, state=1, flag=1, pid=1923, uid=10113
D/SyncContactsCalendar(  939): getContactDisplayName() - Can not find contact display name in RawContacts table !!!
I/PackageManager( 1615):  setEnabledSetting(), pkgName=com.google.android.apps.plus, clsName=com.google.android.picasasync.BatteryReceiver, state=1, flag=1, pid=1923, uid=10113
D/SyncContactsCalendar(  939): getContactDisplayName() - Can not find contact display name in RawContacts table !!!
V/PicasaContentProvider( 1923): querySettings: defaults: {sync_on_wifi_only=1, auto_upload_account_type=null, sync_on_battery=1, sync_picasa_on_wifi_only=1, auto_upload_enabled=0, video_upload_wifi_only=1, sync_on_roaming=0, auto_upload_account_name=null}
I/PackageManager( 1615):  setEnabledSetting(), pkgName=com.google.android.apps.plus, clsName=com.google.android.picasasync.ConnectivityReceiver, state=1, flag=1, pid=1923, uid=10113
I/PackageManager( 1615):  setEnabledSetting(), pkgName=com.google.android.apps.plus, clsName=com.google.android.picasasync.BatteryReceiver, state=1, flag=1, pid=1923, uid=10113
D/SyncContactsCalendar(  939): getContactDisplayName() - Can not find contact display name in RawContacts table !!!
D/SyncContactsCalendar(  939): getContactDisplayName() - Can not find contact display name in RawContacts table !!!
D/SyncContactsCalendar(  939): getContactDisplayName() - Can not find contact display name in RawContacts table !!!
I/ActivityManager( 1615): Start proc android.process.media for service com.android.providers.media/.MediaScannerService: pid=1942 uid=10023 gids={1015, 1023, 1024, 5001, 5002, 2001, 3003, 3007}
I/ActivityThread( 1942): Pub downloads: com.android.providers.downloads.DownloadProvider
D/UploadsManager( 1923): load newPhotoTracker: null
D/UploadsManager( 1923): load all accounts: null
D/UploadsManager( 1923): load all account-album pairs: null
V/PicasaContentProvider( 1923): querySettings: defaults: {sync_on_wifi_only=1, auto_upload_account_type=null, sync_on_battery=1, sync_picasa_on_wifi_only=1, auto_upload_enabled=0, video_upload_wifi_only=1, sync_on_roaming=0, auto_upload_account_name=null}
D/UploadsManager( 1923):    settings not changed
D/PicasaSync( 1923): sync account database
D/SqliteDatabaseCpp( 1923): Registering sqlite logging func: /data/data/com.google.android.apps.plus/databases/picasa.db
I/ActivityManager( 1615): Start proc com.android.settings for broadcast com.android.settings/.framework.activity.HtcEntryChangeReceiver: pid=1956 uid=1000 gids={1015, 3002, 3001, 3003, 5001, 5004, 5003, 3007, 3006, 2001, 1007}
I/ActivityThread( 1942): Pub drm: com.android.providers.drm.DrmProvider
I/DownloadManager( 1942): in removeSpuriousFiles
D/SqliteDatabaseCpp( 1942): Registering sqlite logging func: /data/data/com.android.providers.downloads/databases/downloads.db
D/SqliteDatabaseCpp( 1942): DB info: open db, path = /data/data/com.android.providers.downloads/databases , key = dksjlkYdw, flag = 6, file size = 20480
D/SqliteDatabaseCpp( 1923): DB info: open db, path = /data/data/com.google.android.apps.plus/databases , key = hagYwY, flag = 6, file size = 1024
I/ActivityThread( 1942): Pub media: com.android.providers.media.MediaProvider
D/SqliteDatabaseCpp( 1942): DB info: path = /data/data/com.android.providers.downloads/databases , key = dksjlkYdw, handle: 0x155ba40, type: w, r/w: (0,1), mode: wal, disk free size: 366 M
D/SqliteDatabaseCpp( 1923): DB info: path = /data/data/com.google.android.apps.plus/databases , key = hagYwY, handle: 0x155bd60, type: w, r/w: (0,1), mode: wal, disk free size: 366 M
I/DownloadManager( 1942): in removeSpuriousFiles, preserving file /mnt/sdcard/Download/sexyface_1uscrtxvbwdydpgk.apk
I/DownloadManager( 1942): in removeSpuriousFiles, preserving file /mnt/sdcard/Download/iv_tst+eng.pdf
I/DownloadManager( 1942): in removeSpuriousFiles, preserving file /mnt/sdcard/Download/IV_TST_Optiuni_2014.pdf
I/DownloadManager( 1942): in removeSpuriousFiles, preserving file /mnt/sdcard/Download/IV_TST_Optiuni_2014-1.pdf
I/DownloadManager( 1942): in removeSpuriousFiles, preserving file /mnt/sdcard/Download/l.html
I/DownloadManager( 1942): in removeSpuriousFiles, preserving file /mnt/sdcard/Download/10815909_10152472592225222_1975018288_n.jpg
I/DownloadManager( 1942): in removeSpuriousFiles, preserving file /mnt/sdcard/Download/10881699_750025841733789_5879195499125156347_n.jpg
I/DownloadManager( 1942): in removeSpuriousFiles, preserving file /mnt/sdcard/Download/Portfolio.pdf
I/DownloadManager( 1942): in removeSpuriousFiles, preserving file /mnt/sdcard/Download/fmessenger.apk
I/DownloadManager( 1942): in removeSpuriousFiles, preserving file /mnt/sdcard/Download/7d8da7d89100662d556a3169cf74f3a6.11.jpg
I/DownloadManager( 1942): in removeSpuriousFiles, preserving file /mnt/sdcard/Download/Situatie_admitere_2014.pdf
I/ActivityManager( 1615): Process com.htc.calendar (pid 1733) has died.
D/SqliteDatabaseCpp( 1942): DB info: open db, path = /data/data/com.android.providers.media/databases , key = eptevjYl, flag = 6, file size = 16608256
D/MediaProvider( 1942): [MediaProvider][onCreate]-
D/MediaScannerService( 1942): Failed to delete file /data/data/com.android.providers.media/pause_scan
I/ActivityThread( 1956): Pub com.htc.usage.usagecarousel: com.htc.usage.UsageCarousel
I/ActivityManager( 1615): Process com.htc.launcher.widgetscanner (pid 1783) has died.
D/PicasaSync( 1923): accounts in DB=2
V/PicasaContentProvider( 1923): querySettings: defaults: {sync_on_wifi_only=1, auto_upload_account_type=null, sync_on_battery=1, sync_picasa_on_wifi_only=1, auto_upload_enabled=0, video_upload_wifi_only=1, sync_on_roaming=0, auto_upload_account_name=null}
D/UploadsManager( 1923): fsid not changed
D/PicasaSyncManager( 1923): active network: null
D/PicasaSyncManager( 1923): background data: true
D/UploadsManager( 1923): FsId changed! -1
D/SqliteDatabaseCpp( 1942): DB info: path = /data/data/com.android.providers.media/databases , key = eptevjYl, handle: 0x1582808, type: w, r/w: (0,1), mode: truncate, disk free size: 366 M
D/UploadsManager( 1923): fsid not changed
I/ActivityThread( 1956): Pub com.android.settings.provider.suggestion: com.android.settings.framework.search.SuggestionProvider
I/ActivityThread( 1956): Pub framework.activity.powersaver: com.android.settings.framework.activity.powersaver.SmartSyncProvider
I/ActivityThread( 1956): Pub wispr: com.android.settings.wifi.WISPrProvider
I/ActivityManager( 1615): Process com.htc.task (pid 1719) has died.
I/ActivityThread( 1956): Pub com.android.settings.provider.cdmasettings: com.android.settings.HtcCdmaSettingsProvider
D/SqliteDatabaseCpp( 1923): DB info: open db, path = /data/data/com.google.android.apps.plus/databases , key = hagYwY*uhlkYd, flag = 6, file size = 11264
D/HtcCdmaSettingsProvider( 1956): onCreate !
I/ActivityManager( 1615): Start proc com.google.android.talk for broadcast com.google.android.talk/com.google.android.apps.hangouts.phone.PackageReplacedReceiver: pid=1977 uid=10135 gids={3003, 1015, 1006, 3002}
D/SqliteDatabaseCpp( 1923): DB info: path = /data/data/com.google.android.apps.plus/databases , key = hagYwY*uhlkYd, handle: 0x1572d78, type: w, r/w: (0,1), mode: truncate, disk free size: 366 M
D/SQLiteDatabase( 1942): Create pool connection
D/SqliteDatabaseCpp( 1942): DB info: open db, path = /data/data/com.android.providers.media/databases , key = eptevjYl, flag = 1, file size = 16608256
I/ActivityManager( 1615): Process com.google.android.partnersetup (pid 1841) has died.
I/SqliteDatabaseCpp( 1942): sqlite returned: error code = 3850, msg = statement aborts at 1: [PRAGMA journal_mode=TRUNCATE;] 
I/dalvikvm( 1977): Could not find method android.app.ActivityManager.isLowRamDevice, referenced from method com.google.android.apps.hangouts.phone.EsApplication.onCreate
W/dalvikvm( 1977): VFY: unable to resolve virtual method 2710: Landroid/app/ActivityManager;.isLowRamDevice ()Z
D/dalvikvm( 1977): VFY: replacing opcode 0x6e at 0x013e
D/SqliteDatabaseCpp( 1942): DB info: path = /data/data/com.android.providers.media/databases , key = eptevjYl, handle: 0x15bc688, type: r, r/w: (1,1), mode: wal, disk free size: 366 M
D/PicasaSyncManager( 1923): battery info: true
I/ActivityThread( 1977): Pub com.google.android.apps.hangouts.content.EsProvider: com.google.android.apps.hangouts.content.EsProvider
D/dalvikvm( 1977): Trying to load lib /data/data/com.google.android.talk/lib/libcrashreporter.so 0x40da72b8
I/ActivityManager( 1615): Process com.htc.opensense (pid 1907) has died.
D/dalvikvm( 1977): Added shared lib /data/data/com.google.android.talk/lib/libcrashreporter.so 0x40da72b8
D/dalvikvm( 1977): DexOpt: couldn't find static field Landroid/os/Build;.SUPPORTED_ABIS
W/dalvikvm( 1977): VFY: unable to resolve static field 1516 (SUPPORTED_ABIS) in Landroid/os/Build;
D/dalvikvm( 1977): VFY: replacing opcode 0x62 at 0x0006
E/dalvikvm( 1977): Could not find class 'android.app.Notification$Action$Builder', referenced from method f.a
W/dalvikvm( 1977): VFY: unable to resolve new-instance 403 (Landroid/app/Notification$Action$Builder;) in Lf;
D/dalvikvm( 1977): VFY: replacing opcode 0x22 at 0x0000
E/dalvikvm( 1977): Could not find class 'android.app.RemoteInput$Builder', referenced from method f.a
W/dalvikvm( 1977): VFY: unable to resolve new-instance 415 (Landroid/app/RemoteInput$Builder;) in Lf;
D/dalvikvm( 1977): VFY: replacing opcode 0x22 at 0x003d
E/dalvikvm( 1977): Could not find class 'android.transition.Transition', referenced from method f.a
W/dalvikvm( 1977): VFY: unable to resolve check-cast 767 (Landroid/transition/Transition;) in Lf;
D/dalvikvm( 1977): VFY: replacing opcode 0x1f at 0x0002
E/dalvikvm( 1977): Could not find class 'android.app.Notification$Action$Builder', referenced from method f.a
W/dalvikvm( 1977): VFY: unable to resolve new-instance 403 (Landroid/app/Notification$Action$Builder;) in Lf;
D/dalvikvm( 1977): VFY: replacing opcode 0x22 at 0x0000
E/dalvikvm( 1977): Could not find class 'android.transition.Transition', referenced from method f.a
W/dalvikvm( 1977): VFY: unable to resolve check-cast 767 (Landroid/transition/Transition;) in Lf;
D/dalvikvm( 1977): VFY: replacing opcode 0x1f at 0x0000
E/dalvikvm( 1977): Could not find class 'android.transition.Transition', referenced from method f.a
W/dalvikvm( 1977): VFY: unable to resolve check-cast 767 (Landroid/transition/Transition;) in Lf;
D/dalvikvm( 1977): VFY: replacing opcode 0x1f at 0x0000
E/dalvikvm( 1977): Could not find class 'android.transition.Transition', referenced from method f.a
W/dalvikvm( 1977): VFY: unable to resolve check-cast 767 (Landroid/transition/Transition;) in Lf;
D/dalvikvm( 1977): VFY: replacing opcode 0x1f at 0x0005
E/dalvikvm( 1977): Could not find class 'android.transition.Transition', referenced from method f.a
W/dalvikvm( 1977): VFY: unable to resolve check-cast 767 (Landroid/transition/Transition;) in Lf;
D/dalvikvm( 1977): VFY: replacing opcode 0x1f at 0x0000
I/dalvikvm( 1977): Could not find method android.view.ViewGroup.isTransitionGroup, referenced from method f.a
W/dalvikvm( 1977): VFY: unable to resolve virtual method 5424: Landroid/view/ViewGroup;.isTransitionGroup ()Z
D/dalvikvm( 1977): VFY: replacing opcode 0x6e at 0x000c
I/dalvikvm( 1977): Could not find method android.view.View.getTransitionName, referenced from method f.a
W/dalvikvm( 1977): VFY: unable to resolve virtual method 5278: Landroid/view/View;.getTransitionName ()Ljava/lang/String;
D/dalvikvm( 1977): VFY: replacing opcode 0x6e at 0x0006
I/dalvikvm( 1977): Could not find method android.app.ActivityManager.isLowRamDevice, referenced from method f.a
W/dalvikvm( 1977): VFY: unable to resolve virtual method 2710: Landroid/app/ActivityManager;.isLowRamDevice ()Z
D/dalvikvm( 1977): VFY: replacing opcode 0x6e at 0x0006
W/dalvikvm( 1977): VFY: unable to find class referenced in signature ([Landroid/app/RemoteInput;)
E/dalvikvm( 1977): Could not find class 'android.app.RemoteInput[]', referenced from method f.a
W/dalvikvm( 1977): VFY: unable to resolve new-array 6293 ([Landroid/app/RemoteInput;) in Lf;
D/dalvikvm( 1977): VFY: replacing opcode 0x23 at 0x0005
E/dalvikvm( 1977): Could not find class 'android.transition.Transition', referenced from method f.b
W/dalvikvm( 1977): VFY: unable to resolve check-cast 767 (Landroid/transition/Transition;) in Lf;
D/dalvikvm( 1977): VFY: replacing opcode 0x1f at 0x0000
I/dalvikvm( 1977): Could not find method android.text.TextUtils.getLayoutDirectionFromLocale, referenced from method f.v
W/dalvikvm( 1977): VFY: unable to resolve static method 4937: Landroid/text/TextUtils;.getLayoutDirectionFromLocale (Ljava/util/Locale;)I
D/dalvikvm( 1977): VFY: replacing opcode 0x71 at 0x000c
D/dalvikvm( 1977): DexOpt: unable to opt direct call 0x0ade at 0x0e in Lf;.a
D/dalvikvm( 1977): DexOpt: unable to opt direct call 0x0b33 at 0x43 in Lf;.a
D/dalvikvm( 1977): DexOpt: unable to opt direct call 0x0ade at 0x0e in Lf;.a
W/dalvikvm( 1977): Unable to resolve superclass of Lav; (766)
W/dalvikvm( 1977): Link of class 'Lav;' failed
D/dalvikvm( 1977): DexOpt: unable to opt direct call 0x1cf9 at 0x08 in Lf;.a
W/dalvikvm( 1977): Unable to resolve superclass of Lax; (766)
W/dalvikvm( 1977): Link of class 'Lax;' failed
D/dalvikvm( 1977): DexOpt: unable to opt direct call 0x1dc4 at 0x2c in Lf;.a
D/dalvikvm( 1977): DexOpt: unable to opt direct call 0x0b33 at 0x13 in Lf;.a
D/dalvikvm( 1977): GC_CONCURRENT freed 730K, 18% free 3881K/4707K, paused 7ms+2ms
I/dalvikvm( 1977): Could not find method android.provider.Telephony$Sms.getDefaultSmsPackage, referenced from method btq.a
W/dalvikvm( 1977): VFY: unable to resolve static method 4017: Landroid/provider/Telephony$Sms;.getDefaultSmsPackage (Landroid/content/Context;)Ljava/lang/String;
D/dalvikvm( 1977): VFY: replacing opcode 0x71 at 0x005e
I/dalvikvm( 1977): Could not find method android.content.Context.getDrawable, referenced from method i.a
W/dalvikvm( 1977): VFY: unable to resolve virtual method 2962: Landroid/content/Context;.getDrawable (I)Landroid/graphics/drawable/Drawable;
D/dalvikvm( 1977): VFY: replacing opcode 0x6e at 0x0006
I/ActivityManager( 1615): Process com.htc.store (pid 1856) has died.
D/BatteryService( 1615): updateBatteryStats ======================================
I/dalvikvm( 1977): Could not find method android.telephony.TelephonyManager.getMmsUserAgent, referenced from method cek.b
W/dalvikvm( 1977): VFY: unable to resolve virtual method 4873: Landroid/telephony/TelephonyManager;.getMmsUserAgent ()Ljava/lang/String;
D/dalvikvm( 1977): VFY: replacing opcode 0x6e at 0x0021
I/Babel   ( 1977): MmsConfig: mnc/mcc: 226/1
I/Babel   ( 1977): MmsConfig.loadMmsSettings
I/Babel   ( 1977): MmsConfig.loadFromDatabase
D/SqliteDatabaseCpp( 1977): Registering sqlite logging func: /data/data/com.google.android.talk/databases/apn.db
D/SqliteDatabaseCpp( 1977): DB info: open db, path = /data/data/com.google.android.talk/databases , key = Yhj, flag = 6, file size = 278528
D/SqliteDatabaseCpp( 1977): DB info: path = /data/data/com.google.android.talk/databases , key = Yhj, handle: 0x15693d8, type: w, r/w: (0,1), mode: truncate, disk free size: 366 M
I/PackageManager( 1615):  setEnabledSetting(), pkgName=com.google.android.talk, clsName=com.google.android.apps.hangouts.phone.ShareIntentSmsOnlyActivity, state=2, flag=1, pid=1977, uid=10135
I/SqliteDatabaseCpp( 1977): sqlite returned: error code = 1, msg = no such table: mmsconfig
I/Babel   ( 1977): MmsConfig: no mmsconfig table android.database.sqlite.SQLiteException: no such table: mmsconfig: , while compiling: SELECT key, value, type FROM mmsconfig WHERE numeric=?
I/Babel   ( 1977): MmsConfig.loadFromResources
D/Socket_Alarm( 1977): registerHTCSocketMonitorCallBack
D/Socket_Alarm( 1977): set mSocketMonitor
D/Socket_Alarm( 1977): HTCSocketMonitorImpl::HTCSocketMonitorImpl
E/Babel   ( 1977): canonicalizeMccMnc: invalid mccmnc nullnull
I/Babel   ( 1977): MmsConfig.loadMmsSettings: mUserAgent=Hangouts/2.5.81636427, mUaProfUrl=https://ssl.gstatic.com/android/hangouts/hangouts_mms_ua_profile.xml
I/Babel_StickerModule( 1977): App launched.
I/Babel_StickerModule( 1977): Sticker update initiated. last:1436649892302
I/PackageManager( 1615):  setEnabledSetting(), pkgName=com.google.android.talk, clsName=com.google.android.apps.hangouts.sms.SmsReceiver, state=2, flag=1, pid=1977, uid=10135
I/PackageManager( 1615):  setEnabledSetting(), pkgName=com.google.android.talk, clsName=com.google.android.apps.hangouts.sms.MmsWapPushReceiver, state=2, flag=1, pid=1977, uid=10135
I/PackageManager( 1615):  setEnabledSetting(), pkgName=com.google.android.talk, clsName=com.google.android.apps.hangouts.sms.AbortSmsReceiver, state=2, flag=1, pid=1977, uid=10135
