W/PackageManager( 1615): Unknown permission com.htc.socialnetwork.permission.useprovider in package com.htc.album
W/PackageManager( 1615): Unknown permission android.permission.BACKUP_DATA in package com.htc.album
W/PackageManager( 1615): Unknown permission com.google.android.providers.gmail.permission.READ_GMAIL in package com.htc.album
W/PackageManager( 1615): Unknown permission com.westtek.jcp.PRINT in package com.htc.album
W/PackageManager( 1615): Unknown permission android.permission.INJECT_AUDIO_VOLUME_SETTINGS in package com.htc.album
W/PackageManager( 1615): Unknown permission com.htc.vmm.service.permission.VMMEngineService in package com.htc.album
W/PackageManager( 1615): Unknown permission com.htc.idlescreen.permission.WALLPAPER in package com.htc.album
W/PackageManager( 1615): Unknown permission com.htc.android.permission.LOCATION_PICKER in package com.htc.calendar
W/PackageManager( 1615): Unknown permission com.westtek.jcp.PRINT in package com.htc.calendar
W/PackageManager( 1615): Unknown permission android.permission.ACCESS_NOTES in package com.htc.calendar
W/PackageManager( 1615): Unknown permission com.htc.socialnetwork.permission.useprovider in package com.htc.providers.uploads
W/PackageManager( 1615): Unknown permission com.android.launcher.permission.READ_SETTINGS in package com.htc.Weather
W/PackageManager( 1615): Unknown permission com.htc.socialnetwork.permission.useprovider in package com.htc.socialnetwork.facebook
W/PackageManager( 1615): Unknown permission android.permission.BACKUP_DATA in package com.htc.socialnetwork.facebook
W/PackageManager( 1615): Not granting permission com.google.android.gm.permission.READ_GMAIL to package com.htc.socialnetwork.facebook (protectionLevel=2 flags=0x8be45)
W/PackageManager( 1615): Unknown permission android.permission.ACCESS_NETWORK_LOCATION in package com.htc.AutoMotive
W/PackageManager( 1615): Unknown permission htc.permission.htcspeak.launch_setting in package com.htc.AutoMotive
W/PackageManager( 1615): Not granting permission com.google.android.gm.permission.READ_GMAIL to package com.htc.socialnetwork.flickr (protectionLevel=2 flags=0x8be45)
W/PackageManager( 1615): Unknown permission com.htc.socialnetwork.permission.useprovider in package com.htc.socialnetwork.flickr
W/PackageManager( 1615): Unknown permission android.permission.MANAGE_DOCUMENTS in package com.google.android.youtube
W/PackageManager( 1615): Unknown permission android.permission.BACKUP_DATA in package com.htc.android.worldclock
W/PackageManager( 1615): Unknown permission htc.permission.dockmode.NEXT_ALARM in package com.htc.android.worldclock
W/PackageManager( 1615): Unknown permission android.permission.ACCESS_ASSISTED_GPS in package com.htc.task
W/PackageManager( 1615): Unknown permission android.permission.ACCESS_NETWORK_LOCATION in package com.htc.task
W/PackageManager( 1615): Unknown permission android.permission.ACCESS_LOCATION in package com.htc.task
W/PackageManager( 1615): Unknown permission android.permission.ACCESS_GPS in package com.htc.task
I/ActivityManager( 1615): Process com.android.settings (pid 31782) has died.
I/PackageManager( 1615):  setEnabledSetting(), pkgName=com.android.vending, clsName=com.android.vending.AssetBrowserActivity, state=1, flag=1, pid=31897, uid=10110
D/BackupManagerService( 1615): Received broadcast Intent { act=android.intent.action.PACKAGE_ADDED dat=package:com.pushapp flg=0x10000010 (has extras) }
V/BackupManagerService( 1615): addPackageParticipantsLocked: com.pushapp
D/MountService( 1615): An IMountServiceListener has died!
D/MountService( 1615): An IMountServiceListener has died!
I/ActivityManager( 1615): Process android.process.media (pid 31771) has died.
I/ActivityManager( 1615): Process com.facebook.katana:dash (pid 31838) has died.
D/PhoneStatusBarPolicy( 1687): silentresetvalue = 0, mTimerEnabled = false
D/PhoneStatusBarPolicy( 1687): updateSignalStrength(), in service, remove timer
D/PhoneStatusBarPolicy( 1687): isCdma():false hasService:true mSimState=UNKNOWN gprsState=0 mDataState=-1 dataActivity=0 mPhone.htcModemLinkOn:false hspa==true
D/PhoneStatusBarPolicy( 1687): updateDataIcon(), silentresetvalue = 0, mTimerEnabled = false
D/PhoneStatusBarPolicy( 1687): updateDataIcon(), in data service, do nothing
W/CpuWake ( 1615): >>acquireCpuPerfWakeLock!
W/CpuWake ( 1615): <<acquireCpuPerfWakeLock!
I/ActivityManager( 1615): START intent from pid 1741
I/ActivityManager( 1615): Process com.android.defcontainer (pid 31872) has died.
I/ActivityManager( 1615): Start proc com.android.packageinstaller for activity com.android.packageinstaller/.UninstallerActivity: pid=31934 uid=10115 gids={}
I/ActivityManager( 1615): Process android.process.acore (pid 30891) has died.
D/CountryDetectorService( 1615): No listener is left
D/ConnectivityService( 1615): onUidRulesChanged(uid=10115, uidRules=0)
I/PackageManager( 1615):  setEnabledSetting(), pkgName=com.android.vending, clsName=com.google.android.finsky.activities.DebugActivity, state=2, flag=1, pid=31897, uid=10110
I/InputManagerService( 1615): [unbindCurrentClientLocked] Disable input method client.
I/InputManagerService( 1615): [startInputLocked] Enable input method client.
W/InputManagerService( 1615): Starting input on non-focused client com.android.internal.view.IInputMethodClient$Stub$Proxy@4110e458 (uid=9999 pid=1741)
D/ConnectivityService( 1615): onUidRulesChanged(uid=9999, uidRules=0)
I/ActivityManager( 1615): Start proc android.process.media for content provider com.android.providers.downloads/.DownloadProvider: pid=31948 uid=10023 gids={1015, 1023, 1024, 5001, 5002, 2001, 3003, 3007}
D/Socket_Alarm(31897): registerHTCSocketMonitorCallBack
D/Socket_Alarm(31897): set mSocketMonitor
D/Socket_Alarm(31897): HTCSocketMonitorImpl::HTCSocketMonitorImpl
I/PackageManager( 1615):  setEnabledSetting(), pkgName=com.google.android.talk, clsName=com.google.android.apps.hangouts.realtimechat.RequestWriter$NetworkStateReceiver, state=1, flag=1, pid=31813, uid=10135
W/CpuWake ( 1615): >>releaseCpuPerfWakeLock
W/CpuWake ( 1615): <<releaseCpuPerfWakeLock
W/CpuWake ( 1615): >>acquireCpuPerfWakeLock!
W/CpuWake ( 1615): <<acquireCpuPerfWakeLock!
I/ActivityManager( 1615): START intent from pid 31934
I/ActivityManager( 1615): Force stopping package com.quizup.core uid=10177
I/ActivityManager( 1615): Start proc com.mapswithme.maps.pro for broadcast com.mapswithme.maps.pro/ru.mail.mrgservice.MRGSPackageRemoveReceiver: pid=31977 uid=10179 gids={1015, 3003}
I/PackageManager( 1615): Removing old permission: com.quizup.core.permission.C2D_MESSAGE from package com.quizup.core
W/PackageManager( 1615): Unknown permission android.permission.READ_SETTINGS in package com.htc.taskmanager
W/PackageManager( 1615): Unknown permission android.permission.READ_SECURE_SETTINGS in package com.htc.taskmanager
W/PackageManager( 1615): Unknown permission android.permission.READ_CONTACT in package com.htc.FriendStreamWidget
W/PackageManager( 1615): Unknown permission android.permission.ADD_SYSTEM_SERVICE in package com.android.phone
W/PackageManager( 1615): Unknown permission com.tmobile.driving.permission.READ_DRIVING_MODE_SETTINGS in package com.android.phone
W/PackageManager( 1615): Unknown permission com.htc.permission.ACCESS_NOTES in package com.android.phone
W/PackageManager( 1615): Unknown permission com.htc.htctwitter.permission.useprovider in package com.android.phone
W/PackageManager( 1615): Unknown permission com.tmobile.vvm.application.permission.ACCESS_PROVIDER in package com.android.phone
W/PackageManager( 1615): Unknown permission com.htc.permission.SOCIAL_NETWORK in package com.android.phone
W/PackageManager( 1615): Unknown permission com.htc.socialnetwork.permission.useprovider in package com.android.phone
W/PackageManager( 1615): Unknown permission com.android.smspush.WAPPUSH_MANAGER_BIND in package com.android.phone
W/PackageManager( 1615): Unknown permission com.htc.fmservice.permission.FMRadioService in package com.htc.fm
W/PackageManager( 1615): Not granting permission android.permission.DEVICE_POWER to package com.htc.syncagent (protectionLevel=2 flags=0x83e45)
I/ActivityManager( 1615): Process com.google.android.talk (pid 31813) has died.
W/PackageManager( 1615): Unknown permission com.htc.permission.ACCESS_NOTES in package com.android.providers.calendar
W/PackageManager( 1615): Unknown permission android.permission.QUERY_DRM in package com.htc.android.mail
W/PackageManager( 1615): Unknown permission com.google.android.providers.gmail.permission.READ_GMAIL in package com.htc.android.mail
W/PackageManager( 1615): Not granting permission com.google.android.gm.permission.READ_GMAIL to package com.htc.android.mail (protectionLevel=2 flags=0x8be45)
W/PackageManager( 1615): Unknown permission android.permission.BACKUP_DATA in package com.htc.android.mail
W/PackageManager( 1615): Unknown permission android.permission.RECEIVE_EMAIL_NOTIFICATION in package com.htc.android.mail
W/PackageManager( 1615): Unknown permission com.westtek.jcp.PRINT in package com.htc.android.mail
W/PackageManager( 1615): Unknown permission com.westtek.jcp.PRINT in package com.android.browser
W/PackageManager( 1615): Unknown permission com.htc.android.permission.LOCATION_PICKER in package com.android.browser
W/PackageManager( 1615): Unknown permission android.permission.ACCESS_NETWORK_LOCATION in package com.htc.htclocationservice
W/PackageManager( 1615): Unknown permission android.permission.ACCESS_LOCATION in package com.htc.htclocationservice
W/PackageManager( 1615): Unknown permission android.permission.ACCESS_GPS in package com.htc.htclocationservice
W/PackageManager( 1615): Unknown permission android.permission.ACCESS_ASSISTED_GPS in package com.htc.htclocationservice
W/PackageManager( 1615): Unknown permission android.permission.RAISED_THREAD_PRIORITY in package com.android.mms
W/PackageManager( 1615): Unknown permission android.permission.FULLSCREEN in package com.android.mms
W/PackageManager( 1615): Unknown permission android.permission.BACKUP_DATA in package com.android.mms
W/PackageManager( 1615): Unknown permission com.google.android.providers.gmail.permission.READ_GMAIL in package com.android.mms
W/PackageManager( 1615): Unknown permission javax.microedition.gba.USE_GBA_SERVICE in package com.android.mms
W/PackageManager( 1615): Unknown permission android.permission.ACCESS_GPS in package com.android.mms
W/PackageManager( 1615): Unknown permission android.permission.ACCESS_LOCATION in package com.android.mms
W/PackageManager( 1615): Unknown permission android.permission.ACCESS_ASSISTED_GPS in package com.android.mms
W/PackageManager( 1615): Unknown permission android.permission.ACCESS_CELL_ID in package com.android.mms
W/PackageManager( 1615): Unknown permission com.htc.android.phoneremote.permission.BROADCAST in package com.android.mms
W/PackageManager( 1615): Unknown permission com.htc.android.permission.LOCATION_PICKER in package com.android.mms
W/PackageManager( 1615): Unknown permission android.permission.READ_OWNER_DATA in package com.google.android.setupwizard
W/PackageManager( 1615): Unknown permission android.permission.WRITE_OWNER_DATA in package com.google.android.setupwizard
W/PackageManager( 1615): Unknown permission com.android.providers.im.permission.READ_ONLY in package com.android.htccontacts
W/PackageManager( 1615): Unknown permission com.android.providers.im.permission.WRITE_ONLY in package com.android.htccontacts
W/PackageManager( 1615): Unknown permission android.permission.ACCESS_LOCATION in package com.android.htccontacts
W/PackageManager( 1615): Unknown permission android.permission.ACCESS_NETWORK_LOCATION in package com.android.htccontacts
W/PackageManager( 1615): Unknown permission com.htc.socialnetwork.permission.useprovider in package com.android.htccontacts
W/PackageManager( 1615): Unknown permission com.htc.htctwitter.permission.useprovider in package com.android.htccontacts
W/PackageManager( 1615): Unknown permission com.htc.permission.SOCIAL_NETWORK in package com.android.htccontacts
W/PackageManager( 1615): Unknown permission com.westtek.jcp.PRINT in package com.android.htccontacts
W/PackageManager( 1615): Unknown permission com.htc.rcschat.permission.CHAT_DATA_PROVIDER in package com.android.htccontacts
W/PackageManager( 1615): Unknown permission com.htc.rcschat.permission.SHOW_SHARED_FILES in package com.android.htccontacts
W/PackageManager( 1615): Unknown permission com.htc.rcschat.permission.BIND_SERVICE in package com.android.htccontacts
W/PackageManager( 1615): Unknown permission com.htc.rcschat.permission.CHAT in package com.android.htccontacts
W/PackageManager( 1615): Unknown permission htc.friendstream.renrenwebplugin.permission.SYSTEM_USE in package com.android.htccontacts
W/PackageManager( 1615): Unknown permission htc.friendstream.sinaweiboplugin.permission.SYSTEM_USE in package com.android.htccontacts
W/PackageManager( 1615): Unknown permission com.fusionone.android.sync.permission.READ_WRITE_PROVIDERS in package com.android.htccontacts
W/PackageManager( 1615): Unknown permission com.htc.rcschat.permission.NEW_CHAT in package com.android.htccontacts
W/PackageManager( 1615): Unknown permission com.orangelabs.rcs.permission.RCS in package com.android.htccontacts
W/PackageManager( 1615): Unknown permission com.orangelabs.rcs.common in package com.android.htccontacts
W/PackageManager( 1615): Unknown permission com.android.providers.syncml.permission.READ_SYNCML_PROFILE in package com.android.htccontacts
W/PackageManager( 1615): Unknown permission android.permission.ACCESS_DOWNLOAD_DATA in package com.android.updater
W/PackageManager( 1615): Unknown permission android.permission.FOTA_UPDATE in package com.android.updater
W/PackageManager( 1615): Unknown permission com.android.launcher.permission.READ_SETTINGS in package com.android.settings
W/PackageManager( 1615): Unknown permission com.android.launcher.permission.WRITE_SETTINGS in package com.android.settings
W/PackageManager( 1615): Unknown permission com.dropbox.android.provider.DROPBOX_SDK_READ in package com.android.settings
W/PackageManager( 1615): Unknown permission com.htc.closeconnect.PRIVATE_ACCESS in package com.android.settings
W/PackageManager( 1615): Unknown permission com.htc.permission.useHtcSoundProfileServices in package com.android.settings
W/PackageManager( 1615): Unknown permission com.htc.permission.useHtcSoundProfileProvider in package com.android.settings
W/PackageManager( 1615): Unknown permission android.permission.ACCESS_ASSISTED_GPS in package com.htc.android.locationpicker
W/PackageManager( 1615): Unknown permission android.permission.ACCESS_NETWORK_LOCATION in package com.htc.android.locationpicker
W/PackageManager( 1615): Unknown permission android.permission.ACCESS_LOCATION in package com.htc.android.locationpicker
W/PackageManager( 1615): Unknown permission android.permission.ACCESS_GPS in package com.htc.android.locationpicker
W/PackageManager( 1615): Unknown permission com.htc.laputa.permission.FOOTPRINTPICKER in package com.htc.android.locationpicker
W/PackageManager( 1615): Unknown permission com.facebook.orca.provider.ACCESS in package com.facebook.katana
W/PackageManager( 1615): Unknown permission com.facebook.pages.app.provider.ACCESS in package com.facebook.katana
W/PackageManager( 1615): Unknown permission android.permission.READ_EXTERNAL_STORAGE in package com.facebook.katana
W/PackageManager( 1615): Unknown permission com.sec.android.provider.badge.permission.READ in package com.facebook.katana
W/PackageManager( 1615): Unknown permission com.sec.android.provider.badge.permission.WRITE in package com.facebook.katana
W/PackageManager( 1615): Unknown permission com.sonyericsson.home.permission.BROADCAST_BADGE in package com.facebook.katana
W/PackageManager( 1615): Unknown permission com.facebook.home.permission.WRITE_BADGES in package com.facebook.katana
W/PackageManager( 1615): Unknown permission com.nokia.pushnotifications.permission.RECEIVE in package com.facebook.katana
W/PackageManager( 1615): Unknown permission com.amazon.device.messaging.permission.RECEIVE in package com.facebook.katana
W/PackageManager( 1615): Unknown permission android.permission.READ_EXTERNAL_STORAGE in package personal.andreabasso.clearfocus
W/PackageManager( 1615): Unknown permission com.intsig.camscanner.Account in package com.intsig.camscanner
W/PackageManager( 1615): Unknown permission com.sonymobile.permission.CAMERA_ADDON in package com.intsig.camscanner
W/PackageManager( 1615): Unknown permission com.htc.permission.WRITE_ULOG in package com.htc.music
W/PackageManager( 1615): Unknown permission com.htc.permission.MEDIA_ACCOUNT in package com.htc.music
W/PackageManager( 1615): Unknown permission com.htc.musicfolderpicker.permission.PICK_FOLDER in package com.htc.music
W/PackageManager( 1615): Unknown permission com.htc.vmm.service.permission.VMMEngineService in package com.htc.music
W/PackageManager( 1615): Unknown permission com.htc.bpmrss.permission.GET_LIST in package com.htc.music
W/PackageManager( 1615): Unknown permission android.permission.ADD_SYSTEM_SERVICE in package com.android.providers.telephony
W/PackageManager( 1615): Unknown permission com.tmobile.driving.permission.READ_DRIVING_MODE_SETTINGS in package com.android.providers.telephony
W/PackageManager( 1615): Unknown permission com.htc.permission.ACCESS_NOTES in package com.android.providers.telephony
W/PackageManager( 1615): Unknown permission com.htc.htctwitter.permission.useprovider in package com.android.providers.telephony
W/PackageManager( 1615): Unknown permission com.tmobile.vvm.application.permission.ACCESS_PROVIDER in package com.android.providers.telephony
W/PackageManager( 1615): Unknown permission com.htc.permission.SOCIAL_NETWORK in package com.android.providers.telephony
W/PackageManager( 1615): Unknown permission android.permission.BACKUP_DATA in package com.htc.socialnetwork.plurk
W/PackageManager( 1615): Unknown permission com.htc.socialnetwork.permission.useprovider in package com.htc.socialnetwork.plurk
W/PackageManager( 1615): Unknown permission com.android.providers.im.permission.READ_ONLY in package com.google.android.apps.maps
W/PackageManager( 1615): Unknown permission android.permission.BACKUP_DATA in package com.htc.android.htcime
W/PackageManager( 1615): Unknown permission com.htc.permission.WRITE_ULOG in package com.htc.android.htcime
W/PackageManager( 1615): Unknown permission com.android.providers.htccdma.Specific in package com.htc.android.htcsetupwizard
W/PackageManager( 1615): Unknown permission com.htc.VzWBackupAssistantClient.PROVISION in package com.htc.android.htcsetupwizard
W/PackageManager( 1615): Unknown permission com.orange.pushmail.Z7.permission.ACCESS_PROVIDER in package com.htc.android.htcsetupwizard
W/PackageManager( 1615): Unknown permission com.htc.vmm.service.permission.VMMForOOBEService in package com.htc.android.htcsetupwizard
W/PackageManager( 1615): Unknown permission com.carrieriq.tmobile.permission.IPC in package com.htc.android.htcsetupwizard
W/PackageManager( 1615): Unknown permission com.android.launcher.permission.READ_SETTINGS in package com.google.android.onetimeinitializer
W/PackageManager( 1615): Unknown permission com.android.launcher.permission.WRITE_SETTINGS in package com.google.android.onetimeinitializer
W/PackageManager( 1615): Unknown permission android.permission.READ_EXTERNAL_STORAGE in package com.malcolmsoft.powergrasp
W/PackageManager( 1615): Unknown permission android.permission.ACCESS_SUPERUSER in package com.malcolmsoft.powergrasp
W/PackageManager( 1615): Unknown permission com.google.android.apps.googlevoice.permission.AUTO_SEND in package com.google.android.voicesearch
W/PackageManager( 1615): Unknown permission com.android.launcher.permission.READ_SETTINGS in package com.htc.WeatherWidget
W/PackageManager( 1615): Not granting permission android.permission.CLEAR_APP_USER_DATA to package com.htc.htcsettingwidgets (protectionLevel=2 flags=0x8be45)
W/PackageManager( 1615): Unknown permission android.permission.ACCESS_LOCATION in package com.htc.htcsettingwidgets
W/PackageManager( 1615): Unknown permission android.permission.ACCESS_ASSISTED_GPS in package com.htc.htcsettingwidgets
W/PackageManager( 1615): Unknown permission android.permission.ACCESS_NETWORK_LOCATION in package com.htc.htcsettingwidgets
W/PackageManager( 1615): Unknown permission android.permission.ACCESS_GPS in package com.htc.htcsettingwidgets
W/PackageManager( 1615): Unknown permission android.permission.WRITE_OWNER_DATA in package com.infraware.docmaster
W/PackageManager( 1615): Unknown permission android.permission.READ_OWNER_DATA in package com.infraware.docmaster
W/PackageManager( 1615): Unknown permission com.google.android.providers.gmail.permission.READ_GMAIL in package com.infraware.docmaster
W/PackageManager( 1615): Not granting permission com.google.android.gm.permission.READ_GMAIL to package com.infraware.docmaster (protectionLevel=2 flags=0x8be45)
W/PackageManager( 1615): Unknown permission com.google.android.gm.permission.READ_ATTACHMENT_PREVIEW in package com.infraware.docmaster
W/PackageManager( 1615): Unknown permission com.htc.socialnetwork.permission.useprovider in package com.infraware.docmaster
W/PackageManager( 1615): Unknown permission com.htc.providers.uploads.UploadProvider in package com.infraware.docmaster
W/PackageManager( 1615): Unknown permission com.westtek.jcp.PRINT in package com.infraware.docmaster
W/PackageManager( 1615): Unknown permission com.android.providers.htccdma.Specific in package com.android.htcdialer
W/PackageManager( 1615): Unknown permission com.htc.socialnetwork.permission.useprovider in package com.android.providers.contacts
W/PackageManager( 1615): Unknown permission com.htc.htctwitter.permission.useprovider in package com.android.providers.contacts
W/PackageManager( 1615): Unknown permission com.htc.idlescreen.people.permission.SERVICE in package com.htc.home.personalize
W/PackageManager( 1615): Unknown permission com.htc.idlescreen.people.permission.PREVIEW_SERVICE in package com.htc.home.personalize
W/PackageManager( 1615): Unknown permission com.htc.idlescreen.people.permission.SETTINGS in package com.htc.home.personalize
W/PackageManager( 1615): Unknown permission com.htc.idlescreen.permission.SET_IDLESCREEN in package com.htc.home.personalize
W/PackageManager( 1615): Not granting permission com.google.android.gm.permission.READ_GMAIL to package com.google.android.apps.uploader (protectionLevel=2 flags=0x8be45)
W/PackageManager( 1615): Unknown permission com.htc.htctwitter.permission.useprovider in package com.htc.friendstream
W/PackageManager( 1615): Unknown permission android.permission.REAL_GET_TASKS in package com.android.vending
W/PackageManager( 1615): Unknown permission android.permission.READ_EXTERNAL_STORAGE in package com.android.vending
W/PackageManager( 1615): Not granting permission android.permission.SEND_DOWNLOAD_COMPLETED_INTENTS to package com.android.vending (protectionLevel=2 flags=0xabec5)
W/PackageManager( 1615): Not granting permission android.permission.SEND_SMS_NO_CONFIRMATION to package com.android.vending (protectionLevel=3 flags=0xabec5)
W/PackageManager( 1615): Not granting permission android.permission.PACKAGE_VERIFICATION_AGENT to package com.android.vending (protectionLevel=3 flags=0xabec5)
W/PackageManager( 1615): Unknown permission android.permission.MANAGE_USERS in package com.android.vending
W/PackageManager( 1615): Unknown permission android.permission.INTERACT_ACROSS_USERS in package com.android.vending
W/PackageManager( 1615): Not granting permission android.permission.WRITE_SECURE_SETTINGS to package com.android.vending (protectionLevel=3 flags=0xabec5)
W/PackageManager( 1615): Not granting permission android.permission.FORCE_STOP_PACKAGES to package com.android.vending (protectionLevel=2 flags=0xabec5)
W/PackageManager( 1615): Unknown permission android.permission.ACCESS_ASSISTED_GPS in package com.htc.laputa
W/PackageManager( 1615): Unknown permission android.permission.ACCESS_NETWORK_LOCATION in package com.htc.laputa
W/PackageManager( 1615): Unknown permission android.permission.ACCESS_LOCATION in package com.htc.laputa
W/PackageManager( 1615): Unknown permission android.permission.ACCESS_GPS in package com.htc.laputa
W/PackageManager( 1615): Unknown permission android.permission.INJECT_AUDIO_VOLUME_SETTINGS in package com.android.camera
W/PackageManager( 1615): Unknown permission com.android.email.permission.ACCESS_PROVIDER in package com.broadcom.bt.app.system
W/PackageManager( 1615): Unknown permission com.htc.providers.uploads.UploadProvider in package com.htc.cloudstorage.skydrive
W/PackageManager( 1615): Unknown permission com.htc.socialnetwork.permission.useprovider in package com.htc.cloudstorage.skydrive
W/PackageManager( 1615): Unknown permission com.htc.idlescreen.permission.SET_IDLESCREEN in package com.htc.opensense.social
W/PackageManager( 1615): Unknown permission com.htc.permission.SOCIAL_NETWORK in package com.htc.video
W/PackageManager( 1615): Unknown permission android.permission.WRITE_OWNER_DATA in package com.htc.video
W/PackageManager( 1615): Unknown permission com.htc.socialnetwork.permission.useprovider in package com.htc.video
W/PackageManager( 1615): Unknown permission android.permission.BACKUP_DATA in package com.htc.video
W/PackageManager( 1615): Unknown permission com.google.android.providers.gmail.permission.READ_GMAIL in package com.htc.video
W/PackageManager( 1615): Unknown permission android.permission.INJECT_AUDIO_VOLUME_SETTINGS in package com.htc.video
W/PackageManager( 1615): Unknown permission com.android.vending.billing.IBillingAccountService.BIND2 in package com.google.android.gsf.login
W/PackageManager( 1615): Not granting permission android.permission.ACCESS_ALL_DOWNLOADS to package com.htc.photoenhancer (protectionLevel=2 flags=0x8be45)
W/PackageManager( 1615): Unknown permission android.permission.INTERACT_ACROSS_USERS in package com.google.android.gms
W/PackageManager( 1615): Unknown permission android.permission.RECOVERY in package com.google.android.gms
W/PackageManager( 1615): Unknown permission android.permission.READ_DREAM_STATE in package com.google.android.gms
W/PackageManager( 1615): Unknown permission android.permission.RECEIVE_DATA_ACTIVITY_CHANGE in package com.google.android.gms
W/PackageManager( 1615): Unknown permission android.permission.READ_EXTERNAL_STORAGE in package com.google.android.gms
W/PackageManager( 1615): Unknown permission android.permission.PROVIDE_TRUST_AGENT in package com.google.android.gms
W/PackageManager( 1615): Unknown permission com.google.android.apps.enterprise.dmagent.permission.AutoSyncPermission in package com.google.android.gms
W/PackageManager( 1615): Unknown permission android.permission.LOCATION_HARDWARE in package com.google.android.gms
W/PackageManager( 1615): Unknown permission android.permission.GET_APP_OPS_STATS in package com.google.android.gms
W/PackageManager( 1615): Unknown permission android.permission.UPDATE_APP_OPS_STATS in package com.google.android.gms
W/PackageManager( 1615): Unknown permission android.permission.CAPTURE_AUDIO_HOTWORD in package com.google.android.gms
W/PackageManager( 1615): Unknown permission com.google.android.googlequicksearchbox.permission.PAUSE_HOTWORD in package com.google.android.gms
W/PackageManager( 1615): Unknown permission android.permission.MANAGE_VOICE_KEYPHRASES in package com.google.android.gms
W/PackageManager( 1615): Unknown permission android.permission.REAL_GET_TASKS in package com.google.android.gms
W/PackageManager( 1615): Unknown permission android.permission.READ_CALL_LOG in package com.google.android.gms
W/PackageManager( 1615): Unknown permission android.permission.ACCESS_NETWORK_CONDITIONS in package com.google.android.gms
W/PackageManager( 1615): Unknown permission android.permission.MANAGE_DEVICE_ADMINS in package com.google.android.gms
W/PackageManager( 1615): Unknown permission android.permission.READ_WIFI_CREDENTIAL in package com.google.android.gms
W/PackageManager( 1615): Not granting permission android.permission.MODIFY_PHONE_STATE to package com.google.android.gms (protectionLevel=3 flags=0x83e44)
W/PackageManager( 1615): Unknown permission android.permission.CONTROL_INCALL_EXPERIENCE in package com.google.android.gms
W/PackageManager( 1615): Not granting permission android.permission.MANAGE_USB to package com.google.android.gms (protectionLevel=3 flags=0x83e44)
W/PackageManager( 1615): Not granting permission android.permission.CALL_PRIVILEGED to package com.google.android.gms (protectionLevel=3 flags=0x83e44)
W/PackageManager( 1615): Unknown permission android.permission.BLUETOOTH_PRIVILEGED in package com.google.android.gms
W/PackageManager( 1615): Unknown permission android.permission.USER_ACTIVITY in package com.google.android.gms
W/PackageManager( 1615): Unknown permission android.permission.MODIFY_AUDIO_ROUTING in package com.google.android.gms
W/PackageManager( 1615): Unknown permission android.permission.CAPTURE_AUDIO_OUTPUT in package com.google.android.gms
W/PackageManager( 1615): Unknown permission android.permission.CAPTURE_VIDEO_OUTPUT in package com.google.android.gms
W/PackageManager( 1615): Unknown permission android.permission.CAPTURE_SECURE_VIDEO_OUTPUT in package com.google.android.gms
W/PackageManager( 1615): Not granting permission android.permission.READ_FRAME_BUFFER to package com.google.android.gms (protectionLevel=3 flags=0x83e44)
W/PackageManager( 1615): Unknown permission com.google.android.wearable.READ_SETTINGS in package com.google.android.gms
W/PackageManager( 1615): Not granting permission android.permission.MODIFY_NETWORK_ACCOUNTING to package com.google.android.gms (protectionLevel=3 flags=0x83e44)
W/PackageManager( 1615): Unknown permission android.permission.BODY_SENSORS in package com.google.android.gms
W/PackageManager( 1615): Unknown permission com.android.voicemail.permission.READ_VOICEMAIL in package com.google.android.gms
W/PackageManager( 1615): Not granting permission android.permission.FORCE_STOP_PACKAGES to package com.google.android.gms (protectionLevel=2 flags=0x83e44)
W/PackageManager( 1615): Unknown permission android.permission.MANAGE_DOCUMENTS in package com.google.android.gms
W/PackageManager( 1615): Unknown permission com.htc.htctwitter.permission.useprovider in package com.htc.widget.clockwidget
W/PackageManager( 1615): Unknown permission android.permission.BACKUP_DATA in package com.htc.CustomizationSetup
W/PackageManager( 1615): Unknown permission android.webkit.permission.PLUGIN in package com.adobe.flashplayer
W/PackageManager( 1615): Unknown permission com.htc.idlescreen.permission.SET_IDLESCREEN in package com.htc.aurora
W/PackageManager( 1615): Unknown permission com.android.email.permission.ACCESS_PROVIDER in package com.htc.aurora
W/PackageManager( 1615): Unknown permission android.permission.ACCESS_NETWORK_LOCATION in package com.htc.AutoMotive.Traffic
W/PackageManager( 1615): Unknown permission android.permission.ADD_SYSTEM_SERVICE in package com.htc.mysketcher
W/PackageManager( 1615): Unknown permission android.permission.STORAGE in package com.tinder
W/PackageManager( 1615): Unknown permission android.permission.READ_EXTERNAL_STORAGE in package com.tinder
W/PackageManager( 1615): Unknown permission com.htc.permission.POWER_CONTROL in package com.htc.launcher
W/PackageManager( 1615): Unknown permission android.permission.BACKUP_DATA in package com.htc.UpgradeSetup
W/PackageManager( 1615): Not granting permission android.permission.DEVICE_POWER to package com.htc.cs (protectionLevel=2 flags=0x8be05)
W/PackageManager( 1615): Unknown permission com.htc.msg.mfn.set in package com.htc.cs
W/PackageManager( 1615): Not granting permission android.permission.DEVICE_POWER to package com.htc.android.teeter (protectionLevel=2 flags=0x8be45)
W/PackageManager( 1615): Unknown permission com.htc.socialnetwork.permission.useprovider in package com.htc.FilePicker
W/PackageManager( 1615): Unknown permission android.permission.READ_EXTERNAL_STORAGE in package com.google.android.talk
W/PackageManager( 1615): Unknown permission android.permission.REGISTER_CONNECTION_MANAGER in package com.google.android.talk
W/PackageManager( 1615): Unknown permission android.permission.INSTALL_SHORTCUT in package com.whatsapp
W/PackageManager( 1615): Unknown permission android.permission.STORAGE in package com.whatsapp
W/PackageManager( 1615): Unknown permission com.sec.android.provider.badge.permission.READ in package com.whatsapp
W/PackageManager( 1615): Unknown permission com.sec.android.provider.badge.permission.WRITE in package com.whatsapp
W/PackageManager( 1615): Unknown permission android.permission.READ_EXTERNAL_STORAGE in package com.whatsapp
W/PackageManager( 1615): Unknown permission com.htc.home.personalize.permission.INSTALL_ONLINE_RESOURCE in package com.htc.store
W/PackageManager( 1615): Unknown permission com.htc.permission.SOCIAL_NETWORK in package com.htc.album
W/PackageManager( 1615): Unknown permission android.permission.WRITE_OWNER_DATA in package com.htc.album
W/PackageManager( 1615): Unknown permission com.htc.socialnetwork.permission.useprovider in package com.htc.album
W/PackageManager( 1615): Unknown permission android.permission.BACKUP_DATA in package com.htc.album
W/PackageManager( 1615): Unknown permission com.google.android.providers.gmail.permission.READ_GMAIL in package com.htc.album
W/PackageManager( 1615): Unknown permission com.westtek.jcp.PRINT in package com.htc.album
W/PackageManager( 1615): Unknown permission android.permission.INJECT_AUDIO_VOLUME_SETTINGS in package com.htc.album
W/PackageManager( 1615): Unknown permission com.htc.vmm.service.permission.VMMEngineService in package com.htc.album
W/PackageManager( 1615): Unknown permission com.htc.idlescreen.permission.WALLPAPER in package com.htc.album
W/PackageManager( 1615): Unknown permission com.htc.android.permission.LOCATION_PICKER in package com.htc.calendar
W/PackageManager( 1615): Unknown permission com.westtek.jcp.PRINT in package com.htc.calendar
W/PackageManager( 1615): Unknown permission android.permission.ACCESS_NOTES in package com.htc.calendar
W/PackageManager( 1615): Unknown permission com.htc.socialnetwork.permission.useprovider in package com.htc.providers.uploads
W/PackageManager( 1615): Unknown permission com.android.launcher.permission.READ_SETTINGS in package com.htc.Weather
W/PackageManager( 1615): Unknown permission com.htc.socialnetwork.permission.useprovider in package com.htc.socialnetwork.facebook
W/PackageManager( 1615): Unknown permission android.permission.BACKUP_DATA in package com.htc.socialnetwork.facebook
W/PackageManager( 1615): Not granting permission com.google.android.gm.permission.READ_GMAIL to package com.htc.socialnetwork.facebook (protectionLevel=2 flags=0x8be45)
W/PackageManager( 1615): Unknown permission android.permission.ACCESS_NETWORK_LOCATION in package com.htc.AutoMotive
W/PackageManager( 1615): Unknown permission htc.permission.htcspeak.launch_setting in package com.htc.AutoMotive
W/PackageManager( 1615): Not granting permission com.google.android.gm.permission.READ_GMAIL to package com.htc.socialnetwork.flickr (protectionLevel=2 flags=0x8be45)
W/PackageManager( 1615): Unknown permission com.htc.socialnetwork.permission.useprovider in package com.htc.socialnetwork.flickr
W/PackageManager( 1615): Unknown permission android.permission.MANAGE_DOCUMENTS in package com.google.android.youtube
W/PackageManager( 1615): Unknown permission android.permission.BACKUP_DATA in package com.htc.android.worldclock
W/PackageManager( 1615): Unknown permission htc.permission.dockmode.NEXT_ALARM in package com.htc.android.worldclock
W/PackageManager( 1615): Unknown permission android.permission.ACCESS_ASSISTED_GPS in package com.htc.task
W/PackageManager( 1615): Unknown permission android.permission.ACCESS_NETWORK_LOCATION in package com.htc.task
W/PackageManager( 1615): Unknown permission android.permission.ACCESS_LOCATION in package com.htc.task
W/PackageManager( 1615): Unknown permission android.permission.ACCESS_GPS in package com.htc.task
W/CpuWake ( 1615): >>releaseCpuPerfWakeLock
W/CpuWake ( 1615): <<releaseCpuPerfWakeLock
I/ActivityManager( 1615): Force stopping package com.quizup.core uid=10177
D/PhoneStatusBarPolicy( 1687): silentresetvalue = 0, mTimerEnabled = false
D/PhoneStatusBarPolicy( 1687): updateSignalStrength(), in service, remove timer
D/PhoneStatusBarPolicy( 1687): isCdma():false hasService:true mSimState=UNKNOWN gprsState=0 mDataState=-1 dataActivity=0 mPhone.htcModemLinkOn:false hspa==true
D/PhoneStatusBarPolicy( 1687): updateDataIcon(), silentresetvalue = 0, mTimerEnabled = false
D/PhoneStatusBarPolicy( 1687): updateDataIcon(), in data service, do nothing
I/PackageManager( 1615):  setEnabledSetting(), pkgName=com.google.android.gms, clsName=com.google.android.gms.people.pub.PeopleProfileActionGatewayActivity, state=2, flag=1, pid=31585, uid=10018
I/ActivityManager( 1615): Start proc com.google.android.googlequicksearchbox for broadcast com.google.android.googlequicksearchbox/.SourceUpdateReceiver: pid=32007 uid=10038 gids={3003}
D/BackupManagerService( 1615): Received broadcast Intent { act=android.intent.action.PACKAGE_REMOVED dat=package:com.quizup.core flg=0x10000010 (has extras) }
V/BackupManagerService( 1615): removePackageParticipantsLocked: com.quizup.core
I/ActivityManager( 1615): Start proc com.htc.task.gtask for broadcast com.htc.task.gtask/.accountservice.ScanFinishedReceiver: pid=32021 uid=10103 gids={3003}
I/ActivityManager( 1615): Start proc com.htc.task for broadcast com.htc.task/.TodoTaskReceiver: pid=32034 uid=10108 gids={3003, 1015}
I/ActivityManager( 1615): Start proc com.htc.calendar for broadcast com.htc.calendar/.app.widget.CalendarAppWidgetService$CalendarFactory: pid=32049 uid=10015 gids={3003, 1015, 1006, 5001, 2001}
I/ActivityManager( 1615): Process android.process.media (pid 31948) has died.
D/MountService( 1615): An IMountServiceListener has died!
D/ConnectivityService( 1615): onUidRulesChanged(uid=10177, uidRules=0)
D/MobileDataStateTracker( 1615): default: setPolicyDataEnable(enabled=true)
I/ActivityManager( 1615): Start proc com.htc.launcher.widgetscanner for broadcast com.htc.launcher/.widget.WidgetScannerTrigger: pid=32063 uid=9999 gids={3003, 3002, 3001}
W/ActivityManager( 1615): Disable JIT of com.htc.bgp
I/ActivityManager( 1615): Start proc com.htc.bgp for content provider com.android.providers.calendar/.HtcCalendarProvider: pid=32075 uid=10015 gids={3003, 1015, 1006, 5001, 2001}
I/ActivityManager( 1615): Start proc com.android.defcontainer for service com.android.defcontainer/.DefaultContainerService: pid=32086 uid=10021 gids={1015, 2001, 5001}
I/ActivityManager( 1615): Start proc android.process.acore for broadcast com.android.providers.contacts/.PackageIntentReceiver: pid=32101 uid=10019 gids={3003, 1015}
D/Socket_Alarm(32075): registerHTCSocketMonitorCallBack
D/Socket_Alarm(32075): set mSocketMonitor
D/Socket_Alarm(32075): HTCSocketMonitorImpl::HTCSocketMonitorImpl
D/Socket_Alarm(32049): registerHTCSocketMonitorCallBack
D/Socket_Alarm(32049): set mSocketMonitor
D/Socket_Alarm(32049): HTCSocketMonitorImpl::HTCSocketMonitorImpl
I/ActivityManager( 1615): Start proc com.google.android.apps.maps for broadcast com.google.android.apps.maps/com.google.android.location.internal.NlpPackageUpdateReceiver: pid=32126 uid=10032 gids={3003, 1015}
D/ConnectivityService( 1615): onUidRulesChanged(uid=9999, uidRules=0)
I/ActivityManager( 1615): Start proc com.google.android.partnersetup for broadcast com.google.android.partnersetup/.RlzPingBroadcastReceiver: pid=32142 uid=10037 gids={3003}
I/ActivityManager( 1615): Start proc com.htc.store for broadcast com.htc.store/.receiver.InstallReceiver: pid=32154 uid=10062 gids={2001, 3003, 1015}
I/ActivityManager( 1615): Start proc com.svox.pico for broadcast com.svox.pico/.VoiceDataInstallerReceiver: pid=32170 uid=10111 gids={1015}
I/ActivityManager( 1615): Start proc com.htc.opensense for broadcast com.htc.opensense/.pluginmanager.RegisterReceiver: pid=32182 uid=10015 gids={3003, 1015, 1006, 5001, 2001}
I/ActivityManager( 1615): No longer want com.android.vending (pid 31897): hidden #11, adj=15
I/ActivityManager( 1615): Start proc com.google.android.apps.plus for broadcast com.google.android.apps.plus/.service.PackagesMediaMonitor: pid=32196 uid=10113 gids={3003, 3002, 1015, 1006}
I/ActivityManager( 1615): No longer want com.mapswithme.maps.pro (pid 31977): hidden #11, adj=15
I/InputManagerService( 1615): [unbindCurrentClientLocked] Disable input method client.
I/InputManagerService( 1615): [startInputLocked] Enable input method client.
I/ActivityManager( 1615): No longer want com.google.android.googlequicksearchbox (pid 32007): hidden #11, adj=15
D/ConnectivityService( 1615): onUidRulesChanged(uid=10115, uidRules=0)
I/ActivityManager( 1615): No longer want com.htc.task.gtask (pid 32021): hidden #11, adj=15
I/PackageManager( 1615):  setEnabledSetting(), pkgName=com.google.android.apps.plus, clsName=com.google.android.picasasync.PicasaContentProvider, state=0, flag=1, pid=32196, uid=10113
I/PackageManager( 1615):  setEnabledSetting(), pkgName=com.google.android.apps.plus, clsName=com.google.android.picasasync.PicasaSyncService, state=0, flag=1, pid=32196, uid=10113
I/PackageManager( 1615):  setEnabledSetting(), pkgName=com.google.android.apps.plus, clsName=com.google.android.picasasync.ConnectivityReceiver, state=1, flag=1, pid=32196, uid=10113
I/PackageManager( 1615):  setEnabledSetting(), pkgName=com.google.android.apps.plus, clsName=com.google.android.picasasync.BatteryReceiver, state=1, flag=1, pid=32196, uid=10113
I/PackageManager( 1615):  setEnabledSetting(), pkgName=com.google.android.apps.plus, clsName=com.google.android.picasasync.ConnectivityReceiver, state=1, flag=1, pid=32196, uid=10113
I/PackageManager( 1615):  setEnabledSetting(), pkgName=com.google.android.apps.plus, clsName=com.google.android.picasasync.BatteryReceiver, state=1, flag=1, pid=32196, uid=10113
I/ActivityManager( 1615): Start proc com.android.settings for broadcast com.android.settings/.framework.activity.HtcEntryChangeReceiver: pid=32212 uid=1000 gids={1015, 3002, 3001, 3003, 5001, 5004, 5003, 3007, 3006, 2001, 1007}
I/ActivityManager( 1615): No longer want com.android.packageinstaller (pid 31934): hidden #11, adj=15
I/WindowManager( 1615): WIN DEATH: Window{41c22f30 com.android.packageinstaller/com.android.packageinstaller.UninstallAppProgress paused=false}
I/ActivityManager( 1615): Process com.google.android.apps.maps (pid 32126) has died.
I/ActivityManager( 1615): Process com.htc.launcher.widgetscanner (pid 32063) has died.
W/CpuWake ( 1615): >>acquireCpuPerfWakeLock!
W/CpuWake ( 1615): <<acquireCpuPerfWakeLock!
I/ActivityManager( 1615): START intent from pid 1741
I/ActivityManager( 1615): Process com.htc.calendar (pid 32049) has died.
I/ActivityManager( 1615): Start proc android.process.media for content provider com.android.providers.media/.MediaProvider: pid=32224 uid=10023 gids={1015, 1023, 1024, 5001, 5002, 2001, 3003, 3007}
I/ActivityManager( 1615): Start proc com.pushapp for activity com.pushapp/.MainActivity: pid=32234 uid=10173 gids={3003}
I/ActivityManager( 1615): Process com.htc.task (pid 32034) has died.
I/ActivityManager( 1615): Process com.google.android.partnersetup (pid 32142) has died.
I/ActivityManager( 1615): Process com.htc.opensense (pid 32182) has died.
D/BatteryService( 1615): updateBatteryStats ======================================
D/StatusBar.BatteryController( 1687): updateBattery level=100 icon=17302774 status=5
D/PowerUI ( 1687): closing low battery warning: level=100
D/PowerUI ( 1687): plugged = true, health = 2, mBatteryLevel = 100, mPluggedBatteryLevel = 90, mLowBatteryWarningLevel2 = 25, mshowLowChargingWarning2 = true
D/NotificationService( 1615): mIntentReceiver() Intent.ACTION_BATTERY_CHANGED
D/PowerManagerService( 1615): runHtcPowerSaverCheck ======================================
I/ActivityManager( 1615): Start proc com.android.vending for service com.android.vending/com.google.android.finsky.services.ContentSyncService: pid=32250 uid=10110 gids={3003, 1015}
D/ConnectivityService( 1615): onUidRulesChanged(uid=10173, uidRules=0)
I/ActivityManager( 1615): Process com.htc.store (pid 32154) has died.
I/ActivityManager( 1615): Start proc com.google.android.talk for broadcast com.google.android.talk/com.google.android.apps.hangouts.phone.PackageReplacedReceiver: pid=32263 uid=10135 gids={3003, 1015, 1006, 3002}
W/CpuWake ( 1615): >>releaseCpuPerfWakeLock
W/CpuWake ( 1615): <<releaseCpuPerfWakeLock
I/InputManagerService( 1615): [unbindCurrentClientLocked] Disable input method client.
I/InputManagerService( 1615): [startInputLocked] Enable input method client.
W/InputManagerService( 1615): Starting input on non-focused client com.android.internal.view.IInputMethodClient$Stub$Proxy@4110e458 (uid=9999 pid=1741)
I/PackageManager( 1615):  setEnabledSetting(), pkgName=com.android.vending, clsName=com.android.vending.AssetBrowserActivity, state=1, flag=1, pid=32250, uid=10110
I/PackageManager( 1615):  setEnabledSetting(), pkgName=com.google.android.talk, clsName=com.google.android.apps.hangouts.phone.ShareIntentSmsOnlyActivity, state=2, flag=1, pid=32263, uid=10135
D/Socket_Alarm(32263): registerHTCSocketMonitorCallBack
D/Socket_Alarm(32263): set mSocketMonitor
D/Socket_Alarm(32263): HTCSocketMonitorImpl::HTCSocketMonitorImpl
I/PackageManager( 1615):  setEnabledSetting(), pkgName=com.google.android.talk, clsName=com.google.android.apps.hangouts.sms.SmsReceiver, state=2, flag=1, pid=32263, uid=10135
I/PackageManager( 1615):  setEnabledSetting(), pkgName=com.google.android.talk, clsName=com.google.android.apps.hangouts.sms.MmsWapPushReceiver, state=2, flag=1, pid=32263, uid=10135
I/PackageManager( 1615):  setEnabledSetting(), pkgName=com.google.android.talk, clsName=com.google.android.apps.hangouts.sms.AbortSmsReceiver, state=2, flag=1, pid=32263, uid=10135
I/PackageManager( 1615):  setEnabledSetting(), pkgName=com.google.android.talk, clsName=com.google.android.apps.hangouts.sms.AbortMmsWapPushReceiver, state=2, flag=1, pid=32263, uid=10135
I/PackageManager( 1615):  setEnabledSetting(), pkgName=com.google.android.talk, clsName=com.google.android.apps.hangouts.service.NoConfirmationSmsSendService, state=2, flag=1, pid=32263, uid=10135
D/ConnectivityService( 1615): onUidRulesChanged(uid=9999, uidRules=0)
I/PackageManager( 1615):  setEnabledSetting(), pkgName=com.android.vending, clsName=com.google.android.finsky.activities.DebugActivity, state=2, flag=1, pid=32250, uid=10110
D/Socket_Alarm(32250): registerHTCSocketMonitorCallBack
D/Socket_Alarm(32250): set mSocketMonitor
D/Socket_Alarm(32250): HTCSocketMonitorImpl::HTCSocketMonitorImpl
I/ActivityManager( 1615): Process com.htc.bgp (pid 32075) has died.
I/ActivityManager( 1615): Start proc com.htc.launcher.widgetscanner for broadcast com.htc.launcher/.widget.WidgetScannerTrigger: pid=32335 uid=9999 gids={3003, 3002, 3001}
I/PackageManager( 1615):  setEnabledSetting(), pkgName=com.google.android.gms, clsName=com.google.android.gms.people.pub.PeopleProfileActionGatewayActivity, state=2, flag=1, pid=31585, uid=10018
I/ActivityManager( 1615): Start proc com.google.android.gms.wearable for service com.google.android.gms/.wearable.service.WearableControlService: pid=32348 uid=10018 gids={3003, 1015, 2001, 1007, 3006, 1006, 3002, 3001}
W/ActivityManager( 1615): Activity destroy timeout for ActivityRecord{41e37618 com.android.packageinstaller/.UninstallAppProgress}
I/ActivityManager( 1615): Start proc com.google.android.apps.maps for broadcast com.google.android.apps.maps/com.google.android.location.internal.NlpPackageUpdateReceiver: pid=32364 uid=10032 gids={3003, 1015}
I/ActivityManager( 1615): Start proc com.htc.store for broadcast com.htc.store/.receiver.InstallReceiver: pid=32381 uid=10062 gids={2001, 3003, 1015}
I/ActivityManager( 1615): Start proc com.htc.launcher.add_to_home for content provider com.htc.launcher/.widget.HtcWidgetProvider: pid=32393 uid=9999 gids={3003, 3002, 3001}
I/ActivityManager( 1615): Start proc com.android.keychain for broadcast com.android.keychain/.KeyChainBroadcastReceiver: pid=32406 uid=1000 gids={1015, 3002, 3001, 3003, 5001, 5004, 5003, 3007, 3006, 2001, 1007}
W/ActivityManager( 1615): Disable JIT of com.htc.bgp
I/ActivityManager( 1615): Start proc com.htc.bgp for broadcast com.htc.android.psclient/.UsbConnectedReceiver: pid=32418 uid=10015 gids={3003, 1015, 1006, 5001, 2001}
D/Socket_Alarm(32418): registerHTCSocketMonitorCallBack
D/Socket_Alarm(32418): set mSocketMonitor
D/Socket_Alarm(32418): HTCSocketMonitorImpl::HTCSocketMonitorImpl
I/ActivityManager( 1615): Start proc com.htc.opensense for broadcast com.htc.opensense/.pluginmanager.RegisterReceiver: pid=32436 uid=10015 gids={3003, 1015, 1006, 5001, 2001}
I/PackageManager( 1615):  setEnabledSetting(), pkgName=com.google.android.apps.plus, clsName=com.google.android.picasasync.ConnectivityReceiver, state=1, flag=1, pid=32196, uid=10113
I/PackageManager( 1615):  setEnabledSetting(), pkgName=com.google.android.apps.plus, clsName=com.google.android.picasasync.BatteryReceiver, state=1, flag=1, pid=32196, uid=10113
I/ActivityManager( 1615): Process com.android.settings (pid 32212) has died.
I/ActivityManager( 1615): Start proc com.facebook.katana:dash for broadcast com.facebook.katana/com.facebook.dash.receivers.DashPackageUninstallReceiver: pid=32449 uid=10027 gids={1006, 1015, 3003}
