I/ActivityManager(  288): Start proc com.android.calendar for broadcast com.android.calendar/.widget.CalendarAppWidgetService$CalendarFactory: pid=1236 uid=10006 gids={3003, 1028}
V/MediaScanner(  791): pruneDeadThumbnailFiles... android.database.sqlite.SQLiteCursor@5356b280
E/Icing   (  725): Array storage bad crc 921339506 vs 0
D/PicasaUploaderSync( 1212): accounts in DB=1
D/PicasaUploaderSyncManager( 1212): active network: NetworkInfo: type: WIFI[], state: CONNECTED/CONNECTED, reason: (unspecified), extra: (none), roaming: false, failover: false, isAvailable: true
D/PicasaUploaderSyncManager( 1212): background data: true
D/PicasaUploaderSyncManager( 1212): battery info: true
I/ActivityThread( 1236): Pub com.android.calendar.CalendarRecentSuggestionsProvider: com.android.calendar.CalendarRecentSuggestionsProvider
V/MediaScanner(  791): /pruneDeadThumbnailFiles... android.database.sqlite.SQLiteCursor@5356b280
I/ActivityManager(  288): No longer want com.android.providers.calendar (pid 771): hidden #16
V/AlarmClock(  742): AlarmInitReceiver finished
I/ActivityManager(  288): No longer want com.android.exchange (pid 863): hidden #16
I/ActivityManager(  288): Start proc com.android.providers.calendar for content provider com.android.providers.calendar/.CalendarProvider2: pid=1253 uid=10007 gids={3003, 1015, 1028}
D/GCM     (  549): GcmService start Intent { act=com.google.android.gms.INITIALIZE flg=0x10 pkg=com.google.android.gms cmp=com.google.android.gms/.gcm.GcmService } com.google.android.gms.INITIALIZE
D/AuthorizationBluetoothService(  549): Received GmsCore event: Intent { act=com.google.android.gms.INITIALIZE flg=0x10 pkg=com.google.android.gms cmp=com.google.android.gms/.auth.be.proximity.authorization.bt.AuthorizationBluetoothService$AutoStarter }.
E/AuthorizationBluetoothService(  549): Proximity feature is not enabled.
V/GmsCoreStatsServiceLauncher(  725): Received broadcast intent Intent { act=com.google.android.gms.INITIALIZE flg=0x10 pkg=com.google.android.gms cmp=com.google.android.gms/.common.stats.GmsCoreStatsServiceLauncher }
D/LocationInitializer(  725): Restart initialization of location
D/AlertReceiver( 1236): onReceive: a=android.intent.action.PROVIDER_CHANGED Intent { act=android.intent.action.PROVIDER_CHANGED dat=content://com.android.calendar flg=0x10 cmp=com.android.calendar/.alerts.AlertReceiver }
D/AlertService( 1236): 0 Action = android.intent.action.PROVIDER_CHANGED
D/AlertService( 1236): Beginning updateAlertNotification
E/Icing   (  725): Array storage bad crc 4044136412 vs 3206350095
E/Icing   (  725): Trie mmap suffix failed
I/ActivityThread( 1253): Pub com.android.calendar: com.android.providers.calendar.CalendarProvider2
D/AlertService( 1236): No fired or scheduled alerts
W/Icing   (  725): Docstore bad crc 0xb68e53a9 vs 0xd6c20bb3
E/Icing   (  725): Lite index crc check failed: 4256859823 vs 1127344739
D/AuthorizationBluetoothService(  549): Received GmsCore event: Intent { act=com.google.android.gms.INITIALIZE flg=0x10 pkg=com.google.android.gms cmp=com.google.android.gms/.auth.be.proximity.authorization.bt.AuthorizationBluetoothService$AutoStarter }.
E/AuthorizationBluetoothService(  549): Proximity feature is not enabled.
V/GmsCoreStatsServiceLauncher(  725): Received broadcast intent Intent { act=com.google.android.gms.INITIALIZE flg=0x10 pkg=com.google.android.gms cmp=com.google.android.gms/.common.stats.GmsCoreStatsServiceLauncher }
D/GCM     (  549): GcmService start Intent { act=com.google.android.gms.INITIALIZE flg=0x10 pkg=com.google.android.gms cmp=com.google.android.gms/.gcm.GcmService } com.google.android.gms.INITIALIZE
D/LocationInitializer(  725): Restart initialization of location
D/AuthorizationBluetoothService(  549): Received GmsCore event: Intent { act=com.google.android.gms.INITIALIZE flg=0x10 pkg=com.google.android.gms cmp=com.google.android.gms/.auth.be.proximity.authorization.bt.AuthorizationBluetoothService$AutoStarter }.
E/AuthorizationBluetoothService(  549): Proximity feature is not enabled.
D/GCM     (  549): GcmService start Intent { act=com.google.android.gms.INITIALIZE flg=0x10 pkg=com.google.android.gms cmp=com.google.android.gms/.gcm.GcmService } com.google.android.gms.INITIALIZE
V/GmsCoreStatsServiceLauncher(  725): Received broadcast intent Intent { act=com.google.android.gms.INITIALIZE flg=0x10 pkg=com.google.android.gms cmp=com.google.android.gms/.common.stats.GmsCoreStatsServiceLauncher }
I/dalvikvm(  549): Could not find method android.app.PendingIntent.getCreatorPackage, referenced from method com.google.android.gms.gcm.nts.SchedulerReceiver.onReceive
W/dalvikvm(  549): VFY: unable to resolve virtual method 169: Landroid/app/PendingIntent;.getCreatorPackage ()Ljava/lang/String;
D/dalvikvm(  549): VFY: replacing opcode 0x6e at 0x0242
D/LocationInitializer(  725): Restart initialization of location
I/talk    ( 1011): onMcsConnectionStarted
I/ActivityManager(  288): Start proc com.google.android.gsf.login for service com.google.android.gsf.login/com.google.android.gsf.loginservice.GoogleLoginService: pid=1287 uid=10052 gids={3003, 1015, 1028, 1007, 1006, 3002, 3001, 2001, 3006}
D/GCM     (  549): GcmService start Intent { act=com.google.android.talk.MCS_CONNECTION_SERVICE_STARTED flg=0x10 cmp=com.google.android.gms/.gcm.GcmService } com.google.android.talk.MCS_CONNECTION_SERVICE_STARTED
I/ActivityManager(  288): No longer want com.android.email (pid 822): hidden #16
I/Icing   (  725): updateResources: need to parse f{com.google.android.gms}
I/Icing   (  725): Internal init done: storage state 0
I/Icing   (  725): 6 corpora need re-polling
I/Icing   (  725): Post-init done
I/Icing   (  725): Indexing FC0D0F8C80878B1821B47029E69D56F9FEE23F13 from com.google.android.googlequicksearchbox
I/GTalkService/c(  549): [GTalkConnection@1398993012] connect: acct=1, state=CONNECTING
I/CalendarProvider2( 1253): Sending notification intent: Intent { act=android.intent.action.PROVIDER_CHANGED dat=content://com.android.calendar }
W/ContentResolver( 1253): Failed to get type for: content://com.android.calendar (Unknown URL content://com.android.calendar)
D/GCM     (  549): GcmService start Intent { act=com.google.android.checkin.CHECKIN_COMPLETE flg=0x10 cmp=com.google.android.gms/.gcm.GcmService (has extras) } com.google.android.checkin.CHECKIN_COMPLETE
D/AlertReceiver( 1236): onReceive: a=android.intent.action.PROVIDER_CHANGED Intent { act=android.intent.action.PROVIDER_CHANGED dat=content://com.android.calendar flg=0x10 cmp=com.android.calendar/.alerts.AlertReceiver }
D/AlertService( 1236): 0 Action = android.intent.action.PROVIDER_CHANGED
D/AlertService( 1236): Beginning updateAlertNotification
D/dalvikvm(  288): GC_CONCURRENT freed 1262K, 13% free 12835K/14599K, paused 13ms+4ms, total 130ms
D/dalvikvm(  288): WAIT_FOR_CONCURRENT_GC blocked 0ms
D/dalvikvm(  288): GC_EXPLICIT freed 51K, 13% free 12793K/14599K, paused 1ms+6ms, total 60ms
D/AlertService( 1236): No fired or scheduled alerts
I/ActivityManager(  288): No longer want com.android.mms (pid 885): hidden #16
D/CountryDetector(  288): No listener is left
I/LocationManagerService(  288): remove passive (pid 288), next minTime = 0
I/Icing   (  725): Indexing done FC0D0F8C80878B1821B47029E69D56F9FEE23F13
I/Icing   (  725): Indexing 5D5752672A8560D0B493C47DA4923737C1211CC0 from com.google.android.googlequicksearchbox
D/dalvikvm(  725): WAIT_FOR_CONCURRENT_GC blocked 0ms
D/dalvikvm(  725): GC_EXPLICIT freed 1206K, 14% free 10806K/12551K, paused 1ms+1ms, total 35ms
W/CursorWrapperInner(  725): Cursor finalized without prior close()
W/CursorWrapperInner(  725): Cursor finalized without prior close()
W/CursorWrapperInner(  725): Cursor finalized without prior close()
W/CursorWrapperInner(  725): Cursor finalized without prior close()
D/Icing   (  725): Loaded CLD2 Version V2.0 - 20141016
D/dalvikvm( 1011): GC_CONCURRENT freed 374K, 10% free 8266K/9159K, paused 1ms+0ms, total 3ms
I/Icing   (  725): Indexing 43E7A6401F7BA297F38EE69CE6747412BBA8FC2F from com.google.android.googlequicksearchbox
I/Icing   (  725): Indexing D858A8F83FB1815407610706DE89F5C8F7B4904F from com.google.android.gms
I/Icing   (  725): Indexing done D858A8F83FB1815407610706DE89F5C8F7B4904F
I/Icing   (  725): Indexing 2F0491DE6430CCAFB9C8C9D572461C2D4C37FFD7 from com.google.android.googlequicksearchbox
D/dalvikvm( 1076): GC_CONCURRENT freed 467K, 10% free 9945K/10951K, paused 11ms+1ms, total 27ms
D/AndroidRuntime( 1318): 
D/AndroidRuntime( 1318): >>>>>> AndroidRuntime START com.android.internal.os.RuntimeInit <<<<<<
D/AndroidRuntime( 1318): CheckJNI is OFF
D/dalvikvm( 1318): Unable to stat classpath element '/system/framework/filterfw.jar'
D/dalvikvm( 1318): Trying to load lib libjavacore.so 0x0
D/dalvikvm( 1318): Added shared lib libjavacore.so 0x0
D/dalvikvm( 1318): Trying to load lib libnativehelper.so 0x0
D/dalvikvm( 1318): Added shared lib libnativehelper.so 0x0
W/Icing   (  725): Content incarnation mismatch: Expected [129d02639709f23f] found [856a61dd694c1c47]
I/Icing   (  725): Indexing done 2F0491DE6430CCAFB9C8C9D572461C2D4C37FFD7
E/Icing   (  725): Aborting indexing of corpus 2F0491DE6430CCAFB9C8C9D572461C2D4C37FFD7
I/Icing   (  725): Indexing 761AB74F8B57CB4F92BF9309728699BD15AF2CAA from com.google.android.googlequicksearchbox
I/Icing   (  725): Indexing done 761AB74F8B57CB4F92BF9309728699BD15AF2CAA
I/Icing   (  725): Indexing done 5D5752672A8560D0B493C47DA4923737C1211CC0
I/Icing   (  725): Indexing done 43E7A6401F7BA297F38EE69CE6747412BBA8FC2F
I/Icing   (  725): doRemovePackageData com.google.android.googlequicksearchbox
I/Icing   (  725): Removing corpus key FC0D0F8C80878B1821B47029E69D56F9FEE23F13 for package com.google.android.googlequicksearchbox
D/AndroidRuntime( 1318): Calling main entry com.android.commands.pm.Pm
I/ActivityManager(  288): Start proc com.android.defcontainer for service com.android.defcontainer/.DefaultContainerService: pid=1326 uid=10011 gids={1015, 2001, 1028}
W/ActivityManager(  288): No content provider found for permission revoke: file:///data/local/tmp/android-debug.apk
W/ActivityManager(  288): No content provider found for permission revoke: file:///data/local/tmp/android-debug.apk
I/Icing   (  725): Removing corpus key 5D5752672A8560D0B493C47DA4923737C1211CC0 for package com.google.android.googlequicksearchbox
D/dalvikvm(  288): GC_FOR_ALLOC freed 854K, 12% free 12972K/14599K, paused 36ms, total 38ms
I/Icing   (  725): Removing corpus key 43E7A6401F7BA297F38EE69CE6747412BBA8FC2F for package com.google.android.googlequicksearchbox
I/Icing   (  725): Removing corpus key 761AB74F8B57CB4F92BF9309728699BD15AF2CAA for package com.google.android.googlequicksearchbox
I/Icing   (  725): Removing corpus key 2F0491DE6430CCAFB9C8C9D572461C2D4C37FFD7 for package com.google.android.googlequicksearchbox
I/PackageManager(  288): Removing non-system package:com.pushapp
I/ActivityManager(  288): Force stopping package com.pushapp uid=10036
I/PackageManager(  288): Running dexopt on: com.pushapp
I/PackageManager(  288): Package com.pushapp codePath changed from /data/app/com.pushapp-2.apk to /data/app/com.pushapp-1.apk; Retaining data and using new
D/dalvikvm( 1343): Unable to stat classpath element '/system/framework/filterfw.jar'
D/dalvikvm( 1343): DexOpt: load 20ms, verify+opt 56ms, 1164380 bytes
D/dalvikvm(  725): GC_FOR_ALLOC freed 779K, 15% free 10789K/12551K, paused 66ms, total 66ms
I/ActivityManager(  288): Force stopping package com.pushapp uid=10036
W/PackageManager(  288): Code path for pkg : com.pushapp changing from /data/app/com.pushapp-2.apk to /data/app/com.pushapp-1.apk
W/PackageManager(  288): Resource path for pkg : com.pushapp changing from /data/app/com.pushapp-2.apk to /data/app/com.pushapp-1.apk
I/Icing   (  725): Starting compaction min disk 99.980% min index 99.951%
D/PackageManager(  288): New package installed in /data/app/com.pushapp-1.apk
W/PackageManager(  288): Unknown permission android.permission.ADD_SYSTEM_SERVICE in package com.android.phone
W/PackageManager(  288): Unknown permission com.android.vending.billing.IBillingAccountService.BIND2 in package com.google.android.gsf.login
W/PackageManager(  288): Unknown permission com.android.chrome.TOS_ACKED in package com.google.android.gsf.login
W/PackageManager(  288): Not granting permission android.permission.SEND_DOWNLOAD_COMPLETED_INTENTS to package com.android.browser (protectionLevel=2 flags=0x9be45)
W/PackageManager(  288): Unknown permission com.google.android.gm.permission.READ_GMAIL in package com.google.android.talk
W/PackageManager(  288): Unknown permission com.cyanogenmod.filemanager.permissions.READ_THEME in package com.cyanogenmod.filemanager
W/PackageManager(  288): Unknown permission android.permission.INTERACT_ACROSS_USERS in package com.google.android.gms
W/PackageManager(  288): Unknown permission android.permission.RECOVERY in package com.google.android.gms
W/PackageManager(  288): Unknown permission android.permission.READ_DREAM_STATE in package com.google.android.gms
W/PackageManager(  288): Unknown permission android.permission.RECEIVE_DATA_ACTIVITY_CHANGE in package com.google.android.gms
W/PackageManager(  288): Unknown permission android.permission.PROVIDE_TRUST_AGENT in package com.google.android.gms
W/PackageManager(  288): Unknown permission com.google.android.apps.enterprise.dmagent.permission.AutoSyncPermission in package com.google.android.gms
W/PackageManager(  288): Unknown permission android.permission.LOCATION_HARDWARE in package com.google.android.gms
W/PackageManager(  288): Unknown permission android.permission.GET_APP_OPS_STATS in package com.google.android.gms
W/PackageManager(  288): Unknown permission android.permission.UPDATE_APP_OPS_STATS in package com.google.android.gms
W/PackageManager(  288): Unknown permission android.permission.CAPTURE_AUDIO_HOTWORD in package com.google.android.gms
W/PackageManager(  288): Unknown permission android.permission.MANAGE_VOICE_KEYPHRASES in package com.google.android.gms
W/PackageManager(  288): Unknown permission android.permission.REAL_GET_TASKS in package com.google.android.gms
W/PackageManager(  288): Unknown permission com.google.android.hangouts.START_HANGOUT in package com.google.android.gms
W/PackageManager(  288): Unknown permission android.permission.ACCESS_NETWORK_CONDITIONS in package com.google.android.gms
W/PackageManager(  288): Unknown permission android.permission.MANAGE_DEVICE_ADMINS in package com.google.android.gms
W/PackageManager(  288): Unknown permission android.permission.READ_WIFI_CREDENTIAL in package com.google.android.gms
W/PackageManager(  288): Not granting permission android.permission.MODIFY_PHONE_STATE to package com.google.android.gms (protectionLevel=18 flags=0x83e44)
W/PackageManager(  288): Unknown permission android.permission.CONTROL_INCALL_EXPERIENCE in package com.google.android.gms
W/PackageManager(  288): Not granting permission android.permission.MANAGE_USB to package com.google.android.gms (protectionLevel=18 flags=0x83e44)
W/PackageManager(  288): Not granting permission android.permission.CALL_PRIVILEGED to package com.google.android.gms (protectionLevel=18 flags=0x83e44)
W/PackageManager(  288): Unknown permission android.permission.BLUETOOTH_PRIVILEGED in package com.google.android.gms
W/PackageManager(  288): Unknown permission android.permission.USER_ACTIVITY in package com.google.android.gms
W/PackageManager(  288): Unknown permission android.permission.MODIFY_AUDIO_ROUTING in package com.google.android.gms
W/PackageManager(  288): Unknown permission android.permission.CAPTURE_AUDIO_OUTPUT in package com.google.android.gms
W/PackageManager(  288): Unknown permission android.permission.CAPTURE_VIDEO_OUTPUT in package com.google.android.gms
W/PackageManager(  288): Unknown permission android.permission.CAPTURE_SECURE_VIDEO_OUTPUT in package com.google.android.gms
W/PackageManager(  288): Not granting permission android.permission.READ_FRAME_BUFFER to package com.google.android.gms (protectionLevel=18 flags=0x83e44)
W/PackageManager(  288): Unknown permission com.google.android.wearable.READ_SETTINGS in package com.google.android.gms
W/PackageManager(  288): Not granting permission android.permission.MODIFY_NETWORK_ACCOUNTING to package com.google.android.gms (protectionLevel=18 flags=0x83e44)
W/PackageManager(  288): Unknown permission android.permission.BODY_SENSORS in package com.google.android.gms
W/PackageManager(  288): Unknown permission com.google.android.gm.permission.READ_GMAIL in package com.google.android.gms
W/PackageManager(  288): Unknown permission com.android.voicemail.permission.READ_VOICEMAIL in package com.google.android.gms
W/PackageManager(  288): Not granting permission android.permission.FORCE_STOP_PACKAGES to package com.google.android.gms (protectionLevel=2 flags=0x83e44)
W/PackageManager(  288): Unknown permission android.permission.MANAGE_DOCUMENTS in package com.google.android.gms
W/PackageManager(  288): Unknown permission android.permission.READ_OWNER_DATA in package com.google.android.setupwizard
W/PackageManager(  288): Unknown permission android.permission.WRITE_OWNER_DATA in package com.google.android.setupwizard
W/PackageManager(  288): Unknown permission com.google.android.voicesearch.SHORTCUTS_ACCESS in package com.google.android.googlequicksearchbox
W/PackageManager(  288): Unknown permission com.google.android.ears.permission.WRITE in package com.google.android.googlequicksearchbox
W/PackageManager(  288): Unknown permission android.permission.MEDIA_CONTENT_CONTROL in package com.google.android.googlequicksearchbox
W/PackageManager(  288): Unknown permission android.permission.INTERACT_ACROSS_USERS in package com.google.android.googlequicksearchbox
W/PackageManager(  288): Unknown permission com.google.googlenav.friend.permission.OPT_IN in package com.google.android.googlequicksearchbox
W/PackageManager(  288): Unknown permission com.google.android.apps.maps.permission.PREFETCH in package com.google.android.googlequicksearchbox
W/PackageManager(  288): Unknown permission android.permission.REAL_GET_TASKS in package com.google.android.googlequicksearchbox
W/PackageManager(  288): Unknown permission com.google.android.apps.googlevoice.permission.AUTO_SEND in package com.google.android.googlequicksearchbox
W/PackageManager(  288): Unknown permission com.google.android.gm.permission.AUTO_SEND in package com.google.android.googlequicksearchbox
W/PackageManager(  288): Unknown permission com.google.android.hangouts.START_HANGOUT in package com.google.android.googlequicksearchbox
W/PackageManager(  288): Unknown permission android.permission.MANAGE_VOICE_KEYPHRASES in package com.google.android.googlequicksearchbox
W/PackageManager(  288): Unknown permission com.android.chrome.PRERENDER_URL in package com.google.android.googlequicksearchbox
W/PackageManager(  288): Unknown permission android.permission.CAPTURE_AUDIO_HOTWORD in package com.google.android.googlequicksearchbox
W/PackageManager(  288): Not granting permission android.permission.STOP_APP_SWITCHES to package com.google.android.googlequicksearchbox (protectionLevel=18 flags=0x1bbec5)
W/PackageManager(  288): Not granting permission android.permission.STATUS_BAR to package com.google.android.googlequicksearchbox (protectionLevel=18 flags=0x1bbec5)
W/PackageManager(  288): Not granting permission android.permission.BIND_APPWIDGET to package com.google.android.googlequicksearchbox (protectionLevel=18 flags=0x1bbec5)
W/PackageManager(  288): Unknown permission com.google.android.launcher.permission.CONTENT_REDIRECT in package com.google.android.googlequicksearchbox
W/PackageManager(  288): Unknown permission android.permission.REAL_GET_TASKS in package com.android.vending
W/PackageManager(  288): Not granting permission android.permission.SEND_DOWNLOAD_COMPLETED_INTENTS to package com.android.vending (protectionLevel=2 flags=0xabec5)
W/PackageManager(  288): Unknown permission android.permission.MANAGE_USERS in package com.android.vending
W/PackageManager(  288): Unknown permission android.permission.INTERACT_ACROSS_USERS in package com.android.vending
W/PackageManager(  288): Not granting permission android.permission.WRITE_SECURE_SETTINGS to package com.android.vending (protectionLevel=50 flags=0xabec5)
W/PackageManager(  288): Not granting permission android.permission.FORCE_STOP_PACKAGES to package com.android.vending (protectionLevel=2 flags=0xabec5)
W/PackageManager(  288): Not granting permission android.permission.DEVICE_POWER to package com.android.deskclock (protectionLevel=2 flags=0x8be45)
I/Icing   (  725): Usage reports aged/total 0/0
D/dalvikvm(  288): GC_FOR_ALLOC freed 1059K, 12% free 12986K/14727K, paused 32ms, total 36ms
I/Icing   (  725): Done compaction min disk 99.980% min index 100.000% num docs 0 old 106 trimmed 0 err 0
D/dalvikvm(  513): WAIT_FOR_CONCURRENT_GC blocked 0ms
I/ActivityManager(  288): Force stopping package com.pushapp uid=10036
D/dalvikvm(  513): GC_EXPLICIT freed 147K, 9% free 10353K/11335K, paused 1ms+3ms, total 10ms
D/dalvikvm(  584): WAIT_FOR_CONCURRENT_GC blocked 0ms
D/dalvikvm(  584): GC_EXPLICIT freed 229K, 8% free 8251K/8967K, paused 0ms+3ms, total 7ms
I/InputReader(  288): Reconfiguring input devices.  changes=0x00000010
D/PackageManager(  288): generateServicesMap(android.accounts.AccountAuthenticator): 3 services unchanged
I/InputReader(  288): Reconfiguring input devices.  changes=0x00000010
I/ActivityManager(  288): Start proc com.android.keychain for broadcast com.android.keychain/.KeyChainBroadcastReceiver: pid=1344 uid=1000 gids={1015, 3002, 3001, 3003, 1028, 3007}
D/dalvikvm(  288): WAIT_FOR_CONCURRENT_GC blocked 0ms
D/PackageManager(  288): generateServicesMap(android.content.SyncAdapter): 23 services unchanged
D/PackageManager(  288): generateServicesMap(android.accounts.AccountAuthenticator): 3 services unchanged
D/BackupManagerService(  288): Received broadcast Intent { act=android.intent.action.PACKAGE_REMOVED dat=package:com.pushapp flg=0x8000010 (has extras) }
I/Icing   (  725): updateResources: need to parse f{com.google.android.googlequicksearchbox}
D/PackageManager(  288): generateServicesMap(android.content.SyncAdapter): 23 services unchanged
D/BackupManagerService(  288): Received broadcast Intent { act=android.intent.action.PACKAGE_ADDED dat=package:com.pushapp flg=0x8000010 (has extras) }
V/BackupManagerService(  288): removePackageParticipantsLocked: uid=10036 #1
V/BackupManagerService(  288): addPackageParticipantsLocked: #1
W/ResourceType(  288): Failure getting entry for 0x7f060000 (t=5 e=0) in package 0 (error -75)
W/ResourceType(  288): Failure getting entry for 0x7f060000 (t=5 e=0) in package 0 (error -75)
W/InputMethodManagerService(  288): Found no subtypes in a system IME: com.android.inputmethod.pinyin
D/OpenGLRenderer(  513): TextureCache::get: create texture(0xb7b06888): name, size, mSize = 31, 24400, 1223816
D/dalvikvm(  288): GC_EXPLICIT freed 780K, 13% free 12942K/14727K, paused 10ms+2ms, total 73ms
D/AndroidRuntime( 1318): Shutting down VM
D/dalvikvm( 1318): GC_CONCURRENT freed 96K, 90% free 445K/4096K, paused 0ms+1ms, total 2ms
I/AndroidRuntime( 1318): NOTE: attach of thread 'Binder_3' failed
D/OpenGLRenderer(  513): TextureCache::get: create texture(0xb7b06e48): name, size, mSize = 32, 9216, 1233032
I/ActivityManager(  288): Start proc com.android.musicfx for broadcast com.android.musicfx/.Compatibility$Receiver: pid=1360 uid=10028 gids={3003, 3002, 1028}
I/ActivityManager(  288): No longer want com.android.voicedialer (pid 937): hidden #16
D/dalvikvm(  549): GC_CONCURRENT freed 747K, 11% free 10495K/11783K, paused 1ms+1ms, total 9ms
I/ActivityManager(  288): Start proc com.noshufou.android.su for broadcast com.noshufou.android.su/.UninstallReceiver: pid=1376 uid=10039 gids={3003, 1015, 1028}
I/dalvikvm( 1376): Turning on JNI app bug workarounds for target SDK version 11...
I/ActivityManager(  288): No longer want com.google.android.apps.genie.geniewidget (pid 950): hidden #16
I/ActivityThread( 1376): Pub com.noshufou.android.su.provider: com.noshufou.android.su.provider.PermissionsProvider
I/ActivityManager(  288): Start proc com.android.voicedialer for broadcast com.android.voicedialer/.VoiceDialerReceiver: pid=1389 uid=10043 gids={3002, 1028}
I/ActivityManager(  288): No longer want com.google.android.onetimeinitializer (pid 995): hidden #16
I/ActivityManager(  288): No longer want com.google.android.partnersetup (pid 968): hidden #16
E/NetworkScheduler.SchedulerReceiver(  549): Invalid parameter app
E/NetworkScheduler.SchedulerReceiver(  549): Invalid package name : Perhaps you didn't include a PendingIntent in the extras?
D/ChimeraRcvrProxy(  725): Creating receiver proxy ComponentInfo{com.google.android.gms/com.google.android.gms.games.chimera.GamesSystemBroadcastReceiverProxy}
D/ChimeraRcvrProxy(  725): Proxying container receiver ComponentInfo{com.google.android.gms/com.google.android.gms.games.chimera.GamesSystemBroadcastReceiverProxy} to Chimera receiver impl com.google.android.gms.games.GamesBroadcastReceiverStub
D/ChimeraCfgMgr(  725): Loading module com.google.android.gms.games from APK com.google.android.gms
D/PackageBroadcastService(  725): Received broadcast action=android.intent.action.PACKAGE_REMOVED and uri=com.pushapp
I/ConfigFetchService(  725): onStartCommand Intent { act=android.intent.action.PACKAGE_REMOVED dat=package:com.pushapp cmp=com.google.android.gms/.config.ConfigFetchService (has extras) }
I/ActivityManager(  288): Start proc com.svox.pico for broadcast com.svox.pico/.VoiceDataInstallerReceiver: pid=1408 uid=10033 gids={1015, 1028}
I/ActivityThread( 1408): Pub com.svox.pico.providers.SettingsProvider: com.svox.pico.providers.SettingsProvider
D/dalvikvm(  117): WAIT_FOR_CONCURRENT_GC blocked 0ms
D/dalvikvm(  117): GC_EXPLICIT freed 36K, 9% free 7920K/8643K, paused 0ms+0ms, total 3ms
I/ActivityManager(  288): Start proc com.google.android.partnersetup for broadcast com.google.android.partnersetup/.RlzPingBroadcastReceiver: pid=1421 uid=10057 gids={3003, 1028}
I/ActivityManager(  288): No longer want com.android.settings (pid 1149): hidden #16
D/dalvikvm(  117): WAIT_FOR_CONCURRENT_GC blocked 0ms
D/dalvikvm(  117): GC_EXPLICIT freed <1K, 9% free 7920K/8643K, paused 1ms+0ms, total 9ms
D/dalvikvm(  117): WAIT_FOR_CONCURRENT_GC blocked 0ms
D/dalvikvm(  117): GC_EXPLICIT freed <1K, 9% free 7920K/8643K, paused 1ms+1ms, total 9ms
I/ActivityThread( 1421): Pub com.google.android.partnersetup.rlzprovider: com.google.android.partnersetup.RlzProvider
I/ActivityThread( 1421): Pub com.google.android.partnersetup.rlzappprovider: com.google.android.partnersetup.RlzAppProvider
I/UpdateIcingCorporaServi( 1076): Updating corpora: APPS=com.pushapp, CONTACTS=MAYBE
D/GCM     (  549): GcmService start Intent { act=com.google.android.gms.gcm.PACKAGE_REPLACED cmp=com.google.android.gms/.gcm.GcmService (has extras) } com.google.android.gms.gcm.PACKAGE_REPLACED
D/ChimeraRcvrProxy(  725): Creating receiver proxy ComponentInfo{com.google.android.gms/com.google.android.gms.games.chimera.GamesSystemBroadcastReceiverProxy}
D/ChimeraRcvrProxy(  725): Proxying container receiver ComponentInfo{com.google.android.gms/com.google.android.gms.games.chimera.GamesSystemBroadcastReceiverProxy} to Chimera receiver impl com.google.android.gms.games.GamesBroadcastReceiverStub
D/ChimeraCfgMgr(  725): Loading module com.google.android.gms.games from APK com.google.android.gms
D/PackageBroadcastService(  725): Received broadcast action=android.intent.action.PACKAGE_ADDED and uri=com.pushapp
E/dalvikvm(  725): Could not find class 'android.os.UserManager', referenced from method com.google.android.gms.icing.service.f.a
W/dalvikvm(  725): VFY: unable to resolve check-cast 301 (Landroid/os/UserManager;) in Lcom/google/android/gms/icing/service/f;
D/dalvikvm(  725): VFY: replacing opcode 0x1f at 0x00d9
I/dalvikvm(  725): Could not find method android.os.Binder.getCallingUserHandle, referenced from method com.google.android.gms.icing.service.f.a
W/dalvikvm(  725): VFY: unable to resolve static method 1285: Landroid/os/Binder;.getCallingUserHandle ()Landroid/os/UserHandle;
D/dalvikvm(  725): VFY: replacing opcode 0x71 at 0x0018
I/ConfigFetchService(  725): onStartCommand Intent { act=android.intent.action.PACKAGE_ADDED dat=package:com.pushapp cmp=com.google.android.gms/.config.ConfigFetchService (has extras) }
I/ConfigFetchService(  725): launchTask
W/dalvikvm(  725): VFY: unable to find class referenced in signature (Landroid/net/Network;)
E/NetworkScheduler.SchedulerReceiver(  549): Invalid parameter app
E/NetworkScheduler.SchedulerReceiver(  549): Invalid package name : Perhaps you didn't include a PendingIntent in the extras?
I/ConfigFetchService(  725): service connected
I/dalvikvm(  725): Could not find method android.os.HandlerThread.quitSafely, referenced from method com.google.android.gms.wearable.service.WearableService.onDestroy
W/dalvikvm(  725): VFY: unable to resolve virtual method 970: Landroid/os/HandlerThread;.quitSafely ()Z
D/dalvikvm(  725): VFY: replacing opcode 0x6e at 0x008d
I/ActivityManager(  288): No longer want com.google.android.apps.uploader (pid 1212): hidden #16
D/ConfigFetchService(  725): ConfigApi connection successful.
D/PackageBroadcastService(  725): Received broadcast action=android.intent.action.PACKAGE_REPLACED and uri=com.pushapp
I/PeopleContactsSync(  725): CP2 sync disabled
I/dalvikvm(  725): Could not find method android.app.Activity.finishAfterTransition, referenced from method android.support.v4.app.l.onBackPressed
W/dalvikvm(  725): VFY: unable to resolve virtual method 45: Landroid/app/Activity;.finishAfterTransition ()V
D/dalvikvm(  725): VFY: replacing opcode 0x6e at 0x000e
V/ConfigFetchTask(  725): ConfigFetchTask getDeviceDataVersionInfo(): ABFEt1XSkigcXODr_Vpi9WojTduWLYXLD55rI-9hTR04vzPdD98HimqR4dhcWTcLgQR5vTzFpAvzwYO6CikiroTXlK_7pppUlmcSWETMtdlMP_CkAxtNkXd0imZZw33KHli4oxG5aEEiopRgX5YeBKVMCwsX9nDObUyU7KVi45HzyZYROGK1YpTBORZiHALqzuvJGePD5sePMXD-w70H57Jw7B_cStc72EZuWQTA4stHzAF34dLFTpDHdxTHJZH8aeNKBIt0CTLw3HlqRSNKL-ivtosjMq4H2UpnRxGOGYU7Dxl8jvXNcA5Qy4FkwV8cZD8EjjZUkBrFpZbgXZt2hxnZ4bohi3mX9LWDMBpBlctSVWe3vQlm1FQ
I/PeopleContactsSync(  725): CP2 sync disabled
I/GoogleURLConnFactory(  725): Using platform SSLCertificateSocketFactory
D/dalvikvm(  725): GC_CONCURRENT freed 752K, 13% free 10923K/12551K, paused 21ms+0ms, total 40ms
I/Icing   (  725): Indexing 2F0491DE6430CCAFB9C8C9D572461C2D4C37FFD7 from com.google.android.googlequicksearchbox
I/Icing   (  725): Indexing 5D5752672A8560D0B493C47DA4923737C1211CC0 from com.google.android.googlequicksearchbox
D/dalvikvm( 1076): GC_CONCURRENT freed 558K, 10% free 9980K/11079K, paused 10ms+1ms, total 20ms
I/Icing   (  725): Indexing 761AB74F8B57CB4F92BF9309728699BD15AF2CAA from com.google.android.googlequicksearchbox
I/ConfigFetchService(  725): fetch service done; releasing wakelock
I/ConfigFetchService(  725): stopping self
I/Icing   (  725): Indexing done 761AB74F8B57CB4F92BF9309728699BD15AF2CAA
I/Icing   (  725): Indexing 43E7A6401F7BA297F38EE69CE6747412BBA8FC2F from com.google.android.googlequicksearchbox
D/dalvikvm( 1076): WAIT_FOR_CONCURRENT_GC blocked 0ms
D/dalvikvm( 1076): GC_EXPLICIT freed 232K, 11% free 9937K/11079K, paused 0ms+1ms, total 22ms
D/dalvikvm(  725): GC_CONCURRENT freed 861K, 13% free 10965K/12551K, paused 5ms+1ms, total 16ms
I/UpdateIcingCorporaServi( 1076): UpdateCorporaTask done [took 483 ms] updated apps [took 483 ms] 
I/ActivityManager(  288): No longer want com.android.deskclock (pid 742): hidden #16
I/Icing   (  725): Indexing FC0D0F8C80878B1821B47029E69D56F9FEE23F13 from com.google.android.googlequicksearchbox
I/Icing   (  725): Indexing done FC0D0F8C80878B1821B47029E69D56F9FEE23F13
I/Icing   (  725): Indexing done 2F0491DE6430CCAFB9C8C9D572461C2D4C37FFD7
I/Icing   (  725): Indexing done 5D5752672A8560D0B493C47DA4923737C1211CC0
I/Icing   (  725): Indexing done 43E7A6401F7BA297F38EE69CE6747412BBA8FC2F
D/AndroidRuntime( 1453): 
D/AndroidRuntime( 1453): >>>>>> AndroidRuntime START com.android.internal.os.RuntimeInit <<<<<<
D/AndroidRuntime( 1453): CheckJNI is OFF
D/dalvikvm( 1453): Unable to stat classpath element '/system/framework/filterfw.jar'
D/dalvikvm( 1453): Trying to load lib libjavacore.so 0x0
D/dalvikvm( 1453): Added shared lib libjavacore.so 0x0
D/dalvikvm( 1453): Trying to load lib libnativehelper.so 0x0
D/dalvikvm( 1453): Added shared lib libnativehelper.so 0x0
D/AndroidRuntime( 1453): Calling main entry com.android.commands.am.Am
I/ActivityManager(  288): START {flg=0x10000000 cmp=com.pushapp/.MainActivity u=0} from pid 1453
D/PermissionCache(  116): checking android.permission.READ_FRAME_BUFFER for uid=1000 => granted (47 us)
E/SocketStream(  116): readFully was waiting for 403440 bytes, got 8760 
E/SocketStream(  116): readFully was waiting for 394680 bytes, got 16384 
E/SocketStream(  116): readFully was waiting for 378296 bytes, got 1136 
E/SocketStream(  116): readFully was waiting for 377160 bytes, got 16384 
E/SocketStream(  116): readFully was waiting for 360776 bytes, got 9896 
E/SocketStream(  116): readFully was waiting for 350880 bytes, got 16384 
E/SocketStream(  116): readFully was waiting for 334496 bytes, got 15736 
E/SocketStream(  116): readFully was waiting for 318760 bytes, got 16384 
E/SocketStream(  116): readFully was waiting for 302376 bytes, got 21576 
E/SocketStream(  116): readFully was waiting for 280800 bytes, got 32768 
E/SocketStream(  116): readFully was waiting for 248032 bytes, got 8112 
E/SocketStream(  116): readFully was waiting for 239920 bytes, got 49152 
E/SocketStream(  116): readFully was waiting for 190768 bytes, got 16384 
E/SocketStream(  116): readFully was waiting for 174384 bytes, got 16224 
E/SocketStream(  116): readFully was waiting for 158160 bytes, got 49152 
E/SocketStream(  116): readFully was waiting for 109008 bytes, got 49152 
E/SocketStream(  116): readFully was waiting for 59856 bytes, got 16384 
E/SocketStream(  116): readFully was waiting for 43472 bytes, got 7952 
E/SocketStream(  116): readFully was waiting for 35520 bytes, got 32768 
D/dalvikvm(  288): GC_FOR_ALLOC freed 840K, 13% free 12865K/14727K, paused 16ms, total 18ms
I/dalvikvm-heap(  288): Grow heap (frag case) to 13.240MB for 214524-byte allocation
D/dalvikvm(  288): GC_FOR_ALLOC freed 69K, 14% free 13005K/14983K, paused 23ms, total 23ms
D/AndroidRuntime( 1453): Shutting down VM
D/dalvikvm( 1453): GC_CONCURRENT freed 96K, 89% free 475K/4096K, paused 0ms+0ms, total 1ms
I/AndroidRuntime( 1453): NOTE: attach of thread 'Binder_3' failed
D/dalvikvm( 1462): Late-enabling CheckJNI
I/ActivityManager(  288): Start proc com.pushapp for activity com.pushapp/.MainActivity: pid=1462 uid=10036 gids={3003, 1028}
I/qtaguid (  288): Failed write_ctrl(s 1 10036) res=-1 errno=1
W/NetworkManagementSocketTagger(  288): setKernelCountSet(10036, 1) failed with errno -1
D/OpenGLRenderer(  513): TextureCache::flush: target size: 739819
D/OpenGLRenderer(  513): TextureCache::callback: name, removed size, mSize = 2, 324, 1232708
D/OpenGLRenderer(  513): TextureCache::callback: name, removed size, mSize = 18, 324, 1232384
D/OpenGLRenderer(  513): TextureCache::callback: name, removed size, mSize = 4, 24400, 1207984
D/OpenGLRenderer(  513): TextureCache::callback: name, removed size, mSize = 5, 9216, 1198768
D/OpenGLRenderer(  513): TextureCache::callback: name, removed size, mSize = 6, 20736, 1178032
D/OpenGLRenderer(  513): TextureCache::callback: name, removed size, mSize = 7, 20736, 1157296
D/OpenGLRenderer(  513): TextureCache::callback: name, removed size, mSize = 9, 20736, 1136560
D/OpenGLRenderer(  513): TextureCache::callback: name, removed size, mSize = 11, 20736, 1115824
D/OpenGLRenderer(  513): TextureCache::callback: name, removed size, mSize = 12, 20736, 1095088
D/OpenGLRenderer(  513): TextureCache::callback: name, removed size, mSize = 13, 20736, 1074352
D/OpenGLRenderer(  513): TextureCache::callback: name, removed size, mSize = 20, 345744, 728608
D/        (  288): HostConnection::get() New Host Connection established 0xb7a424f0, tid 319
I/dalvikvm( 1462): Could not find method android.webkit.WebView.setWebContentsDebuggingEnabled, referenced from method org.apache.cordova.engine.SystemWebViewEngine.enableRemoteDebugging
W/dalvikvm( 1462): VFY: unable to resolve static method 5337: Landroid/webkit/WebView;.setWebContentsDebuggingEnabled (Z)V
D/dalvikvm( 1462): VFY: replacing opcode 0x71 at 0x0001
I/dalvikvm( 1462): Could not find method android.webkit.WebSettings.setMediaPlaybackRequiresUserGesture, referenced from method org.apache.cordova.engine.SystemWebViewEngine.initWebViewSettings
W/dalvikvm( 1462): VFY: unable to resolve virtual method 5326: Landroid/webkit/WebSettings;.setMediaPlaybackRequiresUserGesture (Z)V
D/dalvikvm( 1462): VFY: replacing opcode 0x6e at 0x007a
I/dalvikvm( 1462): Could not find method android.webkit.CookieManager.setAcceptThirdPartyCookies, referenced from method org.apache.cordova.engine.SystemCookieManager.<init>
W/dalvikvm( 1462): VFY: unable to resolve virtual method 5292: Landroid/webkit/CookieManager;.setAcceptThirdPartyCookies (Landroid/webkit/WebView;Z)V
D/dalvikvm( 1462): VFY: replacing opcode 0x6e at 0x0016
I/dalvikvm( 1462): Could not find method android.webkit.CookieManager.flush, referenced from method org.apache.cordova.engine.SystemCookieManager.flush
W/dalvikvm( 1462): VFY: unable to resolve virtual method 5287: Landroid/webkit/CookieManager;.flush ()V
D/dalvikvm( 1462): VFY: replacing opcode 0x6e at 0x0008
W/dalvikvm( 1462): VFY: unable to find class referenced in signature (Landroid/webkit/ClientCertRequest;)
W/dalvikvm( 1462): VFY: unable to find class referenced in signature (Landroid/webkit/ClientCertRequest;)
I/dalvikvm( 1462): Could not find method android.webkit.WebViewClient.onReceivedClientCertRequest, referenced from method org.apache.cordova.engine.SystemWebViewClient.onReceivedClientCertRequest
W/dalvikvm( 1462): VFY: unable to resolve virtual method 5342: Landroid/webkit/WebViewClient;.onReceivedClientCertRequest (Landroid/webkit/WebView;Landroid/webkit/ClientCertRequest;)V
D/dalvikvm( 1462): VFY: replacing opcode 0x6f at 0x001a
I/dalvikvm( 1462): Could not find method android.webkit.WebChromeClient$FileChooserParams.createIntent, referenced from method org.apache.cordova.engine.SystemWebChromeClient.onShowFileChooser
W/dalvikvm( 1462): VFY: unable to resolve virtual method 5306: Landroid/webkit/WebChromeClient$FileChooserParams;.createIntent ()Landroid/content/Intent;
D/dalvikvm( 1462): VFY: replacing opcode 0x6e at 0x0000
D/SystemWebViewEngine( 1462): CordovaWebView is running on device made by: Genymotion
I/SystemWebViewEngine( 1462): Disabled addJavascriptInterface() bridge since Android version is old.
D/libEGL  ( 1462): loaded /system/lib/egl/libEGL_genymotion.so
D/        ( 1462): HostConnection::get() New Host Connection established 0xb7a18288, tid 1462
D/libEGL  ( 1462): loaded /system/lib/egl/libGLESv1_CM_genymotion.so
D/libEGL  ( 1462): loaded /system/lib/egl/libGLESv2_genymotion.so
W/EGL_genymotion( 1462): eglSurfaceAttrib not implemented
D/OpenGLRenderer( 1462): Enabling debug mode 0
I/ActivityManager(  288): Displayed com.pushapp/.MainActivity: +466ms
I/qtaguid (  288): Failed write_ctrl(s 0 10021) res=-1 errno=1
W/NetworkManagementSocketTagger(  288): setKernelCountSet(10021, 0) failed with errno -1
D/dalvikvm( 1462): GC_CONCURRENT freed 116K, 7% free 8243K/8839K, paused 11ms+0ms, total 15ms
D/JsMessageQueue( 1462): Set native->JS mode to OnlineEventsBridgeMode
D/TilesManager( 1462): new EGLContext from framework: b7a49cc0 
D/GLWebViewState( 1462): Reinit shader
D/GLWebViewState( 1462): Reinit transferQueue
E/Web Console( 1462): No Content-Security-Policy meta tag found. Please add one when using the cordova-plugin-whitelist plugin. at file:///android_asset/www/plugins/cordova-plugin-whitelist/whitelist.js:23
I/Web Console( 1462): Received Event: deviceready at file:///android_asset/www/js/index.js:67
D/dalvikvm( 1462): GC_FOR_ALLOC freed 466K, 12% free 8131K/9159K, paused 4ms, total 4ms
D/dalvikvm( 1462): GC_FOR_ALLOC freed 4K, 9% free 8399K/9159K, paused 3ms, total 3ms
D/dalvikvm( 1462): GC_CONCURRENT freed 398K, 11% free 8411K/9415K, paused 11ms+1ms, total 13ms
W/EGL_genymotion( 1462): eglSurfaceAttrib not implemented
D/OpenGLRenderer( 1462): TextureCache::get: create texture(0xb7af6f08): name, size, mSize = 17, 17328, 17328
D/OpenGLRenderer( 1462): TextureCache::get: create texture(0xb79847b0): name, size, mSize = 19, 4, 17332
D/OpenGLRenderer( 1462): TextureCache::get: create texture(0xb79f1d28): name, size, mSize = 20, 2128, 19460
D/OpenGLRenderer( 1462): TextureCache::get: create texture(0xb79e4a40): name, size, mSize = 21, 17328, 36788
D/OpenGLRenderer( 1462): TextureCache::get: create texture(0xb7b0edb8): name, size, mSize = 22, 157440, 194228
D/OpenGLRenderer( 1462): TextureCache::get: create texture(0xb7a0bfb8): name, size, mSize = 23, 10368, 204596
I/CheckinService(  725): Done disabling old GoogleServicesFramework version
I/ConfigService(  549): onDestroy
D/dalvikvm(  288): GC_CONCURRENT freed 1119K, 13% free 13055K/14983K, paused 11ms+2ms, total 62ms
I/AudioMixer(  119): found effect "Multichannel Downmix To Stereo" from The Android Open Source Project
D/PhoneStatusBar(  438): disable: < expand icons alerts ticker system_info BACK HOME recent* CLOCK >
W/genymotion_audio(  119): out_write() limiting sleep time 46802 to 39909
D/PhoneStatusBar(  438): disable: < expand icons alerts ticker system_info back* home* recent clock* >
I/ActivityManager(  288): No longer want com.google.android.gsf.login (pid 1287): hidden #16
D/OpenGLRenderer( 1462): TextureCache::get: create texture(0xb79ec4e8): name, size, mSize = 427, 10368, 214964
E/SocketStream(  116): readFully was waiting for 403440 bytes, got 49152 
E/SocketStream(  116): readFully was waiting for 354288 bytes, got 49152 
E/SocketStream(  116): readFully was waiting for 305136 bytes, got 49152 
E/SocketStream(  116): readFully was waiting for 255984 bytes, got 16384 
E/SocketStream(  116): readFully was waiting for 239600 bytes, got 49152 
E/SocketStream(  116): readFully was waiting for 190448 bytes, got 10388 
E/SocketStream(  116): readFully was waiting for 180060 bytes, got 49152 
E/SocketStream(  116): readFully was waiting for 130908 bytes, got 49152 
E/SocketStream(  116): readFully was waiting for 81756 bytes, got 49152 
D/dalvikvm(  288): GC_FOR_ALLOC freed 890K, 14% free 13035K/14983K, paused 18ms, total 18ms
I/dalvikvm-heap(  288): Grow heap (frag case) to 13.406MB for 214524-byte allocation
D/dalvikvm(  288): GC_FOR_ALLOC freed 27K, 14% free 13217K/15239K, paused 22ms, total 22ms
I/qtaguid (  288): Failed write_ctrl(s 1 10021) res=-1 errno=1
W/NetworkManagementSocketTagger(  288): setKernelCountSet(10021, 1) failed with errno -1
W/EGL_genymotion(  513): eglSurfaceAttrib not implemented
D/OpenGLRenderer(  513): TextureCache::get: create texture(0xb799f808): name, size, mSize = 35, 324, 728932
D/OpenGLRenderer(  513): TextureCache::get: create texture(0xb799fc08): name, size, mSize = 36, 324, 729256
D/OpenGLRenderer(  513): TextureCache::get: create texture(0xb7a0ca10): name, size, mSize = 37, 20736, 749992
D/OpenGLRenderer(  513): TextureCache::get: create texture(0xb7a3f598): name, size, mSize = 38, 20736, 770728
D/OpenGLRenderer(  513): TextureCache::get: create texture(0xb7a3e9b0): name, size, mSize = 40, 20736, 791464
W/IInputConnectionWrapper( 1462): showStatusIcon on inactive InputConnection
W/InputMethodManagerService(  288): Starting input on non-focused client com.android.internal.view.IInputMethodClient$Stub$Proxy@5375ce54 (uid=10036 pid=1462)
D/OpenGLRenderer(  513): TextureCache::get: create texture(0xb7a08700): name, size, mSize = 41, 20736, 812200
D/OpenGLRenderer(  513): TextureCache::get: create texture(0xb7a3df10): name, size, mSize = 42, 20736, 832936
D/OpenGLRenderer(  513): TextureCache::get: create texture(0xb7a50ee8): name, size, mSize = 43, 20736, 853672
D/OpenGLRenderer(  513): TextureCache::get: create texture(0xb7aefa10): name, size, mSize = 44, 345744, 1199416
W/dalvikvm(  622): VFY: unable to find class referenced in signature (Lcom/android/location/provider/ActivityChangedEvent;)
I/dalvikvm(  622): Could not find method com.android.location.provider.ActivityChangedEvent.getActivityRecognitionEvents, referenced from method com.google.android.location.activity.bb.a
W/dalvikvm(  622): VFY: unable to resolve virtual method 2850: Lcom/android/location/provider/ActivityChangedEvent;.getActivityRecognitionEvents ()Ljava/lang/Iterable;
D/dalvikvm(  622): VFY: replacing opcode 0x6e at 0x0007
I/qtaguid (  288): Failed write_ctrl(s 0 10036) res=-1 errno=1
W/NetworkManagementSocketTagger(  288): setKernelCountSet(10036, 0) failed with errno -1
I/ActivityManager(  288): No longer want com.android.calendar (pid 1236): hidden #16
D/OpenGLRenderer( 1462): TextureCache::flush: target size: 128978
D/OpenGLRenderer( 1462): TextureCache::callback: name, removed size, mSize = 427, 10368, 204596
D/OpenGLRenderer( 1462): TextureCache::callback: name, removed size, mSize = 17, 17328, 187268
D/OpenGLRenderer( 1462): TextureCache::callback: name, removed size, mSize = 19, 4, 187264
D/OpenGLRenderer( 1462): TextureCache::callback: name, removed size, mSize = 20, 2128, 185136
D/OpenGLRenderer( 1462): TextureCache::callback: name, removed size, mSize = 21, 17328, 167808
D/OpenGLRenderer( 1462): TextureCache::callback: name, removed size, mSize = 22, 157440, 10368
E/webview ( 1462): Error: WebView.destroy() called while still attached!
D/webviewglue( 1462): nativeDestroy view: 0xb7abbaf8
D/OpenGLRenderer(  513): TextureCache::get: create texture(0xb7a48248): name, size, mSize = 51, 51984, 1251400
D/OpenGLRenderer(  513): TextureCache::get: create texture(0xb799fce8): name, size, mSize = 52, 20736, 1272136
D/dalvikvm(  288): WAIT_FOR_CONCURRENT_GC blocked 0ms
D/dalvikvm(  288): GC_EXPLICIT freed 300K, 15% free 13014K/15239K, paused 1ms+1ms, total 17ms
W/genymotion_audio(  119): out_write() limiting sleep time 109682 to 39909
D/dalvikvm(  513): WAIT_FOR_CONCURRENT_GC blocked 0ms
D/dalvikvm(  513): GC_EXPLICIT freed 457K, 9% free 10511K/11463K, paused 0ms+1ms, total 10ms
D/OpenGLRenderer(  513): TextureCache::get: create texture(0xb799dde0): name, size, mSize = 56, 72, 1272208
D/OpenGLRenderer(  513): TextureCache::get: create texture(0xb799e128): name, size, mSize = 57, 144, 1272352
D/OpenGLRenderer(  513): TextureCache::get: create texture(0xb7a48108): name, size, mSize = 58, 9216, 1281568
D/OpenGLRenderer(  513): TextureCache::get: create texture(0xb7b31068): name, size, mSize = 59, 20736, 1302304
W/genymotion_audio(  119): out_write() limiting sleep time 99637 to 39909
D/OpenGLRenderer(  513): TextureCache::get: create texture(0xb7b31370): name, size, mSize = 62, 20736, 1323040
D/OpenGLRenderer(  513): TextureCache::get: create texture(0xb7b312a8): name, size, mSize = 64, 20736, 1343776
D/OpenGLRenderer(  513): TextureCache::get: create texture(0xb7b31560): name, size, mSize = 67, 20736, 1364512
D/OpenGLRenderer(  513): TextureCache::get: create texture(0xb7b31858): name, size, mSize = 69, 20736, 1385248
D/OpenGLRenderer(  513): TextureCache::get: create texture(0xb7b35388): name, size, mSize = 72, 20736, 1405984
D/OpenGLRenderer(  513): TextureCache::get: create texture(0xb7b35718): name, size, mSize = 74, 20736, 1426720
D/OpenGLRenderer(  513): TextureCache::get: create texture(0xb7b31f60): name, size, mSize = 76, 20736, 1447456
D/OpenGLRenderer(  513): TextureCache::get: create texture(0xb7b31f30): name, size, mSize = 78, 20736, 1468192
D/OpenGLRenderer(  513): TextureCache::get: create texture(0xb7b31910): name, size, mSize = 80, 20736, 1488928
D/OpenGLRenderer(  513): TextureCache::get: create texture(0xb7b317c0): name, size, mSize = 82, 20736, 1509664
W/genymotion_audio(  119): out_write() limiting sleep time 69591 to 39909
D/OpenGLRenderer(  513): TextureCache::get: create texture(0xb7a99c60): name, size, mSize = 85, 20736, 1530400
D/OpenGLRenderer(  513): TextureCache::get: create texture(0xb7aa15f8): name, size, mSize = 87, 20736, 1551136
D/OpenGLRenderer(  513): TextureCache::get: create texture(0xb7aa3460): name, size, mSize = 90, 20736, 1571872
D/OpenGLRenderer(  513): TextureCache::get: create texture(0xb7aa3490): name, size, mSize = 92, 20736, 1592608
D/OpenGLRenderer(  513): TextureCache::get: create texture(0xb7b2fd60): name, size, mSize = 94, 20736, 1613344
W/genymotion_audio(  119): out_write() limiting sleep time 59546 to 39909
D/OpenGLRenderer(  513): TextureCache::get: create texture(0xb7a99850): name, size, mSize = 129, 20736, 1634080
D/OpenGLRenderer(  513): TextureCache::get: create texture(0xb7af5810): name, size, mSize = 131, 20736, 1654816
D/OpenGLRenderer(  513): TextureCache::get: create texture(0xb7a10df8): name, size, mSize = 134, 20736, 1675552
D/OpenGLRenderer(  513): TextureCache::get: create texture(0xb7a996e0): name, size, mSize = 135, 20736, 1696288
D/OpenGLRenderer(  513): TextureCache::get: create texture(0xb7a37518): name, size, mSize = 137, 20736, 1717024
D/OpenGLRenderer(  513): TextureCache::get: create texture(0xb7b072b8): name, size, mSize = 139, 20736, 1737760
D/OpenGLRenderer(  513): TextureCache::get: create texture(0xb7b08128): name, size, mSize = 141, 20736, 1758496
D/dalvikvm(  513): GC_CONCURRENT freed 452K, 9% free 10876K/11911K, paused 11ms+2ms, total 23ms
