W/dalvikvm(  549): VFY: unable to resolve virtual method 449: Landroid/content/pm/PackageManager;.getPackageInstaller ()Landroid/content/pm/PackageInstaller;
D/dalvikvm(  549): VFY: replacing opcode 0x6e at 0x000d
I/dalvikvm(  549): Could not find method android.app.Notification$Builder.setLocalOnly, referenced from method com.google.android.gms.common.ij.b
W/dalvikvm(  549): VFY: unable to resolve virtual method 154: Landroid/app/Notification$Builder;.setLocalOnly (Z)Landroid/app/Notification$Builder;
D/dalvikvm(  549): VFY: replacing opcode 0x6e at 0x0201
I/dalvikvm(  549): DexOpt: access denied from Lcom/google/android/gms/common/ij; to field Landroid/app/Notification;.extras
W/dalvikvm(  549): VFY: unable to resolve instance field 33
D/dalvikvm(  549): VFY: replacing opcode 0x54 at 0x0220
D/EmailProvider(  822): fromDatabase accounts: 0
D/EmailProvider(  822): ending toDatabase transaction; copyCount = 0
D/dalvikvm(  885): GC_CONCURRENT freed 261K, 9% free 8096K/8839K, paused 1ms+0ms, total 5ms
I/ActivityManager(  288): Start proc com.android.voicedialer for broadcast com.android.voicedialer/.VoiceDialerReceiver: pid=937 uid=10043 gids={3002, 1028}
D/MmsSmsDatabaseHelper(  502): [MmsSmsDb] tableName: threads hasAutoIncrement: CREATE TABLE threads (_id INTEGER PRIMARY KEY AUTOINCREMENT,date INTEGER DEFAULT 0,message_count INTEGER DEFAULT 0,recipient_ids TEXT,snippet TEXT,snippet_cs INTEGER DEFAULT 0,read INTEGER DEFAULT 1,type INTEGER DEFAULT 0,error INTEGER DEFAULT 0,has_attachment INTEGER DEFAULT 0) result: true
D/MmsSmsDatabaseHelper(  502): [MmsSmsDb] tableName: canonical_addresses hasAutoIncrement: CREATE TABLE canonical_addresses (_id INTEGER PRIMARY KEY AUTOINCREMENT,address TEXT) result: true
D/MmsSmsDatabaseHelper(  502): [getWritableDatabase] hasAutoIncrementThreads: true hasAutoIncrementAddresses: true
I/ActivityManager(  288): Start proc com.google.android.apps.genie.geniewidget for broadcast com.google.android.apps.genie.geniewidget/.miniwidget.MiniWidgetProvider: pid=950 uid=10053 gids={3003, 1015, 1028}
D/dalvikvm(  791): GC_CONCURRENT freed 271K, 9% free 8088K/8839K, paused 1ms+0ms, total 4ms
D/dalvikvm(  288): WAIT_FOR_CONCURRENT_GC blocked 0ms
D/dalvikvm(  288): GC_EXPLICIT freed 324K, 12% free 12633K/14343K, paused 1ms+1ms, total 19ms
D/dalvikvm(  288): WAIT_FOR_CONCURRENT_GC blocked 0ms
I/Scheduler(  549): Use PeriodicScheduler
D/dalvikvm(  288): GC_EXPLICIT freed 113K, 12% free 12632K/14343K, paused 0ms+6ms, total 40ms
D/dalvikvm(  791): GC_CONCURRENT freed 273K, 10% free 8217K/9031K, paused 0ms+1ms, total 4ms
I/ActivityThread(  950): Pub com.google.android.apps.genie.geniewidget.weather: com.google.android.apps.genie.geniewidget.providers.WeatherProvider
D/OpenGLRenderer(  438): TextureCache::get: create texture(0xb79e4a00): name, size, mSize = 13, 3132, 17604
W/InstanceID/Rpc(  549): Found 10052
I/ActivityThread(  950): Pub com.google.android.apps.genie.geniewidget.newsimage: com.google.android.apps.genie.geniewidget.providers.NewsImageProvider
D/EmailProvider(  822): ending fromDatabase transaction; copyCount = 0
D/dalvikvm(  791): WAIT_FOR_CONCURRENT_GC blocked 0ms
D/dalvikvm(  791): GC_EXPLICIT freed 272K, 11% free 8123K/9031K, paused 0ms+1ms, total 14ms
I/System.out(  950): [INFO:43]: LogSource: Logging disabled
W/Genie   (  950): Cache file not found: java.io.FileNotFoundException: /data/data/com.google.android.apps.genie.geniewidget/cache/genie_masfcache: open failed: ENOENT (No such file or directory)
W/Genie   (  950): Cache file not found: java.io.FileNotFoundException: /data/data/com.google.android.apps.genie.geniewidget/cache/genie_iconcache: open failed: ENOENT (No such file or directory)
D/dalvikvm(  822): GC_CONCURRENT freed 240K, 9% free 8117K/8839K, paused 1ms+0ms, total 9ms
I/Genie   (  950): ignoring BOOT_COMPLETE since app has never been started
I/ActivityManager(  288): Start proc com.google.android.partnersetup for broadcast com.google.android.partnersetup/.GooglePartnerSetup: pid=968 uid=10057 gids={3003, 1028}
D/dalvikvm(  288): WAIT_FOR_CONCURRENT_GC blocked 0ms
I/ActivityThread(  968): Pub com.google.android.partnersetup.rlzprovider: com.google.android.partnersetup.RlzProvider
I/ActivityThread(  968): Pub com.google.android.partnersetup.rlzappprovider: com.google.android.partnersetup.RlzAppProvider
D/dalvikvm(  288): GC_EXPLICIT freed 130K, 12% free 12652K/14343K, paused 0ms+13ms, total 38ms
D/ExchangeService(  863): !!! EAS ExchangeService, onStartCommand, startingUp = true, running = false
D/dalvikvm(  549): GC_CONCURRENT freed 290K, 8% free 9771K/10567K, paused 12ms+1ms, total 44ms
I/SystemUpdateService(  549): cancelUpdate (empty URL)
I/ActivityManager(  288): Start proc com.google.android.onetimeinitializer for broadcast com.google.android.onetimeinitializer/.OneTimeInitializerReceiver: pid=995 uid=10061 gids={1028}
I/SystemUpdateService(  549): cancelUpdate (empty URL)
V/OneTimeInitializerReceiver(  995): OneTimeInitializerReceiver.onReceive
V/OneTimeService(  995): OneTimeService.onHandleIntent
I/ActivityManager(  288): Start proc com.google.android.talk for broadcast com.google.android.talk/.videochat.BootCompleteReceiver: pid=1011 uid=10065 gids={3003, 1015, 1006, 3002, 1028}
I/RlzPingService(  968): Setting next ping for 1437468521329
I/ActivityThread( 1011): Pub com.google.android.talk.SuggestionProvider: com.google.android.talk.SuggestionsProvider
D/dalvikvm( 1011): GC_CONCURRENT freed 170K, 8% free 8189K/8839K, paused 13ms+1ms, total 18ms
D/vclib:CallStateClient( 1011): startListening
I/talk    ( 1011): Refresh the supported camera state
I/ActivityManager(  288): Start proc com.android.vending for broadcast com.android.vending/com.google.android.finsky.receivers.BootCompletedReceiver: pid=1031 uid=10062 gids={3003, 1015, 1028}
I/talk    ( 1011): Not arm7 x86
D/dalvikvm( 1031): GC_CONCURRENT freed 147K, 8% free 8210K/8839K, paused 11ms+6ms, total 20ms
I/ActivityThread( 1031): Pub com.google.android.finsky.RecentSuggestionsProvider: com.google.android.finsky.providers.RecentSuggestionsProvider
I/GTalkService/c(  549): [AndroidEndpoint@1399084896] connect: acct=1000000, state=CONNECTING
D/dalvikvm( 1031): GC_CONCURRENT freed 123K, 8% free 8494K/9159K, paused 17ms+1ms, total 32ms
D/dalvikvm(  549): GC_CONCURRENT freed 423K, 9% free 9861K/10823K, paused 0ms+1ms, total 9ms
E/dalvikvm( 1031): Could not find class 'android.app.AppOpsManager', referenced from method com.google.android.gms.common.GooglePlayServicesUtil.zza
W/dalvikvm( 1031): VFY: unable to resolve check-cast 32 (Landroid/app/AppOpsManager;) in Lcom/google/android/gms/common/GooglePlayServicesUtil;
D/dalvikvm( 1031): VFY: replacing opcode 0x1f at 0x000e
I/dalvikvm( 1031): Could not find method android.content.pm.PackageManager.getPackageInstaller, referenced from method com.google.android.gms.common.GooglePlayServicesUtil.zzk
W/dalvikvm( 1031): VFY: unable to resolve virtual method 548: Landroid/content/pm/PackageManager;.getPackageInstaller ()Landroid/content/pm/PackageInstaller;
D/dalvikvm( 1031): VFY: replacing opcode 0x6e at 0x000b
D/Finsky  ( 1031): [1] FinskyApp.onCreate: Initializing network with DFE https://android.clients.google.com/fdfe/
W/TelephonyManager( 1031): Overriding DeviceId with 000000000000000
D/dalvikvm( 1031): GC_CONCURRENT freed 210K, 8% free 8731K/9479K, paused 10ms+0ms, total 15ms
I/dalvikvm( 1031): Could not find method android.content.pm.ApplicationInfo.loadUnbadgedIcon, referenced from method com.google.android.finsky.utils.NotificationManager.showSuccessfulNewInstallMessage
W/dalvikvm( 1031): VFY: unable to resolve virtual method 504: Landroid/content/pm/ApplicationInfo;.loadUnbadgedIcon (Landroid/content/pm/PackageManager;)Landroid/graphics/drawable/Drawable;
D/dalvikvm( 1031): VFY: replacing opcode 0x6e at 0x004e
I/ActivityManager(  288): No longer want com.android.settings (pid 569): hidden #16
I/dalvikvm( 1031): Could not find method android.provider.Settings$Global.getInt, referenced from method com.google.android.finsky.services.DailyHygiene.isProvisioned
W/dalvikvm( 1031): VFY: unable to resolve static method 1289: Landroid/provider/Settings$Global;.getInt (Landroid/content/ContentResolver;Ljava/lang/String;I)I
D/dalvikvm( 1031): VFY: replacing opcode 0x71 at 0x0011
D/Finsky  ( 1031): [1] DailyHygiene.goMakeHygieneIfDirty: No need to run daily hygiene.
I/dalvikvm( 1031): Could not find method android.provider.Settings$Global.getInt, referenced from method com.google.android.finsky.installer.InstallPolicies.getStorageLowBytes
W/dalvikvm( 1031): VFY: unable to resolve static method 1289: Landroid/provider/Settings$Global;.getInt (Landroid/content/ContentResolver;Ljava/lang/String;I)I
D/dalvikvm( 1031): VFY: replacing opcode 0x71 at 0x0022
I/dalvikvm( 1031): Could not find method android.os.StatFs.getAvailableBytes, referenced from method com.google.android.finsky.installer.InstallPolicies.isFreeSpaceSufficient
W/dalvikvm( 1031): VFY: unable to resolve virtual method 1252: Landroid/os/StatFs;.getAvailableBytes ()J
D/dalvikvm( 1031): VFY: replacing opcode 0x6e at 0x000f
I/dalvikvm( 1031): Could not find method com.google.android.finsky.layout.DocImageView.setTransitionName, referenced from method com.google.android.finsky.utils.PlayCardUtils.bindCard
W/dalvikvm( 1031): VFY: unable to resolve virtual method 22356: Lcom/google/android/finsky/layout/DocImageView;.setTransitionName (Ljava/lang/String;)V
D/dalvikvm( 1031): VFY: replacing opcode 0x6e at 0x0101
I/dalvikvm( 1031): Could not find method com.google.android.finsky.layout.DocImageView.setTransitionName, referenced from method com.google.android.finsky.utils.PlayCardUtils.bindCard
W/dalvikvm( 1031): VFY: unable to resolve virtual method 22356: Lcom/google/android/finsky/layout/DocImageView;.setTransitionName (Ljava/lang/String;)V
D/dalvikvm( 1031): VFY: replacing opcode 0x6e at 0x026e
I/dalvikvm( 1031): Could not find method com.google.android.play.layout.PlayCardViewBase.setTransitionGroup, referenced from method com.google.android.finsky.utils.PlayCardUtils.bindCard
W/dalvikvm( 1031): VFY: unable to resolve virtual method 39132: Lcom/google/android/play/layout/PlayCardViewBase;.setTransitionGroup (Z)V
D/dalvikvm( 1031): VFY: replacing opcode 0x6e at 0x0276
D/dalvikvm( 1031): GC_CONCURRENT freed 294K, 9% free 8897K/9735K, paused 31ms+10ms, total 54ms
I/dalvikvm( 1031): Could not find method android.view.View.getTransitionName, referenced from method com.google.android.finsky.navigationmanager.NavigationManager.showPage
W/dalvikvm( 1031): VFY: unable to resolve virtual method 9870: Landroid/view/View;.getTransitionName ()Ljava/lang/String;
D/dalvikvm( 1031): VFY: replacing opcode 0x6e at 0x001a
I/dalvikvm( 1031): Could not find method android.content.res.Configuration.getLayoutDirection, referenced from method com.google.android.play.utils.PlayUtils.useLtr
W/dalvikvm( 1031): VFY: unable to resolve virtual method 580: Landroid/content/res/Configuration;.getLayoutDirection ()I
D/dalvikvm( 1031): VFY: replacing opcode 0x6e at 0x0010
I/dalvikvm( 1031): Could not find method android.content.pm.PackageManager.extendVerificationTimeout, referenced from method com.google.android.vending.verifier.PackageVerificationService.extendTimeout
W/dalvikvm( 1031): VFY: unable to resolve virtual method 533: Landroid/content/pm/PackageManager;.extendVerificationTimeout (IIJ)V
D/dalvikvm( 1031): VFY: replacing opcode 0x6e at 0x0010
D/Volley  ( 1031): [106] DiskBasedCache.clear: Cache cleared.
D/Volley  ( 1031): [113] DiskBasedCache.clear: Cache cleared.
I/ActivityManager(  288): Start proc com.google.android.googlequicksearchbox:search for broadcast com.google.android.googlequicksearchbox/com.google.android.search.core.StartUpReceiver: pid=1076 uid=10063 gids={3003, 1028, 3002, 1015}
I/ActivityManager(  288): No longer want com.google.android.gsf.login (pid 687): hidden #16
D/Finsky  ( 1031): [1] 2.run: Loaded library for account: [LMm03D8Cl8E_f-0Ow9cR8LJy7X4]
D/Finsky  ( 1031): [1] 2.run: Finished loading 1 libraries.
D/dalvikvm( 1076): WAIT_FOR_CONCURRENT_GC blocked 0ms
D/Finsky  ( 1031): [1] GmsCoreHelper.cleanupNlp: result=false type=1
D/Finsky  ( 1031): [1] RestoreTracker.stopServiceIfDone: Restore complete with 0 success and 0 failed.
D/dalvikvm( 1076): GC_CONCURRENT freed 150K, 8% free 8208K/8839K, paused 11ms+0ms, total 14ms
D/dalvikvm( 1076): GC_CONCURRENT freed 117K, 8% free 8500K/9159K, paused 11ms+1ms, total 14ms
D/dalvikvm( 1076): GC_CONCURRENT freed 128K, 8% free 8809K/9479K, paused 11ms+1ms, total 15ms
I/ActivityThread( 1076): Pub com.google.android.projection.CarAudioProvider: com.google.android.projection.CarAudioProvider
I/ActivityThread( 1076): Pub com.google.android.googlequicksearchbox.google: com.google.android.search.core.google.GoogleSuggestionProvider
I/ActivityThread( 1076): Pub com.google.android.velvet.extradex.ExtraDexHostProvider: com.google.android.velvet.extradex.ExtraDexHostProvider
I/ActivityThread( 1076): Pub com.google.android.googlequicksearchbox.icing: com.google.android.search.core.icingsync.InternalIcingCorporaProvider
I/dalvikvm( 1076): Could not find method android.provider.Settings$Global.getInt, referenced from method com.google.android.apps.gsa.shared.util.ch.bO
W/dalvikvm( 1076): VFY: unable to resolve static method 2062: Landroid/provider/Settings$Global;.getInt (Landroid/content/ContentResolver;Ljava/lang/String;I)I
D/dalvikvm( 1076): VFY: replacing opcode 0x71 at 0x000e
I/dalvikvm( 1076): Could not find method android.view.View.isInLayout, referenced from method com.google.android.apps.gsa.shared.util.ch.bW
W/dalvikvm( 1076): VFY: unable to resolve virtual method 5587: Landroid/view/View;.isInLayout ()Z
D/dalvikvm( 1076): VFY: replacing opcode 0x6e at 0x0006
I/dalvikvm( 1076): Could not find method android.app.ActivityManager.isLowRamDevice, referenced from method com.google.android.apps.gsa.shared.util.ch.bs
W/dalvikvm( 1076): VFY: unable to resolve virtual method 299: Landroid/app/ActivityManager;.isLowRamDevice ()Z
D/dalvikvm( 1076): VFY: replacing opcode 0x6e at 0x000f
I/ActivityThread( 1076): Pub com.google.android.googlequicksearchbox.AudioProvider: com.google.android.apps.gsa.speech.audio.AudioProvider
I/ActivityThread( 1076): Pub com.google.android.googlequicksearchbox.NetworkImageLoaderContentProvider: com.google.android.search.core.imageloader.NetworkImageLoaderContentProvider
I/ActivityThread( 1076): Pub com.google.android.velvet.util.statedumpprovider: com.google.android.velvet.util.StateDumpProvider
D/dalvikvm( 1076): GC_CONCURRENT freed 174K, 8% free 9019K/9735K, paused 11ms+0ms, total 15ms
D/dalvikvm( 1076): DexOpt: couldn't find static field Landroid/os/Build;.SUPPORTED_ABIS
W/dalvikvm( 1076): VFY: unable to resolve static field 205 (SUPPORTED_ABIS) in Landroid/os/Build;
D/dalvikvm( 1076): VFY: replacing opcode 0x62 at 0x001f
I/dalvikvm( 1076): Could not find method android.net.wifi.WifiInfo.getFrequency, referenced from method com.google.android.apps.gsa.shared.util.debug.m.akP
W/dalvikvm( 1076): VFY: unable to resolve virtual method 1634: Landroid/net/wifi/WifiInfo;.getFrequency ()I
D/dalvikvm( 1076): VFY: replacing opcode 0x6e at 0x002f
I/dalvikvm( 1076): Could not find method android.app.Notification$Builder.setLocalOnly, referenced from method com.google.android.gms.common.e.a
W/dalvikvm( 1076): VFY: unable to resolve virtual method 489: Landroid/app/Notification$Builder;.setLocalOnly (Z)Landroid/app/Notification$Builder;
D/dalvikvm( 1076): VFY: replacing opcode 0x6e at 0x00c2
I/dalvikvm( 1076): DexOpt: access denied from Lcom/google/android/gms/common/e; to field Landroid/app/Notification;.extras
W/dalvikvm( 1076): VFY: unable to resolve instance field 52
D/dalvikvm( 1076): VFY: replacing opcode 0x54 at 0x00e1
E/dalvikvm( 1076): Could not find class 'android.app.AppOpsManager', referenced from method com.google.android.gms.common.e.b
W/dalvikvm( 1076): VFY: unable to resolve check-cast 74 (Landroid/app/AppOpsManager;) in Lcom/google/android/gms/common/e;
D/dalvikvm( 1076): VFY: replacing opcode 0x1f at 0x000e
I/dalvikvm( 1076): Could not find method android.content.pm.PackageManager.getPackageInstaller, referenced from method com.google.android.gms.common.e.r
W/dalvikvm( 1076): VFY: unable to resolve virtual method 961: Landroid/content/pm/PackageManager;.getPackageInstaller ()Landroid/content/pm/PackageInstaller;
D/dalvikvm( 1076): VFY: replacing opcode 0x6e at 0x000b
I/dalvikvm( 1076): Could not find method android.app.AlarmManager.setExact, referenced from method com.google.android.search.core.k.c.setExact
W/dalvikvm( 1076): VFY: unable to resolve virtual method 307: Landroid/app/AlarmManager;.setExact (IJLandroid/app/PendingIntent;)V
D/dalvikvm( 1076): VFY: replacing opcode 0x6e at 0x000e
D/dalvikvm( 1076): GC_CONCURRENT freed 215K, 8% free 9234K/9991K, paused 10ms+0ms, total 16ms
E/dalvikvm( 1076): Could not find class 'android.os.UserHandle', referenced from method com.google.android.apps.gsa.shared.util.UserHandleCompat.<init>
W/dalvikvm( 1076): VFY: unable to resolve const-class 374 (Landroid/os/UserHandle;) in Lcom/google/android/apps/gsa/shared/util/UserHandleCompat;
D/dalvikvm( 1076): VFY: replacing opcode 0x1c at 0x0009
W/dalvikvm( 1076): VFY: unable to find class referenced in signature (Landroid/os/UserHandle;)
I/dalvikvm( 1076): Could not find method android.os.Process.myUserHandle, referenced from method com.google.android.apps.gsa.shared.util.UserHandleCompat.aki
W/dalvikvm( 1076): VFY: unable to resolve static method 1932: Landroid/os/Process;.myUserHandle ()Landroid/os/UserHandle;
D/dalvikvm( 1076): VFY: replacing opcode 0x71 at 0x0008
W/dalvikvm( 1076): VFY: unable to find class referenced in signature (Landroid/os/UserHandle;)
I/dalvikvm( 1076): Could not find method android.os.UserHandle.toString, referenced from method com.google.android.apps.gsa.shared.util.UserHandleCompat.toString
W/dalvikvm( 1076): VFY: unable to resolve virtual method 1955: Landroid/os/UserHandle;.toString ()Ljava/lang/String;
D/dalvikvm( 1076): VFY: replacing opcode 0x6e at 0x000c
W/dalvikvm( 1076): VFY: unable to find class referenced in signature (Landroid/os/UserManager;)
I/dalvikvm( 1076): Could not find method android.os.UserManager.getUserProfiles, referenced from method com.google.android.apps.gsa.shared.util.cg.bJ
W/dalvikvm( 1076): VFY: unable to resolve virtual method 1959: Landroid/os/UserManager;.getUserProfiles ()Ljava/util/List;
D/dalvikvm( 1076): VFY: replacing opcode 0x6e at 0x0017
E/dalvikvm( 1076): Could not find class 'android.os.UserManager', referenced from method com.google.android.apps.gsa.shared.util.cg.bK
W/dalvikvm( 1076): VFY: unable to resolve check-cast 375 (Landroid/os/UserManager;) in Lcom/google/android/apps/gsa/shared/util/cg;
D/dalvikvm( 1076): VFY: replacing opcode 0x1f at 0x0006
D/dalvikvm( 1076): DexOpt: --- BEGIN 'doodle-1.jar' (bootstrap=0) ---
D/dalvikvm( 1102): DexOpt: load 1ms, verify+opt 5ms, 148132 bytes
D/dalvikvm( 1076): DexOpt: --- END 'doodle-1.jar' (success) ---
D/dalvikvm( 1076): DEX prep '/data/data/com.google.android.googlequicksearchbox/files/extradex_jars/verified/doodle/doodle-1.jar': unzip in 0ms, rewrite 54ms
D/dalvikvm( 1076): GC_CONCURRENT freed 266K, 8% free 9427K/10183K, paused 11ms+2ms, total 20ms
I/SearchServiceFactory( 1076): refreshing internal icing corpora
D/dalvikvm( 1076): DexOpt: --- BEGIN 'attemptedsearchhistory-1.jar' (bootstrap=0) ---
D/dalvikvm( 1109): DexOpt: load 0ms, verify+opt 0ms, 83660 bytes
I/ActivityManager(  288): No longer want com.android.contacts (pid 755): hidden #16
I/dalvikvm(  725): Could not find method android.app.AlarmManager.setExact, referenced from method com.google.android.gms.reminders.notification.NotificationService.b
W/dalvikvm(  725): VFY: unable to resolve virtual method 111: Landroid/app/AlarmManager;.setExact (IJLandroid/app/PendingIntent;)V
D/dalvikvm(  725): VFY: replacing opcode 0x6e at 0x002f
I/dalvikvm(  725): Could not find method android.app.AlarmManager.setWindow, referenced from method com.google.android.gms.reminders.notification.NotificationService.c
W/dalvikvm(  725): VFY: unable to resolve virtual method 115: Landroid/app/AlarmManager;.setWindow (IJJLandroid/app/PendingIntent;)V
D/dalvikvm(  725): VFY: replacing opcode 0x74 at 0x0056
I/dalvikvm(  725): Could not find method android.app.AlarmManager.setExact, referenced from method com.google.android.gms.reminders.notification.NotificationService.c
W/dalvikvm(  725): VFY: unable to resolve virtual method 111: Landroid/app/AlarmManager;.setExact (IJLandroid/app/PendingIntent;)V
D/dalvikvm(  725): VFY: replacing opcode 0x6e at 0x0032
D/dalvikvm(  288): WAIT_FOR_CONCURRENT_GC blocked 0ms
D/dalvikvm( 1076): DexOpt: --- END 'attemptedsearchhistory-1.jar' (success) ---
D/dalvikvm( 1076): DEX prep '/data/data/com.google.android.googlequicksearchbox/files/extradex_jars/verified/attemptedsearchhistory/attemptedsearchhistory-1.jar': unzip in 0ms, rewrite 85ms
E/dalvikvm(  549): Could not find class 'android.os.UserManager', referenced from method com.google.android.gms.common.analytics.f.c
W/dalvikvm(  549): VFY: unable to resolve check-cast 238 (Landroid/os/UserManager;) in Lcom/google/android/gms/common/analytics/f;
D/dalvikvm(  549): VFY: replacing opcode 0x1f at 0x0040
I/dalvikvm(  549): Could not find method android.accounts.AccountManager.getAccountsByTypeForPackage, referenced from method com.google.android.gms.common.analytics.f.c
W/dalvikvm(  549): VFY: unable to resolve virtual method 18: Landroid/accounts/AccountManager;.getAccountsByTypeForPackage (Ljava/lang/String;Ljava/lang/String;)[Landroid/accounts/Account;
D/dalvikvm(  549): VFY: replacing opcode 0x6e at 0x0072
E/dalvikvm(  549): Could not find class 'android.os.UserManager', referenced from method com.google.android.gms.common.util.a.b
W/dalvikvm(  549): VFY: unable to resolve check-cast 238 (Landroid/os/UserManager;) in Lcom/google/android/gms/common/util/a;
D/dalvikvm(  549): VFY: replacing opcode 0x1f at 0x000e
I/dalvikvm(  549): Could not find method android.accounts.AccountManager.getAccountsByTypeForPackage, referenced from method com.google.android.gms.common.util.a.c
W/dalvikvm(  549): VFY: unable to resolve virtual method 18: Landroid/accounts/AccountManager;.getAccountsByTypeForPackage (Ljava/lang/String;Ljava/lang/String;)[Landroid/accounts/Account;
D/dalvikvm(  549): VFY: replacing opcode 0x6e at 0x001f
E/dalvikvm(  549): Could not find class 'android.os.UserManager', referenced from method com.google.android.gms.common.util.a.c
W/dalvikvm(  549): VFY: unable to resolve check-cast 238 (Landroid/os/UserManager;) in Lcom/google/android/gms/common/util/a;
D/dalvikvm(  549): VFY: replacing opcode 0x1f at 0x000f
E/dalvikvm(  549): Could not find class 'android.os.UserManager', referenced from method com.google.android.gms.common.util.a.e
W/dalvikvm(  549): VFY: unable to resolve check-cast 238 (Landroid/os/UserManager;) in Lcom/google/android/gms/common/util/a;
D/dalvikvm(  549): VFY: replacing opcode 0x1f at 0x000f
D/dalvikvm(  288): GC_EXPLICIT freed 432K, 12% free 12714K/14343K, paused 1ms+1ms, total 48ms
D/dalvikvm(  549): GC_CONCURRENT freed 476K, 9% free 9981K/10951K, paused 13ms+1ms, total 21ms
D/dalvikvm( 1076): GC_CONCURRENT freed 279K, 8% free 9568K/10375K, paused 33ms+1ms, total 49ms
V/GLSUser (  549): [LoginAccountsChangedWakefulBroadcastReceiver] recieved broadcast intent with action: android.intent.action.BOOT_COMPLETED
I/SearchServiceFactory( 1076): refreshing search history.
I/UpdateIcingCorporaServi( 1076): Updating corpora: APPS=MAYBE, CONTACTS=MAYBE
I/NotificationStore(  549): file does not exist: /data/data/com.google.android.gms/files/notification_data.dat
D/dalvikvm(  622): WAIT_FOR_CONCURRENT_GC blocked 0ms
V/GmsCoreStatsServiceLauncher(  725): Received broadcast intent Intent { act=android.intent.action.BOOT_COMPLETED flg=0x10 cmp=com.google.android.gms/.common.stats.GmsCoreStatsServiceLauncher }
D/dalvikvm(  549): WAIT_FOR_CONCURRENT_GC blocked 0ms
D/dalvikvm(  549): GC_EXPLICIT freed 158K, 9% free 10042K/11015K, paused 0ms+11ms, total 21ms
E/dalvikvm(  725): Could not find class 'android.os.UserManager', referenced from method com.google.android.gms.common.analytics.f.c
W/dalvikvm(  725): VFY: unable to resolve check-cast 238 (Landroid/os/UserManager;) in Lcom/google/android/gms/common/analytics/f;
D/dalvikvm(  725): VFY: replacing opcode 0x1f at 0x0040
I/dalvikvm(  725): Could not find method android.accounts.AccountManager.getAccountsByTypeForPackage, referenced from method com.google.android.gms.common.analytics.f.c
W/dalvikvm(  725): VFY: unable to resolve virtual method 18: Landroid/accounts/AccountManager;.getAccountsByTypeForPackage (Ljava/lang/String;Ljava/lang/String;)[Landroid/accounts/Account;
D/dalvikvm(  725): VFY: replacing opcode 0x6e at 0x0072
D/dalvikvm(  622): GC_EXPLICIT freed 318K, 8% free 9963K/10823K, paused 0ms+0ms, total 59ms
W/LocationOracleImpl( 1076): Best location was null
I/dalvikvm( 1076): Could not find method android.webkit.WebSettings.getDefaultUserAgent, referenced from method com.google.android.apps.gsa.shared.util.ci.bQ
W/dalvikvm( 1076): VFY: unable to resolve static method 5990: Landroid/webkit/WebSettings;.getDefaultUserAgent (Landroid/content/Context;)Ljava/lang/String;
D/dalvikvm( 1076): VFY: replacing opcode 0x71 at 0x000d
D/PersistentNotificationBroadcastReceiver(  549): Received intent: Intent { act=android.intent.action.BOOT_COMPLETED flg=0x10 cmp=com.google.android.gms/.common.notification.PersistentNotificationBroadcastReceiver }
I/dalvikvm(  622): Could not find method android.os.Looper.quitSafely, referenced from method com.google.android.gms.fitness.service.b.b.onDestroy
W/dalvikvm(  622): VFY: unable to resolve virtual method 1285: Landroid/os/Looper;.quitSafely ()V
D/dalvikvm(  622): VFY: replacing opcode 0x6e at 0x002c
I/dalvikvm(  549): Could not find method android.app.PendingIntent.getCreatorPackage, referenced from method com.google.android.gms.auth.c.c.a
W/dalvikvm(  549): VFY: unable to resolve virtual method 169: Landroid/app/PendingIntent;.getCreatorPackage ()Ljava/lang/String;
D/dalvikvm(  549): VFY: replacing opcode 0x6e at 0x000b
D/dalvikvm( 1076): GC_CONCURRENT freed 320K, 8% free 9738K/10567K, paused 73ms+11ms, total 102ms
E/GmsWearableLS(  622): GoogleApiClient connection failed: ConnectionResult{statusCode=API_UNAVAILABLE, resolution=null}
I/UpdateIcingCorporaServi( 1076): UpdateCorporaTask done [took 324 ms] updated apps [took 324 ms] 
I/dalvikvm(  549): Could not find method android.accounts.AccountManager.removeAccountExplicitly, referenced from method com.google.android.gms.auth.be.t.a
W/dalvikvm(  549): VFY: unable to resolve virtual method 24: Landroid/accounts/AccountManager;.removeAccountExplicitly (Landroid/accounts/Account;)Z
D/dalvikvm(  549): VFY: replacing opcode 0x6e at 0x001f
D/dalvikvm( 1076): Trying to load lib /data/data/com.google.android.googlequicksearchbox/lib/libcronet.so 0xa6a68f20
W/InstanceID/Rpc(  725): Found 10052
W/dalvikvm(  549): VFY: unable to find class referenced in signature (Landroid/net/Network;)
W/dalvikvm(  549): VFY: unable to find class referenced in signature (Landroid/net/Network;)
W/dalvikvm(  549): VFY: unable to find class referenced in signature (Landroid/net/Network;)
W/dalvikvm(  549): VFY: unable to find class referenced in signature (Landroid/net/Network;)
W/dalvikvm(  549): VFY: unable to find class referenced in signature (Landroid/net/Network;)
W/dalvikvm(  549): VFY: unable to find class referenced in signature (Landroid/net/Network;)
W/dalvikvm(  549): VFY: unable to find class referenced in signature (Landroid/net/Network;)
W/dalvikvm(  549): VFY: unable to find class referenced in signature (Landroid/net/Network;)
W/dalvikvm(  549): VFY: unable to find class referenced in signature (Landroid/net/Network;)
I/dalvikvm(  549): Could not find method android.net.Network.openConnection, referenced from method com.google.android.gms.http.g.a
W/dalvikvm(  549): VFY: unable to resolve virtual method 1135: Landroid/net/Network;.openConnection (Ljava/net/URL;)Ljava/net/URLConnection;
D/dalvikvm(  549): VFY: replacing opcode 0x6e at 0x00bb
I/GoogleURLConnFactory(  549): Using platform SSLCertificateSocketFactory
E/dalvikvm(  549): Could not find class 'android.security.KeyPairGeneratorSpec$Builder', referenced from method com.google.android.gms.auth.e.c.a
D/dalvikvm(  725): GC_CONCURRENT freed 526K, 10% free 10206K/11271K, paused 0ms+3ms, total 22ms
W/dalvikvm(  549): VFY: unable to resolve new-instance 358 (Landroid/security/KeyPairGeneratorSpec$Builder;) in Lcom/google/android/gms/auth/e/c;
D/dalvikvm(  549): VFY: replacing opcode 0x22 at 0x0037
D/dalvikvm(  549): DexOpt: unable to opt direct call 0x059a at 0x39 in Lcom/google/android/gms/auth/e/c;.a
I/GLSUser (  549): [ChannelManager] Attempting to channel bind connection HttpClient.
I/GLSUser (  549): [ChannelManager] Checking whether channelId is enabled. isEnabledGmsCore? false, isEnabledSdk? false, isAtLeastKitKat? false
D/dalvikvm( 1076): Added shared lib /data/data/com.google.android.googlequicksearchbox/lib/libcronet.so 0xa6a68f20
I/dalvikvm(  549): Could not find method android.accounts.AccountManager.renameAccount, referenced from method com.google.android.gms.auth.be.n.a
W/dalvikvm(  549): VFY: unable to resolve virtual method 25: Landroid/accounts/AccountManager;.renameAccount (Landroid/accounts/Account;Ljava/lang/String;Landroid/accounts/AccountManagerCallback;Landroid/os/Handler;)Landroid/accounts/AccountManagerFuture;
D/dalvikvm(  549): VFY: replacing opcode 0x6e at 0x0073
E/dalvikvm(  549): Could not find class 'android.net.Network', referenced from method com.google.android.gms.auth.be.n.a
W/dalvikvm(  549): VFY: unable to resolve check-cast 189 (Landroid/net/Network;) in Lcom/google/android/gms/auth/be/n;
D/dalvikvm(  549): VFY: replacing opcode 0x1f at 0x015b
W/dalvikvm(  549): VFY: unable to find class referenced in signature (Landroid/net/Network;)
W/dalvikvm(  549): VFY: unable to find class referenced in signature (Landroid/net/Network;)
I/GLSUser (  549): [GLSUser] getTokenFromCache: [account: <ELLIDED:3646>, callingPkg: com.google.android.googlequicksearchbox, service: oauth2:https://www.googleapis.com/auth/googlenow]
I/Auth.Core(  549): [TokenCache] Missing snowballing token: no granted scopes set.
E/dalvikvm(  725): Could not find class 'android.os.UserManager', referenced from method com.google.android.gms.common.util.a.b
W/dalvikvm(  725): VFY: unable to resolve check-cast 238 (Landroid/os/UserManager;) in Lcom/google/android/gms/common/util/a;
D/dalvikvm(  725): VFY: replacing opcode 0x1f at 0x000e
I/dalvikvm(  725): Could not find method android.accounts.AccountManager.getAccountsByTypeForPackage, referenced from method com.google.android.gms.common.util.a.c
W/dalvikvm(  725): VFY: unable to resolve virtual method 18: Landroid/accounts/AccountManager;.getAccountsByTypeForPackage (Ljava/lang/String;Ljava/lang/String;)[Landroid/accounts/Account;
D/dalvikvm(  725): VFY: replacing opcode 0x6e at 0x001f
E/dalvikvm(  725): Could not find class 'android.os.UserManager', referenced from method com.google.android.gms.common.util.a.c
W/dalvikvm(  725): VFY: unable to resolve check-cast 238 (Landroid/os/UserManager;) in Lcom/google/android/gms/common/util/a;
D/dalvikvm(  725): VFY: replacing opcode 0x1f at 0x000f
E/dalvikvm(  725): Could not find class 'android.os.UserManager', referenced from method com.google.android.gms.common.util.a.e
W/dalvikvm(  725): VFY: unable to resolve check-cast 238 (Landroid/os/UserManager;) in Lcom/google/android/gms/common/util/a;
D/dalvikvm(  725): VFY: replacing opcode 0x1f at 0x000f
D/MediaScannerReceiver(  791): action: android.intent.action.MEDIA_MOUNTED path: /mnt/sdcard
D/dalvikvm(  117): WAIT_FOR_CONCURRENT_GC blocked 0ms
D/dalvikvm(  117): GC_EXPLICIT freed 37K, 9% free 7920K/8643K, paused 0ms+0ms, total 5ms
I/ActivityManager(  288): Start proc com.android.settings for broadcast com.android.settings/.widget.SettingsAppWidgetProvider: pid=1149 uid=1000 gids={1015, 3002, 3001, 3003, 1028, 3007}
I/GLSUser (  549): [GLSUser] getTokenFromGoogle [account: <ELLIDED:3646>, callingPkg: com.google.android.googlequicksearchbox, service: oauth2:https://www.googleapis.com/auth/googlenow
D/dalvikvm(  117): WAIT_FOR_CONCURRENT_GC blocked 0ms
D/dalvikvm(  117): GC_EXPLICIT freed <1K, 9% free 7920K/8643K, paused 0ms+0ms, total 32ms
D/dalvikvm(  117): WAIT_FOR_CONCURRENT_GC blocked 0ms
E/dalvikvm(  725): Could not find class 'android.os.UserHandle', referenced from method com.google.android.gms.gcm.f.a
W/dalvikvm(  725): VFY: unable to resolve check-cast 237 (Landroid/os/UserHandle;) in Lcom/google/android/gms/gcm/f;
D/dalvikvm(  725): VFY: replacing opcode 0x1f at 0x010b
D/dalvikvm(  549): GC_CONCURRENT freed 528K, 10% free 10253K/11271K, paused 11ms+4ms, total 57ms
E/dalvikvm(  549): Could not find class 'android.os.UserHandle', referenced from method com.google.android.gms.gcm.f.a
W/dalvikvm(  549): VFY: unable to resolve check-cast 237 (Landroid/os/UserHandle;) in Lcom/google/android/gms/gcm/f;
D/dalvikvm(  549): VFY: replacing opcode 0x1f at 0x010b
D/dalvikvm(  117): GC_EXPLICIT freed <1K, 9% free 7920K/8643K, paused 0ms+1ms, total 49ms
I/CheckinService(  725): Disabling old GoogleServicesFramework version
W/dalvikvm(  725): VFY: unable to find class referenced in signature (Landroid/net/Network;)
I/GCoreUlr(  725): Starting service, intent=Intent { act=com.google.android.location.reporting.ACTION_UPDATE_WORLD cmp=com.google.android.gms/com.google.android.location.reporting.service.DispatchingService (has extras) }, extras=Bundle[{receiverAction=android.intent.action.BOOT_COMPLETED}]
W/dalvikvm(  725): VFY: unable to find class referenced in signature (Landroid/net/Network;)
D/dalvikvm(  725): WAIT_FOR_CONCURRENT_GC blocked 0ms
D/SystemUpdateService(  725): onCreate
D/LocalBluetoothProfileManager( 1149): LocalBluetoothProfileManager construction complete
I/GoogleURLConnFactory(  549): Using platform SSLCertificateSocketFactory
D/dalvikvm(  725): GC_EXPLICIT freed 416K, 9% free 10286K/11271K, paused 0ms+1ms, total 73ms
D/dalvikvm( 1076): GC_CONCURRENT freed 420K, 9% free 9862K/10823K, paused 0ms+0ms, total 7ms
D/SystemUpdateService(  725): onStartCommand: intent: Intent { cmp=com.google.android.gms/.update.SystemUpdateService (has extras) }
I/dalvikvm(  549): Could not find method android.provider.Settings$Global.getInt, referenced from method com.google.android.gms.gcm.bf.a
W/dalvikvm(  549): VFY: unable to resolve static method 1111: Landroid/provider/Settings$Global;.getInt (Landroid/content/ContentResolver;Ljava/lang/String;I)I
D/dalvikvm(  549): VFY: replacing opcode 0x71 at 0x00b4
I/ConfigFetchService(  725): onStartCommand Intent { cmp=com.google.android.gms/.config.ConfigFetchService (has extras) }
E/dalvikvm(  549): Could not find class 'android.telephony.CellInfoGsm', referenced from method com.google.android.gms.gcm.d.a
W/dalvikvm(  549): VFY: unable to resolve instanceof 447 (Landroid/telephony/CellInfoGsm;) in Lcom/google/android/gms/gcm/d;
D/dalvikvm(  549): VFY: replacing opcode 0x20 at 0x002b
V/AuthZen (  725): Handling intent: android.intent.action.BOOT_COMPLETED
I/CheckinService(  725): Checking schedule, now: 1436863724362 next: 1437372776154
I/CheckinService(  725): active receiver: disabled
I/GLSUser (  549): [GLSUser] getAuthtoken(<ELLIDED:3646>, oauth2:https://www.googleapis.com/auth/googlenow) -> status: null)
I/GLSUser (  549): [GLSUser] Extracting token using key: Auth
D/AuthZenEventHandler(  725): Handling event: android.intent.action.BOOT_COMPLETED
W/GLSUser (  549): [GLSUser] Permission for com.google.android.googlequicksearchbox to access oauth2:https://www.googleapis.com/auth/googlenow will be managed locally.
I/dalvikvm(  622): Could not find method android.view.InputDevice.hasKeys, referenced from method com.google.android.gms.deviceconnection.a.c.a
I/dalvikvm(  725): Could not find method android.os.Process.myUserHandle, referenced from method com.google.android.gms.icing.service.v.d
W/dalvikvm(  725): VFY: unable to resolve static method 1493: Landroid/os/Process;.myUserHandle ()Landroid/os/UserHandle;
D/dalvikvm(  725): VFY: replacing opcode 0x71 at 0x0014
W/dalvikvm(  622): VFY: unable to resolve virtual method 2071: Landroid/view/InputDevice;.hasKeys ([I)[Z
D/dalvikvm(  622): VFY: replacing opcode 0x6e at 0x001b
D/dalvikvm(  549): GC_CONCURRENT freed 558K, 10% free 10378K/11463K, paused 1ms+1ms, total 39ms
D/ConnectivityService(  288): handleInetConditionHoldEnd: net=1, condition=100, published condition=0
I/dalvikvm(  622): Could not find method android.net.wifi.WifiManager.isScanAlwaysAvailable, referenced from method com.google.android.location.copresence.q.al.a
W/dalvikvm(  622): VFY: unable to resolve virtual method 1121: Landroid/net/wifi/WifiManager;.isScanAlwaysAvailable ()Z
D/dalvikvm(  622): VFY: replacing opcode 0x6e at 0x001d
D/OpenGLRenderer(  438): TextureCache::get: create texture(0xb7a11b28): name, size, mSize = 17, 3132, 20736
I/dalvikvm(  622): Could not find method android.provider.Settings$Global.getInt, referenced from method com.google.android.location.copresence.q.f.a
W/dalvikvm(  622): VFY: unable to resolve static method 1420: Landroid/provider/Settings$Global;.getInt (Landroid/content/ContentResolver;Ljava/lang/String;)I
D/dalvikvm(  622): VFY: replacing opcode 0x71 at 0x0011
I/dalvikvm(  622): Could not find method android.provider.Settings$Global.getInt, referenced from method com.google.android.location.copresence.q.f.a
W/dalvikvm(  622): VFY: unable to resolve static method 1421: Landroid/provider/Settings$Global;.getInt (Landroid/content/ContentResolver;Ljava/lang/String;I)I
D/dalvikvm(  622): VFY: replacing opcode 0x71 at 0x0011
I/dalvikvm(  622): Could not find method android.provider.Settings$Global.putInt, referenced from method com.google.android.location.copresence.q.f.b
W/dalvikvm(  622): VFY: unable to resolve static method 1422: Landroid/provider/Settings$Global;.putInt (Landroid/content/ContentResolver;Ljava/lang/String;I)Z
D/dalvikvm(  622): VFY: replacing opcode 0x71 at 0x0011
D/GCM     (  549): GcmService start Intent { act=android.intent.action.BOOT_COMPLETED flg=0x10 cmp=com.google.android.gms/.gcm.GcmService } android.intent.action.BOOT_COMPLETED
I/ConfigService(  549): onCreate
I/ConfigService(  549): onBind for Intent { act=com.google.android.gms.config.UPDATE pkg=com.google.android.gms } action com.google.android.gms.config.UPDATE
W/dalvikvm( 1076): VFY: unable to find class referenced in signature (Landroid/os/UserHandle;)
I/dalvikvm( 1076): Could not find method android.content.pm.PackageManager.getUserBadgedIcon, referenced from method com.google.android.apps.gsa.shared.searchbox.b.a
W/dalvikvm( 1076): VFY: unable to resolve virtual method 968: Landroid/content/pm/PackageManager;.getUserBadgedIcon (Landroid/graphics/drawable/Drawable;Landroid/os/UserHandle;)Landroid/graphics/drawable/Drawable;
D/dalvikvm( 1076): VFY: replacing opcode 0x6e at 0x001d
D/dalvikvm(  725): Trying to load lib /data/data/com.google.android.gms/lib/libAppDataSearch.so 0xa6a6a8e0
D/dalvikvm(  725): Added shared lib /data/data/com.google.android.gms/lib/libAppDataSearch.so 0xa6a6a8e0
D/dalvikvm(  725): No JNI_OnLoad found in /data/data/com.google.android.gms/lib/libAppDataSearch.so 0xa6a6a8e0, skipping init
I/GCoreUlr(  622): DispatchingService.onCreate()
D/dalvikvm(  725): GC_CONCURRENT freed 491K, 9% free 10608K/11591K, paused 151ms+13ms, total 197ms
I/GCoreUlr(  622): WorldUpdater received intent Intent { act=com.google.android.location.reporting.ACTION_UPDATE_WORLD cmp=com.google.android.gms/com.google.android.location.reporting.service.DispatchingService (has extras) } with receiverAction android.intent.action.BOOT_COMPLETED
D/dalvikvm(  725): GC_CONCURRENT freed 831K, 11% free 10728K/12039K, paused 11ms+1ms, total 25ms
D/dalvikvm(  725): WAIT_FOR_CONCURRENT_GC blocked 16ms
D/dalvikvm(  725): WAIT_FOR_CONCURRENT_GC blocked 18ms
W/BaseAppContext(  725): Using Auth Proxy for data requests.
W/dalvikvm(  725): VFY: unable to find class referenced in signature (Landroid/net/Network;)
W/dalvikvm(  725): VFY: unable to find class referenced in signature (Landroid/net/Network;)
W/dalvikvm(  725): VFY: unable to find class referenced in signature (Landroid/net/Network;)
W/dalvikvm(  725): VFY: unable to find class referenced in signature (Landroid/net/Network;)
W/dalvikvm(  725): VFY: unable to find class referenced in signature (Landroid/net/Network;)
W/dalvikvm(  725): VFY: unable to find class referenced in signature (Landroid/net/Network;)
I/dalvikvm(  725): Could not find method android.net.Network.openConnection, referenced from method com.google.android.gms.http.g.a
W/dalvikvm(  725): VFY: unable to resolve virtual method 1135: Landroid/net/Network;.openConnection (Ljava/net/URL;)Ljava/net/URLConnection;
D/dalvikvm(  725): VFY: replacing opcode 0x6e at 0x00bb
I/GoogleURLConnFactory(  725): Using platform SSLCertificateSocketFactory
E/dalvikvm(  725): Could not find class 'android.security.KeyPairGeneratorSpec$Builder', referenced from method com.google.android.gms.auth.e.c.a
W/dalvikvm(  725): VFY: unable to resolve new-instance 358 (Landroid/security/KeyPairGeneratorSpec$Builder;) in Lcom/google/android/gms/auth/e/c;
D/dalvikvm(  725): VFY: replacing opcode 0x22 at 0x0037
D/dalvikvm(  725): DexOpt: unable to opt direct call 0x059a at 0x39 in Lcom/google/android/gms/auth/e/c;.a
I/GLSUser (  725): [ChannelManager] Attempting to channel bind connection HttpClient.
I/GLSUser (  725): [ChannelManager] Checking whether channelId is enabled. isEnabledGmsCore? false, isEnabledSdk? false, isAtLeastKitKat? false
I/EventLogService(  725): Aggregate from 1436796672667 (log), 1436796672667 (data)
I/ConfigService(  549): onBind returning update interface
I/ConfigService(  549): onBind for Intent { act=com.google.android.gms.config.START pkg=com.google.android.gms } action com.google.android.gms.config.START
I/ConfigService(  549): onBind returning service broker
I/ConfigFetchService(  725): service connected
I/Icing   (  725): Storage manager: low false usage 1.52MB avail 3.79GB capacity 4.19GB
E/dalvikvm(  725): Could not find class 'android.os.UserManager', referenced from method com.google.android.gms.auth.be.proximity.authorization.bt.b.a
D/ConfigFetchService(  725): ConfigApi connection successful.
W/dalvikvm(  725): VFY: unable to resolve check-cast 238 (Landroid/os/UserManager;) in Lcom/google/android/gms/auth/be/proximity/authorization/bt/b;
D/dalvikvm(  725): VFY: replacing opcode 0x1f at 0x002d
D/SyncManager(  288): setIsSyncable: Account {name=warlock393@gmail.com, type=com.google}, provider com.google.android.location.reporting, user 0 -> 1
D/SyncManager(  288): setIsSyncable: already set to 1, doing nothing
D/SyncManager(  288): setSyncAutomatically:  provider com.google.android.location.reporting, user 0 -> true
D/SyncManager(  288): setSyncAutomatically: already set to true, doing nothing
D/dalvikvm(  622): GC_CONCURRENT freed 449K, 9% free 10090K/11079K, paused 15ms+1ms, total 22ms
W/Icing   (  725): Received bad json for section weights override -- ignoring.
W/Icing   (  725): Received bad json for corpus context scoring override -- ignoring.
E/dalvikvm(  725): Could not find class 'android.os.UserHandle', referenced from method com.google.android.gms.icing.b.g.a
W/dalvikvm(  725): VFY: unable to resolve check-cast 300 (Landroid/os/UserHandle;) in Lcom/google/android/gms/icing/b/g;
D/dalvikvm(  725): VFY: replacing opcode 0x1f at 0x0013
I/dalvikvm(  725): Could not find method android.os.Binder.getCallingUserHandle, referenced from method com.google.android.gms.icing.b.g.f
W/dalvikvm(  725): VFY: unable to resolve static method 1285: Landroid/os/Binder;.getCallingUserHandle ()Landroid/os/UserHandle;
D/dalvikvm(  725): VFY: replacing opcode 0x71 at 0x0008
D/AuthorizationBluetoothService(  549): Received GmsCore event: Intent { act=com.google.android.gms.INITIALIZE flg=0x10 pkg=com.google.android.gms cmp=com.google.android.gms/.auth.be.proximity.authorization.bt.AuthorizationBluetoothService$AutoStarter }.
E/dalvikvm(  549): Could not find class 'android.os.UserManager', referenced from method com.google.android.gms.auth.be.proximity.authorization.bt.b.a
W/dalvikvm(  549): VFY: unable to resolve check-cast 238 (Landroid/os/UserManager;) in Lcom/google/android/gms/auth/be/proximity/authorization/bt/b;
D/dalvikvm(  549): VFY: replacing opcode 0x1f at 0x002d
E/AuthorizationBluetoothService(  549): Proximity feature is not enabled.
V/GmsCoreStatsServiceLauncher(  725): Received broadcast intent Intent { act=com.google.android.gms.INITIALIZE flg=0x10 pkg=com.google.android.gms cmp=com.google.android.gms/.common.stats.GmsCoreStatsServiceLauncher }
I/dalvikvm(  725): Could not find method android.os.Process.myUserHandle, referenced from method com.google.android.gms.wearable.service.n.a
W/dalvikvm(  725): VFY: unable to resolve static method 1076: Landroid/os/Process;.myUserHandle ()Landroid/os/UserHandle;
D/dalvikvm(  725): VFY: replacing opcode 0x71 at 0x002f
I/AuthZen (  725): Fetching signing key...
D/GCM     (  549): GcmService start Intent { act=com.google.android.gms.INITIALIZE flg=0x10 pkg=com.google.android.gms cmp=com.google.android.gms/.gcm.GcmService } com.google.android.gms.INITIALIZE
I/AuthZen (  725): Signing key fetched successfully!
I/GLSUser (  549): [GLSUser] getTokenFromCache: [account: <ELLIDED:3646>, callingPkg: com.google.android.googlequicksearchbox, service: oauth2:https://www.googleapis.com/auth/googlenow]
I/dalvikvm(  725): Could not find method android.app.admin.DevicePolicyManager.isDeviceOwnerApp, referenced from method com.google.android.gms.init.InitializeIntentService.onHandleIntent
W/dalvikvm(  725): VFY: unable to resolve virtual method 326: Landroid/app/admin/DevicePolicyManager;.isDeviceOwnerApp (Ljava/lang/String;)Z
D/dalvikvm(  725): VFY: replacing opcode 0x6e at 0x00e0
I/Auth.Core(  549): [TokenCache] Missing snowballing token: no granted scopes set.
I/GLSUser (  549): [GLSUser] getTokenFromGoogle [account: <ELLIDED:3646>, callingPkg: com.google.android.googlequicksearchbox, service: oauth2:https://www.googleapis.com/auth/googlenow
D/dalvikvm(  725): GC_CONCURRENT freed 893K, 12% free 10795K/12167K, paused 11ms+7ms, total 36ms
D/dalvikvm(  725): WAIT_FOR_CONCURRENT_GC blocked 7ms
I/ActivityManager(  288): Start proc com.google.android.apps.uploader for broadcast com.google.android.apps.uploader/com.google.android.picasasync.ConnectivityReceiver: pid=1212 uid=10059 gids={3003, 1015, 1028}
D/dalvikvm(  549): WAIT_FOR_CONCURRENT_GC blocked 0ms
D/LocationInitializer(  725): Restart initialization of location
I/GCoreUlr(  622): WorldUpdater:android.intent.action.BOOT_COMPLETED: Ensuring that reporting is stopped because of reasons: {account#-13#=[InactiveReason{mVersionCode=0, mIdentifier=6, mName='ReportingNotEnabled'}, InactiveReason{mVersionCode=0, mIdentifier=14, mName='HistoryNotEnabled'}]}
D/dalvikvm(  288): WAIT_FOR_CONCURRENT_GC blocked 0ms
I/GLSUser (  549): [GLSUser] getAuthtoken(<ELLIDED:3646>, oauth2:https://www.googleapis.com/auth/googlenow) -> status: null)
W/BaseAppContext(  725): Using Auth Proxy for data requests.
I/GLSUser (  549): [GLSUser] Extracting token using key: Auth
D/dalvikvm(  288): GC_EXPLICIT freed 844K, 11% free 12846K/14343K, paused 0ms+2ms, total 40ms
I/GCoreUlr(  622): Unbound from all location providers
I/GCoreUlr(  622): DispatchingService.onDestroy()
I/GCoreUlr(  622): Unbound from all location providers
D/dalvikvm(  549): GC_EXPLICIT freed 563K, 10% free 10488K/11591K, paused 1ms+1ms, total 158ms
I/ActivityThread( 1212): Pub com.google.android.apps.uploader.PicasaUploadProvider: com.google.android.picasasync.PicasaContentProvider
D/dalvikvm(  725): GC_CONCURRENT freed 612K, 10% free 11099K/12231K, paused 1ms+2ms, total 25ms
D/AuthZenTransactionCache(  725): Initialized cache in: /data/data/com.google.android.gms/files
D/AuthZenTransactionCache(  725): Clearing transaction cache
E/Icing   (  725): Array storage bad crc 2877752113 vs 1724672434
D/dalvikvm( 1212): GC_CONCURRENT freed 459K, 11% free 7965K/8903K, paused 15ms+1ms, total 20ms
D/dalvikvm( 1212): WAIT_FOR_CONCURRENT_GC blocked 2ms
I/SystemUpdateService(  725): receiver: Intent { act=android.net.conn.CONNECTIVITY_CHANGE flg=0x8000010 cmp=com.google.android.gms/.update.SystemUpdateService$ActiveReceiver (has extras) }
D/SystemUpdateService(  725): onStartCommand: intent: Intent { cmp=com.google.android.gms/.update.SystemUpdateService (has extras) }
W/GLSUser (  549): [GLSUser] Permission for com.google.android.googlequicksearchbox to access oauth2:https://www.googleapis.com/auth/googlenow will be managed locally.
I/iu.Environment(  725): update battery state; isPlugged? false
D/PicasaUploader( 1212):    wifiOnlyPhoto changed to true
D/PicasaUploader( 1212):    wifiOnlyVideo changed to true
D/PicasaUploader( 1212):    syncOnBattery changed to true
D/PicasaUploaderSync( 1212): sync account database
D/NetworkLogImpl(  725): Loaded NetworkSpeedPredictor
I/iu.Environment(  725): update connectivity state; isNetworkMetered? false, isRoaming? false, isBackgroundDataAllowed? true*
I/iu.Environment(  725): update connectivity state; isNetworkMetered? false, isRoaming? false, isBackgroundDataAllowed? true
