D/dalvikvm(  513): WAIT_FOR_CONCURRENT_GC blocked 6ms
D/OpenGLRenderer(  513): TextureCache::callback: name, removed size, mSize = 51, 51984, 1706512
D/dalvikvm(  513): GC_FOR_ALLOC freed 250K, 9% free 10917K/11911K, paused 5ms, total 5ms
I/dalvikvm-heap(  513): Grow heap (frag case) to 12.698MB for 1644556-byte allocation
D/dalvikvm(  513): GC_CONCURRENT freed 2K, 8% free 12520K/13575K, paused 10ms+1ms, total 15ms
D/dalvikvm(  513): GC_FOR_ALLOC freed 2513K, 25% free 11007K/14535K, paused 5ms, total 5ms
D/dalvikvm(  513): GC_CONCURRENT freed 371K, 21% free 11576K/14535K, paused 11ms+2ms, total 24ms
D/dalvikvm(  513): GC_FOR_ALLOC freed 677K, 23% free 11276K/14535K, paused 9ms, total 9ms
I/dalvikvm-heap(  513): Grow heap (frag case) to 13.551MB for 2172684-byte allocation
D/dalvikvm(  513): GC_FOR_ALLOC freed <1K, 20% free 13397K/16711K, paused 16ms, total 16ms
D/dalvikvm(  513): GC_CONCURRENT freed <1K, 20% free 13494K/16711K, paused 12ms+1ms, total 25ms
D/dalvikvm(  513): GC_FOR_ALLOC freed 2325K, 24% free 12758K/16711K, paused 5ms, total 8ms
D/dalvikvm(  513): GC_CONCURRENT freed 2223K, 28% free 12135K/16711K, paused 11ms+2ms, total 21ms
D/OpenGLRenderer(  513): TextureCache::get: create texture(0xb79eac10): name, size, mSize = 182, 2304, 1708816
D/OpenGLRenderer(  513): TextureCache::get: create texture(0xb7b8abe0): name, size, mSize = 183, 114240, 1823056
D/OpenGLRenderer(  513): TextureCache::get: create texture(0xb7b059e0): name, size, mSize = 185, 33856, 1856912
D/OpenGLRenderer(  513): TextureCache::get: create texture(0xb7b83ca8): name, size, mSize = 186, 77280, 1934192
D/OpenGLRenderer(  513): TextureCache::get: create texture(0xb7b254d0): name, size, mSize = 187, 77280, 2011472
D/OpenGLRenderer(  513): TextureCache::get: create texture(0xb7b84098): name, size, mSize = 188, 93408, 2104880
D/OpenGLRenderer(  513): TextureCache::get: create texture(0xb7b8a998): name, size, mSize = 189, 134144, 2239024
D/OpenGLRenderer(  513): TextureCache::get: create texture(0xb7b83f78): name, size, mSize = 193, 63168, 2302192
D/OpenGLRenderer(  513): TextureCache::get: create texture(0xb7b33d78): name, size, mSize = 194, 112896, 2415088
D/OpenGLRenderer(  513): TextureCache::get: create texture(0xb7b22d80): name, size, mSize = 195, 28224, 2443312
D/OpenGLRenderer(  513): TextureCache::get: create texture(0xb7b83da0): name, size, mSize = 196, 77280, 2520592
D/OpenGLRenderer(  513): TextureCache::get: create texture(0xb7b34808): name, size, mSize = 197, 28224, 2548816
D/OpenGLRenderer(  513): TextureCache::get: create texture(0xb7b24840): name, size, mSize = 198, 112896, 2661712
D/OpenGLRenderer(  513): TextureCache::get: create texture(0xb7b8a968): name, size, mSize = 199, 37632, 2699344
D/OpenGLRenderer(  513): TextureCache::get: create texture(0xb7a48248): name, size, mSize = 200, 77280, 2776624
D/OpenGLRenderer(  513): TextureCache::get: create texture(0xb7a7ab18): name, size, mSize = 201, 77280, 2853904
D/OpenGLRenderer(  513): TextureCache::get: create texture(0xb7b84198): name, size, mSize = 202, 77280, 2931184
D/OpenGLRenderer(  513): TextureCache::get: create texture(0xb7b34838): name, size, mSize = 203, 88704, 3019888
D/OpenGLRenderer(  513): TextureCache::get: create texture(0xb7a27710): name, size, mSize = 204, 14784, 3034672
D/dalvikvm( 1031): GC_CONCURRENT freed 228K, 8% free 9179K/9927K, paused 0ms+0ms, total 9ms
D/Finsky  ( 1031): [119] AppStatesReplicator.handleContentSyncResponse: Completed 0 account content syncs with 0 successful.
D/Finsky  ( 1031): [1] 5.onFinished: Installation state replication succeeded.
D/dalvikvm(  513): GC_FOR_ALLOC freed 296K, 29% free 11929K/16711K, paused 4ms, total 9ms
I/dalvikvm-heap(  513): Grow heap (frag case) to 13.657MB for 1614604-byte allocation
D/dalvikvm(  513): GC_CONCURRENT freed 24K, 20% free 13481K/16711K, paused 11ms+1ms, total 20ms
D/dalvikvm(  513): WAIT_FOR_CONCURRENT_GC blocked 7ms
D/dalvikvm(  513): GC_FOR_ALLOC freed <1K, 20% free 13481K/16711K, paused 5ms, total 5ms
I/dalvikvm-heap(  513): Grow heap (frag case) to 17.097MB for 3632844-byte allocation
D/dalvikvm(  513): GC_CONCURRENT freed 0K, 17% free 17028K/20295K, paused 10ms+6ms, total 27ms
D/dalvikvm(  513): GC_FOR_ALLOC freed 5127K, 38% free 12780K/20295K, paused 4ms, total 4ms
I/dalvikvm-heap(  513): Grow heap (frag case) to 14.695MB for 1831116-byte allocation
D/dalvikvm(  513): GC_CONCURRENT freed <1K, 29% free 14568K/20295K, paused 10ms+0ms, total 18ms
D/OpenGLRenderer(  513): TextureCache::get: create texture(0xb7a86830): name, size, mSize = 401, 21904, 3056576
D/dalvikvm(  513): WAIT_FOR_CONCURRENT_GC blocked 0ms
D/dalvikvm(  513): GC_EXPLICIT freed 3930K, 41% free 12032K/20295K, paused 0ms+2ms, total 12ms
D/OpenGLRenderer(  513): TextureCache::get: create texture(0xb79ec1c8): name, size, mSize = 411, 4, 3056580
D/OpenGLRenderer(  513): TextureCache::get: create texture(0xb794e820): name, size, mSize = 414, 21600, 3078180
D/OpenGLRenderer(  513): TextureCache::get: create texture(0xb7a375c0): name, size, mSize = 415, 9216, 3087396
D/OpenGLRenderer(  513): TextureCache::get: create texture(0xb7aefc60): name, size, mSize = 416, 756, 3088152
D/OpenGLRenderer(  513): TextureCache::get: create texture(0xb7a079b0): name, size, mSize = 417, 72, 3088224
D/OpenGLRenderer(  513): TextureCache::get: create texture(0xb7a510b8): name, size, mSize = 418, 9216, 3097440
D/OpenGLRenderer(  513): TextureCache::get: create texture(0xb79e8f10): name, size, mSize = 419, 252, 3097692
D/OpenGLRenderer(  513): TextureCache::get: create texture(0xb7a25cb0): name, size, mSize = 420, 9216, 3106908
D/OpenGLRenderer(  513): TextureCache::get: create texture(0xb79e9700): name, size, mSize = 421, 252, 3107160
D/OpenGLRenderer(  513): TextureCache::get: create texture(0xb79e9730): name, size, mSize = 422, 9216, 3116376
D/OpenGLRenderer(  513): TextureCache::get: create texture(0xb79e8ee0): name, size, mSize = 423, 9216, 3125592
D/OpenGLRenderer(  513): TextureCache::get: create texture(0xb7a276e0): name, size, mSize = 424, 756, 3126348
D/OpenGLRenderer(  513): TextureCache::get: create texture(0xb799d3b8): name, size, mSize = 425, 9216, 3135564
D/OpenGLRenderer(  513): TextureCache::get: create texture(0xb799d908): name, size, mSize = 427, 9216, 3144780
D/OpenGLRenderer(  513): TextureCache::get: create texture(0xb79a0ac0): name, size, mSize = 431, 2304, 3147084
D/OpenGLRenderer(  513): TextureCache::get: create texture(0xb79a0720): name, size, mSize = 432, 2304, 3149388
D/OpenGLRenderer(  513): TextureCache::get: create texture(0xb799d938): name, size, mSize = 452, 9216, 3158604
D/OpenGLRenderer(  513): TextureCache::get: create texture(0xb799d608): name, size, mSize = 475, 9216, 3167820
D/dalvikvm(  513): WAIT_FOR_CONCURRENT_GC blocked 0ms
D/dalvikvm(  513): GC_EXPLICIT freed 52K, 41% free 12028K/20295K, paused 0ms+3ms, total 8ms
I/ActivityManager(  288): START {act=android.intent.action.DELETE dat=package:com.pushapp flg=0x10800000 cmp=com.android.packageinstaller/.UninstallerActivity u=0} from pid 513
E/SocketStream(  116): readFully was waiting for 403440 bytes, got 49152 
E/SocketStream(  116): readFully was waiting for 354288 bytes, got 49152 
E/SocketStream(  116): readFully was waiting for 305136 bytes, got 49152 
E/SocketStream(  116): readFully was waiting for 255984 bytes, got 245760 
I/ActivityManager(  288): Start proc com.android.packageinstaller for activity com.android.packageinstaller/.UninstallerActivity: pid=1503 uid=10031 gids={1028}
I/qtaguid (  288): Failed write_ctrl(s 1 10031) res=-1 errno=1
W/NetworkManagementSocketTagger(  288): setKernelCountSet(10031, 1) failed with errno -1
D/libEGL  ( 1503): loaded /system/lib/egl/libEGL_genymotion.so
D/        ( 1503): HostConnection::get() New Host Connection established 0xb7a0e300, tid 1503
D/libEGL  ( 1503): loaded /system/lib/egl/libGLESv1_CM_genymotion.so
D/libEGL  ( 1503): loaded /system/lib/egl/libGLESv2_genymotion.so
W/EGL_genymotion( 1503): eglSurfaceAttrib not implemented
D/OpenGLRenderer( 1503): Enabling debug mode 0
D/OpenGLRenderer( 1503): TextureCache::get: create texture(0xb79ff028): name, size, mSize = 1, 34560, 34560
D/OpenGLRenderer( 1503): TextureCache::get: create texture(0xb79ecc78): name, size, mSize = 2, 20736, 55296
D/OpenGLRenderer( 1503): TextureCache::get: create texture(0xb79fffb0): name, size, mSize = 5, 576, 55872
D/OpenGLRenderer( 1503): TextureCache::get: create texture(0xb79ff458): name, size, mSize = 7, 16, 55888
I/ActivityManager(  288): Displayed com.android.packageinstaller/.UninstallerActivity: +422ms
D/OpenGLRenderer( 1503): TextureCache::get: create texture(0xb79e3cf0): name, size, mSize = 9, 324, 56212
D/        (  116): HostConnection::get() New Host Connection established 0xb86875e8, tid 1492
I/ActivityManager(  288): START {act=android.intent.action.VIEW cmp=com.android.packageinstaller/.UninstallAppProgress (has extras) u=0} from pid 1503
E/SocketStream(  116): readFully was waiting for 403440 bytes, got 49152 
E/SocketStream(  116): readFully was waiting for 354288 bytes, got 49152 
E/SocketStream(  116): readFully was waiting for 305136 bytes, got 49152 
E/SocketStream(  116): readFully was waiting for 255984 bytes, got 16384 
I/qtaguid (  288): Failed write_ctrl(s 0 10021) res=-1 errno=1
W/NetworkManagementSocketTagger(  288): setKernelCountSet(10021, 0) failed with errno -1
D/OpenGLRenderer(  513): TextureCache::flush: target size: 1900692
D/OpenGLRenderer(  513): TextureCache::callback: name, removed size, mSize = 52, 20736, 3147084
D/OpenGLRenderer(  513): TextureCache::callback: name, removed size, mSize = 3, 2304, 3144780
D/OpenGLRenderer(  513): TextureCache::callback: name, removed size, mSize = 31, 24400, 3120380
D/OpenGLRenderer(  513): TextureCache::callback: name, removed size, mSize = 32, 9216, 3111164
D/OpenGLRenderer(  513): TextureCache::callback: name, removed size, mSize = 193, 63168, 3047996
D/OpenGLRenderer(  513): TextureCache::callback: name, removed size, mSize = 194, 112896, 2935100
D/OpenGLRenderer(  513): TextureCache::callback: name, removed size, mSize = 195, 28224, 2906876
D/OpenGLRenderer(  513): TextureCache::callback: name, removed size, mSize = 196, 77280, 2829596
D/OpenGLRenderer(  513): TextureCache::callback: name, removed size, mSize = 197, 28224, 2801372
D/OpenGLRenderer(  513): TextureCache::callback: name, removed size, mSize = 198, 112896, 2688476
D/OpenGLRenderer(  513): TextureCache::callback: name, removed size, mSize = 199, 37632, 2650844
D/OpenGLRenderer(  513): TextureCache::callback: name, removed size, mSize = 200, 77280, 2573564
D/OpenGLRenderer(  513): TextureCache::callback: name, removed size, mSize = 201, 77280, 2496284
D/OpenGLRenderer(  513): TextureCache::callback: name, removed size, mSize = 202, 77280, 2419004
D/OpenGLRenderer(  513): TextureCache::callback: name, removed size, mSize = 203, 88704, 2330300
D/OpenGLRenderer(  513): TextureCache::callback: name, removed size, mSize = 204, 14784, 2315516
D/OpenGLRenderer(  513): TextureCache::callback: name, removed size, mSize = 183, 114240, 2201276
D/OpenGLRenderer(  513): TextureCache::callback: name, removed size, mSize = 185, 33856, 2167420
D/OpenGLRenderer(  513): TextureCache::callback: name, removed size, mSize = 186, 77280, 2090140
D/OpenGLRenderer(  513): TextureCache::callback: name, removed size, mSize = 187, 77280, 2012860
D/OpenGLRenderer(  513): TextureCache::callback: name, removed size, mSize = 188, 93408, 1919452
D/OpenGLRenderer(  513): TextureCache::callback: name, removed size, mSize = 182, 2304, 1917148
D/OpenGLRenderer(  513): TextureCache::callback: name, removed size, mSize = 189, 134144, 1783004
I/PackageManager(  288): Removing non-system package:com.pushapp
I/ActivityManager(  288): Force stopping package com.pushapp uid=10036
I/ActivityManager(  288): Killing proc 1462:com.pushapp/u0a36: force stop
I/PackageManager(  288): Removing old permission: com.pushapp.permission.C2D_MESSAGE from package com.pushapp
W/PackageManager(  288): Unknown permission android.permission.ADD_SYSTEM_SERVICE in package com.android.phone
W/PackageManager(  288): Unknown permission com.android.vending.billing.IBillingAccountService.BIND2 in package com.google.android.gsf.login
W/PackageManager(  288): Unknown permission com.android.chrome.TOS_ACKED in package com.google.android.gsf.login
W/PackageManager(  288): Not granting permission android.permission.SEND_DOWNLOAD_COMPLETED_INTENTS to package com.android.browser (protectionLevel=2 flags=0x9be45)
W/PackageManager(  288): Unknown permission com.google.android.gm.permission.READ_GMAIL in package com.google.android.talk
W/PackageManager(  288): Unknown permission com.cyanogenmod.filemanager.permissions.READ_THEME in package com.cyanogenmod.filemanager
W/PackageManager(  288): Unknown permission android.permission.INTERACT_ACROSS_USERS in package com.google.android.gms
W/PackageManager(  288): Unknown permission android.permission.RECOVERY in package com.google.android.gms
W/PackageManager(  288): Unknown permission android.permission.READ_DREAM_STATE in package com.google.android.gms
W/PackageManager(  288): Unknown permission android.permission.RECEIVE_DATA_ACTIVITY_CHANGE in package com.google.android.gms
W/PackageManager(  288): Unknown permission android.permission.PROVIDE_TRUST_AGENT in package com.google.android.gms
W/PackageManager(  288): Unknown permission com.google.android.apps.enterprise.dmagent.permission.AutoSyncPermission in package com.google.android.gms
W/PackageManager(  288): Unknown permission android.permission.LOCATION_HARDWARE in package com.google.android.gms
W/PackageManager(  288): Unknown permission android.permission.GET_APP_OPS_STATS in package com.google.android.gms
W/PackageManager(  288): Unknown permission android.permission.UPDATE_APP_OPS_STATS in package com.google.android.gms
W/PackageManager(  288): Unknown permission android.permission.CAPTURE_AUDIO_HOTWORD in package com.google.android.gms
W/PackageManager(  288): Unknown permission android.permission.MANAGE_VOICE_KEYPHRASES in package com.google.android.gms
W/PackageManager(  288): Unknown permission android.permission.REAL_GET_TASKS in package com.google.android.gms
W/PackageManager(  288): Unknown permission com.google.android.hangouts.START_HANGOUT in package com.google.android.gms
W/PackageManager(  288): Unknown permission android.permission.ACCESS_NETWORK_CONDITIONS in package com.google.android.gms
W/PackageManager(  288): Unknown permission android.permission.MANAGE_DEVICE_ADMINS in package com.google.android.gms
W/PackageManager(  288): Unknown permission android.permission.READ_WIFI_CREDENTIAL in package com.google.android.gms
W/PackageManager(  288): Not granting permission android.permission.MODIFY_PHONE_STATE to package com.google.android.gms (protectionLevel=18 flags=0x83e44)
W/PackageManager(  288): Unknown permission android.permission.CONTROL_INCALL_EXPERIENCE in package com.google.android.gms
W/PackageManager(  288): Not granting permission android.permission.MANAGE_USB to package com.google.android.gms (protectionLevel=18 flags=0x83e44)
W/PackageManager(  288): Not granting permission android.permission.CALL_PRIVILEGED to package com.google.android.gms (protectionLevel=18 flags=0x83e44)
W/PackageManager(  288): Unknown permission android.permission.BLUETOOTH_PRIVILEGED in package com.google.android.gms
W/PackageManager(  288): Unknown permission android.permission.USER_ACTIVITY in package com.google.android.gms
W/PackageManager(  288): Unknown permission android.permission.MODIFY_AUDIO_ROUTING in package com.google.android.gms
W/PackageManager(  288): Unknown permission android.permission.CAPTURE_AUDIO_OUTPUT in package com.google.android.gms
W/PackageManager(  288): Unknown permission android.permission.CAPTURE_VIDEO_OUTPUT in package com.google.android.gms
W/PackageManager(  288): Unknown permission android.permission.CAPTURE_SECURE_VIDEO_OUTPUT in package com.google.android.gms
W/PackageManager(  288): Not granting permission android.permission.READ_FRAME_BUFFER to package com.google.android.gms (protectionLevel=18 flags=0x83e44)
W/PackageManager(  288): Unknown permission com.google.android.wearable.READ_SETTINGS in package com.google.android.gms
W/PackageManager(  288): Not granting permission android.permission.MODIFY_NETWORK_ACCOUNTING to package com.google.android.gms (protectionLevel=18 flags=0x83e44)
W/PackageManager(  288): Unknown permission android.permission.BODY_SENSORS in package com.google.android.gms
W/PackageManager(  288): Unknown permission com.google.android.gm.permission.READ_GMAIL in package com.google.android.gms
W/PackageManager(  288): Unknown permission com.android.voicemail.permission.READ_VOICEMAIL in package com.google.android.gms
W/PackageManager(  288): Not granting permission android.permission.FORCE_STOP_PACKAGES to package com.google.android.gms (protectionLevel=2 flags=0x83e44)
W/PackageManager(  288): Unknown permission android.permission.MANAGE_DOCUMENTS in package com.google.android.gms
W/PackageManager(  288): Unknown permission android.permission.READ_OWNER_DATA in package com.google.android.setupwizard
W/PackageManager(  288): Unknown permission android.permission.WRITE_OWNER_DATA in package com.google.android.setupwizard
W/PackageManager(  288): Unknown permission com.google.android.voicesearch.SHORTCUTS_ACCESS in package com.google.android.googlequicksearchbox
W/PackageManager(  288): Unknown permission com.google.android.ears.permission.WRITE in package com.google.android.googlequicksearchbox
W/PackageManager(  288): Unknown permission android.permission.MEDIA_CONTENT_CONTROL in package com.google.android.googlequicksearchbox
W/PackageManager(  288): Unknown permission android.permission.INTERACT_ACROSS_USERS in package com.google.android.googlequicksearchbox
W/PackageManager(  288): Unknown permission com.google.googlenav.friend.permission.OPT_IN in package com.google.android.googlequicksearchbox
W/PackageManager(  288): Unknown permission com.google.android.apps.maps.permission.PREFETCH in package com.google.android.googlequicksearchbox
W/PackageManager(  288): Unknown permission android.permission.REAL_GET_TASKS in package com.google.android.googlequicksearchbox
W/PackageManager(  288): Unknown permission com.google.android.apps.googlevoice.permission.AUTO_SEND in package com.google.android.googlequicksearchbox
W/PackageManager(  288): Unknown permission com.google.android.gm.permission.AUTO_SEND in package com.google.android.googlequicksearchbox
W/PackageManager(  288): Unknown permission com.google.android.hangouts.START_HANGOUT in package com.google.android.googlequicksearchbox
W/PackageManager(  288): Unknown permission android.permission.MANAGE_VOICE_KEYPHRASES in package com.google.android.googlequicksearchbox
W/PackageManager(  288): Unknown permission com.android.chrome.PRERENDER_URL in package com.google.android.googlequicksearchbox
W/PackageManager(  288): Unknown permission android.permission.CAPTURE_AUDIO_HOTWORD in package com.google.android.googlequicksearchbox
W/PackageManager(  288): Not granting permission android.permission.STOP_APP_SWITCHES to package com.google.android.googlequicksearchbox (protectionLevel=18 flags=0x1bbec5)
W/PackageManager(  288): Not granting permission android.permission.STATUS_BAR to package com.google.android.googlequicksearchbox (protectionLevel=18 flags=0x1bbec5)
W/PackageManager(  288): Not granting permission android.permission.BIND_APPWIDGET to package com.google.android.googlequicksearchbox (protectionLevel=18 flags=0x1bbec5)
W/PackageManager(  288): Unknown permission com.google.android.launcher.permission.CONTENT_REDIRECT in package com.google.android.googlequicksearchbox
W/PackageManager(  288): Unknown permission android.permission.REAL_GET_TASKS in package com.android.vending
W/PackageManager(  288): Not granting permission android.permission.SEND_DOWNLOAD_COMPLETED_INTENTS to package com.android.vending (protectionLevel=2 flags=0xabec5)
W/PackageManager(  288): Unknown permission android.permission.MANAGE_USERS in package com.android.vending
W/PackageManager(  288): Unknown permission android.permission.INTERACT_ACROSS_USERS in package com.android.vending
W/PackageManager(  288): Not granting permission android.permission.WRITE_SECURE_SETTINGS to package com.android.vending (protectionLevel=50 flags=0xabec5)
W/PackageManager(  288): Not granting permission android.permission.FORCE_STOP_PACKAGES to package com.android.vending (protectionLevel=2 flags=0xabec5)
W/PackageManager(  288): Not granting permission android.permission.DEVICE_POWER to package com.android.deskclock (protectionLevel=2 flags=0x8be45)
D/dalvikvm( 1076): WAIT_FOR_CONCURRENT_GC blocked 0ms
I/ActivityManager(  288): Force stopping package com.pushapp uid=10036
D/dalvikvm(  513): WAIT_FOR_CONCURRENT_GC blocked 0ms
W/EGL_genymotion( 1503): eglSurfaceAttrib not implemented
D/OpenGLRenderer( 1503): TextureCache::get: create texture(0xb79f9798): name, size, mSize = 12, 1048576, 1104788
D/dalvikvm(  584): WAIT_FOR_CONCURRENT_GC blocked 0ms
D/dalvikvm(  584): GC_EXPLICIT freed 179K, 9% free 8236K/8967K, paused 0ms+1ms, total 13ms
D/OpenGLRenderer( 1503): TextureCache::get: create texture(0xb79e2c60): name, size, mSize = 15, 87264, 1192052
D/dalvikvm(  513): GC_EXPLICIT freed 25K, 41% free 12025K/20295K, paused 0ms+8ms, total 59ms
D/dalvikvm( 1076): GC_EXPLICIT freed 202K, 11% free 9941K/11079K, paused 6ms+1ms, total 80ms
D/dalvikvm(  288): WAIT_FOR_CONCURRENT_GC blocked 0ms
W/GeofencerStateMachine(  622): Ignoring removeGeofence because network location is disabled.
D/VoicemailCleanupService(  584): Cleaning up data for package: com.pushapp
E/BinaryDictionaryGetter(  487): Could not find a dictionary pack
E/ActivityThread(  487): Failed to find provider info for com.android.inputmethod.latin.dictionarypack
I/InputReader(  288): Reconfiguring input devices.  changes=0x00000010
D/dalvikvm( 1376): GC_CONCURRENT freed 253K, 9% free 8105K/8839K, paused 11ms+1ms, total 14ms
I/ActivityManager(  288): Displayed com.android.packageinstaller/.UninstallAppProgress: +264ms
D/dalvikvm(  288): GC_EXPLICIT freed 993K, 13% free 13305K/15239K, paused 21ms+2ms, total 122ms
D/dalvikvm(  288): WAIT_FOR_CONCURRENT_GC blocked 23ms
I/qtaguid (  288): Failed write_ctrl(d 0 10036) res=-1 errno=1
I/qtaguid (  288): Deleteing tag data with tag 0/0 for uid 10036 failed with cnt=0 errno=1
D/dalvikvm(  288): WAIT_FOR_CONCURRENT_GC blocked 23ms
W/NetworkManagementSocketTagger(  288): problem clearing counters for uid 10036 : errno -1
W/ResourceType(  288): Failure getting entry for 0x7f060000 (t=5 e=0) in package 0 (error -75)
I/dalvikvm( 1031): Could not find method android.app.admin.DevicePolicyManager.isUninstallBlocked, referenced from method com.google.android.finsky.activities.AppActionAnalyzer.isUninstallBlockedByAdmin
W/dalvikvm( 1031): VFY: unable to resolve virtual method 310: Landroid/app/admin/DevicePolicyManager;.isUninstallBlocked (Landroid/content/ComponentName;Ljava/lang/String;)Z
D/dalvikvm( 1031): VFY: replacing opcode 0x6e at 0x0013
D/Finsky  ( 1031): [1] DailyHygiene.onStartCommand: Beginning daily hygiene
D/dalvikvm( 1031): DexOpt: couldn't find static field Landroid/os/Build;.SUPPORTED_ABIS
W/dalvikvm( 1031): VFY: unable to resolve static field 147 (SUPPORTED_ABIS) in Landroid/os/Build;
D/dalvikvm( 1031): VFY: replacing opcode 0x62 at 0x0037
D/PackageManager(  288): generateServicesMap(android.accounts.AccountAuthenticator): 3 services unchanged
D/GCM     (  549): GcmService start Intent { act=com.google.android.gms.gcm.PACKAGE_FULLY_REMOVED cmp=com.google.android.gms/.gcm.GcmService (has extras) } com.google.android.gms.gcm.PACKAGE_FULLY_REMOVED
I/UpdateIcingCorporaServi( 1076): Updating corpora: APPS=com.pushapp, CONTACTS=MAYBE
E/NetworkScheduler.SchedulerReceiver(  549): Invalid parameter app
E/NetworkScheduler.SchedulerReceiver(  549): Invalid package name : Perhaps you didn't include a PendingIntent in the extras?
I/ActivityManager(  288): Start proc com.google.android.gsf.login for service com.google.android.gsf.login/com.google.android.gsf.loginservice.GoogleLoginService: pid=1524 uid=10052 gids={3003, 1015, 1028, 1007, 1006, 3002, 3001, 2001, 3006}
D/ChimeraRcvrProxy(  725): Creating receiver proxy ComponentInfo{com.google.android.gms/com.google.android.gms.games.chimera.GamesSystemBroadcastReceiverProxy}
D/ChimeraRcvrProxy(  725): Proxying container receiver ComponentInfo{com.google.android.gms/com.google.android.gms.games.chimera.GamesSystemBroadcastReceiverProxy} to Chimera receiver impl com.google.android.gms.games.GamesBroadcastReceiverStub
D/ChimeraCfgMgr(  725): Loading module com.google.android.gms.games from APK com.google.android.gms
I/GCM     (  549): GCM config loaded
D/PackageBroadcastService(  725): Received broadcast action=android.intent.action.PACKAGE_REMOVED and uri=com.pushapp
D/AccountUtils(  725): Clearing selected account for com.pushapp
D/PackageManager(  288): generateServicesMap(android.content.SyncAdapter): 23 services unchanged
W/ResourceType(  288): Failure getting entry for 0x7f060000 (t=5 e=0) in package 0 (error -75)
W/InputMethodManagerService(  288): Found no subtypes in a system IME: com.android.inputmethod.pinyin
D/BackupManagerService(  288): Received broadcast Intent { act=android.intent.action.PACKAGE_REMOVED dat=package:com.pushapp flg=0x8000010 (has extras) }
V/BackupManagerService(  288): removePackageParticipantsLocked: uid=10036 #1
I/LocationSettingsChecker(  725): Removing dialog suppression flag for package com.pushapp
D/dalvikvm(  725): WAIT_FOR_CONCURRENT_GC blocked 0ms
D/GOOGLEHELP_CompatibleDatabase(  725): Open SQLiteDatabase: /data/data/com.google.android.gms/databases/metrics.db, release reference: 1
D/GOOGLEHELP_CompatibleDatabase(  725): Acquire reference of SQLiteDatabase: /data/data/com.google.android.gms/databases/metrics.db: 2
D/gH_MetricsDatabase(  725): 0 metrics were deleted when clearing package com.pushapp.
D/GOOGLEHELP_CompatibleDatabase(  725): Release reference of SQLiteDatabase: /data/data/com.google.android.gms/databases/metrics.db: 1
D/GOOGLEHELP_CompatibleDatabase(  725): Open SQLiteDatabase: /data/data/com.google.android.gms/databases/help_responses.db, release reference: 1
D/GOOGLEHELP_CompatibleDatabase(  725): Acquire reference of SQLiteDatabase: /data/data/com.google.android.gms/databases/help_responses.db: 2
D/GOOGLEHELP_CompatibleDatabase(  725): Release reference of SQLiteDatabase: /data/data/com.google.android.gms/databases/help_responses.db: 1
D/dalvikvm(  725): GC_EXPLICIT freed 405K, 13% free 10994K/12551K, paused 1ms+1ms, total 73ms
D/GOOGLEHELP_CompatibleDatabase(  725): Open SQLiteDatabase: /data/data/com.google.android.gms/databases/auto_complete_suggestions.db, release reference: 1
D/GOOGLEHELP_CompatibleDatabase(  725): Acquire reference of SQLiteDatabase: /data/data/com.google.android.gms/databases/auto_complete_suggestions.db: 2
D/GOOGLEHELP_CompatibleDatabase(  725): Release reference of SQLiteDatabase: /data/data/com.google.android.gms/databases/auto_complete_suggestions.db: 1
W/BaseAppContext(  725): Using Auth Proxy for data requests.
W/BaseAppContext(  725): Using Auth Proxy for data requests.
I/ConfigFetchService(  725): onStartCommand Intent { act=android.intent.action.PACKAGE_REMOVED dat=package:com.pushapp cmp=com.google.android.gms/.config.ConfigFetchService (has extras) }
I/ConfigService(  549): onCreate
I/ConfigService(  549): onBind for Intent { act=com.google.android.gms.config.UPDATE pkg=com.google.android.gms } action com.google.android.gms.config.UPDATE
I/ConfigService(  549): onBind returning update interface
I/ConfigService(  549): onBind for Intent { act=com.google.android.gms.config.START pkg=com.google.android.gms } action com.google.android.gms.config.START
I/ConfigService(  549): onBind returning service broker
I/PeopleContactsSync(  725): CP2 sync disabled
I/UpdateIcingCorporaServi( 1076): UpdateCorporaTask done [took 306 ms] updated apps [took 306 ms] 
I/Icing   (  725): doRemovePackageData com.pushapp
D/dalvikvm(  288): GC_EXPLICIT freed 769K, 12% free 13427K/15239K, paused 34ms+13ms, total 429ms
I/Choreographer( 1503): Skipped 30 frames!  The application may be doing too much work on its main thread.
D/OpenGLRenderer( 1503): TextureCache::get: create texture(0xb7a02b28): name, size, mSize = 18, 87264, 1279316
D/dalvikvm( 1503): WAIT_FOR_CONCURRENT_GC blocked 0ms
D/dalvikvm( 1503): GC_EXPLICIT freed 74K, 7% free 8080K/8643K, paused 1ms+0ms, total 12ms
D/dalvikvm( 1031): GC_CONCURRENT freed 531K, 11% free 9080K/10119K, paused 0ms+1ms, total 6ms
D/Finsky  ( 1031): [1] SelfUpdateScheduler.checkForSelfUpdate: Skipping DFE self-update. Local Version [80360800] >= Server Version [-1]
D/dalvikvm( 1031): GC_CONCURRENT freed 276K, 10% free 9194K/10119K, paused 1ms+1ms, total 7ms
I/qtaguid ( 1031): Failed write_ctrl(u 52) res=-1 errno=22
I/qtaguid ( 1031): Untagging socket 52 failed errno=-22
W/NetworkManagementSocketTagger( 1031): untagSocket(52) failed with errno -22
D/dalvikvm( 1031): GC_CONCURRENT freed 210K, 7% free 9473K/10183K, paused 11ms+0ms, total 16ms
D/dalvikvm( 1031): GC_CONCURRENT freed 143K, 7% free 9838K/10503K, paused 11ms+1ms, total 17ms
D/dalvikvm( 1031): GC_CONCURRENT freed 354K, 8% free 10076K/10951K, paused 0ms+1ms, total 12ms
D/dalvikvm( 1031): GC_FOR_ALLOC freed 126K, 9% free 10204K/11207K, paused 12ms, total 12ms
D/dalvikvm( 1031): GC_FOR_ALLOC freed 374K, 10% free 10277K/11335K, paused 7ms, total 7ms
D/dalvikvm( 1031): GC_FOR_ALLOC freed 434K, 11% free 10413K/11591K, paused 5ms, total 6ms
D/dalvikvm( 1031): GC_FOR_ALLOC freed 188K, 9% free 10605K/11591K, paused 10ms, total 10ms
D/dalvikvm( 1031): GC_CONCURRENT freed 399K, 8% free 11107K/12039K, paused 11ms+12ms, total 38ms
D/dalvikvm( 1031): GC_FOR_ALLOC freed 396K, 8% free 11643K/12551K, paused 9ms, total 9ms
D/dalvikvm( 1031): GC_CONCURRENT freed 446K, 8% free 12441K/13383K, paused 11ms+12ms, total 36ms
I/Icing   (  725): Indexing 2F0491DE6430CCAFB9C8C9D572461C2D4C37FFD7 from com.google.android.googlequicksearchbox
I/Icing   (  725): Indexing done 2F0491DE6430CCAFB9C8C9D572461C2D4C37FFD7
D/dalvikvm( 1031): GC_CONCURRENT freed 1691K, 16% free 12202K/14407K, paused 11ms+1ms, total 23ms
D/Finsky  ( 1031): [1] 3.onMutationsApplied: App library has changed, requesting content sync.
I/qtaguid ( 1031): Failed write_ctrl(u 52) res=-1 errno=22
I/qtaguid ( 1031): Untagging socket 52 failed errno=-22
W/NetworkManagementSocketTagger( 1031): untagSocket(52) failed with errno -22
W/DebugConnManager( 1031): getNetworkInfo() on networkType 1
W/DebugConnManager( 1031): getNetworkInfo() on networkType 1
W/DebugConnManager( 1031): getNetworkInfo() on networkType 1
D/Finsky  ( 1031): [1] DailyHygiene.logDeviceFeaturesAndContinue: Logging device features
D/Finsky  ( 1031): [1] DailyHygiene.flushEventLogsAndContinue: Flushing event logs for [LMm03D8Cl8E_f-0Ow9cR8LJy7X4]
D/DeviceConnectionService(  622): client connected with version: 7095000
D/Finsky  ( 1031): [1] GmsDeviceFeaturesHelper.logDeviceFeatures: Logging 1 device features.
I/UninstallAppProgress( 1503): Finished uninstalling pkg: com.pushapp
E/SocketStream(  116): readFully was waiting for 403440 bytes, got 49152 
E/SocketStream(  116): readFully was waiting for 354288 bytes, got 49152 
E/SocketStream(  116): readFully was waiting for 305136 bytes, got 49152 
E/SocketStream(  116): readFully was waiting for 255984 bytes, got 16384 
D/dalvikvm(  288): GC_FOR_ALLOC freed 281K, 13% free 13347K/15239K, paused 15ms, total 19ms
I/dalvikvm-heap(  288): Grow heap (frag case) to 13.709MB for 214524-byte allocation
D/dalvikvm(  288): GC_FOR_ALLOC freed 29K, 13% free 13527K/15495K, paused 23ms, total 23ms
I/qtaguid (  288): Failed write_ctrl(s 1 10021) res=-1 errno=1
W/NetworkManagementSocketTagger(  288): setKernelCountSet(10021, 1) failed with errno -1
W/EGL_genymotion(  513): eglSurfaceAttrib not implemented
D/dalvikvm(  513): GC_CONCURRENT freed 2213K, 46% free 11077K/20295K, paused 11ms+1ms, total 21ms
D/dalvikvm(  513): GC_FOR_ALLOC freed 295K, 46% free 11022K/20295K, paused 5ms, total 6ms
I/dalvikvm-heap(  513): Grow heap (frag case) to 12.800MB for 1644556-byte allocation
D/dalvikvm(  513): GC_FOR_ALLOC freed 1K, 38% free 12626K/20295K, paused 14ms, total 14ms
D/dalvikvm(  513): GC_CONCURRENT freed 0K, 38% free 12626K/20295K, paused 11ms+1ms, total 15ms
D/OpenGLRenderer(  513): TextureCache::get: create texture(0xb7bdd850): name, size, mSize = 575, 9216, 1792220
D/OpenGLRenderer(  513): TextureCache::callback: name, removed size, mSize = 58, 9216, 1783004
D/dalvikvm(  513): GC_CONCURRENT freed 2749K, 44% free 11380K/20295K, paused 10ms+1ms, total 19ms
D/dalvikvm(  513): GC_FOR_ALLOC freed 136K, 43% free 11688K/20295K, paused 14ms, total 14ms
I/dalvikvm-heap(  513): Grow heap (frag case) to 13.954MB for 2172684-byte allocation
D/dalvikvm(  513): GC_FOR_ALLOC freed <1K, 32% free 13809K/20295K, paused 26ms, total 26ms
D/dalvikvm(  513): GC_CONCURRENT freed 243K, 32% free 13943K/20295K, paused 10ms+11ms, total 36ms
D/dalvikvm(  513): GC_FOR_ALLOC freed 3080K, 42% free 11858K/20295K, paused 6ms, total 7ms
D/dalvikvm(  513): GC_CONCURRENT freed 59K, 36% free 13107K/20295K, paused 11ms+1ms, total 24ms
D/dalvikvm(  513): WAIT_FOR_CONCURRENT_GC blocked 9ms
I/qtaguid (  288): Failed write_ctrl(s 0 10031) res=-1 errno=1
W/NetworkManagementSocketTagger(  288): setKernelCountSet(10031, 0) failed with errno -1
I/ActivityManager(  288): No longer want com.android.providers.calendar (pid 1253): hidden #16
D/OpenGLRenderer( 1503): TextureCache::flush: target size: 767589
D/OpenGLRenderer( 1503): TextureCache::callback: name, removed size, mSize = 5, 576, 1278740
D/OpenGLRenderer( 1503): TextureCache::callback: name, removed size, mSize = 1, 34560, 1244180
D/OpenGLRenderer( 1503): TextureCache::callback: name, removed size, mSize = 15, 87264, 1156916
D/OpenGLRenderer( 1503): TextureCache::callback: name, removed size, mSize = 18, 87264, 1069652
D/OpenGLRenderer( 1503): TextureCache::callback: name, removed size, mSize = 2, 20736, 1048916
D/OpenGLRenderer( 1503): TextureCache::callback: name, removed size, mSize = 7, 16, 1048900
D/OpenGLRenderer( 1503): TextureCache::callback: name, removed size, mSize = 9, 324, 1048576
D/OpenGLRenderer( 1503): TextureCache::callback: name, removed size, mSize = 12, 1048576, 0
I/ConfigService(  549): onDestroy
D/AndroidRuntime( 1567): 
D/AndroidRuntime( 1567): >>>>>> AndroidRuntime START com.android.internal.os.RuntimeInit <<<<<<
D/AndroidRuntime( 1567): CheckJNI is OFF
D/dalvikvm( 1567): Unable to stat classpath element '/system/framework/filterfw.jar'
D/dalvikvm( 1567): Trying to load lib libjavacore.so 0x0
D/dalvikvm( 1567): Added shared lib libjavacore.so 0x0
D/dalvikvm( 1567): Trying to load lib libnativehelper.so 0x0
D/dalvikvm( 1567): Added shared lib libnativehelper.so 0x0
D/AndroidRuntime( 1567): Calling main entry com.android.commands.pm.Pm
W/ActivityManager(  288): No content provider found for permission revoke: file:///data/local/tmp/android-debug.apk
W/ActivityManager(  288): No content provider found for permission revoke: file:///data/local/tmp/android-debug.apk
D/dalvikvm(  288): GC_FOR_ALLOC freed 1220K, 14% free 13410K/15495K, paused 14ms, total 15ms
I/PackageManager(  288): Running dexopt on: com.pushapp
D/dalvikvm( 1577): Unable to stat classpath element '/system/framework/filterfw.jar'
D/dalvikvm( 1577): DexOpt: load 11ms, verify+opt 55ms, 1164380 bytes
I/ActivityManager(  288): Force stopping package com.pushapp uid=10036
D/PackageManager(  288): New package installed in /data/app/com.pushapp-1.apk
W/PackageManager(  288): Unknown permission android.permission.ADD_SYSTEM_SERVICE in package com.android.phone
W/PackageManager(  288): Unknown permission com.android.vending.billing.IBillingAccountService.BIND2 in package com.google.android.gsf.login
W/PackageManager(  288): Unknown permission com.android.chrome.TOS_ACKED in package com.google.android.gsf.login
W/PackageManager(  288): Not granting permission android.permission.SEND_DOWNLOAD_COMPLETED_INTENTS to package com.android.browser (protectionLevel=2 flags=0x9be45)
W/PackageManager(  288): Unknown permission com.google.android.gm.permission.READ_GMAIL in package com.google.android.talk
W/PackageManager(  288): Unknown permission com.cyanogenmod.filemanager.permissions.READ_THEME in package com.cyanogenmod.filemanager
W/PackageManager(  288): Unknown permission android.permission.INTERACT_ACROSS_USERS in package com.google.android.gms
W/PackageManager(  288): Unknown permission android.permission.RECOVERY in package com.google.android.gms
W/PackageManager(  288): Unknown permission android.permission.READ_DREAM_STATE in package com.google.android.gms
W/PackageManager(  288): Unknown permission android.permission.RECEIVE_DATA_ACTIVITY_CHANGE in package com.google.android.gms
W/PackageManager(  288): Unknown permission android.permission.PROVIDE_TRUST_AGENT in package com.google.android.gms
W/PackageManager(  288): Unknown permission com.google.android.apps.enterprise.dmagent.permission.AutoSyncPermission in package com.google.android.gms
W/PackageManager(  288): Unknown permission android.permission.LOCATION_HARDWARE in package com.google.android.gms
W/PackageManager(  288): Unknown permission android.permission.GET_APP_OPS_STATS in package com.google.android.gms
W/PackageManager(  288): Unknown permission android.permission.UPDATE_APP_OPS_STATS in package com.google.android.gms
W/PackageManager(  288): Unknown permission android.permission.CAPTURE_AUDIO_HOTWORD in package com.google.android.gms
W/PackageManager(  288): Unknown permission android.permission.MANAGE_VOICE_KEYPHRASES in package com.google.android.gms
W/PackageManager(  288): Unknown permission android.permission.REAL_GET_TASKS in package com.google.android.gms
W/PackageManager(  288): Unknown permission com.google.android.hangouts.START_HANGOUT in package com.google.android.gms
W/PackageManager(  288): Unknown permission android.permission.ACCESS_NETWORK_CONDITIONS in package com.google.android.gms
W/PackageManager(  288): Unknown permission android.permission.MANAGE_DEVICE_ADMINS in package com.google.android.gms
W/PackageManager(  288): Unknown permission android.permission.READ_WIFI_CREDENTIAL in package com.google.android.gms
W/PackageManager(  288): Not granting permission android.permission.MODIFY_PHONE_STATE to package com.google.android.gms (protectionLevel=18 flags=0x83e44)
W/PackageManager(  288): Unknown permission android.permission.CONTROL_INCALL_EXPERIENCE in package com.google.android.gms
W/PackageManager(  288): Not granting permission android.permission.MANAGE_USB to package com.google.android.gms (protectionLevel=18 flags=0x83e44)
W/PackageManager(  288): Not granting permission android.permission.CALL_PRIVILEGED to package com.google.android.gms (protectionLevel=18 flags=0x83e44)
W/PackageManager(  288): Unknown permission android.permission.BLUETOOTH_PRIVILEGED in package com.google.android.gms
W/PackageManager(  288): Unknown permission android.permission.USER_ACTIVITY in package com.google.android.gms
W/PackageManager(  288): Unknown permission android.permission.MODIFY_AUDIO_ROUTING in package com.google.android.gms
W/PackageManager(  288): Unknown permission android.permission.CAPTURE_AUDIO_OUTPUT in package com.google.android.gms
W/PackageManager(  288): Unknown permission android.permission.CAPTURE_VIDEO_OUTPUT in package com.google.android.gms
W/PackageManager(  288): Unknown permission android.permission.CAPTURE_SECURE_VIDEO_OUTPUT in package com.google.android.gms
W/PackageManager(  288): Not granting permission android.permission.READ_FRAME_BUFFER to package com.google.android.gms (protectionLevel=18 flags=0x83e44)
W/PackageManager(  288): Unknown permission com.google.android.wearable.READ_SETTINGS in package com.google.android.gms
W/PackageManager(  288): Not granting permission android.permission.MODIFY_NETWORK_ACCOUNTING to package com.google.android.gms (protectionLevel=18 flags=0x83e44)
W/PackageManager(  288): Unknown permission android.permission.BODY_SENSORS in package com.google.android.gms
W/PackageManager(  288): Unknown permission com.google.android.gm.permission.READ_GMAIL in package com.google.android.gms
W/PackageManager(  288): Unknown permission com.android.voicemail.permission.READ_VOICEMAIL in package com.google.android.gms
W/PackageManager(  288): Not granting permission android.permission.FORCE_STOP_PACKAGES to package com.google.android.gms (protectionLevel=2 flags=0x83e44)
W/PackageManager(  288): Unknown permission android.permission.MANAGE_DOCUMENTS in package com.google.android.gms
W/PackageManager(  288): Unknown permission android.permission.READ_OWNER_DATA in package com.google.android.setupwizard
W/PackageManager(  288): Unknown permission android.permission.WRITE_OWNER_DATA in package com.google.android.setupwizard
W/PackageManager(  288): Unknown permission com.google.android.voicesearch.SHORTCUTS_ACCESS in package com.google.android.googlequicksearchbox
W/PackageManager(  288): Unknown permission com.google.android.ears.permission.WRITE in package com.google.android.googlequicksearchbox
W/PackageManager(  288): Unknown permission android.permission.MEDIA_CONTENT_CONTROL in package com.google.android.googlequicksearchbox
W/PackageManager(  288): Unknown permission android.permission.INTERACT_ACROSS_USERS in package com.google.android.googlequicksearchbox
W/PackageManager(  288): Unknown permission com.google.googlenav.friend.permission.OPT_IN in package com.google.android.googlequicksearchbox
W/PackageManager(  288): Unknown permission com.google.android.apps.maps.permission.PREFETCH in package com.google.android.googlequicksearchbox
W/PackageManager(  288): Unknown permission android.permission.REAL_GET_TASKS in package com.google.android.googlequicksearchbox
W/PackageManager(  288): Unknown permission com.google.android.apps.googlevoice.permission.AUTO_SEND in package com.google.android.googlequicksearchbox
W/PackageManager(  288): Unknown permission com.google.android.gm.permission.AUTO_SEND in package com.google.android.googlequicksearchbox
W/PackageManager(  288): Unknown permission com.google.android.hangouts.START_HANGOUT in package com.google.android.googlequicksearchbox
W/PackageManager(  288): Unknown permission android.permission.MANAGE_VOICE_KEYPHRASES in package com.google.android.googlequicksearchbox
W/PackageManager(  288): Unknown permission com.android.chrome.PRERENDER_URL in package com.google.android.googlequicksearchbox
W/PackageManager(  288): Unknown permission android.permission.CAPTURE_AUDIO_HOTWORD in package com.google.android.googlequicksearchbox
W/PackageManager(  288): Not granting permission android.permission.STOP_APP_SWITCHES to package com.google.android.googlequicksearchbox (protectionLevel=18 flags=0x1bbec5)
W/PackageManager(  288): Not granting permission android.permission.STATUS_BAR to package com.google.android.googlequicksearchbox (protectionLevel=18 flags=0x1bbec5)
W/PackageManager(  288): Not granting permission android.permission.BIND_APPWIDGET to package com.google.android.googlequicksearchbox (protectionLevel=18 flags=0x1bbec5)
W/PackageManager(  288): Unknown permission com.google.android.launcher.permission.CONTENT_REDIRECT in package com.google.android.googlequicksearchbox
W/PackageManager(  288): Unknown permission android.permission.REAL_GET_TASKS in package com.android.vending
W/PackageManager(  288): Not granting permission android.permission.SEND_DOWNLOAD_COMPLETED_INTENTS to package com.android.vending (protectionLevel=2 flags=0xabec5)
W/PackageManager(  288): Unknown permission android.permission.MANAGE_USERS in package com.android.vending
W/PackageManager(  288): Unknown permission android.permission.INTERACT_ACROSS_USERS in package com.android.vending
W/PackageManager(  288): Not granting permission android.permission.WRITE_SECURE_SETTINGS to package com.android.vending (protectionLevel=50 flags=0xabec5)
W/PackageManager(  288): Not granting permission android.permission.FORCE_STOP_PACKAGES to package com.android.vending (protectionLevel=2 flags=0xabec5)
W/PackageManager(  288): Not granting permission android.permission.DEVICE_POWER to package com.android.deskclock (protectionLevel=2 flags=0x8be45)
D/PackageManager(  288): generateServicesMap(android.accounts.AccountAuthenticator): 3 services unchanged
I/InputReader(  288): Reconfiguring input devices.  changes=0x00000010
D/dalvikvm(  288): WAIT_FOR_CONCURRENT_GC blocked 0ms
D/PackageManager(  288): generateServicesMap(android.content.SyncAdapter): 23 services unchanged
D/BackupManagerService(  288): Received broadcast Intent { act=android.intent.action.PACKAGE_ADDED dat=package:com.pushapp flg=0x8000010 (has extras) }
V/BackupManagerService(  288): addPackageParticipantsLocked: #1
D/dalvikvm(  288): GC_EXPLICIT freed 1305K, 13% free 13481K/15495K, paused 43ms+2ms, total 75ms
D/dalvikvm(  288): WAIT_FOR_CONCURRENT_GC blocked 17ms
D/dalvikvm(  288): WAIT_FOR_CONCURRENT_GC blocked 18ms
D/dalvikvm(  288): WAIT_FOR_CONCURRENT_GC blocked 18ms
I/UpdateIcingCorporaServi( 1076): Updating corpora: APPS=com.pushapp, CONTACTS=MAYBE
D/dalvikvm(  288): WAIT_FOR_CONCURRENT_GC blocked 19ms
D/dalvikvm(  288): WAIT_FOR_CONCURRENT_GC blocked 20ms
W/ResourceType(  288): Failure getting entry for 0x7f060000 (t=5 e=0) in package 0 (error -75)
W/ResourceType(  288): Failure getting entry for 0x7f060000 (t=5 e=0) in package 0 (error -75)
D/dalvikvm(  288): WAIT_FOR_CONCURRENT_GC blocked 22ms
W/InputMethodManagerService(  288): Found no subtypes in a system IME: com.android.inputmethod.pinyin
D/AndroidRuntime( 1567): Shutting down VM
D/dalvikvm( 1567): GC_CONCURRENT freed 96K, 90% free 445K/4096K, paused 0ms+0ms, total 2ms
D/ChimeraRcvrProxy(  725): Creating receiver proxy ComponentInfo{com.google.android.gms/com.google.android.gms.games.chimera.GamesSystemBroadcastReceiverProxy}
D/ChimeraRcvrProxy(  725): Proxying container receiver ComponentInfo{com.google.android.gms/com.google.android.gms.games.chimera.GamesSystemBroadcastReceiverProxy} to Chimera receiver impl com.google.android.gms.games.GamesBroadcastReceiverStub
D/ChimeraCfgMgr(  725): Loading module com.google.android.gms.games from APK com.google.android.gms
I/AndroidRuntime( 1567): NOTE: attach of thread 'Binder_3' failed
D/PackageBroadcastService(  725): Received broadcast action=android.intent.action.PACKAGE_ADDED and uri=com.pushapp
I/ConfigService(  549): onCreate
I/ConfigFetchService(  725): onStartCommand Intent { act=android.intent.action.PACKAGE_ADDED dat=package:com.pushapp cmp=com.google.android.gms/.config.ConfigFetchService (has extras) }
I/ConfigFetchService(  725): launchTask
I/ConfigService(  549): onBind for Intent { act=com.google.android.gms.config.UPDATE pkg=com.google.android.gms } action com.google.android.gms.config.UPDATE
I/PeopleContactsSync(  725): CP2 sync disabled
I/ConfigService(  549): onBind returning update interface
I/ConfigFetchService(  725): service connected
I/ConfigService(  549): onBind for Intent { act=com.google.android.gms.config.START pkg=com.google.android.gms } action com.google.android.gms.config.START
I/ConfigService(  549): onBind returning service broker
D/ConfigFetchService(  725): ConfigApi connection successful.
I/UpdateIcingCorporaServi( 1076): UpdateCorporaTask done [took 104 ms] updated apps [took 104 ms] 
D/OpenGLRenderer(  513): TextureCache::get: create texture(0xb7b21cc8): name, size, mSize = 587, 20736, 1803740
D/dalvikvm(  513): GC_CONCURRENT freed 3674K, 46% free 11102K/20295K, paused 12ms+5ms, total 34ms
D/dalvikvm(  513): WAIT_FOR_CONCURRENT_GC blocked 20ms
D/dalvikvm(  513): GC_FOR_ALLOC freed 603K, 46% free 11064K/20295K, paused 9ms, total 10ms
I/dalvikvm-heap(  513): Grow heap (frag case) to 12.840MB for 1644556-byte allocation
V/ConfigFetchTask(  725): ConfigFetchTask getDeviceDataVersionInfo(): ABFEt1XSkigcXODr_Vpi9WojTduWLYXLD55rI-9hTR04vzPdD98HimqR4dhcWTcLgQR5vTzFpAvzwYO6CikiroTXlK_7pppUlmcSWETMtdlMP_CkAxtNkXd0imZZw33KHli4oxG5aEEiopRgX5YeBKVMCwsX9nDObUyU7KVi45HzyZYROGK1YpTBORZiHALqzuvJGePD5sePMXD-w70H57Jw7B_cStc72EZuWQTA4stHzAF34dLFTpDHdxTHJZH8aeNKBIt0CTLw3HlqRSNKL-ivtosjMq4H2UpnRxGOGYU7Dxl8jvXNcA5Qy4FkwV8cZD8EjjZUkBrFpZbgXZt2hxnZ4bohi3mX9LWDMBpBlctSVWe3vQlm1FQ
I/GoogleURLConnFactory(  725): Using platform SSLCertificateSocketFactory
D/dalvikvm(  513): GC_CONCURRENT freed 43K, 38% free 12626K/20295K, paused 11ms+1ms, total 23ms
D/dalvikvm(  513): GC_CONCURRENT freed 2810K, 44% free 11374K/20295K, paused 11ms+1ms, total 21ms
D/dalvikvm(  513): GC_FOR_ALLOC freed 138K, 45% free 11246K/20295K, paused 4ms, total 4ms
I/dalvikvm-heap(  513): Grow heap (frag case) to 13.522MB for 2172684-byte allocation
I/ConfigFetchService(  725): fetch service done; releasing wakelock
I/ConfigFetchService(  725): stopping self
D/dalvikvm(  513): GC_FOR_ALLOC freed <1K, 35% free 13367K/20295K, paused 24ms, total 24ms
D/dalvikvm(  513): GC_CONCURRENT freed 0K, 33% free 13801K/20295K, paused 11ms+6ms, total 20ms
D/dalvikvm(  513): GC_FOR_ALLOC freed 3578K, 42% free 11970K/20295K, paused 7ms, total 9ms
D/dalvikvm(  513): GC_FOR_ALLOC freed 186K, 36% free 13121K/20295K, paused 30ms, total 30ms
D/dalvikvm(  513): GC_CONCURRENT freed 82K, 34% free 13426K/20295K, paused 17ms+1ms, total 36ms
D/AndroidRuntime( 1596): 
D/AndroidRuntime( 1596): >>>>>> AndroidRuntime START com.android.internal.os.RuntimeInit <<<<<<
